 CoreServer

 Timestamp is 6772b913 (Mon Dec 30 22:15:31 2024)

 Preferred load address is 10000000

 Start         Length     Name                   Class
 0001:00000000 000f3e00H .text                   CODE
 0001:000f3e00 00004ce3H .text$x                 CODE
 0002:00000000 000003fcH .idata$5                DATA
 0002:00000400 0000e5acH .rdata                  DATA
 0002:0000e9b0 0000138cH .rdata$r                DATA
 0002:0000fd40 00006690H .xdata$x                DATA
 0002:000163d0 000000dcH .idata$2                DATA
 0002:000164ac 00000014H .idata$3                DATA
 0002:000164c0 000003fcH .idata$4                DATA
 0002:000168bc 00001510H .idata$6                DATA
 0002:00017dd0 00001bbeH .edata                  DATA
 0003:00000000 00000004H .CRT$XCA                DATA
 0003:00000004 0000020cH .CRT$XCU                DATA
 0003:00000210 00000004H .CRT$XCZ                DATA
 0003:00000214 00000004H .CRT$XIA                DATA
 0003:00000218 0000000cH .CRT$XIC                DATA
 0003:00000224 00000004H .CRT$XIY                DATA
 0003:00000228 00000004H .CRT$XIZ                DATA
 0003:0000022c 00000004H .CRT$XPA                DATA
 0003:00000230 00000008H .CRT$XPX                DATA
 0003:00000238 00000004H .CRT$XPZ                DATA
 0003:0000023c 00000004H .CRT$XTA                DATA
 0003:00000240 00000004H .CRT$XTB                DATA
 0003:00000244 00000004H .CRT$XTZ                DATA
 0003:00000250 0000f038H .data                   DATA
 0003:0000f288 2bc377a4H .bss                    DATA

  Address         Publics by Value              Rva+Base     Lib:Object

 0001:00000000       ??_H@YGXPAXIHP6EX0@Z@Z     10001000 f i KPartnerSkill.obj
 0001:00000040       ?GetMoney@KInventory@@QAEHXZ 10001040 f i KThiefSkill.obj
 0001:00000060       ?SetMoney@KInventory@@QAEHH@Z 10001060 f i KThiefSkill.obj
 0001:00000090       ??4KInventory@@QAEAAV0@ABV0@@Z 10001090 f i KThiefSkill.obj
 0001:000000d0       ?GetEquipment@KItemList@@QAEHH@Z 100010d0 f i KThiefSkill.obj
 0001:00000100       ?GetMoney@KItemList@@QAEHH@Z 10001100 f i KThiefSkill.obj
 0001:00000140       ?Hand@KItemList@@QAEHXZ    10001140 f i KThiefSkill.obj
 0001:00000160       ?GetHorseIdx@KItemList@@QAEHXZ 10001160 f i KThiefSkill.obj
 0001:00000180       ?GetMaskLock@KItemList@@QAEHXZ 10001180 f i KThiefSkill.obj
 0001:000001a0       ?GetCompoundItem@KItemList@@QAEHH@Z 100011a0 f i KThiefSkill.obj
 0001:000001c0       ?ClearRoomItemOnly@KItemList@@QAEXH@Z 100011c0 f i KThiefSkill.obj
 0001:00000200       ?GetBuildItem@KItemList@@QAEHH@Z 10001200 f i KThiefSkill.obj
 0001:00000220       ??4KItemList@@QAEAAV0@ABV0@@Z 10001220 f i KThiefSkill.obj
 0001:00000250       ??0KThiefSkill@@QAE@XZ     10001250 f   KThiefSkill.obj
 0001:000002a8       ??1KThiefSkill@@UAE@XZ     100012a8 f   KThiefSkill.obj
 0001:000002d5       ?GetSkillId@KThiefSkill@@UAEHXZ 100012d5 f   KThiefSkill.obj
 0001:000002ec       ?GetSkillName@KThiefSkill@@UAEPBDXZ 100012ec f   KThiefSkill.obj
 0001:00000304       ?GetSkillStyle@KThiefSkill@@UAEHXZ 10001304 f   KThiefSkill.obj
 0001:0000031b       ?LoadSkillLevelData@KThiefSkill@@UAEXKH@Z 1000131b f   KThiefSkill.obj
 0001:0000032f       ?DoSkill@KThiefSkill@@QAEHPAVKNpc@@HH@Z 1000132f f   KThiefSkill.obj
 0001:000003c8       ?Cast_Redress@KThiefSkill@@AAEHPAVKPlayer@@0@Z 100013c8 f   KThiefSkill.obj
 0001:00000643       ?Cast_ShowLife@KThiefSkill@@AAEHPAVKPlayer@@0@Z 10001643 f   KThiefSkill.obj
 0001:00000738       ?Cast_ShowMana@KThiefSkill@@AAEHPAVKPlayer@@0@Z 10001738 f   KThiefSkill.obj
 0001:0000082d       ?Cast_ShowMoney@KThiefSkill@@AAEHPAVKPlayer@@0@Z 1000182d f   KThiefSkill.obj
 0001:0000090a       ?Cast_RunScript@KThiefSkill@@AAEHPAVKPlayer@@0@Z 1000190a f   KThiefSkill.obj
 0001:00000989       ?Cast@KThiefSkill@@QAEHPAVKPlayer@@0@Z 10001989 f   KThiefSkill.obj
 0001:00000a82       ?OnSkill@KThiefSkill@@QAEHPAVKNpc@@@Z 10001a82 f   KThiefSkill.obj
 0001:00000be8       ?CanCastSkill@KThiefSkill@@UBEHHAAH0@Z 10001be8 f   KThiefSkill.obj
 0001:00000cf4       ?LoadSetting@KThiefSkill@@QAEHPAD@Z 10001cf4 f   KThiefSkill.obj
 0001:00001062       ?GetSkillCost@KThiefSkill@@UBEHPAX@Z 10002062 f   KThiefSkill.obj
 0001:000011b0       ?GetSkillCostType@KThiefSkill@@UBE?AW4NPCATTRIB@@XZ 100021b0 f i KThiefSkill.obj
 0001:000011d0       ?GetAttackRadius@KThiefSkill@@UBEHXZ 100021d0 f i KThiefSkill.obj
 0001:000011f0       ?IsTargetOnly@KThiefSkill@@UBEHXZ 100021f0 f i KThiefSkill.obj
 0001:00001210       ?IsTargetEnemy@KThiefSkill@@UBEHXZ 10002210 f i KThiefSkill.obj
 0001:00001230       ?IsTargetAlly@KThiefSkill@@UBEHXZ 10002230 f i KThiefSkill.obj
 0001:00001250       ?IsTargetObj@KThiefSkill@@UBEHXZ 10002250 f i KThiefSkill.obj
 0001:00001270       ?IsTargetNoNpc@KThiefSkill@@UBEHXZ 10002270 f i KThiefSkill.obj
 0001:00001290       ??_EKThiefSkill@@UAEPAXI@Z 10002290 f i KThiefSkill.obj
 0001:00001290       ??_GKThiefSkill@@UAEPAXI@Z 10002290 f i KThiefSkill.obj
 0001:000012d0       ??0ISkill@@QAE@XZ          100022d0 f i KThiefSkill.obj
 0001:000012f0       ??1ISkill@@UAE@XZ          100022f0 f i KThiefSkill.obj
 0001:00001310       ?IsTargetSelf@ISkill@@UBEHXZ 10002310 f i KThiefSkill.obj
 0001:00001330       ?IsAura@ISkill@@UBEHXZ     10002330 f i KThiefSkill.obj
 0001:00001350       ?IsPhysical@ISkill@@UBEHXZ 10002350 f i KThiefSkill.obj
 0001:00001370       ?IsExp@ISkill@@UAEHXZ      10002370 f i KThiefSkill.obj
 0001:00001390       ?IsBase@ISkill@@UAEHXZ     10002390 f i KThiefSkill.obj
 0001:000013b0       ?GetSkillLevelUpScriptId@ISkill@@UBEKXZ 100023b0 f i KThiefSkill.obj
 0001:000013d0       ?GetDelayPerCast@ISkill@@UBEHH@Z 100023d0 f i KThiefSkill.obj
 0001:000013f0       ?GetSkillSeries@ISkill@@UBEHXZ 100023f0 f i KThiefSkill.obj
 0001:00001410       ??_EISkill@@UAEPAXI@Z      10002410 f i KThiefSkill.obj
 0001:00001410       ??_GISkill@@UAEPAXI@Z      10002410 f i KThiefSkill.obj
 0001:00001450       ?GetRandomNumber@@YAHHH@Z  10002450 f i KThiefSkill.obj
 0001:00001490       ?id@?$ctype@G@std@@$D      10002490 f i KThiefSkill.obj
 0001:000014c0       ?id@?$ctype@G@std@@$E      100024c0 f i KThiefSkill.obj
 0001:000014d0       ??0KMissleSet@@QAE@XZ      100024d0 f i KMissle.obj
 0001:00001550       ??4KMissleSet@@QAEAAV0@ABV0@@Z 10002550 f i KMissle.obj
 0001:00001590       ??1KMissleSet@@QAE@XZ      10002590 f i KMissle.obj
 0001:0000170c       ??0KMissle@@QAE@XZ         1000270c f   KMissle.obj
 0001:000017ce       ?Release@KMissle@@AAEXXZ   100027ce f   KMissle.obj
 0001:0000184f       ??1KMissle@@UAE@XZ         1000284f f   KMissle.obj
 0001:0000187f       ?GetInfoFromTabFile@KMissle@@QAEHH@Z 1000287f f   KMissle.obj
 0001:000018c7       ?GetInfoFromTabFile@KMissle@@QAEHPAVKITabFile@@H@Z 100028c7 f   KMissle.obj
 0001:00001c6b       ?Init@KMissle@@AAEHHHHHH@Z 10002c6b f   KMissle.obj
 0001:00001c84       ?Activate@KMissle@@QAEHXZ  10002c84 f   KMissle.obj
 0001:00002082       ?OnWait@KMissle@@AAEXXZ    10003082 f   KMissle.obj
 0001:00002094       ?OnCollision@KMissle@@AAEXXZ 10003094 f   KMissle.obj
 0001:000020a6       ?CheckCollision@KMissle@@AAEHXZ 100030a6 f   KMissle.obj
 0001:000023e4       ?OnFly@KMissle@@AAEXXZ     100033e4 f   KMissle.obj
 0001:00002f4e       ?OnVanish@KMissle@@AAEXXZ  10003f4e f   KMissle.obj
 0001:00002f60       ?CheckBeyondRegion@KMissle@@AAEHHH@Z 10003f60 f   KMissle.obj
 0001:000034b7       ??4KMissle@@AAEAAV0@AAV0@@Z 100044b7 f   KMissle.obj
 0001:00003709       ?ProcessDamage@KMissle@@QAEHH@Z 10004709 f   KMissle.obj
 0001:00003c05       ?DoVanish@KMissle@@AAEXXZ  10004c05 f   KMissle.obj
 0001:00003cf3       ?DoCollision@KMissle@@AAEXXZ 10004cf3 f   KMissle.obj
 0001:00003dca       ?DoFly@KMissle@@AAEXXZ     10004dca f   KMissle.obj
 0001:00003df7       ?GetOffsetAxis@KMissle@@SAHHHHHHHAAH00@Z 10004df7 f   KMissle.obj
 0001:00003f7f       ?ProcessCollision@KMissle@@AAEHHHHHHH@Z 10004f7f f   KMissle.obj
 0001:000041b0       ?ProcessCollision@KMissle@@AAEHXZ 100051b0 f   KMissle.obj
 0001:0000421a       ?DoWait@KMissle@@AAEXXZ    1000521a f   KMissle.obj
 0001:00004239       ?PrePareFly@KMissle@@AAEHXZ 10005239 f   KMissle.obj
 0001:00004552       ?CheckNearestCollision@KMissle@@AAEHXZ 10005552 f   KMissle.obj
 0001:00004869       ?GetMpsPos@KMissle@@QAEXPAH0@Z 10005869 f   KMissle.obj
 0001:00004910       ??0KIndexNode@@QAE@XZ      10005910 f i KMissle.obj
 0001:00004960       ??0KNode@@QAE@XZ           10005960 f i KMissle.obj
 0001:000049a0       ??_EKNode@@UAEPAXI@Z       100059a0 f i KMissle.obj
 0001:000049a0       ??_GKNode@@UAEPAXI@Z       100059a0 f i KMissle.obj
 0001:000049e0       ??1KNode@@UAE@XZ           100059e0 f i KMissle.obj
 0001:00004a00       ??_GKIndexNode@@UAEPAXI@Z  10005a00 f i KMissle.obj
 0001:00004a00       ??_EKIndexNode@@UAEPAXI@Z  10005a00 f i KMissle.obj
 0001:00004a40       ??1KIndexNode@@UAE@XZ      10005a40 f i KMissle.obj
 0001:00004a70       ??_EKMissle@@UAEPAXI@Z     10005a70 f i KMissle.obj
 0001:00004a70       ??_GKMissle@@UAEPAXI@Z     10005a70 f i KMissle.obj
 0001:00004ab0       ??_GKMissleMagicAttribsData@@QAEPAXI@Z 10005ab0 f i KMissle.obj
 0001:00004af0       ?DelRef@KMissleMagicAttribsData@@QAEHXZ 10005af0 f i KMissle.obj
 0001:00004b20       ??1KMissleMagicAttribsData@@QAE@XZ 10005b20 f i KMissle.obj
 0001:00004b50       ?Remove@KMissleMagicAttribsData@@AAEXXZ 10005b50 f i KMissle.obj
 0001:00004ba0       ?IsMatch@KNpc@@QAEHK@Z     10005ba0 f i KMissle.obj
 0001:00004bd0       ?FindNpc@KRegion@@QAEHHHHH@Z 10005bd0 f i KMissle.obj
 0001:00004ca0       ?GetNext@KNode@@QAEPAV1@XZ 10005ca0 f i KMissle.obj
 0001:00004cd0       ?GetHead@KList@@QAEPAVKNode@@XZ 10005cd0 f i KMissle.obj
 0001:00004d00       ?GetSkill@KSkillManager@@QAEPAVISkill@@HH@Z 10005d00 f i KMissle.obj
 0001:00004db0       ?g_DirSin@@YAHHH@Z         10005db0 f i KMissle.obj
 0001:00004de0       ?g_DirCos@@YAHHH@Z         10005de0 f i KMissle.obj
 0001:00004e10       ?g_GetDirIndex@@YAHHHHH@Z  10005e10 f i KMissle.obj
 0001:00004e40       ?g_GetDirIdxForFindPath@@YAHHHHH@Z 10005e40 f i KMissle.obj
 0001:00004f40       ?g_GetDistance@@YAHHHHH@Z  10005f40 f i KMissle.obj
 0001:00004fc0       ?qsqrt@@YAMM@Z             10005fc0 f i KMissle.obj
 0001:00005020       ?g_DirIndex2Dir@@YAHHH@Z   10006020 f i KMissle.obj
 0001:00005060       ?GetMapX@KNpc@@QBEHXZ      10006060 f i KMissle.obj
 0001:00005080       ?GetMapY@KNpc@@QBEHXZ      10006080 f i KMissle.obj
 0001:000050a0       ?GetOffX@KNpc@@QBEHXZ      100060a0 f i KMissle.obj
 0001:000050c0       ?GetOffY@KNpc@@QBEHXZ      100060c0 f i KMissle.obj
 0001:000050e0       ?ZAxisMove@KMissle@@AAEXXZ 100060e0 f i KMissle.obj
 0001:00005150       ?TestBarrier@KMissle@@AAEHXZ 10006150 f i KMissle.obj
 0001:000051f0       ?Send@KWorldMsg@@QAEHKHHH@Z 100061f0 f i KMissle.obj
 0001:000052d0       ?AddTail@KList@@QAEXPAVKNode@@@Z 100062d0 f i KMissle.obj
 0001:00005300       ?InsertBefore@KNode@@QAEXPAV1@@Z 10006300 f i KMissle.obj
 0001:00005380       ??0KWorldMsgNode@@QAE@XZ   10006380 f i KMissle.obj
 0001:000053b0       ??_GKWorldMsgNode@@UAEPAXI@Z 100063b0 f i KMissle.obj
 0001:000053b0       ??_EKWorldMsgNode@@UAEPAXI@Z 100063b0 f i KMissle.obj
 0001:000053f0       ??1KWorldMsgNode@@UAE@XZ   100063f0 f i KMissle.obj
 0001:00005420       ?g_RandPercent@@YAHH@Z     10006420 f i KMissle.obj
 0001:00005470       ??0KMagicAttrib@@QAE@XZ    10006470 f i KMissle.obj
 0001:000054c0       ?IsSkillReduceResist@KSkill@@QBEHXZ 100064c0 f i KMissle.obj
 0001:000054e0       ?GetGameTime@KSubWorldSet@@QAEHXZ 100064e0 f i KMissle.obj
 0001:0000558b       ?Init@KMissleSet@@QAEXXZ   1000658b f   KMissleSet.obj
 0001:00005625       ?FindFree@KMissleSet@@QAEHXZ 10006625 f   KMissleSet.obj
 0001:00005657       ?Add@KMissleSet@@QAEHHHHHHH@Z 10006657 f   KMissleSet.obj
 0001:0000576a       ?Add@KMissleSet@@QAEHHHH@Z 1000676a f   KMissleSet.obj
 0001:00005961       ?CreateMissile@KMissleSet@@QAEHHHHHHHHH@Z 10006961 f   KMissleSet.obj
 0001:000059bb       ?Activate@KMissleSet@@QAEHXZ 100069bb f   KMissleSet.obj
 0001:00005a16       ?Remove@KMissleSet@@QAEXH@Z 10006a16 f   KMissleSet.obj
 0001:00005a95       ?Draw@KMissleSet@@QAEXXZ   10006a95 f   KMissleSet.obj
 0001:00005acd       ?GetCount@KMissleSet@@QAEHXZ 10006acd f   KMissleSet.obj
 0001:00005b31       ?ClearMissles@KMissleSet@@QAEXXZ 10006b31 f   KMissleSet.obj
 0001:00005ba0       ??0KSkillList@@QAE@XZ      10006ba0 f   KSkillList.obj
 0001:00005bec       ??1KSkillList@@QAE@XZ      10006bec f   KSkillList.obj
 0001:00005bfe       ?FindSame@KSkillList@@QAEHH@Z 10006bfe f   KSkillList.obj
 0001:00005c64       ?FindFree@KSkillList@@QAEHXZ 10006c64 f   KSkillList.obj
 0001:00005caf       ?SetNpcSkill@KSkillList@@QAEXHHH@Z 10006caf f   KSkillList.obj
 0001:00005e9a       ?RemoveNpcSkill@KSkillList@@QAEXH@Z 10006e9a f   KSkillList.obj
 0001:0000604a       ?GetCount@KSkillList@@QAEHXZ 1000704a f   KSkillList.obj
 0001:000060a8       ?IsBaseSkill@KSkillList@@QAEHH@Z 100070a8 f   KSkillList.obj
 0001:00006116       ?AllSkillV@KSkillList@@QAEXHH@Z 10007116 f   KSkillList.obj
 0001:00006549       ?SeriesSkillV@KSkillList@@QAEXHH@Z 10007549 f   KSkillList.obj
 0001:0000663f       ?IncreaseLevel@KSkillList@@QAEHHH@Z 1000763f f   KSkillList.obj
 0001:0000679f       ?IncreaseExp@KSkillList@@QAEHHH@Z 1000779f f   KSkillList.obj
 0001:00006859       ?SetNextExp@KSkillList@@QAEHHH@Z 10007859 f   KSkillList.obj
 0001:0000689c       ?SetTempSkill@KSkillList@@QAEHHH@Z 1000789c f   KSkillList.obj
 0001:000068d5       ?Add@KSkillList@@QAEHHHHHHH@Z 100078d5 f   KSkillList.obj
 0001:00006b6a       ?GetLevel@KSkillList@@QAEHH@Z 10007b6a f   KSkillList.obj
 0001:00006bfb       ?GetExp@KSkillList@@QAEHH@Z 10007bfb f   KSkillList.obj
 0001:00006c52       ?GetNextExp@KSkillList@@QAEHH@Z 10007c52 f   KSkillList.obj
 0001:00006ca9       ?IsTempSkill@KSkillList@@QAEHH@Z 10007ca9 f   KSkillList.obj
 0001:00006d00       ?GetCurrentLevel@KSkillList@@QAEHH@Z 10007d00 f   KSkillList.obj
 0001:00006da1       ?CanCast@KSkillList@@QAEHHK@Z 10007da1 f   KSkillList.obj
 0001:00006e1a       ?SetNextCastTime@KSkillList@@QAEXHKK@Z 10007e1a f   KSkillList.obj
 0001:00006e83       ?UpdateDBSkillList@KSkillList@@QAEHPAE@Z 10007e83 f   KSkillList.obj
 0001:00006f45       ?RollBackSkills@KSkillList@@QAEH_N@Z 10007f45 f   KSkillList.obj
 0001:0000707b       ?GetAddSkillDamage@KSkillList@@QAEHH@Z 1000807b f   KSkillList.obj
 0001:000071c0       ?RemoveIdx@KSkillList@@QAEXH@Z 100081c0 f i KSkillList.obj
 0001:000072a0       ?GetDelayPerCast@KThiefSkill@@QAEKXZ 100082a0 f i KSkillList.obj
 0001:000072c0       ?GetAddSkillDamage@KSkill@@QAEPAUKMagicAttrib@@XZ 100082c0 f i KSkillList.obj
 0001:0000733b       ??0KSkillManager@@QAE@XZ   1000833b f   KSkillManager.obj
 0001:00007350       ??1KSkillManager@@QAE@XZ   10008350 f   KSkillManager.obj
 0001:00007448       ?Init@KSkillManager@@QAEHXZ 10008448 f   KSkillManager.obj
 0001:00007771       ?InstanceSkill@KSkillManager@@AAEPAVISkill@@KK@Z 10008771 f   KSkillManager.obj
 0001:00007a90       ??4KSkill@@QAEAAV0@ABV0@@Z 10008a90 f i KSkillManager.obj
 0001:00008180       ??4ISkill@@QAEAAV0@ABV0@@Z 10009180 f i KSkillManager.obj
 0001:000081a0       ?SetSkillId@KSkill@@QAEXH@Z 100091a0 f i KSkillManager.obj
 0001:000081c0       ?SetSkillLevel@KSkill@@QAEXK@Z 100091c0 f i KSkillManager.obj
 0001:000081e0       ?GetSkillStyle@KSkillManager@@AAEHK@Z 100091e0 f i KSkillManager.obj
 0001:00008220       ??0KSkill@@QAE@XZ          10009220 f   KSkills.obj
 0001:000083e7       ??1KSkill@@UAE@XZ          100093e7 f   KSkills.obj
 0001:00008414       ?CanCastSkill@KSkill@@UBEHHAAH0@Z 10009414 f   KSkills.obj
 0001:00008787       ?Cast@KSkill@@QBEHHHHHW4eSkillLauncherType@@@Z 10009787 f   KSkills.obj
 0001:00008a15       ?Vanish@KSkill@@ABEXPAVKMissle@@@Z 10009a15 f   KSkills.obj
 0001:00008a41       ?OnMissleEvent@KSkill@@QBEHGPAVKMissle@@@Z 10009a41 f   KSkills.obj
 0001:00008d83       ?FlyEvent@KSkill@@ABEXPAVKMissle@@@Z 10009d83 f   KSkills.obj
 0001:00008daf       ?Collidsion@KSkill@@ABEXPAVKMissle@@@Z 10009daf f   KSkills.obj
 0001:00008ddb       ?CastMissles@KSkill@@ABEHHHHHW4eSkillLauncherType@@@Z 10009ddb f   KSkills.obj
 0001:0000a456       ?CastZone@KSkill@@ABEHPAUTOrdinSkillParam@@HHH@Z 1000b456 f   KSkills.obj
 0001:0000ab1c       ?CastLine@KSkill@@ABEHPAUTOrdinSkillParam@@HHH@Z 1000bb1c f   KSkills.obj
 0001:0000b10f       ?CastExtractiveLineMissle@KSkill@@ABEHPAUTOrdinSkillParam@@HHHHHHH@Z 1000c10f f   KSkills.obj
 0001:0000b6aa       ?CastWall@KSkill@@ABEHPAUTOrdinSkillParam@@HHH@Z 1000c6aa f   KSkills.obj
 0001:0000bc51       ?CastCircle@KSkill@@ABEHPAUTOrdinSkillParam@@HHH@Z 1000cc51 f   KSkills.obj
 0001:0000c1a3       ?CastSpread@KSkill@@ABEHPAUTOrdinSkillParam@@HHH@Z 1000d1a3 f   KSkills.obj
 0001:0000c8cb       ?GetChildSkillNum@KSkill@@QBEHH@Z 1000d8cb f   KSkills.obj
 0001:0000c8e8       ?CreateMissle@KSkill@@ABEXHHH@Z 1000d8e8 f   KSkills.obj
 0001:0000cccf       ?GetInfoFromTabFile@KSkill@@QAEHH@Z 1000dccf f   KSkills.obj
 0001:0000cd0e       ?GetInfoFromTabFile@KSkill@@QAEHPAVKITabFile@@H@Z 1000dd0e f   KSkills.obj
 0001:0000d85f       ?LoadSkillLevelData@KSkill@@UAEXKH@Z 1000e85f f   KSkills.obj
 0001:0000dca0       ?CreateMissleMagicAttribsData@KSkill@@QBEPAVKMissleMagicAttribsData@@H@Z 1000eca0 f   KSkills.obj
 0001:0000de55       ?GetMissleGenerateTime@KSkill@@QBEIH@Z 1000ee55 f   KSkills.obj
 0001:0000dff9       ?GetSkillIdFromName@KSkill@@SAHPAD@Z 1000eff9 f   KSkills.obj
 0001:0000e085       ?CastInitiativeSkill@KSkill@@ABEHHHHH@Z 1000f085 f   KSkills.obj
 0001:0000e27a       ?CastPassivitySkill@KSkill@@ABEHHHHH@Z 1000f27a f   KSkills.obj
 0001:0000e2fe       ?ParseString2MagicAttrib@KSkill@@AAEHKPAD0@Z 1000f2fe f   KSkills.obj
 0001:0000efcb       ?CastStateSkill@KSkill@@QBEHHHHHH@Z 1000ffcb f   KSkills.obj
 0001:0000f090       ?IsTargetOnly@KSkill@@UBEHXZ 10010090 f i KSkills.obj
 0001:0000f0b0       ?IsTargetEnemy@KSkill@@UBEHXZ 100100b0 f i KSkills.obj
 0001:0000f0d0       ?IsTargetAlly@KSkill@@UBEHXZ 100100d0 f i KSkills.obj
 0001:0000f0f0       ?IsTargetObj@KSkill@@UBEHXZ 100100f0 f i KSkills.obj
 0001:0000f110       ?IsTargetNoNpc@KSkill@@UBEHXZ 10010110 f i KSkills.obj
 0001:0000f130       ?IsTargetSelf@KSkill@@UBEHXZ 10010130 f i KSkills.obj
 0001:0000f150       ?GetSkillLevelUpScriptId@KSkill@@UBEKXZ 10010150 f i KSkills.obj
 0001:0000f170       ?GetSkillName@KSkill@@UAEPBDXZ 10010170 f i KSkills.obj
 0001:0000f190       ?GetSkillStyle@KSkill@@UAEHXZ 10010190 f i KSkills.obj
 0001:0000f1b0       ?GetAttackRadius@KSkill@@UBEHXZ 100101b0 f i KSkills.obj
 0001:0000f1d0       ?GetSkillCost@KSkill@@UBEHPAX@Z 100101d0 f i KSkills.obj
 0001:0000f1f0       ??_GKSkill@@UAEPAXI@Z      100101f0 f i KSkills.obj
 0001:0000f1f0       ??_EKSkill@@UAEPAXI@Z      100101f0 f i KSkills.obj
 0001:0000f230       ?GetSkillCostType@KSkill@@UBE?AW4NPCATTRIB@@XZ 10010230 f i KSkills.obj
 0001:0000f250       ?GetDelayPerCast@KSkill@@UBEHH@Z 10010250 f i KSkills.obj
 0001:0000f280       ?GetSkillId@KSkill@@UAEHXZ 10010280 f i KSkills.obj
 0001:0000f2a0       ?IsAura@KSkill@@UBEHXZ     100102a0 f i KSkills.obj
 0001:0000f2c0       ?IsPhysical@KSkill@@UBEHXZ 100102c0 f i KSkills.obj
 0001:0000f2e0       ?IsBase@KSkill@@UAEHXZ     100102e0 f i KSkills.obj
 0001:0000f310       ?IsExp@KSkill@@UAEHXZ      10010310 f i KSkills.obj
 0001:0000f330       ?GetSkillSeries@KSkill@@UBEHXZ 10010330 f i KSkills.obj
 0001:0000f350       ?Param2PCoordinate@KSkill@@ABEHHHHPAH0W4eSkillLauncherType@@@Z 10010350 f i KSkills.obj
 0001:0000f500       ?g_Dir2DirIndex@@YAHHH@Z   10010500 f i KSkills.obj
 0001:0000f540       ?GetRef@KMissleMagicAttribsData@@QAEHXZ 10010540 f i KSkills.obj
 0001:0000f560       ?SetMagicAttribsData@KMissle@@QAEHPAVKMissleMagicAttribsData@@@Z 10010560 f i KSkills.obj
 0001:0000f5a0       ?AddRef@KMissleMagicAttribsData@@QAEHXZ 100105a0 f i KSkills.obj
 0001:0000f5d0       ??0KMissleMagicAttribsData@@QAE@XZ 100105d0 f i KSkills.obj
 0001:0000f630       ?MagicAttrib2String@KSkill@@ABEPBDH@Z 10010630 f i KSkills.obj
 0001:0000f660       ?Init@KFaction@@QAEHXZ     10010660 f   KFaction.obj
 0001:0000fd2d       ?GetID@KFaction@@QAEHHH@Z  10010d2d f   KFaction.obj
 0001:0000fd67       ?GetID@KFaction@@QAEHHPAD@Z 10010d67 f   KFaction.obj
 0001:0000fdf7       ?GetID@KFaction@@QAEHPAD@Z 10010df7 f   KFaction.obj
 0001:0000fe76       ?GetCamp@KFaction@@QAEHH@Z 10010e76 f   KFaction.obj
 0001:0000fed7       ??0KGameData@@QAE@XZ       10010ed7 f   KGameData.obj
 0001:0000ff44       ?Init@KGameData@@QAEHXZ    10010f44 f   KGameData.obj
 0001:0000ff82       ?SetData@KGameData@@QAEXHPAD@Z 10010f82 f   KGameData.obj
 0001:0000ffc6       ?GetDataInt@KGameData@@QAEHH@Z 10010fc6 f   KGameData.obj
 0001:0001001d       ?GetDataStr@KGameData@@QAEPBDH@Z 1001101d f   KGameData.obj
 0001:0001004f       ?AddDataGr@KGameData@@QAEHPAUKDataGroup@@@Z 1001104f f   KGameData.obj
 0001:0001015d       ?SetDataGr@KGameData@@QAEXHPAUKDataGroup@@@Z 1001115d f   KGameData.obj
 0001:00010220       ?FindFreeDataGr@KGameData@@QAEHXZ 10011220 f   KGameData.obj
 0001:00010273       ?FindDataId@KGameData@@QAEHK@Z 10011273 f   KGameData.obj
 0001:000102ca       ?GetDataGr_dwName@KGameData@@QAEHH@Z 100112ca f   KGameData.obj
 0001:000102ee       ?GetDataGr_nValue@KGameData@@QAEHHH@Z 100112ee f   KGameData.obj
 0001:00010319       ?GetStrDataGr_Name1@KGameData@@QAEPADH@Z 10011319 f   KGameData.obj
 0001:0001033d       ?GetStrDataGr_Name2@KGameData@@QAEPADH@Z 1001133d f   KGameData.obj
 0001:00010361       ?InitGameData@KGameData@@QAEHXZ 10011361 f   KGameData.obj
 0001:000106a4       ?Save@KGameData@@QAEHXZ    100116a4 f   KGameData.obj
 0001:00010950       ?Clear@KDataGroup@@QAEXXZ  10011950 f i KGameData.obj
 0001:00010a2e       ??0KNpc@@QAE@XZ            10011a2e f   KNpc.obj
 0001:00010bb6       ?Init@KNpc@@QAEXXZ         10011bb6 f   KNpc.obj
 0001:00011281       ?GetActiveSkill@KNpc@@QAEPAVISkill@@XZ 10012281 f   KNpc.obj
 0001:00011323       ?SetTempCurrentCamp@KNpc@@QAEXH@Z 10012323 f   KNpc.obj
 0001:000114ad       ?SetCurrentCamp@KNpc@@QAEXH@Z 100124ad f   KNpc.obj
 0001:000116fd       ?ChangeCurrentCamp@KNpc@@QAEXH@Z 100126fd f   KNpc.obj
 0001:000118ed       ?SetCamp@KNpc@@QAEXH@Z     100128ed f   KNpc.obj
 0001:00011add       ?RestoreCurrentCamp@KNpc@@QAEXXZ 10012add f   KNpc.obj
 0001:00011cfa       ?Activate@KNpc@@QAEXXZ     10012cfa f   KNpc.obj
 0001:00011e3b       ?ProcStatus@KNpc@@QAEXXZ   10012e3b f   KNpc.obj
 0001:00011fc2       ?ProcCommand@KNpc@@QAEXH@Z 10012fc2 f   KNpc.obj
 0001:0001227c       ?ProcessState@KNpc@@QAEHXZ 1001327c f   KNpc.obj
 0001:000135b3       ?UpdateDBStateList@KNpc@@QAEHPAE@Z 100145b3 f   KNpc.obj
 0001:0001368d       ?DoDeath@KNpc@@AAEXHH@Z    1001468d f   KNpc.obj
 0001:00013c40       ?OnDeath@KNpc@@AAEXXZ      10014c40 f   KNpc.obj
 0001:00013e70       ?DoDefense@KNpc@@AAEXXZ    10014e70 f   KNpc.obj
 0001:00013e8f       ?OnDefense@KNpc@@AAEXXZ    10014e8f f   KNpc.obj
 0001:00013ea1       ?DoIdle@KNpc@@AAEXXZ       10014ea1 f   KNpc.obj
 0001:00013ece       ?OnIdle@KNpc@@AAEXXZ       10014ece f   KNpc.obj
 0001:00013ee0       ?DoHurt@KNpc@@AAEXHHHH@Z   10014ee0 f   KNpc.obj
 0001:000141ce       ?OnHurt@KNpc@@AAEXXZ       100151ce f   KNpc.obj
 0001:00014266       ?DoSpecial1@KNpc@@AAEXXZ   10015266 f   KNpc.obj
 0001:0001428a       ?OnSpecial1@KNpc@@AAEXXZ   1001528a f   KNpc.obj
 0001:0001437f       ?DoSpecial2@KNpc@@AAEXXZ   1001537f f   KNpc.obj
 0001:00014391       ?OnSpecial2@KNpc@@AAEXXZ   10015391 f   KNpc.obj
 0001:0001444d       ?DoSpecial3@KNpc@@AAEXXZ   1001544d f   KNpc.obj
 0001:0001445f       ?OnSpecial3@KNpc@@AAEXXZ   1001545f f   KNpc.obj
 0001:00014471       ?DoStand@KNpc@@AAEXXZ      10015471 f   KNpc.obj
 0001:000144e2       ?OnStand@KNpc@@AAEXXZ      100154e2 f   KNpc.obj
 0001:00014506       ?DoRevive@KNpc@@AAEXXZ     10015506 f   KNpc.obj
 0001:0001463c       ?OnRevive@KNpc@@AAEXXZ     1001563c f   KNpc.obj
 0001:00014678       ?DoRun@KNpc@@AAEXXZ        10015678 f   KNpc.obj
 0001:000148e8       ?OnRun@KNpc@@AAEXH@Z       100158e8 f   KNpc.obj
 0001:00014a53       ?DoSit@KNpc@@AAEXXZ        10015a53 f   KNpc.obj
 0001:00014c66       ?OnSit@KNpc@@AAEXXZ        10015c66 f   KNpc.obj
 0001:00014ca3       ?DoSkill@KNpc@@AAEXHH@Z    10015ca3 f   KNpc.obj
 0001:000151a1       ?DoOrdinSkill@KNpc@@AAEHPAVKSkill@@HH@Z 100161a1 f   KNpc.obj
 0001:00015476       ?CastMeleeSkill@KNpc@@AAEHPAVKSkill@@@Z 10016476 f   KNpc.obj
 0001:000156b3       ?OnGoAttack@KNpc@@AAEXXZ   100166b3 f   KNpc.obj
 0001:00015853       ?DoGoAttack@KNpc@@AAEHXZ   10016853 f   KNpc.obj
 0001:00015a17       ?DoBlurAttack@KNpc@@AAEHXZ 10016a17 f   KNpc.obj
 0001:00015aed       ?OnSkill@KNpc@@AAEXXZ      10016aed f   KNpc.obj
 0001:00015ca8       ?JumpTo@KNpc@@AAEXHH@Z     10016ca8 f   KNpc.obj
 0001:00015cf4       ?RunTo@KNpc@@AAEXHH@Z      10016cf4 f   KNpc.obj
 0001:00015d2e       ?Goto@KNpc@@AAEXHH@Z       10016d2e f   KNpc.obj
 0001:00015d68       ?Madnessto@KNpc@@QAEXHH@Z  10016d68 f   KNpc.obj
 0001:00015d96       ?DoWalk@KNpc@@AAEXXZ       10016d96 f   KNpc.obj
 0001:0001602f       ?OnWalk@KNpc@@AAEXXZ       1001702f f   KNpc.obj
 0001:0001606a       ?ModifyAttrib@KNpc@@QAEXHPAX@Z 1001706a f   KNpc.obj
 0001:000160a0       ?CalcDamage@KNpc@@QAEHHHHHW4DAMAGE_TYPE@@HHHHHHHH@Z 100170a0 f   KNpc.obj
 0001:00016f39       ?ReplySkill@KNpc@@QAEXXZ   10017f39 f   KNpc.obj
 0001:000170ac       ?RescueSkill@KNpc@@QAEXXZ  100180ac f   KNpc.obj
 0001:0001721f       ?AttackSkill@KNpc@@QAEXH@Z 1001821f f   KNpc.obj
 0001:00017402       ?DeathSkill@KNpc@@QAEXXZ   10018402 f   KNpc.obj
 0001:00017575       ?ReceiveDamage@KNpc@@QAEHHHHPAXHHH@Z 10018575 f   KNpc.obj
 0001:0001806d       ?SetImmediatelySkillEffect@KNpc@@QAEXHPAXH@Z 1001906d f   KNpc.obj
 0001:00018114       ?AppendSkillEffect@KNpc@@QAEXHHHPAX0@Z 10019114 f   KNpc.obj
 0001:00018f5b       ?ServerMove@KNpc@@AAEXH@Z  10019f5b f   KNpc.obj
 0001:000196cd       ?ServerJump@KNpc@@AAEXH@Z  1001a6cd f   KNpc.obj
 0001:00019d85       ?SendCommand@KNpc@@QAEXW4NPCCMD@@HHH@Z 1001ad85 f   KNpc.obj
 0001:00019e9a       ?NewPath@KNpc@@AAEHHH@Z    1001ae9a f   KNpc.obj
 0001:00019ecb       ?NewJump@KNpc@@AAEHHH@Z    1001aecb f   KNpc.obj
 0001:0001a1b4       ?Cost@KNpc@@QAEHW4NPCATTRIB@@HHH@Z 1001b1b4 f   KNpc.obj
 0001:0001a32d       ?Cast@KNpc@@QAEXHH@Z       1001b32d f   KNpc.obj
 0001:0001a6b1       ?DoJump@KNpc@@AAEXXZ       1001b6b1 f   KNpc.obj
 0001:0001a918       ?OnJump@KNpc@@AAEHXZ       1001b918 f   KNpc.obj
 0001:0001a970       ?WaitForFrame@KNpc@@AAEHXZ 1001b970 f   KNpc.obj
 0001:0001a9c1       ?IsReachFrame@KNpc@@AAEHH@Z 1001b9c1 f   KNpc.obj
 0001:0001a9fe       ?Load@KNpc@@QAEXHH@Z       1001b9fe f   KNpc.obj
 0001:0001aacb       ?GetMpsPos@KNpc@@QAEXPAH0@Z 1001bacb f   KNpc.obj
 0001:0001ab3d       ?SetActiveSkill@KNpc@@QAEHH@Z 1001bb3d f   KNpc.obj
 0001:0001ac5f       ?SetAuraSkill@KNpc@@QAEXH@Z 1001bc5f f   KNpc.obj
 0001:0001ad7b       ?SetPlayerIdx@KNpc@@QAEHH@Z 1001bd7b f   KNpc.obj
 0001:0001adc0       ?SwitchMaskFeature@KNpc@@QAEXXZ 1001bdc0 f   KNpc.obj
 0001:0001af9b       ?SendSyncData@KNpc@@QAEHHH@Z 1001bf9b f   KNpc.obj
 0001:0001b75d       ?NormalSync@KNpc@@QAEXXZ   1001c75d f   KNpc.obj
 0001:0001c175       ?BroadCastRevive@KNpc@@QAEXH@Z 1001d175 f   KNpc.obj
 0001:0001c340       ?GetPlayerIdx@KNpc@@QAEHXZ 1001d340 f   KNpc.obj
 0001:0001c368       ?AddBaseLifeMax@KNpc@@QAEXH@Z 1001d368 f   KNpc.obj
 0001:0001c3a3       ?SetBaseLifeMax@KNpc@@QAEXH@Z 1001d3a3 f   KNpc.obj
 0001:0001c3d5       ?AddCurLifeMax@KNpc@@QAEXH@Z 1001d3d5 f   KNpc.obj
 0001:0001c3fe       ?AddBaseStaminaMax@KNpc@@QAEXH@Z 1001d3fe f   KNpc.obj
 0001:0001c439       ?SetBaseStaminaMax@KNpc@@QAEXH@Z 1001d439 f   KNpc.obj
 0001:0001c46b       ?AddCurStaminaMax@KNpc@@QAEXH@Z 1001d46b f   KNpc.obj
 0001:0001c494       ?AddBaseManaMax@KNpc@@QAEXH@Z 1001d494 f   KNpc.obj
 0001:0001c4cf       ?SetBaseManaMax@KNpc@@QAEXH@Z 1001d4cf f   KNpc.obj
 0001:0001c501       ?AddCurManaMax@KNpc@@QAEXH@Z 1001d501 f   KNpc.obj
 0001:0001c52a       ?CalcCurLifeReplenish@KNpc@@QAEXXZ 1001d52a f   KNpc.obj
 0001:0001c54e       ?CalcCurLucky@KNpc@@QAEXXZ 1001d54e f   KNpc.obj
 0001:0001c57e       ?Remove@KNpc@@QAEXXZ       1001d57e f   KNpc.obj
 0001:0001c5a2       ?SetSeries@KNpc@@QAEXH@Z   1001d5a2 f   KNpc.obj
 0001:0001c5bf       ?SetSex@KNpc@@QAEXH@Z      1001d5bf f   KNpc.obj
 0001:0001c5ed       ?SetStateSkillEffect@KNpc@@QAEXHHHPAXHHH@Z 1001d5ed f   KNpc.obj
 0001:0001ca6c       ?ModifyMissleCollsion@KNpc@@QAEHH@Z 1001da6c f   KNpc.obj
 0001:0001cab6       ?ModifyMissleLifeTime@KNpc@@QAEHH@Z 1001dab6 f   KNpc.obj
 0001:0001cae8       ?ModifyMissleSpeed@KNpc@@QAEHH@Z 1001dae8 f   KNpc.obj
 0001:0001cb15       ?DoBlurMove@KNpc@@AAEHXZ   1001db15 f   KNpc.obj
 0001:0001d134       ?OnBlurMove@KNpc@@AAEXXZ   1001e134 f   KNpc.obj
 0001:0001d1d4       ?DoManyAttack@KNpc@@AAEHXZ 1001e1d4 f   KNpc.obj
 0001:0001d2f4       ?OnManyAttack@KNpc@@AAEXXZ 1001e2f4 f   KNpc.obj
 0001:0001d3b4       ?DoRunAttack@KNpc@@AAEHXZ  1001e3b4 f   KNpc.obj
 0001:0001d57d       ?OnRunAttack@KNpc@@AAEXXZ  1001e57d f   KNpc.obj
 0001:0001d7ce       ?DoJumpAttack@KNpc@@AAEHXZ 1001e7ce f   KNpc.obj
 0001:0001d8bf       ?OnJumpAttack@KNpc@@AAEHXZ 1001e8bf f   KNpc.obj
 0001:0001da4e       ?CheckHitTarget@KNpc@@AAEHHHH@Z 1001ea4e f   KNpc.obj
 0001:0001db0f       ?GetNpcCopyFromTemplate@KNpc@@QAEXH@Z 1001eb0f f   KNpc.obj
 0001:0001dc12       ?LoadDataFromTemplate@KNpc@@QAEXH@Z 1001ec12 f   KNpc.obj
 0001:0001e075       ?SetPhysicsDamage@KNpc@@QAEXHH@Z 1001f075 f   KNpc.obj
 0001:0001e0a1       ?SetReviveFrame@KNpc@@QAEXH@Z 1001f0a1 f   KNpc.obj
 0001:0001e0c1       ?SetBaseAttackRating@KNpc@@QAEXH@Z 1001f0c1 f   KNpc.obj
 0001:0001e0f3       ?SetBaseDefence@KNpc@@QAEXH@Z 1001f0f3 f   KNpc.obj
 0001:0001e125       ?DeathPunish@KNpc@@QAEXHH@Z 1001f125 f   KNpc.obj
 0001:0001e691       ?PlayerDeadCreateMoneyObj@KNpc@@AAEXH@Z 1001f691 f   KNpc.obj
 0001:0001e780       ?Revive@KNpc@@QAEXXZ       1001f780 f   KNpc.obj
 0001:0001e91c       ?RestoreLiveData@KNpc@@QAEXXZ 1001f91c f   KNpc.obj
 0001:0001e92e       ?SendDataToNearRegion@KNpc@@QAEXPAXK@Z 1001f92e f   KNpc.obj
 0001:0001eb31       ?DeathCalcPKValue@KNpc@@QAEHH@Z 1001fb31 f   KNpc.obj
 0001:0001f0c1       ?FindAroundPlayer@KNpc@@QAEHPBD@Z 100200c1 f   KNpc.obj
 0001:0001f1dc       ?UpdateNpcStateInfo@KNpc@@AAEXXZ 100201dc f   KNpc.obj
 0001:0001f3ba       ?ClearNpcState@KNpc@@QAEXXZ 100203ba f   KNpc.obj
 0001:0001f456       ?RestoreNpcBaseInfo@KNpc@@QAEXXZ 10020456 f   KNpc.obj
 0001:0001f999       ?SetPos@KNpc@@QAEHHH@Z     10020999 f   KNpc.obj
 0001:0001fc93       ?SetPosU@KNpc@@QAEHHH@Z    10020c93 f   KNpc.obj
 0001:000200f7       ?ChangeWorld@KNpc@@QAEHKHH@Z 100210f7 f   KNpc.obj
 0001:00020566       ?TobeExchangeServer@KNpc@@QAEXKHH@Z 10021566 f   KNpc.obj
 0001:000205f2       ?IsPlayer@KNpc@@QAEHXZ     100215f2 f   KNpc.obj
 0001:00020612       ?ClearStateSkillEffect@KNpc@@QAEXXZ 10021612 f   KNpc.obj
 0001:00020752       ?IgnoreState@KNpc@@QAEXH@Z 10021752 f   KNpc.obj
 0001:00020931       ?ClearNormalState@KNpc@@QAEXXZ 10021931 f   KNpc.obj
 0001:00020aa7       ?IsNpcStateExist@KNpc@@QAEHH@Z 10021aa7 f   KNpc.obj
 0001:00020b10       ?IsNpcSkillExist@KNpc@@QAEHH@Z 10021b10 f   KNpc.obj
 0001:00020b82       ?CheckTrap@KNpc@@QAEHHH@Z  10021b82 f   KNpc.obj
 0001:00020c7c       ?SetFightMode@KNpc@@QAEXH@Z 10021c7c f   KNpc.obj
 0001:00020cc9       ?TurnTo@KNpc@@QAEXH@Z      10021cc9 f   KNpc.obj
 0001:00020d60       ?ReCalcStateEffect@KNpc@@QAEXXZ 10021d60 f   KNpc.obj
 0001:00020e5a       ?GetCurActiveWeaponSkill@KNpc@@QAEHXZ 10021e5a f   KNpc.obj
 0001:00020f10       ?DoAutoMoveBarrier@KNpc@@QAEXH@Z 10021f10 f   KNpc.obj
 0001:00020f24       ?SwitchRideHorse@KNpc@@QAEXH@Z 10021f24 f   KNpc.obj
 0001:0002119c       ?CanSwitchRideHorse@KNpc@@QAEHXZ 1002219c f   KNpc.obj
 0001:000213be       ?ResetNpcTypeName@KNpc@@QAEXH@Z 100223be f   KNpc.obj
 0001:00021442       ?SetRank@KNpc@@QAEXH@Z     10022442 f   KNpc.obj
 0001:0002162e       ?SetExpandRank@KNpc@@QAEXPAUKExpandRank@@@Z 1002262e f   KNpc.obj
 0001:00021a60       ??1KNpc@@QAE@XZ            10022a60 f i KNpc.obj
 0001:00021ae0       ??1KList@@QAE@XZ           10022ae0 f i KNpc.obj
 0001:00021b40       ??0KList@@QAE@XZ           10022b40 f i KNpc.obj
 0001:00021bc0       ??0KMagicAutoSkill@@QAE@XZ 10022bc0 f i KNpc.obj
 0001:00021c10       ?Release@KExpandRank@@QAEXXZ 10022c10 f i KNpc.obj
 0001:00021c60       ?Remove@KNode@@QAEXXZ      10022c60 f i KNpc.obj
 0001:00021d10       ?GetChildSkillId@KSkill@@QBEHXZ 10022d10 f i KNpc.obj
 0001:00021d30       ?GetAppendSkillNum@KSkill@@QAEHXZ 10022d30 f i KNpc.obj
 0001:00021d50       ?GetAppendSkillId@KSkill@@QAEHH@Z 10022d50 f i KNpc.obj
 0001:00021d90       ??0tagSHOW_MSG_SYNC@@QAE@XZ 10022d90 f i KNpc.obj
 0001:00021db0       ??1tagSHOW_MSG_SYNC@@QAE@XZ 10022db0 f i KNpc.obj
 0001:00021de0       ?Release@tagSHOW_MSG_SYNC@@QAEXXZ 10022de0 f i KNpc.obj
 0001:00021e30       ?GetActionType@KSkill@@QBE?AW4CLIENTACTION@@XZ 10022e30 f i KNpc.obj
 0001:00021e50       ?GetParam1@KSkill@@QBEHXZ  10022e50 f i KNpc.obj
 0001:00021e70       ?GetMeleeType@KSkill@@QBEHXZ 10022e70 f i KNpc.obj
 0001:00021e90       ?GetSkill@KSkillManager@@QAEPAVISkill@@HHW4eSKillStyle@@@Z 10022e90 f i KNpc.obj
 0001:00021f00       ?GetSkillLevel@KSkill@@QAEHXZ 10022f00 f i KNpc.obj
 0001:00021f20       ?GetSkillIdx@KSkillList@@QAEHH@Z 10022f20 f i KNpc.obj
 0001:00021f80       ?GetAddLevel@KSkillList@@QAEHH@Z 10022f80 f i KNpc.obj
 0001:00021fe0       ?GetPlayerWalkSpeed@KNpcSet@@QAEHXZ 10022fe0 f i KNpc.obj
 0001:00022000       ?GetPlayerRunSpeed@KNpcSet@@QAEHXZ 10023000 f i KNpc.obj
 0001:00022020       ?GetPlayerAttackFrame@KNpcSet@@QAEHXZ 10023020 f i KNpc.obj
 0001:00022040       ?GetPlayerHurtFrame@KNpcSet@@QAEHXZ 10023040 f i KNpc.obj
 0001:00022060       ?GetDetailType@KItem@@QBEHXZ 10023060 f i KNpc.obj
 0001:00022080       ?GetParticular@KItem@@QAEHXZ 10023080 f i KNpc.obj
 0001:000220a0       ?GetRow@KItem@@QBEHXZ      100230a0 f i KNpc.obj
 0001:000220c0       ?GetStateSpecailId@KSkill@@QBEHXZ 100230c0 f i KNpc.obj
 0001:000220e0       ??0STATE_EFFECT_SYNC@@QAE@XZ 100230e0 f i KNpc.obj
 0001:00022120       ??0KStateNode@@QAE@XZ      10023120 f i KNpc.obj
 0001:000221a0       ??_GKStateNode@@UAEPAXI@Z  100231a0 f i KNpc.obj
 0001:000221a0       ??_EKStateNode@@UAEPAXI@Z  100231a0 f i KNpc.obj
 0001:000221e0       ??1KStateNode@@UAE@XZ      100231e0 f i KNpc.obj
 0001:00022210       ?GetChildSkillNum@KSkill@@QBEHXZ 10023210 f i KNpc.obj
 0001:00022230       ??0KNpcTemplate@@QAE@XZ    10023230 f i KNpc.obj
 0001:00022280       ?IsEnmityPKLauncher@KPlayerPK@@QAEHXZ 10023280 f i KNpc.obj
 0001:000222a0       ?IsEnmitySpar@KPlayerPK@@QAEHXZ 100232a0 f i KNpc.obj
 0001:000222c0       ?GetPrev@KNode@@QAEPAV1@XZ 100232c0 f i KNpc.obj
 0001:000222f0       ?GetTail@KList@@QAEPAVKNode@@XZ 100232f0 f i KNpc.obj
 0001:00022320       ?RemovePlayer@?$KMissionArray@VKMission@@$01@@QAEHKK@Z 10023320 f i KNpc.obj
 0001:00022400       ?GetUsedCount@?$KLinkArrayTemplate@VKMission@@$01@@QBEKXZ 10023400 f i KNpc.obj
 0001:00022487       ??0KNpcAI@@QAE@XZ          10023487 f   KNpcAI.obj
 0001:000224af       ?NotActivate@KNpcAI@@QAEXH@Z 100234af f   KNpcAI.obj
 0001:000224ff       ?Activate@KNpcAI@@QAEXH@Z  100234ff f   KNpcAI.obj
 0001:0002268e       ?FindPathNpc@KNpcAI@@AAEXXZ 1002368e f   KNpcAI.obj
 0001:00022ab6       ?ProcessPlayer@KNpcAI@@AAEXXZ 10023ab6 f   KNpcAI.obj
 0001:00022ae2       ?CheckNpc@KNpcAI@@AAEHH@Z  10023ae2 f   KNpcAI.obj
 0001:00022b62       ?TriggerMapTrap@KNpcAI@@AAEXXZ 10023b62 f   KNpcAI.obj
 0001:00022bca       ?TriggerObjectTrap@KNpcAI@@AAEXXZ 10023bca f   KNpcAI.obj
 0001:00022bdc       ?GetNearestNpc@KNpcAI@@AAEHH@Z 10023bdc f   KNpcAI.obj
 0001:00023350       ?GetNpcNumber@KNpcAI@@AAEHH@Z 10024350 f   KNpcAI.obj
 0001:000235fd       ?KeepAttackRange@KNpcAI@@AAEXHH@Z 100245fd f   KNpcAI.obj
 0001:000236e8       ?FollowAttack@KNpcAI@@AAEXH@Z 100246e8 f   KNpcAI.obj
 0001:000238fc       ?InEyeshot@KNpcAI@@AAEHH@Z 100248fc f   KNpcAI.obj
 0001:00023951       ?CommonAction@KNpcAI@@AAEXXZ 10024951 f   KNpcAI.obj
 0001:00023aa8       ?KeepActiveRange@KNpcAI@@AAEHXZ 10024aa8 f   KNpcAI.obj
 0001:00023be1       ?Flee@KNpcAI@@AAEXH@Z      10024be1 f   KNpcAI.obj
 0001:00023c80       ?ProcessAIType01@KNpcAI@@AAEXXZ 10024c80 f   KNpcAI.obj
 0001:00023eed       ?ProcessAIType02@KNpcAI@@AAEXXZ 10024eed f   KNpcAI.obj
 0001:0002420a       ?ProcessAIType03@KNpcAI@@AAEXXZ 1002520a f   KNpcAI.obj
 0001:000244b7       ?ProcessAIType04@KNpcAI@@AAEXXZ 100254b7 f   KNpcAI.obj
 0001:000246db       ?ProcessAIType05@KNpcAI@@AAEXXZ 100256db f   KNpcAI.obj
 0001:000249af       ?ProcessAIType06@KNpcAI@@AAEXXZ 100259af f   KNpcAI.obj
 0001:00024c50       ?IsAlive@KNpc@@QBE_NXZ     10025c50 f i KNpcAI.obj
 0001:00024cfb       ??0KNpcAttribModify@@QAE@XZ 10025cfb f   KNpcAttribModify.obj
 0001:0002539d       ??1KNpcAttribModify@@QAE@XZ 1002639d f   KNpcAttribModify.obj
 0001:000253af       ?ModifyAttrib@KNpcAttribModify@@QAEXPAVKNpc@@PAX@Z 100263af f   KNpcAttribModify.obj
 0001:0002542e       ?AddColdDamageV@KNpcAttribModify@@AAEXPAVKNpc@@PAX@Z 1002642e f   KNpcAttribModify.obj
 0001:00025621       ?AddColdMagicV@KNpcAttribModify@@AAEXPAVKNpc@@PAX@Z 10026621 f   KNpcAttribModify.obj
 0001:00025814       ?AddFireDamageV@KNpcAttribModify@@AAEXPAVKNpc@@PAX@Z 10026814 f   KNpcAttribModify.obj
 0001:00025867       ?AddFireMagicV@KNpcAttribModify@@AAEXPAVKNpc@@PAX@Z 10026867 f   KNpcAttribModify.obj
 0001:000258ba       ?AddLightingDamageV@KNpcAttribModify@@AAEXPAVKNpc@@PAX@Z 100268ba f   KNpcAttribModify.obj
 0001:0002590d       ?AddLightingMagicV@KNpcAttribModify@@AAEXPAVKNpc@@PAX@Z 1002690d f   KNpcAttribModify.obj
 0001:00025960       ?AddPhysicsDamageP@KNpcAttribModify@@AAEXPAVKNpc@@PAX@Z 10026960 f   KNpcAttribModify.obj
 0001:00025adf       ?AddPoisonDamageV@KNpcAttribModify@@AAEXPAVKNpc@@PAX@Z 10026adf f   KNpcAttribModify.obj
 0001:00025b69       ?AddPoisonMagicV@KNpcAttribModify@@AAEXPAVKNpc@@PAX@Z 10026b69 f   KNpcAttribModify.obj
 0001:00025bf3       ?AddPhysicsDamageV@KNpcAttribModify@@AAEXPAVKNpc@@PAX@Z 10026bf3 f   KNpcAttribModify.obj
 0001:00025c2e       ?AddPhysicsMagicV@KNpcAttribModify@@AAEXPAVKNpc@@PAX@Z 10026c2e f   KNpcAttribModify.obj
 0001:00025c69       ?AllresP@KNpcAttribModify@@AAEXPAVKNpc@@PAX@Z 10026c69 f   KNpcAttribModify.obj
 0001:00025d04       ?AllSkillV@KNpcAttribModify@@AAEXPAVKNpc@@PAX@Z 10026d04 f   KNpcAttribModify.obj
 0001:00025d6f       ?AttackRatingP@KNpcAttribModify@@AAEXPAVKNpc@@PAX@Z 10026d6f f   KNpcAttribModify.obj
 0001:00025dbe       ?AttackRatingV@KNpcAttribModify@@AAEXPAVKNpc@@PAX@Z 10026dbe f   KNpcAttribModify.obj
 0001:00025df9       ?AttackSpeedV@KNpcAttribModify@@AAEXPAVKNpc@@PAX@Z 10026df9 f   KNpcAttribModify.obj
 0001:00025e34       ?BadStatusTimeReduceV@KNpcAttribModify@@AAEXPAVKNpc@@PAX@Z 10026e34 f   KNpcAttribModify.obj
 0001:00025e57       ?BurnTimeReduceP@KNpcAttribModify@@AAEXPAVKNpc@@PAX@Z 10026e57 f   KNpcAttribModify.obj
 0001:00025e6b       ?CastSpeedV@KNpcAttribModify@@AAEXPAVKNpc@@PAX@Z 10026e6b f   KNpcAttribModify.obj
 0001:00025ea6       ?ChangeCampV@KNpcAttribModify@@AAEXPAVKNpc@@PAX@Z 10026ea6 f   KNpcAttribModify.obj
 0001:00025f11       ?ColdArmorV@KNpcAttribModify@@AAEXPAVKNpc@@PAX@Z 10026f11 f   KNpcAttribModify.obj
 0001:00025f4c       ?ColdresP@KNpcAttribModify@@AAEXPAVKNpc@@PAX@Z 10026f4c f   KNpcAttribModify.obj
 0001:00025f87       ?DeadlyStrikeEnhanceP@KNpcAttribModify@@AAEXPAVKNpc@@PAX@Z 10026f87 f   KNpcAttribModify.obj
 0001:00025fc2       ?DexterityV@KNpcAttribModify@@AAEXPAVKNpc@@PAX@Z 10026fc2 f   KNpcAttribModify.obj
 0001:00026029       ?EarthSkillV@KNpcAttribModify@@AAEXPAVKNpc@@PAX@Z 10027029 f   KNpcAttribModify.obj
 0001:0002606d       ?FatallyStrikeResP@KNpcAttribModify@@AAEXPAVKNpc@@PAX@Z 1002706d f   KNpcAttribModify.obj
 0001:000260a8       ?EnergyV@KNpcAttribModify@@AAEXPAVKNpc@@PAX@Z 100270a8 f   KNpcAttribModify.obj
 0001:0002610f       ?FastHitRecoverV@KNpcAttribModify@@AAEXPAVKNpc@@PAX@Z 1002710f f   KNpcAttribModify.obj
 0001:0002614a       ?FastWalkRunP@KNpcAttribModify@@AAEXPAVKNpc@@PAX@Z 1002714a f   KNpcAttribModify.obj
 0001:000261cc       ?FireArmorV@KNpcAttribModify@@AAEXPAVKNpc@@PAX@Z 100271cc f   KNpcAttribModify.obj
 0001:00026207       ?FireSkillV@KNpcAttribModify@@AAEXPAVKNpc@@PAX@Z 10027207 f   KNpcAttribModify.obj
 0001:0002624b       ?FreezeTimeReduceP@KNpcAttribModify@@AAEXPAVKNpc@@PAX@Z 1002724b f   KNpcAttribModify.obj
 0001:00026286       ?LifeMaxP@KNpcAttribModify@@AAEXPAVKNpc@@PAX@Z 10027286 f   KNpcAttribModify.obj
 0001:000262d5       ?LifeMaxV@KNpcAttribModify@@AAEXPAVKNpc@@PAX@Z 100272d5 f   KNpcAttribModify.obj
 0001:00026310       ?LifeReplenishV@KNpcAttribModify@@AAEXPAVKNpc@@PAX@Z 10027310 f   KNpcAttribModify.obj
 0001:0002634b       ?LifeV@KNpcAttribModify@@AAEXPAVKNpc@@PAX@Z 1002734b f   KNpcAttribModify.obj
 0001:00026386       ?LightingArmorV@KNpcAttribModify@@AAEXPAVKNpc@@PAX@Z 10027386 f   KNpcAttribModify.obj
 0001:000263c1       ?LightingresP@KNpcAttribModify@@AAEXPAVKNpc@@PAX@Z 100273c1 f   KNpcAttribModify.obj
 0001:000263fc       ?LuckyV@KNpcAttribModify@@AAEXPAVKNpc@@PAX@Z 100273fc f   KNpcAttribModify.obj
 0001:0002644d       ?ManaMaxP@KNpcAttribModify@@AAEXPAVKNpc@@PAX@Z 1002744d f   KNpcAttribModify.obj
 0001:0002649c       ?ManaMaxV@KNpcAttribModify@@AAEXPAVKNpc@@PAX@Z 1002749c f   KNpcAttribModify.obj
 0001:000264d7       ?ManaReplenishV@KNpcAttribModify@@AAEXPAVKNpc@@PAX@Z 100274d7 f   KNpcAttribModify.obj
 0001:00026512       ?ManaV@KNpcAttribModify@@AAEXPAVKNpc@@PAX@Z 10027512 f   KNpcAttribModify.obj
 0001:0002654d       ?ManaShieldP@KNpcAttribModify@@AAEXPAVKNpc@@PAX@Z 1002754d f   KNpcAttribModify.obj
 0001:000265ab       ?MeleeDamageReturnP@KNpcAttribModify@@AAEXPAVKNpc@@PAX@Z 100275ab f   KNpcAttribModify.obj
 0001:000265e6       ?MeleeDamageReturnV@KNpcAttribModify@@AAEXPAVKNpc@@PAX@Z 100275e6 f   KNpcAttribModify.obj
 0001:00026621       ?MetalSkillV@KNpcAttribModify@@AAEXPAVKNpc@@PAX@Z 10027621 f   KNpcAttribModify.obj
 0001:00026665       ?PhysicsArmorV@KNpcAttribModify@@AAEXPAVKNpc@@PAX@Z 10027665 f   KNpcAttribModify.obj
 0001:000266a0       ?PhysicsresP@KNpcAttribModify@@AAEXPAVKNpc@@PAX@Z 100276a0 f   KNpcAttribModify.obj
 0001:000266db       ?Damage2AddManaP@KNpcAttribModify@@AAEXPAVKNpc@@PAX@Z 100276db f   KNpcAttribModify.obj
 0001:00026716       ?PoisonArmorV@KNpcAttribModify@@AAEXPAVKNpc@@PAX@Z 10027716 f   KNpcAttribModify.obj
 0001:00026751       ?PoisonDamageReduceV@KNpcAttribModify@@AAEXPAVKNpc@@PAX@Z 10027751 f   KNpcAttribModify.obj
 0001:000267a5       ?PoisonresP@KNpcAttribModify@@AAEXPAVKNpc@@PAX@Z 100277a5 f   KNpcAttribModify.obj
 0001:000267e0       ?PoisonTimeReduceP@KNpcAttribModify@@AAEXPAVKNpc@@PAX@Z 100277e0 f   KNpcAttribModify.obj
 0001:0002681b       ?RangeDamageReturnV@KNpcAttribModify@@AAEXPAVKNpc@@PAX@Z 1002781b f   KNpcAttribModify.obj
 0001:00026856       ?RangeDamageReturnP@KNpcAttribModify@@AAEXPAVKNpc@@PAX@Z 10027856 f   KNpcAttribModify.obj
 0001:00026891       ?SlowMissleB@KNpcAttribModify@@AAEXPAVKNpc@@PAX@Z 10027891 f   KNpcAttribModify.obj
 0001:000268f4       ?StaminaMaxP@KNpcAttribModify@@AAEXPAVKNpc@@PAX@Z 100278f4 f   KNpcAttribModify.obj
 0001:00026943       ?StaminaMaxV@KNpcAttribModify@@AAEXPAVKNpc@@PAX@Z 10027943 f   KNpcAttribModify.obj
 0001:0002697e       ?StaminaReplenishV@KNpcAttribModify@@AAEXPAVKNpc@@PAX@Z 1002797e f   KNpcAttribModify.obj
 0001:000269b9       ?StaminaV@KNpcAttribModify@@AAEXPAVKNpc@@PAX@Z 100279b9 f   KNpcAttribModify.obj
 0001:000269f4       ?StealLifeP@KNpcAttribModify@@AAEXPAVKNpc@@PAX@Z 100279f4 f   KNpcAttribModify.obj
 0001:00026a2f       ?StealManaP@KNpcAttribModify@@AAEXPAVKNpc@@PAX@Z 10027a2f f   KNpcAttribModify.obj
 0001:00026a6a       ?StealStaminaP@KNpcAttribModify@@AAEXPAVKNpc@@PAX@Z 10027a6a f   KNpcAttribModify.obj
 0001:00026aa5       ?StrengthV@KNpcAttribModify@@AAEXPAVKNpc@@PAX@Z 10027aa5 f   KNpcAttribModify.obj
 0001:00026b0c       ?StunTimeReduceP@KNpcAttribModify@@AAEXPAVKNpc@@PAX@Z 10027b0c f   KNpcAttribModify.obj
 0001:00026b47       ?VisionRadiusP@KNpcAttribModify@@AAEXPAVKNpc@@PAX@Z 10027b47 f   KNpcAttribModify.obj
 0001:00026b82       ?VitalityV@KNpcAttribModify@@AAEXPAVKNpc@@PAX@Z 10027b82 f   KNpcAttribModify.obj
 0001:00026be9       ?WaterSkillV@KNpcAttribModify@@AAEXPAVKNpc@@PAX@Z 10027be9 f   KNpcAttribModify.obj
 0001:00026c2d       ?WoodSkillV@KNpcAttribModify@@AAEXPAVKNpc@@PAX@Z 10027c2d f   KNpcAttribModify.obj
 0001:00026c71       ?FireresP@KNpcAttribModify@@AAEXPAVKNpc@@PAX@Z 10027c71 f   KNpcAttribModify.obj
 0001:00026cac       ?ArmorDefenseV@KNpcAttribModify@@AAEXPAVKNpc@@PAX@Z 10027cac f   KNpcAttribModify.obj
 0001:00026ce7       ?ColdEnhanceP@KNpcAttribModify@@AAEXPAVKNpc@@PAX@Z 10027ce7 f   KNpcAttribModify.obj
 0001:00026d22       ?FireEnhanceP@KNpcAttribModify@@AAEXPAVKNpc@@PAX@Z 10027d22 f   KNpcAttribModify.obj
 0001:00026d5d       ?LightingEnhanceP@KNpcAttribModify@@AAEXPAVKNpc@@PAX@Z 10027d5d f   KNpcAttribModify.obj
 0001:00026d98       ?PoisonEnhanceP@KNpcAttribModify@@AAEXPAVKNpc@@PAX@Z 10027d98 f   KNpcAttribModify.obj
 0001:00026dd3       ?LifePotionV@KNpcAttribModify@@AAEXPAVKNpc@@PAX@Z 10027dd3 f   KNpcAttribModify.obj
 0001:00026e7c       ?ManaPotionV@KNpcAttribModify@@AAEXPAVKNpc@@PAX@Z 10027e7c f   KNpcAttribModify.obj
 0001:00026f25       ?PhysicsResMaxP@KNpcAttribModify@@AAEXPAVKNpc@@PAX@Z 10027f25 f   KNpcAttribModify.obj
 0001:00026f60       ?ColdResMaxP@KNpcAttribModify@@AAEXPAVKNpc@@PAX@Z 10027f60 f   KNpcAttribModify.obj
 0001:00026f9b       ?FireResMaxP@KNpcAttribModify@@AAEXPAVKNpc@@PAX@Z 10027f9b f   KNpcAttribModify.obj
 0001:00026fd6       ?LightingResMaxP@KNpcAttribModify@@AAEXPAVKNpc@@PAX@Z 10027fd6 f   KNpcAttribModify.obj
 0001:00027011       ?PoisonResMaxP@KNpcAttribModify@@AAEXPAVKNpc@@PAX@Z 10028011 f   KNpcAttribModify.obj
 0001:0002704c       ?AllResMaxP@KNpcAttribModify@@AAEXPAVKNpc@@PAX@Z 1002804c f   KNpcAttribModify.obj
 0001:000270e7       ?FatallyStrikeEnhanceP@KNpcAttribModify@@AAEXPAVKNpc@@PAX@Z 100280e7 f   KNpcAttribModify.obj
 0001:00027122       ?MixPoisonDamage@KNpcAttribModify@@QAEXPAUKMagicAttrib@@0@Z 10028122 f   KNpcAttribModify.obj
 0001:00027226       ?DynamicMagicShieldV@KNpcAttribModify@@AAEXPAVKNpc@@PAX@Z 10028226 f   KNpcAttribModify.obj
 0001:00027287       ?StaticMagicShieldP@KNpcAttribModify@@AAEXPAVKNpc@@PAX@Z 10028287 f   KNpcAttribModify.obj
 0001:000272c2       ?ExpEnhanceP@KNpcAttribModify@@AAEXPAVKNpc@@PAX@Z 100282c2 f   KNpcAttribModify.obj
 0001:00027313       ?ExpSkillsEnhanceP@KNpcAttribModify@@AAEXPAVKNpc@@PAX@Z 10028313 f   KNpcAttribModify.obj
 0001:00027371       ?LifeReplenishP@KNpcAttribModify@@AAEXPAVKNpc@@PAX@Z 10028371 f   KNpcAttribModify.obj
 0001:000273ac       ?IgnoreSkillP@KNpcAttribModify@@AAEXPAVKNpc@@PAX@Z 100283ac f   KNpcAttribModify.obj
 0001:000273e7       ?PoisonDamageReturnP@KNpcAttribModify@@AAEXPAVKNpc@@PAX@Z 100283e7 f   KNpcAttribModify.obj
 0001:00027422       ?ReturnSkillP@KNpcAttribModify@@AAEXPAVKNpc@@PAX@Z 10028422 f   KNpcAttribModify.obj
 0001:0002745d       ?Poison2DecManaP@KNpcAttribModify@@AAEXPAVKNpc@@PAX@Z 1002845d f   KNpcAttribModify.obj
 0001:000274d9       ?AutoDeathSkill@KNpcAttribModify@@AAEXPAVKNpc@@PAX@Z 100284d9 f   KNpcAttribModify.obj
 0001:000275ff       ?AutoAttackSkill@KNpcAttribModify@@AAEXPAVKNpc@@PAX@Z 100285ff f   KNpcAttribModify.obj
 0001:00027725       ?Hide@KNpcAttribModify@@AAEXPAVKNpc@@PAX@Z 10028725 f   KNpcAttribModify.obj
 0001:00027760       ?IgnoreNegativeStateP@KNpcAttribModify@@AAEXPAVKNpc@@PAX@Z 10028760 f   KNpcAttribModify.obj
 0001:0002779b       ?AutoReplySkill@KNpcAttribModify@@AAEXPAVKNpc@@PAX@Z 1002879b f   KNpcAttribModify.obj
 0001:000278c1       ?AutoRescueSkill@KNpcAttribModify@@AAEXPAVKNpc@@PAX@Z 100288c1 f   KNpcAttribModify.obj
 0001:000279e7       ?ReturnResP@KNpcAttribModify@@AAEXPAVKNpc@@PAX@Z 100289e7 f   KNpcAttribModify.obj
 0001:00027a22       ?SkillEnhanceP@KNpcAttribModify@@AAEXPAVKNpc@@PAX@Z 10028a22 f   KNpcAttribModify.obj
 0001:00027a5d       ?FiveElementsEnhanceV@KNpcAttribModify@@AAEXPAVKNpc@@PAX@Z 10028a5d f   KNpcAttribModify.obj
 0001:00027a98       ?FiveElementsResistV@KNpcAttribModify@@AAEXPAVKNpc@@PAX@Z 10028a98 f   KNpcAttribModify.obj
 0001:00027ad3       ?FrozenAction@KNpcAttribModify@@AAEXPAVKNpc@@PAX@Z 10028ad3 f   KNpcAttribModify.obj
 0001:00027b1d       ?WalkRunShadow@KNpcAttribModify@@AAEXPAVKNpc@@PAX@Z 10028b1d f   KNpcAttribModify.obj
 0001:00027b70       ?RandMove@KNpcAttribModify@@AAEXPAVKNpc@@PAX@Z 10028b70 f   KNpcAttribModify.obj
 0001:00027bc3       ?ManaToSkillEnhanceP@KNpcAttribModify@@AAEXPAVKNpc@@PAX@Z 10028bc3 f   KNpcAttribModify.obj
 0001:00027c30       ?Init@KNpcDeathCalcExp@@QAEXH@Z 10028c30 f   KNpcDeathCalcExp.obj
 0001:00027c73       ?Active@KNpcDeathCalcExp@@QAEXXZ 10028c73 f   KNpcDeathCalcExp.obj
 0001:00027d36       ?AddDamage@KNpcDeathCalcExp@@QAEXHH@Z 10028d36 f   KNpcDeathCalcExp.obj
 0001:00027eb1       ?CalcExp@KNpcDeathCalcExp@@QAEHH@Z 10028eb1 f   KNpcDeathCalcExp.obj
 0001:000282e8       ?Clear@KNpcDeathCalcExp@@QAEXXZ 100292e8 f   KNpcDeathCalcExp.obj
 0001:00028350       ??0KNpcFindPath@@QAE@XZ    10029350 f   KNpcFindPath.obj
 0001:000283b4       ?Init@KNpcFindPath@@QAEXH@Z 100293b4 f   KNpcFindPath.obj
 0001:00028416       ?GetDir@KNpcFindPath@@QAEHHHHHHHPAH@Z 10029416 f   KNpcFindPath.obj
 0001:000289f4       ?Dir64To8@KNpcFindPath@@QAEHH@Z 100299f4 f   KNpcFindPath.obj
 0001:00028a14       ?Dir8To64@KNpcFindPath@@QAEHH@Z 10029a14 f   KNpcFindPath.obj
 0001:00028a2e       ?CheckDistance@KNpcFindPath@@QAEHHHHHH@Z 10029a2e f   KNpcFindPath.obj
 0001:00028a72       ?CheckBarrier@KNpcFindPath@@QAEHHH@Z 10029a72 f   KNpcFindPath.obj
 0001:00028b7b       ??0KNpcSet@@QAE@XZ         10029b7b f   KNpcSet.obj
 0001:00028c00       ?Init@KNpcSet@@QAEXXZ      10029c00 f   KNpcSet.obj
 0001:00029196       ?LoadPlayerBaseValue@KNpcSet@@QAEXPAD@Z 1002a196 f   KNpcSet.obj
 0001:000292ce       ?IsNpcExist@KNpcSet@@QAEHHK@Z 1002a2ce f   KNpcSet.obj
 0001:000292ff       ?GenOneRelation@KNpcSet@@AAE?AW4NPC_RELATION@@W4NPCKIND@@0W4NPCCAMP@@1@Z 1002a2ff f   KNpcSet.obj
 0001:000293b4       ?GenRelationTable@KNpcSet@@AAEHXZ 1002a3b4 f   KNpcSet.obj
 0001:000294b3       ?SearchID@KNpcSet@@QAEHK@Z 1002a4b3 f   KNpcSet.obj
 0001:00029530       ?SearchName@KNpcSet@@QAEHPAD@Z 1002a530 f   KNpcSet.obj
 0001:000295c2       ?SearchUUID@KNpcSet@@QAEHK@Z 1002a5c2 f   KNpcSet.obj
 0001:0002967b       ?FindFree@KNpcSet@@AAEHXZ  1002a67b f   KNpcSet.obj
 0001:000296b0       ?Add@KNpcSet@@QAEHHPAX@Z   1002a6b0 f   KNpcSet.obj
 0001:00029916       ?Add@KNpcSet@@QAEHHHHHH@Z  1002a916 f   KNpcSet.obj
 0001:00029a25       ?Add@KNpcSet@@QAEHHHHHHHH@Z 1002aa25 f   KNpcSet.obj
 0001:00029ccd       ?Remove@KNpcSet@@QAEXH@Z   1002accd f   KNpcSet.obj
 0001:00029f79       ?RemoveAll@KNpcSet@@QAEXXZ 1002af79 f   KNpcSet.obj
 0001:0002a084       ?SetID@KNpcSet@@AAEXH@Z    1002b084 f   KNpcSet.obj
 0001:0002a0cd       ?GetDistance@KNpcSet@@SAHHH@Z 1002b0cd f   KNpcSet.obj
 0001:0002a380       ?GetDistanceSquare@KNpcSet@@SAHHH@Z 1002b380 f   KNpcSet.obj
 0001:0002a5fb       ?GetNextIdx@KNpcSet@@QAEHH@Z 1002b5fb f   KNpcSet.obj
 0001:0002a64a       ?SyncNpc@KNpcSet@@QAEHKH@Z 1002b64a f   KNpcSet.obj
 0001:0002a6fa       ?ExecuteScript@KNpcSet@@QAEHHPAD0H@Z 1002b6fa f   KNpcSet.obj
 0001:0002a754       ?ExecuteScript@KNpcSet@@QAEHHKPADH@Z 1002b754 f   KNpcSet.obj
 0001:0002a8b6       ?ClearActivateFlagOfAllNpc@KNpcSet@@QAEXXZ 1002b8b6 f   KNpcSet.obj
 0001:0002a929       ?GetRelation@KNpcSet@@QAE?AW4NPC_RELATION@@HH@Z 1002b929 f   KNpcSet.obj
 0001:0002af60       ??1KNpcSet@@QAE@XZ         1002bf60 f i KNpcSet.obj
 0001:0002afe0       ?Clear@KSkillList@@QAEXXZ  1002bfe0 f i KNpcSet.obj
 0001:0002b010       ?Init@KNpcTemplate@@QAEXH@Z 1002c010 f   KNpcTemplate.obj
 0001:0002bbae       ??0KPlayer@@QAE@XZ         1002cbae f   KPlayer.obj
 0001:0002bcc8       ??1KPlayer@@QAE@XZ         1002ccc8 f   KPlayer.obj
 0001:0002bd6f       ?Release@KPlayer@@QAEXXZ   1002cd6f f   KPlayer.obj
 0001:0002c198       ?SetPlayerIndex@KPlayer@@QAEXH@Z 1002d198 f   KPlayer.obj
 0001:0002c1c7       ?GetPlayerIndex@KPlayer@@QAEHXZ 1002d1c7 f   KPlayer.obj
 0001:0002c1df       ?Active@KPlayer@@QAEXXZ    1002d1df f   KPlayer.obj
 0001:0002c33a       ?ProcessMsg@KPlayer@@QAEXPAVKWorldMsgNode@@@Z 1002d33a f   KPlayer.obj
 0001:0002c360       ?IsWaitingRemove@KPlayer@@QAEHXZ 1002d360 f   KPlayer.obj
 0001:0002c38b       ?WaitForRemove@KPlayer@@QAEXXZ 1002d38b f   KPlayer.obj
 0001:0002c3aa       ?IsLoginTimeOut@KPlayer@@QAEHXZ 1002d3aa f   KPlayer.obj
 0001:0002c415       ?LoginTimeOut@KPlayer@@QAEXXZ 1002d415 f   KPlayer.obj
 0001:0002c446       ?Save@KPlayer@@QAEHXZ      1002d446 f   KPlayer.obj
 0001:0002c534       ?CanSave@KPlayer@@QAEHXZ   1002d534 f   KPlayer.obj
 0001:0002c5e7       ?SendSyncData@KPlayer@@QAEHAAHAAI@Z 1002d5e7 f   KPlayer.obj
 0001:0002c9cd       ?SendSyncData_Skill@KPlayer@@QAEHXZ 1002d9cd f   KPlayer.obj
 0001:0002cba6       ?SendCurNormalSyncData@KPlayer@@QAEXXZ 1002dba6 f   KPlayer.obj
 0001:0002cc8c       ?QuitGame@KPlayer@@QAEXH@Z 1002dc8c f   KPlayer.obj
 0001:0002ccb2       ?BuyItem@KPlayer@@QAEXPAE@Z 1002dcb2 f   KPlayer.obj
 0001:0002ce03       ?SellItem@KPlayer@@QAEXPAE@Z 1002de03 f   KPlayer.obj
 0001:0002cf66       ?GetLoginRevivalPos@KPlayer@@QAEXPAH00@Z 1002df66 f   KPlayer.obj
 0001:0002cf9a       ?GetDeathRevivalPos@KPlayer@@QAEXPAH00@Z 1002df9a f   KPlayer.obj
 0001:0002cfcf       ?SetTimer@KPlayer@@QAEXKH@Z 1002dfcf f   KPlayer.obj
 0001:0002d012       ?CloseTimer@KPlayer@@QAEXXZ 1002e012 f   KPlayer.obj
 0001:0002d03c       ?SetRevivalPos@KPlayer@@QAEXHH@Z 1002e03c f   KPlayer.obj
 0001:0002d0f2       ?S2CSendTeamInfo@KPlayer@@QAEXPAE@Z 1002e0f2 f   KPlayer.obj
 0001:0002d4ea       ?SendSelfTeamInfo@KPlayer@@QAEXXZ 1002e4ea f   KPlayer.obj
 0001:0002d794       ?CreateTeam@KPlayer@@QAEHPAE@Z 1002e794 f   KPlayer.obj
 0001:0002d7cb       ?SetTeamState@KPlayer@@QAEHPAE@Z 1002e7cb f   KPlayer.obj
 0001:0002d982       ?S2CSendAddTeamInfo@KPlayer@@QAEHPAE@Z 1002e982 f   KPlayer.obj
 0001:0002de19       ?AddTeamMember@KPlayer@@QAEHPAE@Z 1002ee19 f   KPlayer.obj
 0001:0002e534       ?LeaveTeam@KPlayer@@QAEXPAE@Z 1002f534 f   KPlayer.obj
 0001:0002e9ac       ?SendSystemMessage@KPlayer@@QAEXPBD0@Z 1002f9ac f   KPlayer.obj
 0001:0002ea00       ?SendTeamMessage@KPlayer@@QAEXHPBD@Z 1002fa00 f   KPlayer.obj
 0001:0002eb14       ?TeamKickOne@KPlayer@@QAEXPAE@Z 1002fb14 f   KPlayer.obj
 0001:0002ee4e       ?TeamChangeCaptain@KPlayer@@QAEHPAE@Z 1002fe4e f   KPlayer.obj
 0001:0002f44d       ?TeamDismiss@KPlayer@@QAEXPAE@Z 1003044d f   KPlayer.obj
 0001:0002f78f       ?SetPK@KPlayer@@QAEXPAE@Z  1003078f f   KPlayer.obj
 0001:0002f800       ?SendFactionData@KPlayer@@AAEXXZ 10030800 f   KPlayer.obj
 0001:0002f8a7       ?GetAboutPos@KPlayer@@QAEXPAUKMapPos@@@Z 100308a7 f   KPlayer.obj
 0001:0002f9c5       ?FindAroundPlayer@KPlayer@@QAEHK@Z 100309c5 f   KPlayer.obj
 0001:0002fc33       ?FindAroundNpc@KPlayer@@QAEHK@Z 10030c33 f   KPlayer.obj
 0001:0002fd78       ?FindNearNpc@KPlayer@@QAEHHH@Z 10030d78 f   KPlayer.obj
 0001:0002feff       ?FindNearNpc@KPlayer@@QAEHPBDH@Z 10030eff f   KPlayer.obj
 0001:00030090       ?NewPlayerGetBaseAttribute@KPlayer@@QAEHH@Z 10031090 f   KPlayer.obj
 0001:0003019d       ?SyncCurrentBaseAttriibute@KPlayer@@AAEXHHH@Z 1003119d f   KPlayer.obj
 0001:0003022d       ?AddBaseStrength@KPlayer@@AAEXH@Z 1003122d f   KPlayer.obj
 0001:00030332       ?ResetBaseStrength@KPlayer@@AAEXH@Z 10031332 f   KPlayer.obj
 0001:00030396       ?AddBaseDexterity@KPlayer@@AAEXH@Z 10031396 f   KPlayer.obj
 0001:000304ab       ?ResetBaseDexterity@KPlayer@@AAEXH@Z 100314ab f   KPlayer.obj
 0001:0003051f       ?AddBaseVitality@KPlayer@@AAEXH@Z 1003151f f   KPlayer.obj
 0001:0003069a       ?ResetBaseVitality@KPlayer@@AAEXH@Z 1003169a f   KPlayer.obj
 0001:00030774       ?AddBaseEngergy@KPlayer@@AAEXH@Z 10031774 f   KPlayer.obj
 0001:000308b1       ?ResetBaseEngergy@KPlayer@@AAEXH@Z 100318b1 f   KPlayer.obj
 0001:0003094c       ?SetBaseStrength@KPlayer@@QAEXH@Z 1003194c f   KPlayer.obj
 0001:00030a21       ?SetBaseDexterity@KPlayer@@QAEXH@Z 10031a21 f   KPlayer.obj
 0001:00030b06       ?SetBaseVitality@KPlayer@@QAEXH@Z 10031b06 f   KPlayer.obj
 0001:00030c50       ?SetBaseEngergy@KPlayer@@QAEXH@Z 10031c50 f   KPlayer.obj
 0001:00030d5b       ?ChangeCurStrength@KPlayer@@QAEXH@Z 10031d5b f   KPlayer.obj
 0001:00030d96       ?ChangeCurDexterity@KPlayer@@QAEXH@Z 10031d96 f   KPlayer.obj
 0001:00030e53       ?ChangeCurVitality@KPlayer@@QAEXH@Z 10031e53 f   KPlayer.obj
 0001:00030f04       ?ChangeCurEngergy@KPlayer@@QAEXH@Z 10031f04 f   KPlayer.obj
 0001:00030f76       ?AddBaseLucky@KPlayer@@QAEXH@Z 10031f76 f   KPlayer.obj
 0001:00030fc3       ?SetNpcPhysicsDamage@KPlayer@@AAEXXZ 10031fc3 f   KPlayer.obj
 0001:000310fb       ?SetNpcAttackRating@KPlayer@@AAEXXZ 100320fb f   KPlayer.obj
 0001:00031151       ?SetNpcDefence@KPlayer@@AAEXXZ 10032151 f   KPlayer.obj
 0001:000311a9       ?AddExp@KPlayer@@QAEXHHH@Z 100321a9 f   KPlayer.obj
 0001:000318ad       ?AddSelfExp@KPlayer@@QAEXHH@Z 100328ad f   KPlayer.obj
 0001:00031af4       ?AddSkillExp@KPlayer@@QAEXH@Z 10032af4 f   KPlayer.obj
 0001:00031dad       ?DirectAddExp@KPlayer@@QAEXH@Z 10032dad f   KPlayer.obj
 0001:00031eca       ?LevelUp@KPlayer@@QAEXXZ   10032eca f   KPlayer.obj
 0001:0003267c       ?UpdataCurData@KPlayer@@QAEXXZ 1003367c f   KPlayer.obj
 0001:00033324       ?ReCalcEquip@KPlayer@@QAEXXZ 10034324 f   KPlayer.obj
 0001:00033449       ?ReCalcState@KPlayer@@QAEXXZ 10034449 f   KPlayer.obj
 0001:000334c4       ?AddLeadExp@KPlayer@@QAEXH@Z 100344c4 f   KPlayer.obj
 0001:000335e7       ?SetLeadLevel@KPlayer@@QAEXH@Z 100345e7 f   KPlayer.obj
 0001:000336e0       ?LevelAddBaseLifeMax@KPlayer@@AAEXXZ 100346e0 f   KPlayer.obj
 0001:00033774       ?LevelAddBaseStaminaMax@KPlayer@@AAEXXZ 10034774 f   KPlayer.obj
 0001:0003381e       ?LevelAddBaseManaMax@KPlayer@@AAEXXZ 1003481e f   KPlayer.obj
 0001:000338b2       ?ChangePlayerCamp@KPlayer@@QAEXH@Z 100348b2 f   KPlayer.obj
 0001:000338fc       ?AddFaction@KPlayer@@QAEHPAD@Z 100348fc f   KPlayer.obj
 0001:00033980       ?AddFaction@KPlayer@@QAEHH@Z 10034980 f   KPlayer.obj
 0001:00033a04       ?LeaveCurFaction@KPlayer@@QAEHXZ 10034a04 f   KPlayer.obj
 0001:00033a9a       ?AddBaseAttribute@KPlayer@@QAEXPAE@Z 10034a9a f   KPlayer.obj
 0001:00033b57       ?ResetProp@KPlayer@@QAEHXZ 10034b57 f   KPlayer.obj
 0001:00033f9b       ?SetLevel@KPlayer@@QAEXH@Z 10034f9b f   KPlayer.obj
 0001:00034af4       ?ResetBaseAttribute@KPlayer@@QAEXPAE@Z 10035af4 f   KPlayer.obj
 0001:00034b95       ?AddSkillPoint@KPlayer@@QAEXPAE@Z 10035b95 f   KPlayer.obj
 0001:000350c2       ?IncSkillLevel@KPlayer@@QAEXHH@Z 100360c2 f   KPlayer.obj
 0001:000354cf       ?IncSkillExp@KPlayer@@QAEXHH@Z 100364cf f   KPlayer.obj
 0001:00035698       ?ServerPickUpItem@KPlayer@@QAEHPAE@Z 10036698 f   KPlayer.obj
 0001:000365c4       ?EatItem@KPlayer@@QAEXPAE@Z 100375c4 f   KPlayer.obj
 0001:0003662a       ?ServerMoveItem@KPlayer@@QAEXPAE@Z 1003762a f   KPlayer.obj
 0001:000367eb       ?ServerThrowAwayItem@KPlayer@@QAEXPAE@Z 100377eb f   KPlayer.obj
 0001:00036b8c       ?TradeApplyOpen@KPlayer@@QAEXPAE@Z 10037b8c f   KPlayer.obj
 0001:00036e33       ?TradeApplyClose@KPlayer@@QAEXPAE@Z 10037e33 f   KPlayer.obj
 0001:00036e6e       ?TradeApplyStart@KPlayer@@QAEXPAE@Z 10037e6e f   KPlayer.obj
 0001:00036fb5       ?TradeMoveMoney@KPlayer@@QAEXPAE@Z 10037fb5 f   KPlayer.obj
 0001:0003705e       ?TradeDecision@KPlayer@@QAEXPAE@Z 1003805e f   KPlayer.obj
 0001:00037d43       ?TradeFolkGameDecision@KPlayer@@QAEXE@Z 10038d43 f   KPlayer.obj
 0001:00038328       ?c2sTradeReplyStart@KPlayer@@QAEXPAE@Z 10039328 f   KPlayer.obj
 0001:00038cfa       ?SyncTradeState@KPlayer@@QAEXHH@Z 10039cfa f   KPlayer.obj
 0001:00038e74       ?SendEquipItemInfo@KPlayer@@QAEXH@Z 10039e74 f   KPlayer.obj
 0001:0003912c       ?SparApplyStart@KPlayer@@QAEXPAE@Z 1003a12c f   KPlayer.obj
 0001:000391f1       ?UseTownPortal@KPlayer@@QAEHXZ 1003a1f1 f   KPlayer.obj
 0001:000394b1       ?BackToTownPortal@KPlayer@@QAEHXZ 1003a4b1 f   KPlayer.obj
 0001:00039575       ?Revive@KPlayer@@QAEXH@Z   1003a575 f   KPlayer.obj
 0001:00039760       ?RestoreLiveData@KPlayer@@QAEXXZ 1003a760 f   KPlayer.obj
 0001:00039796       ?Pay@KPlayer@@QAEHH@Z      1003a796 f   KPlayer.obj
 0001:000397d0       ?PrePay@KPlayer@@QAEHH@Z   1003a7d0 f   KPlayer.obj
 0001:0003981d       ?Earn@KPlayer@@QAEHH@Z     1003a81d f   KPlayer.obj
 0001:00039859       ?LaunchPlayer@KPlayer@@QAEXXZ 1003a859 f   KPlayer.obj
 0001:000399fa       ?ExecuteScript@KPlayer@@QAEHPAD0H@Z 1003a9fa f   KPlayer.obj
 0001:00039a65       ?ExecuteScript@KPlayer@@QAEHKPADH@Z 1003aa65 f   KPlayer.obj
 0001:00039ef7       ?ExecuteScript@KPlayer@@QAEHKPAD0@Z 1003aef7 f   KPlayer.obj
 0001:0003a3d6       ?ExecuteScript@KPlayer@@QAEHPAD00@Z 1003b3d6 f   KPlayer.obj
 0001:0003a450       ?ExecuteScript2Param@KPlayer@@QAEHPAD0HHH@Z 1003b450 f   KPlayer.obj
 0001:0003a4d2       ?ExecuteScript2Param@KPlayer@@QAEHKPADHHH@Z 1003b4d2 f   KPlayer.obj
 0001:0003a742       ?ExecuteScript3Param@KPlayer@@QAEHPAD0HHHH@Z 1003b742 f   KPlayer.obj
 0001:0003a7c8       ?ExecuteScript3Param@KPlayer@@QAEHKPADHHHH@Z 1003b7c8 f   KPlayer.obj
 0001:0003aa3b       ?ExecuteScript2@KPlayer@@QAEHKPAD00@Z 1003ba3b f   KPlayer.obj
 0001:0003acfe       ?ExecuteScript2@KPlayer@@QAEHKPADHH@Z 1003bcfe f   KPlayer.obj
 0001:0003af7d       ?ExecuteScript2@KPlayer@@QAEHPAD0HH@Z 1003bf7d f   KPlayer.obj
 0001:0003afec       ?ExecuteScript2@KPlayer@@QAEHPAD000@Z 1003bfec f   KPlayer.obj
 0001:0003b06a       ?DoScript@KPlayer@@QAEHPAD@Z 1003c06a f   KPlayer.obj
 0001:0003b2e1       ?DoScriptAction@KPlayer@@QAEXPAUPLAYER_SCRIPTACTION_SYNC@@@Z 1003c2e1 f   KPlayer.obj
 0001:0003b380       ?ProcessPlayerSelectFromUI@KPlayer@@QAEXPAE@Z 1003c380 f   KPlayer.obj
 0001:0003b489       ?GetFaction@KPlayer@@QAEXPAD@Z 1003c489 f   KPlayer.obj
 0001:0003b4b9       ?GetFactionName@KPlayer@@QAEXPAD@Z 1003c4b9 f   KPlayer.obj
 0001:0003b4e9       ?GetFactionCamp@KPlayer@@QAEHXZ 1003c4e9 f   KPlayer.obj
 0001:0003b513       ?GetFactionNo@KPlayer@@QAEHXZ 1003c513 f   KPlayer.obj
 0001:0003b53d       ?S2CExecuteScript@KPlayer@@AAEXPAD0@Z 1003c53d f   KPlayer.obj
 0001:0003b685       ?DialogNpc@KPlayer@@QAEXPAE@Z 1003c685 f   KPlayer.obj
 0001:0003b779       ?CheckTrading@KPlayer@@QAEH_N@Z 1003c779 f   KPlayer.obj
 0001:0003b7ce       ?SetFirstDamage@KPlayer@@QAEXXZ 1003c7ce f   KPlayer.obj
 0001:0003b972       ?SetFirstMagic@KPlayer@@QAEXXZ 1003c972 f   KPlayer.obj
 0001:0003bb20       ?SetBaseAttackRating@KPlayer@@QAEXXZ 1003cb20 f   KPlayer.obj
 0001:0003bb57       ?SetBaseDefence@KPlayer@@QAEXXZ 1003cb57 f   KPlayer.obj
 0001:0003bb8a       ?SetBaseResistData@KPlayer@@QAEXXZ 1003cb8a f   KPlayer.obj
 0001:0003bd9a       ?SetBaseSpeedAndRadius@KPlayer@@QAEXXZ 1003cd9a f   KPlayer.obj
 0001:0003be42       ?SetNpcDamageAttrib@KPlayer@@QAEXXZ 1003ce42 f   KPlayer.obj
 0001:0003be66       ?TobeExchangeServer@KPlayer@@QAEXKHH@Z 1003ce66 f   KPlayer.obj
 0001:0003bec5       ?IsExchangingServer@KPlayer@@QAEHXZ 1003cec5 f   KPlayer.obj
 0001:0003bee0       ?SetNumImg@KPlayer@@QAEXH@Z 1003cee0 f   KPlayer.obj
 0001:0003bf0c       ?SetLockMove@KPlayer@@QAEXPAULockMoveItem@@@Z 1003cf0c f   KPlayer.obj
 0001:0003bfb5       ?SetLockState@KPlayer@@QAEXH@Z 1003cfb5 f   KPlayer.obj
 0001:0003c08d       ?GetLockState@KPlayer@@QAEHXZ 1003d08d f   KPlayer.obj
 0001:0003c0a8       ?SetEquipExpandTime@KPlayer@@QAEXH@Z 1003d0a8 f   KPlayer.obj
 0001:0003c13c       ?SetExpandBoxNum@KPlayer@@QAEXH@Z 1003d13c f   KPlayer.obj
 0001:0003c1d0       ?SetLastNetOperationTime@KPlayer@@QAEXH@Z 1003d1d0 f   KPlayer.obj
 0001:0003c291       ?CreateTong@KPlayer@@QAEHHPAD@Z 1003d291 f   KPlayer.obj
 0001:0003c2c5       ?RepairItem@KPlayer@@QAEXK@Z 1003d2c5 f   KPlayer.obj
 0001:0003c662       ?GetHardwareIDPC@KPlayer@@QAEXXZ 1003d662 f   KPlayer.obj
 0001:0003c7cb       ?GetNameForDatabase@KPlayer@@QAEXH@Z 1003d7cb f   KPlayer.obj
 0001:0003c815       ?GetMACaddress@KPlayer@@QAEXXZ 1003d815 f   KPlayer.obj
 0001:0003cb20       ?SetExtPoint@KPlayer@@QAEXHH@Z 1003db20 f   KPlayer.obj
 0001:0003cbbd       ?GetExtPoint@KPlayer@@QAEHXZ 1003dbbd f   KPlayer.obj
 0001:0003cbd5       ?GetExtPointChanged@KPlayer@@QAEHXZ 1003dbd5 f   KPlayer.obj
 0001:0003cbed       ?PayExtPoint@KPlayer@@QAEHH@Z 1003dbed f   KPlayer.obj
 0001:0003cca9       ?UpdateSQL@KPlayer@@QAEXPADH_N@Z 1003dca9 f   KPlayer.obj
 0001:0003cf76       ?RecoveryBox@KPlayer@@QAEXKHH@Z 1003df76 f   KPlayer.obj
 0001:0003d2a5       ?AutoLoseItem@KPlayer@@QAEXK@Z 1003e2a5 f   KPlayer.obj
 0001:0003d66c       ?PlayerBreakItem@KPlayer@@QAEXKHH@Z 1003e66c f   KPlayer.obj
 0001:0003da9e       ?TradeStart@KPlayer@@QAEXPAE@Z 1003ea9e f   KPlayer.obj
 0001:0003de7c       ?SendTradeCancel@KPlayer@@QAEXXZ 1003ee7c f   KPlayer.obj
 0001:0003df65       ?SendTradeItem@KPlayer@@QAEHH@Z 1003ef65 f   KPlayer.obj
 0001:0003e3c3       ?SendTradeCount@KPlayer@@QAEXH@Z 1003f3c3 f   KPlayer.obj
 0001:0003e517       ?GetTradeCount@KPlayer@@QAEHXZ 1003f517 f   KPlayer.obj
 0001:0003e5b5       ?ForbidEnmity@KPlayer@@QAEXH@Z 1003f5b5 f   KPlayer.obj
 0001:0003e5d5       ?ForbidTrade@KPlayer@@QAEXH@Z 1003f5d5 f   KPlayer.obj
 0001:0003e621       ?ForbidUseTownP@KPlayer@@QAEXH@Z 1003f621 f   KPlayer.obj
 0001:0003e641       ?ForbidName@KPlayer@@QAEXH@Z 1003f641 f   KPlayer.obj
 0001:0003e689       ?ForbidCamp@KPlayer@@QAEXH@Z 1003f689 f   KPlayer.obj
 0001:0003e6a9       ?SendMSGroup@KPlayer@@QAEXXZ 1003f6a9 f   KPlayer.obj
 0001:0003e740       ?SendMSRank@KPlayer@@QAEXPAUTMissionLadderSelfInfo@@PAUTMissionLadderInfo@@@Z 1003f740 f   KPlayer.obj
 0001:0003e833       ?SetSavePw@KPlayer@@QAEXPADH@Z 1003f833 f   KPlayer.obj
 0001:0003e8df       ?CheckSavePw@KPlayer@@QAEHPBD@Z 1003f8df f   KPlayer.obj
 0001:0003e967       ?Compound@KPlayer@@QAEHH@Z 1003f967 f   KPlayer.obj
 0001:0003ed7a       ?Enchase@KPlayer@@QAEHHHHH@Z 1003fd7a f   KPlayer.obj
 0001:0003f51b       ?LoadScript@KPlayer@@QAEXH@Z 1004051b f   KPlayer.obj
 0001:0003f5f1       ?LoadScriptProgressBar@KPlayer@@QAEXH@Z 100405f1 f   KPlayer.obj
 0001:0003f663       ?Offline@KPlayer@@QAEXXZ   10040663 f   KPlayer.obj
 0001:0003f6c6       ?GetMacInSQL@KPlayer@@QAEXPAD@Z 100406c6 f   KPlayer.obj
 0001:0003f9d7       ?GetMacSQL@KPlayer@@QAEHXZ 100409d7 f   KPlayer.obj
 0001:0003fa7f       ?GetVersionGame@KPlayer@@QAEHXZ 10040a7f f   KPlayer.obj
 0001:0003fad0       ??0KPlayerTeam@@QAE@XZ     10040ad0 f i KPlayer.obj
 0001:0003fb00       ??0KPlayerAI@@QAE@XZ       10040b00 f i KPlayer.obj
 0001:0003fb30       ??1KPlayerAI@@QAE@XZ       10040b30 f i KPlayer.obj
 0001:0003fb60       ??0KEquipmentArray@@QAE@XZ 10040b60 f i KPlayer.obj
 0001:0003fba0       ??1KEquipmentArray@@QAE@XZ 10040ba0 f i KPlayer.obj
 0001:0003fbd0       ??0KPlayerChatRoom@@QAE@XZ 10040bd0 f i KPlayer.obj
 0001:0003fbf0       ?Release@LockMoveItem@@QAEXXZ 10040bf0 f i KPlayer.obj
 0001:0003fc20       ?SetOwner@KTimerTaskFun@@QAEXPAX@Z 10040c20 f i KPlayer.obj
 0001:0003fc40       ??0PLAYER_SEND_TEAM_INFO_DATA@@QAE@XZ 10040c40 f i KPlayer.obj
 0001:0003fc60       ??0PLAYER_SEND_SELF_TEAM_INFO_DATA@@QAE@XZ 10040c60 f i KPlayer.obj
 0001:0003fcb0       ??0PLAYER_TEAM_ADD_MEMBER_DATA@@QAE@XZ 10040cb0 f i KPlayer.obj
 0001:0003fcf0       ?GetSkillIdxLevel@KSkillList@@QAEHH@Z 10040cf0 f i KPlayer.obj
 0001:0003fd20       ?GetSkillReqLevel@KSkill@@QBEGXZ 10040d20 f i KPlayer.obj
 0001:0003fd40       ?GetSkillMaxLevel@KSkillManager@@QAEKH@Z 10040d40 f i KPlayer.obj
 0001:0003fd80       ?GetID@KItem@@QBEKXZ       10040d80 f i KPlayer.obj
 0001:0003fda0       ?GetLockTrade@KItem@@QAEHXZ 10040da0 f i KPlayer.obj
 0001:0003fdc0       ?GetStackNum@KItem@@QBEHXZ 10040dc0 f i KPlayer.obj
 0001:0003fe00       ?IsStack@KItem@@QBEHXZ     10040e00 f i KPlayer.obj
 0001:0003fe30       ?GetObjPickExecute@KObj@@QAEHXZ 10040e30 f i KPlayer.obj
 0001:0003fe50       ?GetPlayerID@KPlayer@@QAEKXZ 10040e50 f i KPlayer.obj
 0001:0003fe70       ?IsTemp@KItem@@QBEHXZ      10040e70 f i KPlayer.obj
 0001:0003fe90       ?IsLock@KLockItem@@QAEHXZ  10040e90 f i KPlayer.obj
 0001:0003feb0       ?GetLock@KItem@@QAEPAUKLockItem@@XZ 10040eb0 f i KPlayer.obj
 0001:0003fed0       ?GetGenre@KItem@@QBEHXZ    10040ed0 f i KPlayer.obj
 0001:0003fef0       ?GetWidth@KItem@@QBEHXZ    10040ef0 f i KPlayer.obj
 0001:0003ff10       ?GetHeight@KItem@@QBEHXZ   10040f10 f i KPlayer.obj
 0001:0003ff30       ?GetName@KItem@@QBEPADXZ   10040f30 f i KPlayer.obj
 0001:0003ff50       ?GetObjIdx@KItem@@QAEHXZ   10040f50 f i KPlayer.obj
 0001:0003ff70       ?GetLockDrop@KItem@@QAEHXZ 10040f70 f i KPlayer.obj
 0001:0003ffa0       ?GetLockMove@KPlayer@@QAEPAULockMoveItem@@XZ 10040fa0 f i KPlayer.obj
 0001:0003ffc0       ?GetNature@KItem@@QBEHXZ   10040fc0 f i KPlayer.obj
 0001:0003ffe0       ?GetSeries@KItem@@QBEHXZ   10040fe0 f i KPlayer.obj
 0001:00040000       ?GetLevel@KItem@@QAEHXZ    10041000 f i KPlayer.obj
 0001:00040020       ??_EKLuaScript@@UAEPAXI@Z  10041020 f i KPlayer.obj
 0001:00040020       ??_GKLuaScript@@UAEPAXI@Z  10041020 f i KPlayer.obj
 0001:00040070       ?GetDurability@KItem@@QAEHXZ 10041070 f i KPlayer.obj
 0001:00040090       ?gGetMacAndIPAddress@@YAHPAEPAK01KK@Z 10041090 f i KPlayer.obj
 0001:000403c0       ??0_bstr_t@@QAE@ABV0@@Z    100413c0 f i KPlayer.obj
 0001:00040400       ??0_bstr_t@@QAE@PBD@Z      10041400 f i KPlayer.obj
 0001:000404b0       ??1_bstr_t@@QAE@XZ         100414b0 f i KPlayer.obj
 0001:000404e0       ?_AddRef@_bstr_t@@AAEXXZ   100414e0 f i KPlayer.obj
 0001:00040510       ?_Free@_bstr_t@@AAEXXZ     10041510 f i KPlayer.obj
 0001:00040550       ??0Data_t@_bstr_t@@QAE@PBD@Z 10041550 f i KPlayer.obj
 0001:000405b0       ?AddRef@Data_t@_bstr_t@@QAEKXZ 100415b0 f i KPlayer.obj
 0001:000405f0       ?Release@Data_t@_bstr_t@@QAEKXZ 100415f0 f i KPlayer.obj
 0001:00040670       ??_GData_t@_bstr_t@@AAEPAXI@Z 10041670 f i KPlayer.obj
 0001:000406b0       ??1Data_t@_bstr_t@@AAE@XZ  100416b0 f i KPlayer.obj
 0001:000406e0       ?_Free@Data_t@_bstr_t@@AAEXXZ 100416e0 f i KPlayer.obj
 0001:00040750       ?PutRefActiveConnection@Command15@@QAEXPAU_Connection@@@Z 10041750 f i KPlayer.obj
 0001:000407b0       ?PutCommandText@Command15@@QAEXV_bstr_t@@@Z 100417b0 f i KPlayer.obj
 0001:00040850       ??B_bstr_t@@QBEPAGXZ       10041850 f i KPlayer.obj
 0001:000408a0       ?GetWString@Data_t@_bstr_t@@QBEPBGXZ 100418a0 f i KPlayer.obj
 0001:000408c0       ?Execute@Command15@@QAE?AV?$_com_ptr_t@V?$_com_IIID@U_Recordset@@$1?_GUID_00000556_0000_0010_8000_00aa006d2ea4@@3U__s_GUID@@A@@@@PAUtagVARIANT@@0J@Z 100418c0 f i KPlayer.obj
 0001:00040950       ?PutCommandType@Command15@@QAEXW4CommandTypeEnum@@@Z 10041950 f i KPlayer.obj
 0001:000409b0       ?Close@Connection15@@QAEJXZ 100419b0 f i KPlayer.obj
 0001:00040a10       ?Open@Connection15@@QAEJV_bstr_t@@00J@Z 10041a10 f i KPlayer.obj
 0001:00040af0       ?SetStackNum@KItem@@QAEHH@Z 10041af0 f i KPlayer.obj
 0001:00040b80       ?Release@PLAYERTRADE@@QAEXXZ 10041b80 f i KPlayer.obj
 0001:00040bc0       ?GetTradePrice@KItem@@QBEHXZ 10041bc0 f i KPlayer.obj
 0001:00040be0       ?GetExpireTime@KItem@@QAEHXZ 10041be0 f i KPlayer.obj
 0001:00040c30       ?GetParam@KItem@@QAEHXZ    10041c30 f i KPlayer.obj
 0001:00040c50       ?GetFortune@KItem@@QAEHXZ  10041c50 f i KPlayer.obj
 0001:00040c70       ?GetItemParam@KItem@@QAEPAUKItemGeneratorParam@@XZ 10041c70 f i KPlayer.obj
 0001:00040c90       ??0?$basic_string@DU?$char_traits@D@std@@V?$allocator@D@2@@std@@QAE@ABV?$allocator@D@1@@Z 10041c90 f i KPlayer.obj
 0001:00040cd0       ??0?$basic_string@DU?$char_traits@D@std@@V?$allocator@D@2@@std@@QAE@PBDABV?$allocator@D@1@@Z 10041cd0 f i KPlayer.obj
 0001:00040d20       ??1?$basic_string@DU?$char_traits@D@std@@V?$allocator@D@2@@std@@QAE@XZ 10041d20 f i KPlayer.obj
 0001:00040d50       ??4?$basic_string@DU?$char_traits@D@std@@V?$allocator@D@2@@std@@QAEAAV01@ABV01@@Z 10041d50 f i KPlayer.obj
 0001:00040d80       ??0?$_com_ptr_t@V?$_com_IIID@U_Connection@@$1?_GUID_00000550_0000_0010_8000_00aa006d2ea4@@3U__s_GUID@@A@@@@QAE@XZ 10041d80 f i KPlayer.obj
 0001:00040da0       ??1?$_com_ptr_t@V?$_com_IIID@U_Connection@@$1?_GUID_00000550_0000_0010_8000_00aa006d2ea4@@3U__s_GUID@@A@@@@QAE@XZ 10041da0 f i KPlayer.obj
 0001:00040dd0       ??B?$_com_ptr_t@V?$_com_IIID@U_Connection@@$1?_GUID_00000550_0000_0010_8000_00aa006d2ea4@@3U__s_GUID@@A@@@@QBEPAU_Connection@@XZ 10041dd0 f i KPlayer.obj
 0001:00040df0       ??C?$_com_ptr_t@V?$_com_IIID@U_Connection@@$1?_GUID_00000550_0000_0010_8000_00aa006d2ea4@@3U__s_GUID@@A@@@@QBEPAU_Connection@@XZ 10041df0 f i KPlayer.obj
 0001:00040e30       ?CreateInstance@?$_com_ptr_t@V?$_com_IIID@U_Connection@@$1?_GUID_00000550_0000_0010_8000_00aa006d2ea4@@3U__s_GUID@@A@@@@QAEJABU_GUID@@PAUIUnknown@@K@Z 10041e30 f i KPlayer.obj
 0001:00040f30       ??0?$_com_ptr_t@V?$_com_IIID@U_Recordset@@$1?_GUID_00000556_0000_0010_8000_00aa006d2ea4@@3U__s_GUID@@A@@@@QAE@PAU_Recordset@@_N@Z 10041f30 f i KPlayer.obj
 0001:00040f70       ??1?$_com_ptr_t@V?$_com_IIID@U_Recordset@@$1?_GUID_00000556_0000_0010_8000_00aa006d2ea4@@3U__s_GUID@@A@@@@QAE@XZ 10041f70 f i KPlayer.obj
 0001:00040fa0       ??0?$_com_ptr_t@V?$_com_IIID@U_Command@@$1?_GUID_b08400bd_f9d1_4d02_b856_71d5dba123e9@@3U__s_GUID@@A@@@@QAE@XZ 10041fa0 f i KPlayer.obj
 0001:00040fc0       ??1?$_com_ptr_t@V?$_com_IIID@U_Command@@$1?_GUID_b08400bd_f9d1_4d02_b856_71d5dba123e9@@3U__s_GUID@@A@@@@QAE@XZ 10041fc0 f i KPlayer.obj
 0001:00040ff0       ??C?$_com_ptr_t@V?$_com_IIID@U_Command@@$1?_GUID_b08400bd_f9d1_4d02_b856_71d5dba123e9@@3U__s_GUID@@A@@@@QBEPAU_Command@@XZ 10041ff0 f i KPlayer.obj
 0001:00041030       ?CreateInstance@?$_com_ptr_t@V?$_com_IIID@U_Command@@$1?_GUID_b08400bd_f9d1_4d02_b856_71d5dba123e9@@3U__s_GUID@@A@@@@QAEJABU_GUID@@PAUIUnknown@@K@Z 10042030 f i KPlayer.obj
 0001:00041130       ?assign@?$basic_string@DU?$char_traits@D@std@@V?$allocator@D@2@@std@@QAEAAV12@ABV12@@Z 10042130 f i KPlayer.obj
 0001:00041170       ?assign@?$basic_string@DU?$char_traits@D@std@@V?$allocator@D@2@@std@@QAEAAV12@ABV12@II@Z 10042170 f i KPlayer.obj
 0001:000412f0       ?copy@?$char_traits@D@std@@SAPADPADPBDI@Z 100422f0 f i KPlayer.obj
 0001:00041310       ?c_str@?$basic_string@DU?$char_traits@D@std@@V?$allocator@D@2@@std@@QBEPBDXZ 10042310 f i KPlayer.obj
 0001:00041360       ?size@?$basic_string@DU?$char_traits@D@std@@V?$allocator@D@2@@std@@QBEIXZ 10042360 f i KPlayer.obj
 0001:00041380       ?assign@?$basic_string@DU?$char_traits@D@std@@V?$allocator@D@2@@std@@QAEAAV12@PBD@Z 10042380 f i KPlayer.obj
 0001:000413c0       ?length@?$char_traits@D@std@@SAIPBD@Z 100423c0 f i KPlayer.obj
 0001:000413e0       ?_Nullstr@?$basic_string@DU?$char_traits@D@std@@V?$allocator@D@2@@std@@CAPBDXZ 100423e0 f i KPlayer.obj
 0001:000413f0       ?_Tidy@?$basic_string@DU?$char_traits@D@std@@V?$allocator@D@2@@std@@AAEX_N@Z 100423f0 f i KPlayer.obj
 0001:000414c0       ?GetIID@?$_com_ptr_t@V?$_com_IIID@U_Connection@@$1?_GUID_00000550_0000_0010_8000_00aa006d2ea4@@3U__s_GUID@@A@@@@SAABU_GUID@@XZ 100424c0 f i KPlayer.obj
 0001:000414e0       ?_Release@?$_com_ptr_t@V?$_com_IIID@U_Connection@@$1?_GUID_00000550_0000_0010_8000_00aa006d2ea4@@3U__s_GUID@@A@@@@AAEXXZ 100424e0 f i KPlayer.obj
 0001:00041520       ?_Release@?$_com_ptr_t@V?$_com_IIID@U_Recordset@@$1?_GUID_00000556_0000_0010_8000_00aa006d2ea4@@3U__s_GUID@@A@@@@AAEXXZ 10042520 f i KPlayer.obj
 0001:00041560       ?_AddRef@?$_com_ptr_t@V?$_com_IIID@U_Recordset@@$1?_GUID_00000556_0000_0010_8000_00aa006d2ea4@@3U__s_GUID@@A@@@@AAEXXZ 10042560 f i KPlayer.obj
 0001:000415a0       ?GetIID@?$_com_ptr_t@V?$_com_IIID@U_Command@@$1?_GUID_b08400bd_f9d1_4d02_b856_71d5dba123e9@@3U__s_GUID@@A@@@@SAABU_GUID@@XZ 100425a0 f i KPlayer.obj
 0001:000415c0       ?_Release@?$_com_ptr_t@V?$_com_IIID@U_Command@@$1?_GUID_b08400bd_f9d1_4d02_b856_71d5dba123e9@@3U__s_GUID@@A@@@@AAEXXZ 100425c0 f i KPlayer.obj
 0001:00041600       ?assign@?$basic_string@DU?$char_traits@D@std@@V?$allocator@D@2@@std@@QAEAAV12@PBDI@Z 10042600 f i KPlayer.obj
 0001:00041660       ?erase@?$basic_string@DU?$char_traits@D@std@@V?$allocator@D@2@@std@@QAEAAV12@II@Z 10042660 f i KPlayer.obj
 0001:00041720       ?move@?$char_traits@D@std@@SAPADPADPBDI@Z 10042720 f i KPlayer.obj
 0001:00041740       ?capacity@?$basic_string@DU?$char_traits@D@std@@V?$allocator@D@2@@std@@QBEIXZ 10042740 f i KPlayer.obj
 0001:00041760       ?_Eos@?$basic_string@DU?$char_traits@D@std@@V?$allocator@D@2@@std@@AAEXI@Z 10042760 f i KPlayer.obj
 0001:000417b0       ?assign@?$char_traits@D@std@@SAXAADABD@Z 100427b0 f i KPlayer.obj
 0001:000417c0       ?_Grow@?$basic_string@DU?$char_traits@D@std@@V?$allocator@D@2@@std@@AAE_NI_N@Z 100427c0 f i KPlayer.obj
 0001:00041920       ?_Refcnt@?$basic_string@DU?$char_traits@D@std@@V?$allocator@D@2@@std@@AAEAAEPBD@Z 10042920 f i KPlayer.obj
 0001:00041940       ?deallocate@?$allocator@D@std@@QAEXPAXI@Z 10042940 f i KPlayer.obj
 0001:00041970       ?GetIID@?$_com_IIID@U_Connection@@$1?_GUID_00000550_0000_0010_8000_00aa006d2ea4@@3U__s_GUID@@A@@SAABU_GUID@@XZ 10042970 f i KPlayer.obj
 0001:00041980       ?GetIID@?$_com_IIID@U_Command@@$1?_GUID_b08400bd_f9d1_4d02_b856_71d5dba123e9@@3U__s_GUID@@A@@SAABU_GUID@@XZ 10042980 f i KPlayer.obj
 0001:00041990       ?max_size@?$basic_string@DU?$char_traits@D@std@@V?$allocator@D@2@@std@@QBEIXZ 10042990 f i KPlayer.obj
 0001:000419f0       ?_Copy@?$basic_string@DU?$char_traits@D@std@@V?$allocator@D@2@@std@@AAEXI@Z 100429f0 f i KPlayer.obj
 0001:00041b50       ?_Split@?$basic_string@DU?$char_traits@D@std@@V?$allocator@D@2@@std@@AAEXXZ 10042b50 f i KPlayer.obj
 0001:00041bd0       ?allocate@?$allocator@D@std@@QAEPADIPBX@Z 10042bd0 f i KPlayer.obj
 0001:00041c00       ?max_size@?$allocator@D@std@@QBEIXZ 10042c00 f i KPlayer.obj
 0001:00041c50       ??9std@@YA_NABV?$basic_string@DU?$char_traits@D@std@@V?$allocator@D@2@@0@0@Z 10042c50 f i KPlayer.obj
 0001:00041c80       ??8std@@YA_NABV?$basic_string@DU?$char_traits@D@std@@V?$allocator@D@2@@0@PBD@Z 10042c80 f i KPlayer.obj
 0001:00041ca0       ??9std@@YA_NABV?$basic_string@DU?$char_traits@D@std@@V?$allocator@D@2@@0@PBD@Z 10042ca0 f i KPlayer.obj
 0001:00041cd0       ??8std@@YA_NABV?$basic_string@DU?$char_traits@D@std@@V?$allocator@D@2@@0@0@Z 10042cd0 f i KPlayer.obj
 0001:00041cf0       ??8std@@YA_NABV?$allocator@D@0@0@Z 10042cf0 f i KPlayer.obj
 0001:00041d00       ?_Allocate@std@@YAPADHPAD@Z 10042d00 f i KPlayer.obj
 0001:00041d30       ?compare@?$basic_string@DU?$char_traits@D@std@@V?$allocator@D@2@@std@@QBEHABV12@@Z 10042d30 f i KPlayer.obj
 0001:00041d80       ?compare@?$basic_string@DU?$char_traits@D@std@@V?$allocator@D@2@@std@@QBEHPBD@Z 10042d80 f i KPlayer.obj
 0001:00041dc0       ?compare@?$basic_string@DU?$char_traits@D@std@@V?$allocator@D@2@@std@@QBEHIIPBDI@Z 10042dc0 f i KPlayer.obj
 0001:00041e90       ?compare@?$char_traits@D@std@@SAHPBD0I@Z 10042e90 f i KPlayer.obj
 0001:00041eb0       ?_Psum@?$basic_string@DU?$char_traits@D@std@@V?$allocator@D@2@@std@@CAPADPADI@Z 10042eb0 f i KPlayer.obj
 0001:00041f10       ?Release@KPlayerChat@@QAEXXZ 10042f10 f   KPlayerChat.obj
 0001:00041f22       ?SendSystemInfo@KPlayerChat@@SAXHHPAD0HH@Z 10042f22 f   KPlayerChat.obj
 0001:0004214c       ?SendGlobalSystemInfo@KPlayerChat@@SAXPAD0H@Z 1004314c f   KPlayerChat.obj
 0001:00042255       ?SendInfoToGM@KPlayerChat@@SAXPAD00H@Z 10043255 f   KPlayerChat.obj
 0001:0004237d       ?SendInfoToIP@KPlayerChat@@SAXKKPAD00H@Z 1004337d f   KPlayerChat.obj
 0001:0004249b       ?MakeBrother@KPlayerChat@@SAXABV?$list@V?$basic_string@DU?$char_traits@D@std@@V?$allocator@D@2@@std@@V?$allocator@V?$basic_string@DU?$char_traits@D@std@@V?$allocator@D@2@@std@@@2@@std@@@Z 1004349b f   KPlayerChat.obj
[...]
 0001:000e47e7       do_lock                    100e57e7 f   LIBCMTD:stricmp.obj
 0001:000e47fc       end_lock                   100e57fc f   LIBCMTD:stricmp.obj
 0001:000e4804       chk_null2                  100e5804 f   LIBCMTD:stricmp.obj
 0001:000e482f       done2                      100e582f f   LIBCMTD:stricmp.obj
 0001:000e483f       do_unlock                  100e583f f   LIBCMTD:stricmp.obj
 0001:000e4849       end_unlock                 100e5849 f   LIBCMTD:stricmp.obj
 0001:000e484b       doret                      100e584b f   LIBCMTD:stricmp.obj
 0001:000e4740       _store_dt                  100e5740 f   LIBCMTD:asctime.obj
 0001:000e3aa0       __tzset_lk                 100e4aa0 f   LIBCMTD:tzset.obj
 0001:000e3e80       __isindst_lk               100e4e80 f   LIBCMTD:tzset.obj
 0001:000e4180       _cvtdate                   100e5180 f   LIBCMTD:tzset.obj
 0001:000e3900       _$$$00001                  100e4900 f   LIBCMTD:strchr.obj
 0001:000e3928       str_misaligned             100e4928 f   LIBCMTD:strchr.obj
 0001:000e393b       main_loop_start            100e493b f   LIBCMTD:strchr.obj
 0001:000e3946       main_loop                  100e4946 f   LIBCMTD:strchr.obj
 0001:000e3982       retnull                    100e4982 f   LIBCMTD:strchr.obj
 0001:000e3984       retnull_bx                 100e4984 f   LIBCMTD:strchr.obj
 0001:000e3988       chr_is_found               100e4988 f   LIBCMTD:strchr.obj
 0001:000e39b0       byte_3                     100e49b0 f   LIBCMTD:strchr.obj
 0001:000e39b7       byte_2                     100e49b7 f   LIBCMTD:strchr.obj
 0001:000e39be       byte_1                     100e49be f   LIBCMTD:strchr.obj
 0001:000e39c5       byte_0                     100e49c5 f   LIBCMTD:strchr.obj
 0001:000e3900       found_bx                   100e4900 f   LIBCMTD:strchr.obj
 0001:000e38d9       hard                       100e48d9 f   LIBCMTD:llmul.obj
 0001:000e2180       ?FindHandler@@YAXPAUEHExceptionRecord@@PAUEHRegistrationNode@@PAU_CONTEXT@@PAXPBU_s_FuncInfo@@EH1@Z 100e3180 f   LIBCMTD:frame.obj
 0001:000e2420       ?FindHandlerForForeignException@@YAXPAUEHExceptionRecord@@PAUEHRegistrationNode@@PAU_CONTEXT@@PAXPBU_s_FuncInfo@@HH1@Z 100e3420 f   LIBCMTD:frame.obj
 0001:000e2540       ?TypeMatch@@YAHPBU_s_HandlerType@@PBU_s_CatchableType@@PBU_s_ThrowInfo@@@Z 100e3540 f   LIBCMTD:frame.obj
 0001:000e2700       ?FrameUnwindFilter@@YAHPAU_EXCEPTION_POINTERS@@@Z 100e3700 f   LIBCMTD:frame.obj
 0001:000e2730       ?CatchIt@@YAXPAUEHExceptionRecord@@PAUEHRegistrationNode@@PAU_CONTEXT@@PAXPBU_s_FuncInfo@@PBU_s_HandlerType@@PBU_s_CatchableType@@PBU_s_TryBlockMapEntry@@H1E@Z 100e3730 f   LIBCMTD:frame.obj
 0001:000e27f0       ?CallCatchBlock@@YAPAXPAUEHExceptionRecord@@PAUEHRegistrationNode@@PAU_CONTEXT@@PBU_s_FuncInfo@@PAXHK@Z 100e37f0 f   LIBCMTD:frame.obj
 0001:000e2940       ?ExFilterRethrow@@YAHPAU_EXCEPTION_POINTERS@@@Z 100e3940 f   LIBCMTD:frame.obj
 0001:000e2990       ?BuildCatchObject@@YAXPAUEHExceptionRecord@@PAUEHRegistrationNode@@PBU_s_HandlerType@@PBU_s_CatchableType@@@Z 100e3990 f   LIBCMTD:frame.obj
 0001:000e2ca0       ?AdjustPointer@@YAPAXPAXABUPMD@@@Z 100e3ca0 f   LIBCMTD:frame.obj
 0001:000e1bf0       __cftoe2                   100e2bf0 f   LIBCMTD:cvt.obj
 0001:000e1dd0       __cftof2                   100e2dd0 f   LIBCMTD:cvt.obj
 0001:000e2060       __shift                    100e3060 f   LIBCMTD:cvt.obj
 0001:000e1720       _write_char                100e2720 f   LIBCMTD:output.obj
 0001:000e17a0       _write_multi_char          100e27a0 f   LIBCMTD:output.obj
 0001:000e17e0       _write_string              100e27e0 f   LIBCMTD:output.obj
 0001:000e1830       _get_int_arg               100e2830 f   LIBCMTD:output.obj
 0001:000e1850       _get_int64_arg             100e2850 f   LIBCMTD:output.obj
 0001:000e1870       _get_short_arg             100e2870 f   LIBCMTD:output.obj
 0001:000e0350       _ctrlevent_capture@4       100e1350 f   LIBCMTD:winsig.obj
 0001:000e0630       _siglookup                 100e1630 f   LIBCMTD:winsig.obj
 0001:000dfc80       _xtoa                      100e0c80 f   LIBCMTD:xtoa.obj
 0001:000dfe00       _x64toa@20                 100e0e00 f   LIBCMTD:xtoa.obj
 0001:000dfbe0       _strncnt                   100e0be0 f   LIBCMTD:a_cmp.obj
 0001:000df580       _strncnt                   100e0580 f   LIBCMTD:a_map.obj
 0001:000dec60       _strtoxl                   100dfc60 f   LIBCMTD:strtol.obj
 0001:000de5e0       __setlocale_set_cat        100df5e0 f   LIBCMTD:setlocal.obj
 0001:000de780       __setlocale_get_all        100df780 f   LIBCMTD:setlocal.obj
 0001:000dbd20       _realloc_help              100dcd20 f   LIBCMTD:dbgheap.obj
 0001:000dc960       _CheckBytes                100dd960 f   LIBCMTD:dbgheap.obj
 0001:000dd550       __printMemBlockData        100de550 f   LIBCMTD:dbgheap.obj
 0001:000db804       listnext                   100dc804 f   LIBCMTD:strcspn.obj
 0001:000db811       listdone                   100dc811 f   LIBCMTD:strcspn.obj
 0001:000db818       dstnext                    100dc818 f   LIBCMTD:strcspn.obj
 0001:000db826       dstdone                    100dc826 f   LIBCMTD:strcspn.obj
 0001:000db74b       str_misaligned             100dc74b f   LIBCMTD:memchr.obj
 0001:000db75d       main_loop_start            100dc75d f   LIBCMTD:memchr.obj
 0001:000db773       return_from_main           100dc773 f   LIBCMTD:memchr.obj
 0001:000db774       tail_less_then_4           100dc774 f   LIBCMTD:memchr.obj
 0001:000db779       tail_loop                  100dc779 f   LIBCMTD:memchr.obj
 0001:000db783       retnull                    100dc783 f   LIBCMTD:memchr.obj
 0001:000db785       main_loop                  100dc785 f   LIBCMTD:memchr.obj
 0001:000db78a       main_loop_entry            100dc78a f   LIBCMTD:memchr.obj
 0001:000db7a5       char_is_found              100dc7a5 f   LIBCMTD:memchr.obj
 0001:000db7bd       byte_3                     100dc7bd f   LIBCMTD:memchr.obj
 0001:000db7be       found                      100dc7be f   LIBCMTD:memchr.obj
 0001:000db7c3       byte_2                     100dc7c3 f   LIBCMTD:memchr.obj
 0001:000db7c9       byte_1                     100dc7c9 f   LIBCMTD:memchr.obj
 0001:000db7cf       byte_0                     100dc7cf f   LIBCMTD:memchr.obj
 0001:000db2a0       _flsall                    100dc2a0 f   LIBCMTD:fflush.obj
 0001:000d8b30       __expandtime               100d9b30 f   LIBCMTD:strftime.obj
 0001:000d9150       __store_str                100da150 f   LIBCMTD:strftime.obj
 0001:000d91a0       __store_num                100da1a0 f   LIBCMTD:strftime.obj
 0001:000d9250       __store_number             100da250 f   LIBCMTD:strftime.obj
 0001:000d9300       __store_winword            100da300 f   LIBCMTD:strftime.obj
 0001:000d8044       src_misaligned             100d9044 f   LIBCMTD:strncpy.obj
 0001:000d8060       tail_loop_start            100d9060 f   LIBCMTD:strncpy.obj
 0001:000d8065       copy_tail_loop             100d9065 f   LIBCMTD:strncpy.obj
 0001:000d8072       fill_tail_end1             100d9072 f   LIBCMTD:strncpy.obj
 0001:000d807a       align_dest                 100d907a f   LIBCMTD:strncpy.obj
 0001:000d8082       dest_align_loop            100d9082 f   LIBCMTD:strncpy.obj
 0001:000d8094       dest_align_loop_end        100d9094 f   LIBCMTD:strncpy.obj
 0001:000d809b       finish_loop                100d909b f   LIBCMTD:strncpy.obj
 0001:000d809e       fill_tail_zero_bytes       100d909e f   LIBCMTD:strncpy.obj
 0001:000d80a3       finish                     100d90a3 f   LIBCMTD:strncpy.obj
 0001:000d80a9       main_loop                  100d90a9 f   LIBCMTD:strncpy.obj
 0001:000d80b1       main_loop_entrance         100d90b1 f   LIBCMTD:strncpy.obj
 0001:000d80e7       byte_2                     100d90e7 f   LIBCMTD:strncpy.obj
 0001:000d80f1       byte_1                     100d90f1 f   LIBCMTD:strncpy.obj
 0001:000d80fb       byte_0                     100d90fb f   LIBCMTD:strncpy.obj
 0001:000d80ff       fill_with_EOS_dwords       100d90ff f   LIBCMTD:strncpy.obj
 0001:000d8107       fill_dwords_with_EOS       100d9107 f   LIBCMTD:strncpy.obj
 0001:000d8109       fill_with_EOS_loop         100d9109 f   LIBCMTD:strncpy.obj
 0001:000d8111       fill_tail                  100d9111 f   LIBCMTD:strncpy.obj
 0001:000d8116       fill_tail_end              100d9116 f   LIBCMTD:strncpy.obj
 0001:000d7f9d       main_loop                  100d8f9d f   LIBCMTD:memcmp.obj
 0001:000d7fba       done                       100d8fba f   LIBCMTD:memcmp.obj
 0001:000d7fbc       retnull                    100d8fbc f   LIBCMTD:memcmp.obj
 0001:000d7fbd       dwords                     100d8fbd f   LIBCMTD:memcmp.obj
 0001:000d7fe5       difference_in_tail         100d8fe5 f   LIBCMTD:memcmp.obj
 0001:000d7fea       not_equal                  100d8fea f   LIBCMTD:memcmp.obj
 0001:000d7ff2       tail_loop_start            100d8ff2 f   LIBCMTD:memcmp.obj
 0001:000d8019       tail_done                  100d9019 f   LIBCMTD:memcmp.obj
 0001:000d7ca0       LeadUp1                    100d8ca0 f   LIBCMTD:memmove.obj
 0001:000d7ccc       LeadUp2                    100d8ccc f   LIBCMTD:memmove.obj
 0001:000d7cf0       LeadUp3                    100d8cf0 f   LIBCMTD:memmove.obj
 0001:000d7d6f       UnwindUp0                  100d8d6f f   LIBCMTD:memmove.obj
 0001:000d7d5c       UnwindUp1                  100d8d5c f   LIBCMTD:memmove.obj
 0001:000d7d54       UnwindUp2                  100d8d54 f   LIBCMTD:memmove.obj
 0001:000d7d4c       UnwindUp3                  100d8d4c f   LIBCMTD:memmove.obj
 0001:000d7d44       UnwindUp4                  100d8d44 f   LIBCMTD:memmove.obj
 0001:000d7d3c       UnwindUp5                  100d8d3c f   LIBCMTD:memmove.obj
 0001:000d7d34       UnwindUp6                  100d8d34 f   LIBCMTD:memmove.obj
 0001:000d7d2c       UnwindUp7                  100d8d2c f   LIBCMTD:memmove.obj
 0001:000d7d88       TrailUp0                   100d8d88 f   LIBCMTD:memmove.obj
 0001:000d7d90       TrailUp1                   100d8d90 f   LIBCMTD:memmove.obj
 0001:000d7d9c       TrailUp2                   100d8d9c f   LIBCMTD:memmove.obj
 0001:000d7db0       TrailUp3                   100d8db0 f   LIBCMTD:memmove.obj
 0001:000d7e28       LeadDown1                  100d8e28 f   LIBCMTD:memmove.obj
 0001:000d7e48       LeadDown2                  100d8e48 f   LIBCMTD:memmove.obj
 0001:000d7e70       LeadDown3                  100d8e70 f   LIBCMTD:memmove.obj
 0001:000d7ec4       UnwindDown7                100d8ec4 f   LIBCMTD:memmove.obj
 0001:000d7ecc       UnwindDown6                100d8ecc f   LIBCMTD:memmove.obj
 0001:000d7ed4       UnwindDown5                100d8ed4 f   LIBCMTD:memmove.obj
 0001:000d7edc       UnwindDown4                100d8edc f   LIBCMTD:memmove.obj
 0001:000d7ee4       UnwindDown3                100d8ee4 f   LIBCMTD:memmove.obj
 0001:000d7eec       UnwindDown2                100d8eec f   LIBCMTD:memmove.obj
 0001:000d7ef4       UnwindDown1                100d8ef4 f   LIBCMTD:memmove.obj
 0001:000d7f07       UnwindDown0                100d8f07 f   LIBCMTD:memmove.obj
 0001:000d7f20       TrailDown0                 100d8f20 f   LIBCMTD:memmove.obj
 0001:000d7f28       TrailDown1                 100d8f28 f   LIBCMTD:memmove.obj
 0001:000d7f38       TrailDown2                 100d8f38 f   LIBCMTD:memmove.obj
 0001:000d7f4c       TrailDown3                 100d8f4c f   LIBCMTD:memmove.obj
 0001:000d7c50       CopyUp                     100d8c50 f   LIBCMTD:memmove.obj
 0001:000d7c6c       CopyLeadUp                 100d8c6c f   LIBCMTD:memmove.obj
 0001:000d7c84       ByteCopyUp                 100d8c84 f   LIBCMTD:memmove.obj
 0001:000d7c8c       CopyUnwindUp               100d8c8c f   LIBCMTD:memmove.obj
 0001:000d7dc8       CopyDown                   100d8dc8 f   LIBCMTD:memmove.obj
 0001:000d7df0       CopyUnwindDown             100d8df0 f   LIBCMTD:memmove.obj
 0001:000d7dfc       CopyLeadDown               100d8dfc f   LIBCMTD:memmove.obj
 0001:000d7e14       ByteCopyDown               100d8e14 f   LIBCMTD:memmove.obj
 0001:000d7ab0       _$$$00001                  100d8ab0 f   LIBCMTD:chkstk.obj
 0001:000d7abc       probepages                 100d8abc f   LIBCMTD:chkstk.obj
 0001:000d7ad0       lastpage                   100d8ad0 f   LIBCMTD:chkstk.obj
 0001:000d7970       _doexit                    100d8970 f   LIBCMTD:crt0dat.obj
 0001:000d7a80       __initterm                 100d8a80 f   LIBCMTD:crt0dat.obj
 0001:000d7848       findnext                   100d8848 f   LIBCMTD:strstr.obj
 0001:000d7859       loop_start                 100d8859 f   LIBCMTD:strstr.obj
 0001:000d785c       in_loop                    100d885c f   LIBCMTD:strstr.obj
 0001:000d7864       not_found                  100d8864 f   LIBCMTD:strstr.obj
 0001:000d786a       first_char_found           100d886a f   LIBCMTD:strstr.obj
 0001:000d7871       two_first_chars_equal      100d8871 f   LIBCMTD:strstr.obj
 0001:000d7874       compare_loop               100d8874 f   LIBCMTD:strstr.obj
 0001:000d7897       strchr_call                100d8897 f   LIBCMTD:strstr.obj
 0001:000d78a3       match                      100d88a3 f   LIBCMTD:strstr.obj
 0001:000d78aa       empty_str2                 100d88aa f   LIBCMTD:strstr.obj
 0001:000d7310       LeadUp1                    100d8310 f   LIBCMTD:memcpy.obj
 0001:000d733c       LeadUp2                    100d833c f   LIBCMTD:memcpy.obj
 0001:000d7360       LeadUp3                    100d8360 f   LIBCMTD:memcpy.obj
 0001:000d73df       UnwindUp0                  100d83df f   LIBCMTD:memcpy.obj
 0001:000d73cc       UnwindUp1                  100d83cc f   LIBCMTD:memcpy.obj
 0001:000d73c4       UnwindUp2                  100d83c4 f   LIBCMTD:memcpy.obj
 0001:000d73bc       UnwindUp3                  100d83bc f   LIBCMTD:memcpy.obj
 0001:000d73b4       UnwindUp4                  100d83b4 f   LIBCMTD:memcpy.obj
 0001:000d73ac       UnwindUp5                  100d83ac f   LIBCMTD:memcpy.obj
 0001:000d73a4       UnwindUp6                  100d83a4 f   LIBCMTD:memcpy.obj
 0001:000d739c       UnwindUp7                  100d839c f   LIBCMTD:memcpy.obj
 0001:000d73f8       TrailUp0                   100d83f8 f   LIBCMTD:memcpy.obj
 0001:000d7400       TrailUp1                   100d8400 f   LIBCMTD:memcpy.obj
 0001:000d740c       TrailUp2                   100d840c f   LIBCMTD:memcpy.obj
 0001:000d7420       TrailUp3                   100d8420 f   LIBCMTD:memcpy.obj
 0001:000d7498       LeadDown1                  100d8498 f   LIBCMTD:memcpy.obj
 0001:000d74b8       LeadDown2                  100d84b8 f   LIBCMTD:memcpy.obj
 0001:000d74e0       LeadDown3                  100d84e0 f   LIBCMTD:memcpy.obj
 0001:000d7534       UnwindDown7                100d8534 f   LIBCMTD:memcpy.obj
 0001:000d753c       UnwindDown6                100d853c f   LIBCMTD:memcpy.obj
 0001:000d7544       UnwindDown5                100d8544 f   LIBCMTD:memcpy.obj
 0001:000d754c       UnwindDown4                100d854c f   LIBCMTD:memcpy.obj
 0001:000d7554       UnwindDown3                100d8554 f   LIBCMTD:memcpy.obj
 0001:000d755c       UnwindDown2                100d855c f   LIBCMTD:memcpy.obj
 0001:000d7564       UnwindDown1                100d8564 f   LIBCMTD:memcpy.obj
 0001:000d7577       UnwindDown0                100d8577 f   LIBCMTD:memcpy.obj
 0001:000d7590       TrailDown0                 100d8590 f   LIBCMTD:memcpy.obj
 0001:000d7598       TrailDown1                 100d8598 f   LIBCMTD:memcpy.obj
 0001:000d75a8       TrailDown2                 100d85a8 f   LIBCMTD:memcpy.obj
 0001:000d75bc       TrailDown3                 100d85bc f   LIBCMTD:memcpy.obj
 0001:000d72c0       CopyUp                     100d82c0 f   LIBCMTD:memcpy.obj
 0001:000d72dc       CopyLeadUp                 100d82dc f   LIBCMTD:memcpy.obj
 0001:000d72f4       ByteCopyUp                 100d82f4 f   LIBCMTD:memcpy.obj
 0001:000d72fc       CopyUnwindUp               100d82fc f   LIBCMTD:memcpy.obj
 0001:000d7438       CopyDown                   100d8438 f   LIBCMTD:memcpy.obj
 0001:000d7460       CopyUnwindDown             100d8460 f   LIBCMTD:memcpy.obj
 0001:000d746c       CopyLeadDown               100d846c f   LIBCMTD:memcpy.obj
 0001:000d7484       ByteCopyDown               100d8484 f   LIBCMTD:memcpy.obj
 0001:000d7220       dodwords                   100d8220 f   LIBCMTD:strcmp.obj
 0001:000d7250       doneeq                     100d8250 f   LIBCMTD:strcmp.obj
 0001:000d7254       donene                     100d8254 f   LIBCMTD:strcmp.obj
 0001:000d725c       dopartial                  100d825c f   LIBCMTD:strcmp.obj
 0001:000d7278       doword                     100d8278 f   LIBCMTD:strcmp.obj
 0001:000d7073       adjust_loop                100d8073 f   LIBCMTD:memset.obj
 0001:000d7079       dwords                     100d8079 f   LIBCMTD:memset.obj
 0001:000d7093       main_loop_tail             100d8093 f   LIBCMTD:memset.obj
 0001:000d7097       tail                       100d8097 f   LIBCMTD:memset.obj
 0001:000d709d       finish                     100d809d f   LIBCMTD:memset.obj
 0001:000d70a3       toend                      100d80a3 f   LIBCMTD:memset.obj
 0001:000d6f7d       dest_misaligned            100d7f7d f   LIBCMTD:strcat.obj
 0001:000d6f8c       find_end_of_dest_string_loop 100d7f8c f   LIBCMTD:strcat.obj
 0001:000d6fbf       start_byte_3               100d7fbf f   LIBCMTD:strcat.obj
 0001:000d6fc4       start_byte_2               100d7fc4 f   LIBCMTD:strcat.obj
 0001:000d6fc9       start_byte_1               100d7fc9 f   LIBCMTD:strcat.obj
 0001:000d6fce       start_byte_0               100d7fce f   LIBCMTD:strcat.obj
 0001:000d6fdd       src_misaligned             100d7fdd f   LIBCMTD:strcat.obj
 0001:000d6ff1       main_loop                  100d7ff1 f   LIBCMTD:strcat.obj
 0001:000d6ff6       main_loop_entrance         100d7ff6 f   LIBCMTD:strcat.obj
 0001:000d702a       byte_3                     100d802a f   LIBCMTD:strcat.obj
 0001:000d7032       byte_2                     100d8032 f   LIBCMTD:strcat.obj
 0001:000d703f       byte_1                     100d803f f   LIBCMTD:strcat.obj
 0001:000d7048       byte_0                     100d8048 f   LIBCMTD:strcat.obj
 0001:000d6fd1       copy_start                 100d7fd1 f   LIBCMTD:strcat.obj
 0001:000d6f10       ?ArrayUnwindFilter@@YAHPAU_EXCEPTION_POINTERS@@@Z 100d7f10 f   LIBCMTD:ehvecdtr.obj
 0001:000d6958       _gu_return                 100d7958 f   LIBCMTD:exsup.obj
 0001:000d6960       __unwind_handler           100d7960 f   LIBCMTD:exsup.obj
 0001:000d6710       ?CatchGuardHandler@@YA?AW4_EXCEPTION_DISPOSITION@@PAUEHExceptionRecord@@PAUCatchGuardRN@@PAX2@Z 100d7710 f   LIBCMTD:trnsctrl.obj
 0001:000d6820       ?TranslatorGuardHandler@@YA?AW4_EXCEPTION_DISPOSITION@@PAUEHExceptionRecord@@PAUTranslatorGuardRN@@PAX2@Z 100d7820 f   LIBCMTD:trnsctrl.obj
 0001:000d62dc       str_misaligned             100d72dc f   LIBCMTD:strlen.obj
 0001:000d62f0       main_loop                  100d72f0 f   LIBCMTD:strlen.obj
 0001:000d6323       byte_3                     100d7323 f   LIBCMTD:strlen.obj
 0001:000d632d       byte_2                     100d732d f   LIBCMTD:strlen.obj
 0001:000d6337       byte_1                     100d7337 f   LIBCMTD:strlen.obj
 0001:000d6341       byte_0                     100d7341 f   LIBCMTD:strlen.obj
 0001:000d5fc0       _CrtMessageWindow          100d6fc0 f   LIBCMTD:dbgrpt.obj
 0001:000f248c       _$E4                       100f348c f   comsupp:comutil.obj
 0001:000f2496       _$E1                       100f3496 f   comsupp:comutil.obj
 0001:000f24a8       _$E3                       100f34a8 f   comsupp:comutil.obj
 0001:000f24b4       _$E2                       100f34b4 f   comsupp:comutil.obj
 0001:000f1ebb       ?_com_invoke_helper@@YAJPAUIDispatch@@JGGPAXPBGPADPAPAUIErrorInfo@@@Z 100f2ebb f   comsupp:comsupp.obj
