 Heaven

 Timestamp is 68828c28 (Thu Jul 24 15:40:24 2025)

 Preferred load address is 10000000

 Start         Length     Name                   Class
 0001:00000000 00030113H .text                   CODE
 0001:00030120 00002fa6H .text$x                 CODE
 0002:00000000 000001f4H .idata$5                DATA
 0002:000001f8 00001840H .rdata                  DATA
 0002:00001a38 0000122cH .rdata$r                DATA
 0002:00002c68 000049b8H .xdata$x                DATA
 0002:00007620 00000064H .idata$2                DATA
 0002:00007684 00000014H .idata$3                DATA
 0002:00007698 000001f4H .idata$4                DATA
 0002:0000788c 0000079eH .idata$6                DATA
 0002:00008030 0000004dH .edata                  DATA
 0003:00000000 00000004H .CRT$XCA                DATA
 0003:00000004 000000b4H .CRT$XCU                DATA
 0003:000000b8 00000004H .CRT$XCZ                DATA
 0003:000000bc 00000004H .CRT$XIA                DATA
 0003:000000c0 0000000cH .CRT$XIC                DATA
 0003:000000cc 00000004H .CRT$XIY                DATA
 0003:000000d0 00000004H .CRT$XIZ                DATA
 0003:000000d4 00000004H .CRT$XPA                DATA
 0003:000000d8 00000004H .CRT$XPX                DATA
 0003:000000dc 00000004H .CRT$XPZ                DATA
 0003:000000e0 00000004H .CRT$XTA                DATA
 0003:000000e4 00000004H .CRT$XTB                DATA
 0003:000000e8 00000004H .CRT$XTZ                DATA
 0003:000000f0 00003098H .data                   DATA
 0003:00003188 00001e99H .bss                    DATA

  Address         Publics by Value              Rva+Base     Lib:Object

 0001:00000000       _DllMain@12                10001000 f   Heaven.obj
 0001:00000010       _CreateInterface@8         10001010 f   ServerStage.obj
 0001:00000070       ??1CTaskQueue@CIOCPServer@@QAE@XZ 10001070 f   ServerStage.obj
 0001:000001a0       ??1?$stack@PAXV?$deque@PAXV?$allocator@PAX@std@@@std@@@std@@QAE@XZ 100011a0 f i ServerStage.obj
 0001:00000250       ?Push@CTaskQueue@CIOCPServer@@QAEXPAX@Z 10001250 f   ServerStage.obj
 0001:00000440       ?Pop@CTaskQueue@CIOCPServer@@QAEPAXXZ 10001440 f   ServerStage.obj
 0001:00000670       ??0CIOCPServer@@QAE@IIIIIIII@Z 10001670 f   ServerStage.obj
 0001:00000a70       ??_ECIOCPServer@@UAEPAXI@Z 10001a70 f i ServerStage.obj
 0001:00000a70       ??_GCIOCPServer@@UAEPAXI@Z 10001a70 f i ServerStage.obj
 0001:00000aa0       ??1?$map@IPAUtagClientNode@CIOCPServer@@U?$less@I@std@@V?$allocator@PAUtagClientNode@CIOCPServer@@@4@@std@@QAE@XZ 10001aa0 f i ServerStage.obj
 0001:00000b10       ??1?$queue@IV?$deque@IV?$allocator@I@std@@@std@@@std@@QAE@XZ 10001b10 f i ServerStage.obj
 0001:00000bc0       ??1CWin32Exception@Win32@OnlineGameLib@@UAE@XZ 10001bc0 f i ServerStage.obj
 0001:00000c40       ??0CWin32Exception@Win32@OnlineGameLib@@QAE@ABV012@@Z 10001c40 f i ServerStage.obj
 0001:00000d80       ??0CException@Win32@OnlineGameLib@@QAE@ABV012@@Z 10001d80 f i ServerStage.obj
 0001:00000ec0       ??_ECWin32Exception@Win32@OnlineGameLib@@UAEPAXI@Z 10001ec0 f i ServerStage.obj
 0001:00000ec0       ??_GCWin32Exception@Win32@OnlineGameLib@@UAEPAXI@Z 10001ec0 f i ServerStage.obj
 0001:00000ee0       ??1CIOCPServer@@UAE@XZ     10001ee0 f   ServerStage.obj
 0001:000011d0       ?Startup@CIOCPServer@@UAGJXZ 100021d0 f   ServerStage.obj
 0001:000013c0       ?Cleanup@CIOCPServer@@UAGJXZ 100023c0 f   ServerStage.obj
 0001:000015b0       ?OpenServiceA@CIOCPServer@@UAGJABKABG@Z 100025b0 f   ServerStage.obj
 0001:000017b0       ?CloseService@CIOCPServer@@UAGJXZ 100027b0 f   ServerStage.obj
 0001:000019a0       ?RegisterMsgFilter@CIOCPServer@@UAGJPAXP6GX0ABK1@Z@Z 100029a0 f   ServerStage.obj
 0001:000019c0       ?PreparePackSink@CIOCPServer@@UAGJXZ 100029c0 f   ServerStage.obj
 0001:000019d0       ?PackDataToClient@CIOCPServer@@UAGJABKQBXABI@Z 100029d0 f   ServerStage.obj
 0001:00001c50       ?SendPackToClient@CIOCPServer@@UAGJABK@Z 10002c50 f   ServerStage.obj
 0001:00001f80       ?SendData@CIOCPServer@@UAGJABKQBXABI@Z 10002f80 f   ServerStage.obj
 0001:00002230       ?_SendDataEx@CIOCPServer@@AAE_NPAUtagClientNode@1@QBXABI@Z 10003230 f   ServerStage.obj
 0001:000024e0       ?GetPackFromClient@CIOCPServer@@UAGPBXABKAAI@Z 100034e0 f   ServerStage.obj
 0001:00002600       ?ShutdownClient@CIOCPServer@@UAGJABK@Z 10003600 f   ServerStage.obj
 0001:000026e0       ?GetClientCount@CIOCPServer@@UAGIXZ 100036e0 f   ServerStage.obj
 0001:000026f0       ?GetClientInfo@CIOCPServer@@UAGPBDABK@Z 100036f0 f   ServerStage.obj
 0001:00002820       ?GetConnectionDetails@CPerConnectionData@@QBE?AV?$basic_string@DU?$char_traits@D@std@@V?$allocator@D@2@@std@@XZ 10003820 f i ServerStage.obj
 0001:00002950       ?QueryInterface@CIOCPServer@@UAGJABU_GUID@@PAPAX@Z 10003950 f   ServerStage.obj
 0001:000029b0       ?AddRef@CIOCPServer@@UAGKXZ 100039b0 f   ServerStage.obj
 0001:000029d0       ?Release@CIOCPServer@@UAGKXZ 100039d0 f   ServerStage.obj
 0001:00002a10       ?OnConnectionEstablished@CIOCPServer@@MAEXPAVSocket@CSocketServer@Win32@OnlineGameLib@@PAVCIOBuffer@45@@Z 10003a10 f   ServerStage.obj
 0001:00002b50       ??1CSocketAddress@Win32@OnlineGameLib@@QAE@XZ 10003b50 f i ServerStage.obj
 0001:00002b90       ?OnConnectionClosing@CIOCPServer@@MAE_NPAVSocket@CSocketServer@Win32@OnlineGameLib@@@Z 10003b90 f   ServerStage.obj
 0001:00002bb0       ?OnConnectionClosed@CIOCPServer@@MAEXPAVSocket@CSocketServer@Win32@OnlineGameLib@@@Z 10003bb0 f   ServerStage.obj
 0001:00002bf0       ?ReadCompleted@CIOCPServer@@MAEXPAVSocket@CSocketServer@Win32@OnlineGameLib@@PAVCIOBuffer@45@@Z 10003bf0 f   ServerStage.obj
 0001:00002e90       ?ProcessDataStream@CIOCPServer@@IAEPAVCIOBuffer@Win32@OnlineGameLib@@PAVSocket@CSocketServer@34@PAV234@@Z 10003e90 f   ServerStage.obj
 0001:00003110       ?GetMinimumMessageSize@CIOCPServer@@IAEIXZ 10004110 f   ServerStage.obj
 0001:00003120       ?GetMessageSize@CIOCPServer@@IAEIPBVCIOBuffer@Win32@OnlineGameLib@@@Z 10004120 f   ServerStage.obj
 0001:00003130       ?ProcessCommand@CIOCPServer@@IAEXPAVSocket@CSocketServer@Win32@OnlineGameLib@@PBVCIOBuffer@45@@Z 10004130 f   ServerStage.obj
 0001:00003210       ??0CServerFactory@@QAE@XZ  10004210 f   ServerStage.obj
 0001:00003230       ??_GCServerFactory@@UAEPAXI@Z 10004230 f i ServerStage.obj
 0001:00003230       ??_ECServerFactory@@UAEPAXI@Z 10004230 f i ServerStage.obj
 0001:00003250       ??1CServerFactory@@UAE@XZ  10004250 f   ServerStage.obj
 0001:00003260       ?SetEnvironment@CServerFactory@@UAGJABI000@Z 10004260 f   ServerStage.obj
 0001:00003290       ?CreateServerInterface@CServerFactory@@UAGJABU_GUID@@PAPAX@Z 10004290 f   ServerStage.obj
 0001:000033a0       ?QueryInterface@CServerFactory@@UAGJABU_GUID@@PAPAX@Z 100043a0 f   ServerStage.obj
 0001:00003400       ?AddRef@CServerFactory@@UAGKXZ 10004400 f   ServerStage.obj
 0001:00003420       ?Release@CServerFactory@@UAGKXZ 10004420 f   ServerStage.obj
 0001:00003450       ?HelperThreadFunction@CIOCPServer@@CGIPAX@Z 10004450 f   ServerStage.obj
 0001:000034a0       ?_HelperThreadFunction@CIOCPServer@@AAEIXZ 100044a0 f   ServerStage.obj
 0001:00003500       ?_HelperAddClient@CIOCPServer@@AAE_NXZ 10004500 f   ServerStage.obj
 0001:00003a20       ?_HelperDelClient@CIOCPServer@@AAE_NXZ 10004a20 f   ServerStage.obj
 0001:00003db0       ?RegisterMsgFilter@CIOCPServer@@UAGJKPAUIMessageProcess@@@Z 10004db0 f   ServerStage.obj
 0001:00003e60       ?ProcessMessage@CIOCPServer@@IAEXPAVSocket@CSocketServer@Win32@OnlineGameLib@@PAVCIOBuffer@45@@Z 10004e60 f   ServerStage.obj
 0001:00004010       ??1?$basic_string@DU?$char_traits@D@std@@V?$allocator@D@2@@std@@QAE@XZ 10005010 f i ServerStage.obj
 0001:00004050       ??1?$list@IV?$allocator@I@std@@@std@@QAE@XZ 10005050 f i ServerStage.obj
 0001:000040a0       ?begin@?$list@IV?$allocator@I@std@@@std@@QAE?AViterator@12@XZ 100050a0 f i ServerStage.obj
 0001:000040b0       ??Eiterator@?$list@IV?$allocator@I@std@@@std@@QAE?AV012@H@Z 100050b0 f i ServerStage.obj
 0001:000040c0       ?assign@?$basic_string@DU?$char_traits@D@std@@V?$allocator@D@2@@std@@QAEAAV12@ABV12@II@Z 100050c0 f i ServerStage.obj
 0001:000042c0       ?_Tidy@?$basic_string@DU?$char_traits@D@std@@V?$allocator@D@2@@std@@AAEX_N@Z 100052c0 f i ServerStage.obj
 0001:00004310       ?insert@?$map@IPAUtagClientNode@CIOCPServer@@U?$less@I@std@@V?$allocator@PAUtagClientNode@CIOCPServer@@@4@@std@@QAE?AU?$pair@Viterator@?$_Tree@IU?$pair@$$CBIPAUtagClientNode@CIOCPServer@@@std@@U_Kfn@?$map@IPAUtagClientNode@CIOCPServer@@U?$less@I@std@@V?$allocator@PAUtagClientNode@CIOCPServer@@@4@@2@U?$less@I@2@V?$allocator@PAUtagClientNode@CIOCPServer@@@2@@std@@_N@2@ABU?$pair@$$CBIPAUtagClientNode@CIOCPServer@@@2@@Z 10005310 f i ServerStage.obj
 0001:00004340       ?erase@?$_Tree@IU?$pair@$$CBIPAUtagClientNode@CIOCPServer@@@std@@U_Kfn@?$map@IPAUtagClientNode@CIOCPServer@@U?$less@I@std@@V?$allocator@PAUtagClientNode@CIOCPServer@@@4@@2@U?$less@I@2@V?$allocator@PAUtagClientNode@CIOCPServer@@@2@@std@@QAE?AViterator@12@V312@0@Z 10005340 f i ServerStage.obj
 0001:00004470       ?pop_front@?$deque@IV?$allocator@I@std@@@std@@QAEXXZ 10005470 f i ServerStage.obj
 0001:00004500       ?push_back@?$deque@IV?$allocator@I@std@@@std@@QAEXABI@Z 10005500 f i ServerStage.obj
 0001:00004800       ?insert@?$list@IV?$allocator@I@std@@@std@@QAE?AViterator@12@V312@ABI@Z 10005800 f i ServerStage.obj
 0001:00004860       ?erase@?$list@IV?$allocator@I@std@@@std@@QAE?AViterator@12@V312@@Z 10005860 f i ServerStage.obj
 0001:000048a0       ??0?$deque@PAXV?$allocator@PAX@std@@@std@@QAE@ABV?$allocator@PAX@1@@Z 100058a0 f i ServerStage.obj
 0001:000048d0       ?assign@?$basic_string@DU?$char_traits@D@std@@V?$allocator@D@2@@std@@QAEAAV12@PBDI@Z 100058d0 f i ServerStage.obj
 0001:00004970       ?erase@?$basic_string@DU?$char_traits@D@std@@V?$allocator@D@2@@std@@QAEAAV12@II@Z 10005970 f i ServerStage.obj
 0001:00004a90       ?_Eos@?$basic_string@DU?$char_traits@D@std@@V?$allocator@D@2@@std@@AAEXI@Z 10005a90 f i ServerStage.obj
 0001:00004ab0       ?_Grow@?$basic_string@DU?$char_traits@D@std@@V?$allocator@D@2@@std@@AAE_NI_N@Z 10005ab0 f i ServerStage.obj
 0001:00004bd0       ?insert@?$_Tree@IU?$pair@$$CBIPAUtagClientNode@CIOCPServer@@@std@@U_Kfn@?$map@IPAUtagClientNode@CIOCPServer@@U?$less@I@std@@V?$allocator@PAUtagClientNode@CIOCPServer@@@4@@2@U?$less@I@2@V?$allocator@PAUtagClientNode@CIOCPServer@@@2@@std@@QAE?AU?$pair@Viterator@?$_Tree@IU?$pair@$$CBIPAUtagClientNode@CIOCPServer@@@std@@U_Kfn@?$map@IPAUtagClientNode@CIOCPServer@@U?$less@I@std@@V?$allocator@PAUtagClientNode@CIOCPServer@@@4@@2@U?$less@I@2@V?$allocator@PAUtagClientNode@CIOCPServer@@@2@@std@@_N@2@ABU?$pair@$$CBIPAUtagClientNode@CIOCPServer@@@2@@Z 10005bd0 f i ServerStage.obj
 0001:00004d00       ?erase@?$_Tree@IU?$pair@$$CBIPAUtagClientNode@CIOCPServer@@@std@@U_Kfn@?$map@IPAUtagClientNode@CIOCPServer@@U?$less@I@std@@V?$allocator@PAUtagClientNode@CIOCPServer@@@4@@2@U?$less@I@2@V?$allocator@PAUtagClientNode@CIOCPServer@@@2@@std@@QAE?AViterator@12@V312@@Z 10005d00 f i ServerStage.obj
 0001:00005220       ?_Erase@?$_Tree@IU?$pair@$$CBIPAUtagClientNode@CIOCPServer@@@std@@U_Kfn@?$map@IPAUtagClientNode@CIOCPServer@@U?$less@I@std@@V?$allocator@PAUtagClientNode@CIOCPServer@@@4@@2@U?$less@I@2@V?$allocator@PAUtagClientNode@CIOCPServer@@@2@@std@@IAEXPAU_Node@12@@Z 10006220 f i ServerStage.obj
 0001:000052b0       ?_Init@?$_Tree@IU?$pair@$$CBIPAUtagClientNode@CIOCPServer@@@std@@U_Kfn@?$map@IPAUtagClientNode@CIOCPServer@@U?$less@I@std@@V?$allocator@PAUtagClientNode@CIOCPServer@@@4@@2@U?$less@I@2@V?$allocator@PAUtagClientNode@CIOCPServer@@@2@@std@@IAEXXZ 100062b0 f i ServerStage.obj
 0001:00005360       ?_Inc@const_iterator@?$_Tree@IU?$pair@$$CBIPAUtagClientNode@CIOCPServer@@@std@@U_Kfn@?$map@IPAUtagClientNode@CIOCPServer@@U?$less@I@std@@V?$allocator@PAUtagClientNode@CIOCPServer@@@4@@2@U?$less@I@2@V?$allocator@PAUtagClientNode@CIOCPServer@@@2@@std@@QAEXXZ 10006360 f i ServerStage.obj
 0001:00005410       ?_Freefront@?$deque@IV?$allocator@I@std@@@std@@IAEXXZ 10006410 f i ServerStage.obj
 0001:00005490       ?_Buyback@?$deque@PAXV?$allocator@PAX@std@@@std@@IAEXXZ 10006490 f i ServerStage.obj
 0001:000055f0       ?_Freeback@?$deque@PAXV?$allocator@PAX@std@@@std@@IAEXXZ 100065f0 f i ServerStage.obj
 0001:00005680       ??0?$pair@Viterator@?$_Tree@IU?$pair@$$CBIPAUtagClientNode@CIOCPServer@@@std@@U_Kfn@?$map@IPAUtagClientNode@CIOCPServer@@U?$less@I@std@@V?$allocator@PAUtagClientNode@CIOCPServer@@@4@@2@U?$less@I@2@V?$allocator@PAUtagClientNode@CIOCPServer@@@2@@std@@_N@std@@QAE@ABViterator@?$_Tree@IU?$pair@$$CBIPAUtagClientNode@CIOCPServer@@@std@@U_Kfn@?$map@IPAUtagClientNode@CIOCPServer@@U?$less@I@std@@V?$allocator@PAUtagClientNode@CIOCPServer@@@4@@2@U?$less@I@2@V?$allocator@PAUtagClientNode@CIOCPServer@@@2@@1@AB_N@Z 10006680 f i ServerStage.obj
 0001:000056a0       ?max_size@?$basic_string@DU?$char_traits@D@std@@V?$allocator@D@2@@std@@QBEIXZ 100066a0 f i ServerStage.obj
 0001:000056b0       ?_Copy@?$basic_string@DU?$char_traits@D@std@@V?$allocator@D@2@@std@@AAEXI@Z 100066b0 f i ServerStage.obj
 0001:000057c0       ?_Split@?$basic_string@DU?$char_traits@D@std@@V?$allocator@D@2@@std@@AAEXXZ 100067c0 f i ServerStage.obj
 0001:00005890       ?_Insert@?$_Tree@IU?$pair@$$CBIPAUtagClientNode@CIOCPServer@@@std@@U_Kfn@?$map@IPAUtagClientNode@CIOCPServer@@U?$less@I@std@@V?$allocator@PAUtagClientNode@CIOCPServer@@@4@@2@U?$less@I@2@V?$allocator@PAUtagClientNode@CIOCPServer@@@2@@std@@IAE?AViterator@12@PAU_Node@12@0ABU?$pair@$$CBIPAUtagClientNode@CIOCPServer@@@2@@Z 10006890 f i ServerStage.obj
 0001:00005b90       ?_Growmap@?$deque@IV?$allocator@I@std@@@std@@IAEPAPAII@Z 10006b90 f i ServerStage.obj
 0001:00005c00       ??0const_iterator@?$deque@IV?$allocator@I@std@@@std@@QAE@XZ 10006c00 f i ServerStage.obj
 0001:00005c10       ?_Getmap@?$deque@PAXV?$allocator@PAX@std@@@std@@IAEXXZ 10006c10 f i ServerStage.obj
 0001:00005c30       ?_Growmap@?$deque@PAXV?$allocator@PAX@std@@@std@@IAEPAPAPAXI@Z 10006c30 f i ServerStage.obj
 0001:00005ca0       ??0const_iterator@?$deque@PAXV?$allocator@PAX@std@@@std@@QAE@XZ 10006ca0 f i ServerStage.obj
 0001:00005cb0       ?_Dec@const_iterator@?$_Tree@IU?$pair@$$CBIPAUtagClientNode@CIOCPServer@@@std@@U_Kfn@?$map@IPAUtagClientNode@CIOCPServer@@U?$less@I@std@@V?$allocator@PAUtagClientNode@CIOCPServer@@@4@@2@U?$less@I@2@V?$allocator@PAUtagClientNode@CIOCPServer@@@2@@std@@QAEXXZ 10006cb0 f i ServerStage.obj
 0001:00005d70       ??0const_iterator@?$deque@IV?$allocator@I@std@@@std@@QAE@PAIPAPAI@Z 10006d70 f i ServerStage.obj
 0001:00005da0       ??0const_iterator@?$deque@PAXV?$allocator@PAX@std@@@std@@QAE@PAPAXPAPAPAX@Z 10006da0 f i ServerStage.obj
 0001:00005dd0       ?_Add@const_iterator@?$deque@PAXV?$allocator@PAX@std@@@std@@IAEXH@Z 10006dd0 f i ServerStage.obj
 0001:00005e40       ??1CCriticalSection@Win32@OnlineGameLib@@QAE@XZ 10006e40 f i ServerStage.obj
 0001:00005e50       ??1Owner@CCriticalSection@Win32@OnlineGameLib@@QAE@XZ 10006e50 f i ServerStage.obj
 0001:00005e60       ??Hstd@@YA?AV?$basic_string@DU?$char_traits@D@std@@V?$allocator@D@2@@0@PBDABV10@@Z 10006e60 f i ServerStage.obj
 0001:00005fb0       ??Hstd@@YA?AV?$basic_string@DU?$char_traits@D@std@@V?$allocator@D@2@@0@ABV10@PBD@Z 10006fb0 f i ServerStage.obj
 0001:000060e0       ??Hstd@@YA?AV?$basic_string@DU?$char_traits@D@std@@V?$allocator@D@2@@0@ABV10@0@Z 100070e0 f i ServerStage.obj
 0001:00006210       ?ToString@Win32@OnlineGameLib@@YA?AV?$basic_string@DU?$char_traits@D@std@@V?$allocator@D@2@@std@@K@Z 10007210 f i ServerStage.obj
 0001:00006410       ??0ios_base@std@@IAE@XZ    10007410 f i ServerStage.obj
 0001:00006420       ??_Gios_base@std@@UAEPAXI@Z 10007420 f i ServerStage.obj
 0001:00006420       ??_Eios_base@std@@UAEPAXI@Z 10007420 f i ServerStage.obj
 0001:00006440       ?put@?$basic_ostream@DU?$char_traits@D@std@@@std@@QAEAAV12@D@Z 10007440 f i ServerStage.obj
 0001:000065b0       ??1?$basic_ios@DU?$char_traits@D@std@@@std@@UAE@XZ 100075b0 f i ServerStage.obj
 0001:000065c0       ??0strstreambuf@std@@QAE@H@Z 100075c0 f i ServerStage.obj
 0001:000066b0       ??1?$basic_streambuf@DU?$char_traits@D@std@@@std@@UAE@XZ 100076b0 f i ServerStage.obj
 0001:00006700       ??_Gstrstreambuf@std@@UAEPAXI@Z 10007700 f i ServerStage.obj
 0001:00006700       ??_Estrstreambuf@std@@UAEPAXI@Z 10007700 f i ServerStage.obj
 0001:00006720       ?overflow@?$basic_streambuf@DU?$char_traits@D@std@@@std@@MAEHH@Z 10007720 f i ServerStage.obj
 0001:00006730       ?pbackfail@?$basic_streambuf@DU?$char_traits@D@std@@@std@@MAEHH@Z 10007730 f i ServerStage.obj
 0001:00006740       ?showmanyc@?$basic_streambuf@DU?$char_traits@D@std@@@std@@MAEHXZ 10007740 f i ServerStage.obj
 0001:00006750       ?underflow@?$basic_streambuf@DU?$char_traits@D@std@@@std@@MAEHXZ 10007750 f i ServerStage.obj
 0001:00006760       ?uflow@?$basic_streambuf@DU?$char_traits@D@std@@@std@@MAEHXZ 10007760 f i ServerStage.obj
 0001:00006790       ?xsgetn@?$basic_streambuf@DU?$char_traits@D@std@@@std@@MAEHPADH@Z 10007790 f i ServerStage.obj
 0001:00006830       ?xsputn@?$basic_streambuf@DU?$char_traits@D@std@@@std@@MAEHPBDH@Z 10007830 f i ServerStage.obj
 0001:000068d0       ?seekoff@?$basic_streambuf@DU?$char_traits@D@std@@@std@@MAE?AV?$fpos@H@2@JW4seekdir@ios_base@2@H@Z 100078d0 f i ServerStage.obj
 0001:00006900       ?seekpos@?$basic_streambuf@DU?$char_traits@D@std@@@std@@MAE?AV?$fpos@H@2@V32@H@Z 10007900 f i ServerStage.obj
 0001:00006930       ?setbuf@?$basic_streambuf@DU?$char_traits@D@std@@@std@@MAEPAV12@PADH@Z 10007930 f i ServerStage.obj
 0001:00006940       ?sync@?$basic_streambuf@DU?$char_traits@D@std@@@std@@MAEHXZ 10007940 f i ServerStage.obj
 0001:00006950       ?imbue@?$basic_streambuf@DU?$char_traits@D@std@@@std@@MAEXABVlocale@2@@Z 10007950 f i ServerStage.obj
 0001:00006960       ??_Gstrstream@std@@UAEPAXI@Z 10007960 f i ServerStage.obj
 0001:00006960       ??_Estrstream@std@@UAEPAXI@Z 10007960 f i ServerStage.obj
 0001:00006990       ??_Dstrstream@std@@QAEXXZ  10007990 f i ServerStage.obj
 0001:000069b0       ??0?$basic_iostream@DU?$char_traits@D@std@@@std@@QAE@PAV?$basic_streambuf@DU?$char_traits@D@std@@@1@@Z 100079b0 f i ServerStage.obj
 0001:00006a80       ??1?$basic_istream@DU?$char_traits@D@std@@@std@@UAE@XZ 10007a80 f i ServerStage.obj
 0001:00006a90       ??1?$basic_iostream@DU?$char_traits@D@std@@@std@@UAE@XZ 10007a90 f i ServerStage.obj
 0001:00006ad0       ??_E?$basic_ostream@DU?$char_traits@D@std@@@std@@UAEPAXI@Z 10007ad0 f i ServerStage.obj
 0001:00006ad0       ??_G?$basic_ostream@DU?$char_traits@D@std@@@std@@UAEPAXI@Z 10007ad0 f i ServerStage.obj
 0001:00006b00       ??_G?$basic_ios@DU?$char_traits@D@std@@@std@@UAEPAXI@Z 10007b00 f i ServerStage.obj
 0001:00006b00       ??_E?$basic_ios@DU?$char_traits@D@std@@@std@@UAEPAXI@Z 10007b00 f i ServerStage.obj
 0001:00006b20       ??_G?$basic_istream@DU?$char_traits@D@std@@@std@@UAEPAXI@Z 10007b20 f i ServerStage.obj
 0001:00006b20       ??_E?$basic_istream@DU?$char_traits@D@std@@@std@@UAEPAXI@Z 10007b20 f i ServerStage.obj
 0001:00006b50       ??_G?$basic_streambuf@DU?$char_traits@D@std@@@std@@UAEPAXI@Z 10007b50 f i ServerStage.obj
 0001:00006b50       ??_E?$basic_streambuf@DU?$char_traits@D@std@@@std@@UAEPAXI@Z 10007b50 f i ServerStage.obj
 0001:00006b70       ??_E?$basic_iostream@DU?$char_traits@D@std@@@std@@UAEPAXI@Z 10007b70 f i ServerStage.obj
 0001:00006b70       ??_G?$basic_iostream@DU?$char_traits@D@std@@@std@@UAEPAXI@Z 10007b70 f i ServerStage.obj
 0001:00006ba0       ??1sentry@?$basic_ostream@DU?$char_traits@D@std@@@std@@QAE@XZ 10007ba0 f i ServerStage.obj
 0001:00006c10       ??0?$fpos@H@std@@QAE@J@Z   10007c10 f i ServerStage.obj
 0001:00006c50       ?opfx@?$basic_ostream@DU?$char_traits@D@std@@@std@@QAE_NXZ 10007c50 f i ServerStage.obj
 0001:00006cd0       ?ToString@Win32@OnlineGameLib@@YA?AV?$basic_string@DU?$char_traits@D@std@@V?$allocator@D@2@@std@@I@Z 10007cd0 f i ServerStage.obj
 0001:00006ed0       ?OnStartAcceptingConnections@CSocketServer@Win32@OnlineGameLib@@EAEXXZ 10007ed0 f i ServerStage.obj
 0001:00006ee0       ?OnStopAcceptingConnections@CSocketServer@Win32@OnlineGameLib@@EAEXXZ 10007ee0 f i ServerStage.obj
 0001:00006ef0       ?OnShutdownInitiated@CSocketServer@Win32@OnlineGameLib@@EAEXXZ 10007ef0 f i ServerStage.obj
 0001:00006f00       ?OnShutdownComplete@CSocketServer@Win32@OnlineGameLib@@EAEXXZ 10007f00 f i ServerStage.obj
 0001:00006f10       ?OnConnectionCreated@CSocketServer@Win32@OnlineGameLib@@EAEXXZ 10007f10 f i ServerStage.obj
 0001:00006f20       ?OnConnectionClientClose@CSocketServer@Win32@OnlineGameLib@@EAEXPAVSocket@123@@Z 10007f20 f i ServerStage.obj
 0001:00006f30       ?_Construct@std@@YAXPAPAXABQAX@Z 10007f30 f i ServerStage.obj
 0001:00006f50       ?OnConnectionReset@CSocketServer@Win32@OnlineGameLib@@EAEXPAVSocket@123@@Z 10007f50 f i ServerStage.obj
 0001:00006f60       ?OnConnectionDestroyed@CSocketServer@Win32@OnlineGameLib@@EAEXXZ 10007f60 f i ServerStage.obj
 0001:00006f70       ?OnBufferCreated@CSocketServer@Win32@OnlineGameLib@@EAEXXZ 10007f70 f i ServerStage.obj
 0001:00006f80       ?OnBufferAllocated@CSocketServer@Win32@OnlineGameLib@@EAEXXZ 10007f80 f i ServerStage.obj
 0001:00006f90       ?OnBufferReleased@CSocketServer@Win32@OnlineGameLib@@EAEXXZ 10007f90 f i ServerStage.obj
 0001:00006fa0       ?OnThreadCreated@CSocketServer@Win32@OnlineGameLib@@EAEXXZ 10007fa0 f i ServerStage.obj
 0001:00006fb0       ?OnThreadDestroyed@CSocketServer@Win32@OnlineGameLib@@EAEXXZ 10007fb0 f i ServerStage.obj
 0001:00006fc0       ?_Construct@std@@YAXPAU?$pair@$$CBIPAUtagClientNode@CIOCPServer@@@1@ABU21@@Z 10007fc0 f i ServerStage.obj
 0001:00006fe0       ??6?$basic_ostream@DU?$char_traits@D@std@@@std@@QAEAAV01@I@Z 10007fe0 f i ServerStage.obj
 0001:00007220       ??1bad_cast@std@@UAE@XZ    10008220 f i ServerStage.obj
 0001:00007230       ?_Doraise@bad_cast@std@@MBEXXZ 10008230 f i ServerStage.obj
 0001:00007250       ??_Gbad_cast@std@@UAEPAXI@Z 10008250 f i ServerStage.obj
 0001:00007250       ??_Ebad_cast@std@@UAEPAXI@Z 10008250 f i ServerStage.obj
 0001:00007270       ??0bad_cast@std@@QAE@ABV01@@Z 10008270 f i ServerStage.obj
 0001:00007290       ??Bid@locale@std@@QAEIXZ   10008290 f i ServerStage.obj
 0001:000072c0       ?_Decref@facet@locale@std@@QAEPAV123@XZ 100082c0 f i ServerStage.obj
 0001:00007300       ??1locale@std@@QAE@XZ      10008300 f i ServerStage.obj
 0001:00007320       ?getloc@ios_base@std@@QBE?AVlocale@2@XZ 10008320 f i ServerStage.obj
 0001:00007360       ??6?$basic_ostream@DU?$char_traits@D@std@@@std@@QAEAAV01@K@Z 10008360 f i ServerStage.obj
 0001:000075d0       ?id@?$ctype@G@std@@$E      100085d0 f i ServerStage.obj
 0001:000075e0       ??0?$num_put@DV?$ostreambuf_iterator@DU?$char_traits@D@std@@@std@@@std@@QAE@I@Z 100085e0 f i ServerStage.obj
 0001:00007640       ??1facet@locale@std@@UAE@XZ 10008640 f i ServerStage.obj
 0001:00007650       ??_Efacet@locale@std@@UAEPAXI@Z 10008650 f i ServerStage.obj
 0001:00007650       ??_Gfacet@locale@std@@UAEPAXI@Z 10008650 f i ServerStage.obj
 0001:00007670       ?do_put@?$num_put@DV?$ostreambuf_iterator@DU?$char_traits@D@std@@@std@@@std@@MBE?AV?$ostreambuf_iterator@DU?$char_traits@D@std@@@2@V32@AAVios_base@2@D_N@Z 10008670 f i ServerStage.obj
 0001:00007940       ??0bad_cast@std@@QAE@PBD@Z 10008940 f i ServerStage.obj
 0001:00007960       ?sputc@?$basic_streambuf@DU?$char_traits@D@std@@@std@@QAEHD@Z 10008960 f i ServerStage.obj
 0001:000079b0       ?do_put@?$num_put@DV?$ostreambuf_iterator@DU?$char_traits@D@std@@@std@@@std@@MBE?AV?$ostreambuf_iterator@DU?$char_traits@D@std@@@2@V32@AAVios_base@2@DJ@Z 100089b0 f i ServerStage.obj
 0001:00007a60       ?do_put@?$num_put@DV?$ostreambuf_iterator@DU?$char_traits@D@std@@@std@@@std@@MBE?AV?$ostreambuf_iterator@DU?$char_traits@D@std@@@2@V32@AAVios_base@2@DK@Z 10008a60 f i ServerStage.obj
 0001:00007b10       ?do_put@?$num_put@DV?$ostreambuf_iterator@DU?$char_traits@D@std@@@std@@@std@@MBE?AV?$ostreambuf_iterator@DU?$char_traits@D@std@@@2@V32@AAVios_base@2@DN@Z 10008b10 f i ServerStage.obj
 0001:00007c00       ?do_put@?$num_put@DV?$ostreambuf_iterator@DU?$char_traits@D@std@@@std@@@std@@MBE?AV?$ostreambuf_iterator@DU?$char_traits@D@std@@@2@V32@AAVios_base@2@DO@Z 10008c00 f i ServerStage.obj
 0001:00007cf0       ?do_put@?$num_put@DV?$ostreambuf_iterator@DU?$char_traits@D@std@@@std@@@std@@MBE?AV?$ostreambuf_iterator@DU?$char_traits@D@std@@@2@V32@AAVios_base@2@DPBX@Z 10008cf0 f i ServerStage.obj
 0001:00007eb0       ??_G?$num_put@DV?$ostreambuf_iterator@DU?$char_traits@D@std@@@std@@@std@@UAEPAXI@Z 10008eb0 f i ServerStage.obj
 0001:00007eb0       ??_E?$num_put@DV?$ostreambuf_iterator@DU?$char_traits@D@std@@@std@@@std@@UAEPAXI@Z 10008eb0 f i ServerStage.obj
 0001:00007ed0       ??1?$num_put@DV?$ostreambuf_iterator@DU?$char_traits@D@std@@@std@@@std@@UAE@XZ 10008ed0 f i ServerStage.obj
 0001:00007ee0       ?_Fput@?$num_put@DV?$ostreambuf_iterator@DU?$char_traits@D@std@@@std@@@std@@KA?AV?$ostreambuf_iterator@DU?$char_traits@D@std@@@2@V32@AAVios_base@2@DPBDII@Z 10008ee0 f i ServerStage.obj
 0001:000082f0       ?_Iput@?$num_put@DV?$ostreambuf_iterator@DU?$char_traits@D@std@@@std@@@std@@KA?AV?$ostreambuf_iterator@DU?$char_traits@D@std@@@2@V32@AAVios_base@2@DPADI@Z 100092f0 f i ServerStage.obj
 0001:00008740       ?_Rep@?$num_put@DV?$ostreambuf_iterator@DU?$char_traits@D@std@@@std@@@std@@KA?AV?$ostreambuf_iterator@DU?$char_traits@D@std@@@2@V32@DI@Z 10009740 f i ServerStage.obj
 0001:000087c0       ?falsename@?$numpunct@D@std@@QBE?AV?$basic_string@DU?$char_traits@D@std@@V?$allocator@D@2@@2@XZ 100097c0 f i ServerStage.obj
 0001:000087e0       ?truename@?$numpunct@D@std@@QBE?AV?$basic_string@DU?$char_traits@D@std@@V?$allocator@D@2@@2@XZ 100097e0 f i ServerStage.obj
 0001:00008800       ??4?$ostreambuf_iterator@DU?$char_traits@D@std@@@std@@QAEAAV01@D@Z 10009800 f i ServerStage.obj
 0001:00008860       ?grouping@?$numpunct@D@std@@QBE?AV?$basic_string@DU?$char_traits@D@std@@V?$allocator@D@2@@2@XZ 10009860 f i ServerStage.obj
 0001:00008880       ??0?$numpunct@D@std@@QAE@I@Z 10009880 f i ServerStage.obj
 0001:000089a0       ?do_decimal_point@?$numpunct@D@std@@MBEDXZ 100099a0 f i ServerStage.obj
 0001:000089b0       ?do_thousands_sep@?$numpunct@D@std@@MBEDXZ 100099b0 f i ServerStage.obj
 0001:000089c0       ?do_grouping@?$numpunct@D@std@@MBE?AV?$basic_string@DU?$char_traits@D@std@@V?$allocator@D@2@@2@XZ 100099c0 f i ServerStage.obj
 0001:00008a90       ?do_falsename@?$numpunct@D@std@@MBE?AV?$basic_string@DU?$char_traits@D@std@@V?$allocator@D@2@@2@XZ 10009a90 f i ServerStage.obj
 0001:00008b60       ?do_truename@?$numpunct@D@std@@MBE?AV?$basic_string@DU?$char_traits@D@std@@V?$allocator@D@2@@2@XZ 10009b60 f i ServerStage.obj
 0001:00008c30       ??_E?$numpunct@D@std@@UAEPAXI@Z 10009c30 f i ServerStage.obj
 0001:00008c30       ??_G?$numpunct@D@std@@UAEPAXI@Z 10009c30 f i ServerStage.obj
 0001:00008c50       ??1?$numpunct@D@std@@UAE@XZ 10009c50 f i ServerStage.obj
 0001:00008c80       ?_Save@?$_Tidyfac@V?$num_put@DV?$ostreambuf_iterator@DU?$char_traits@D@std@@@std@@@std@@@std@@SAPAV?$num_put@DV?$ostreambuf_iterator@DU?$char_traits@D@std@@@std@@@2@PAV32@@Z 10009c80 f i ServerStage.obj
 0001:00008d00       ??_GCException@Win32@OnlineGameLib@@UAEPAXI@Z 10009d00 f i ServerStage.obj
 0001:00008d00       ??_ECException@Win32@OnlineGameLib@@UAEPAXI@Z 10009d00 f i ServerStage.obj
 0001:00008d20       ??1CException@Win32@OnlineGameLib@@UAE@XZ 10009d20 f i ServerStage.obj
 0001:00008da0       ?_Save@?$_Tidyfac@V?$numpunct@D@std@@@std@@SAPAV?$numpunct@D@2@PAV32@@Z 10009da0 f i ServerStage.obj
 0001:00008e20       ?_Tidy@?$_Tidyfac@V?$num_put@DV?$ostreambuf_iterator@DU?$char_traits@D@std@@@std@@@std@@@std@@SAXXZ 10009e20 f i ServerStage.obj
 0001:00008ec0       ?_Tidy@?$_Tidyfac@V?$numpunct@D@std@@@std@@SAXXZ 10009ec0 f i ServerStage.obj
 0001:00008fb0       ?id@?$numpunct@D@std@@$E   10009fb0 f i ServerStage.obj
 0001:00008fc0       ?id@?$num_put@DV?$ostreambuf_iterator@DU?$char_traits@D@std@@@$E 10009fc0 f i ServerStage.obj
 0001:00008fd0       ??_ECIOCPServer@@W7AEPAXI@Z 10009fd0 f i ServerStage.obj
 0001:00008fd8       _DeleteCriticalSection@4   10009fd8 f   kernel32:KERNEL32.dll
 0001:00008fde       _LeaveCriticalSection@4    10009fde f   kernel32:KERNEL32.dll
 0001:00008fe4       _EnterCriticalSection@4    10009fe4 f   kernel32:KERNEL32.dll
 0001:00008fea       _GetLastError@0            10009fea f   kernel32:KERNEL32.dll
 0001:00008ff0       _InitializeCriticalSection@4 10009ff0 f   kernel32:KERNEL32.dll
 0001:00008ff6       _TerminateThread@8         10009ff6 f   kernel32:KERNEL32.dll
 0001:00008ffc       _WaitForSingleObject@8     10009ffc f   kernel32:KERNEL32.dll
 0001:00009002       _InterlockedExchange@8     1000a002 f   kernel32:KERNEL32.dll
 0001:00009008       _InterlockedIncrement@4    1000a008 f   kernel32:KERNEL32.dll
 0001:0000900e       _InterlockedDecrement@4    1000a00e f   kernel32:KERNEL32.dll
 0001:00009014       _Sleep@4                   1000a014 f   kernel32:KERNEL32.dll
 0001:00009020       ??0CSocketServer@Win32@OnlineGameLib@@IAE@IIII_N0@Z 1000a020 f   common:SocketServer.obj
 0001:00009130       ?OnConnectionClosing@CSocketServer@Win32@OnlineGameLib@@EAE_NPAVSocket@123@@Z 1000a130 f i common:SocketServer.obj
 0001:00009140       ?OnConnectionClosed@CSocketServer@Win32@OnlineGameLib@@EAEXPAVSocket@123@@Z 1000a140 f i common:SocketServer.obj
 0001:00009180       ??_ECSocketServer@Win32@OnlineGameLib@@UAEPAXI@Z 1000a180 f i common:SocketServer.obj
 0001:00009180       ??_GCSocketServer@Win32@OnlineGameLib@@UAEPAXI@Z 1000a180 f i common:SocketServer.obj
 0001:000091a0       ??1CManualResetEvent@Win32@OnlineGameLib@@UAE@XZ 1000a1a0 f i common:SocketServer.obj
 0001:000091b0       ??1CSocketServer@Win32@OnlineGameLib@@UAE@XZ 1000a1b0 f   common:SocketServer.obj
 0001:00009270       ?Open@CSocketServer@Win32@OnlineGameLib@@IAEXKG@Z 1000a270 f   common:SocketServer.obj
 0001:00009290       ?ReleaseSockets@CSocketServer@Win32@OnlineGameLib@@AAEXXZ 1000a290 f   common:SocketServer.obj
 0001:000093d0       ?StartAcceptingConnections@CSocketServer@Win32@OnlineGameLib@@QAEXXZ 1000a3d0 f   common:SocketServer.obj
 0001:00009410       ?StopAcceptingConnections@CSocketServer@Win32@OnlineGameLib@@QAEXXZ 1000a410 f   common:SocketServer.obj
 0001:00009520       ?InitiateShutdown@CSocketServer@Win32@OnlineGameLib@@QAEXXZ 1000a520 f   common:SocketServer.obj
 0001:000095b0       ?WaitForShutdownToComplete@CSocketServer@Win32@OnlineGameLib@@QAEXXZ 1000a5b0 f   common:SocketServer.obj
 0001:000095d0       ?CreateListeningSocket@CSocketServer@Win32@OnlineGameLib@@EAEIKG@Z 1000a5d0 f   common:SocketServer.obj
 0001:00009700       ?CreateWorkerThread@CSocketServer@Win32@OnlineGameLib@@EAEPAVWorkerThread@123@AAVCIOCompletionPort@23@@Z 1000a700 f   common:SocketServer.obj
 0001:00009770       ?Run@CSocketServer@Win32@OnlineGameLib@@MAEHXZ 1000a770 f   common:SocketServer.obj
 0001:00009c40       ?AllocateSocket@CSocketServer@Win32@OnlineGameLib@@AAEPAVSocket@123@I@Z 1000ac40 f   common:SocketServer.obj
 0001:00009d20       ?ReleaseSocket@CSocketServer@Win32@OnlineGameLib@@AAEXPAVSocket@123@@Z 1000ad20 f   common:SocketServer.obj
 0001:00009e90       ?DestroySocket@CSocketServer@Win32@OnlineGameLib@@AAEXPAVSocket@123@@Z 1000ae90 f   common:SocketServer.obj
 0001:00009ec0       ?OnError@CSocketServer@Win32@OnlineGameLib@@EAEXABV?$basic_string@DU?$char_traits@D@std@@V?$allocator@D@2@@std@@@Z 1000aec0 f   common:SocketServer.obj
 0001:00009ed0       ?WriteCompleted@CSocketServer@Win32@OnlineGameLib@@EAEXPAVSocket@123@PAVCIOBuffer@23@@Z 1000aed0 f   common:SocketServer.obj
 0001:00009fc0       ?SetServerDataPtr@CSocketServer@Win32@OnlineGameLib@@KAXPAVSocket@123@PAX@Z 1000afc0 f   common:SocketServer.obj
 0001:00009fe0       ?GetServerDataPtr@CSocketServer@Win32@OnlineGameLib@@KAPAXPBVSocket@123@@Z 1000afe0 f   common:SocketServer.obj
 0001:0000a000       ?WriteCompleted@CSocketServer@Win32@OnlineGameLib@@KAXPAVSocket@123@@Z 1000b000 f   common:SocketServer.obj
 0001:0000a010       ?FilterSocketShutdown@CSocketServer@Win32@OnlineGameLib@@EAE_NPAVSocket@123@H@Z 1000b010 f   common:SocketServer.obj
 0001:0000a020       ?FilterSocketClose@CSocketServer@Win32@OnlineGameLib@@EAE_NPAVSocket@123@@Z 1000b020 f   common:SocketServer.obj
 0001:0000a030       ?PostIoOperation@CSocketServer@Win32@OnlineGameLib@@AAEXPAVSocket@123@PAVCIOBuffer@23@W4enumIO_Operation@123@@Z 1000b030 f   common:SocketServer.obj
 0001:0000a070       ?GetServer@CSocketServer@Win32@OnlineGameLib@@KAAAV123@PAVSocket@123@@Z 1000b070 f   common:SocketServer.obj
 0001:0000a080       ?OnConnectionError@CSocketServer@Win32@OnlineGameLib@@EAEXW4enumConnectionErrorSource@123@PAVSocket@123@PAVCIOBuffer@23@K@Z 1000b080 f   common:SocketServer.obj
 0001:0000a0d0       ??0Socket@CSocketServer@Win32@OnlineGameLib@@AAE@AAV123@I_N@Z 1000b0d0 f   common:SocketServer.obj
 0001:0000a230       ??1UserData@CSocketServer@Win32@OnlineGameLib@@QAE@XZ 1000b230 f i common:SocketServer.obj
 0001:0000a240       ??1ServerData@CSocketServer@Win32@OnlineGameLib@@QAE@XZ 1000b240 f i common:SocketServer.obj
 0001:0000a250       ??1Socket@CSocketServer@Win32@OnlineGameLib@@AAE@XZ 1000b250 f   common:SocketServer.obj
 0001:0000a360       ?Attach@Socket@CSocketServer@Win32@OnlineGameLib@@AAEXI@Z 1000b360 f   common:SocketServer.obj
 0001:0000a460       ?AddRef@Socket@CSocketServer@Win32@OnlineGameLib@@QAEXXZ 1000b460 f   common:SocketServer.obj
 0001:0000a470       ?Release@Socket@CSocketServer@Win32@OnlineGameLib@@QAEXXZ 1000b470 f   common:SocketServer.obj
 0001:0000a4d0       ?Shutdown@Socket@CSocketServer@Win32@OnlineGameLib@@QAEXH@Z 1000b4d0 f   common:SocketServer.obj
 0001:0000a620       ?IsConnected@Socket@CSocketServer@Win32@OnlineGameLib@@QBE_NH@Z 1000b620 f   common:SocketServer.obj
 0001:0000a670       ?Close@Socket@CSocketServer@Win32@OnlineGameLib@@QAEXXZ 1000b670 f   common:SocketServer.obj
 0001:0000a6e0       ?WritePending@Socket@CSocketServer@Win32@OnlineGameLib@@AAE_NXZ 1000b6e0 f   common:SocketServer.obj
 0001:0000a700       ?WriteCompleted@Socket@CSocketServer@Win32@OnlineGameLib@@AAEXXZ 1000b700 f   common:SocketServer.obj
 0001:0000a730       ?AbortiveClose@Socket@CSocketServer@Win32@OnlineGameLib@@QAEXXZ 1000b730 f   common:SocketServer.obj
 0001:0000a840       ?OnClientClose@Socket@CSocketServer@Win32@OnlineGameLib@@AAEXXZ 1000b840 f   common:SocketServer.obj
 0001:0000a870       ?OnConnectionReset@Socket@CSocketServer@Win32@OnlineGameLib@@AAEXXZ 1000b870 f   common:SocketServer.obj
 0001:0000a8e0       ?InternalClose@Socket@CSocketServer@Win32@OnlineGameLib@@AAEXXZ 1000b8e0 f   common:SocketServer.obj
 0001:0000aa00       ?Read@Socket@CSocketServer@Win32@OnlineGameLib@@QAE_NPAVCIOBuffer@34@_N@Z 1000ba00 f   common:SocketServer.obj
 0001:0000ab40       ?Write@Socket@CSocketServer@Win32@OnlineGameLib@@QAE_NPBDI_N@Z 1000bb40 f   common:SocketServer.obj
 0001:0000ab60       ?Write@Socket@CSocketServer@Win32@OnlineGameLib@@QAE_NPBEI_N@Z 1000bb60 f   common:SocketServer.obj
 0001:0000adf0       ?Write@Socket@CSocketServer@Win32@OnlineGameLib@@QAE_NPAVCIOBuffer@34@_N@Z 1000bdf0 f   common:SocketServer.obj
 0001:0000b060       ?GetSequenceNumber@Socket@CSocketServer@Win32@OnlineGameLib@@AAEJW4enumSequenceType@1234@@Z 1000c060 f   common:SocketServer.obj
 0001:0000b080       ?GetNextBuffer@Socket@CSocketServer@Win32@OnlineGameLib@@AAEPAVCIOBuffer@34@PAV534@@Z 1000c080 f   common:SocketServer.obj
 0001:0000b0b0       ?IsValid@Socket@CSocketServer@Win32@OnlineGameLib@@AAE_NXZ 1000c0b0 f   common:SocketServer.obj
 0001:0000b0e0       ?OnConnectionError@Socket@CSocketServer@Win32@OnlineGameLib@@AAEXW4enumConnectionErrorSource@234@PAVCIOBuffer@34@K@Z 1000c0e0 f   common:SocketServer.obj
 0001:0000b150       ??0SequenceData@Socket@CSocketServer@Win32@OnlineGameLib@@QAE@AAVCCriticalSection@34@@Z 1000c150 f   common:SocketServer.obj
 0001:0000b180       ?Reset@SequenceData@Socket@CSocketServer@Win32@OnlineGameLib@@QAEXXZ 1000c180 f   common:SocketServer.obj
 0001:0000b1a0       ??0WorkerThread@CSocketServer@Win32@OnlineGameLib@@QAE@AAV123@AAVCIOCompletionPort@23@@Z 1000c1a0 f   common:SocketServer.obj
 0001:0000b200       ??_GWorkerThread@CSocketServer@Win32@OnlineGameLib@@UAEPAXI@Z 1000c200 f i common:SocketServer.obj
 0001:0000b200       ??_EWorkerThread@CSocketServer@Win32@OnlineGameLib@@UAEPAXI@Z 1000c200 f i common:SocketServer.obj
 0001:0000b220       ??1WorkerThread@CSocketServer@Win32@OnlineGameLib@@UAE@XZ 1000c220 f   common:SocketServer.obj
 0001:0000b290       ?Run@WorkerThread@CSocketServer@Win32@OnlineGameLib@@MAEHXZ 1000c290 f   common:SocketServer.obj
 0001:0000b530       ?InitiateShutdown@WorkerThread@CSocketServer@Win32@OnlineGameLib@@QAEXXZ 1000c530 f   common:SocketServer.obj
 0001:0000b540       ?WaitForShutdownToComplete@WorkerThread@CSocketServer@Win32@OnlineGameLib@@QAEXXZ 1000c540 f   common:SocketServer.obj
 0001:0000b560       ?HandleOperation@WorkerThread@CSocketServer@Win32@OnlineGameLib@@MAEXPAVSocket@234@PAVCIOBuffer@34@K_N@Z 1000c560 f   common:SocketServer.obj
 0001:0000b7e0       ?ZeroByteRead@WorkerThread@CSocketServer@Win32@OnlineGameLib@@ABEXPAVSocket@234@PAVCIOBuffer@34@@Z 1000c7e0 f   common:SocketServer.obj
 0001:0000b870       ?Read@WorkerThread@CSocketServer@Win32@OnlineGameLib@@ABEXPAVSocket@234@PAVCIOBuffer@34@@Z 1000c870 f   common:SocketServer.obj
 0001:0000b960       ?Write@WorkerThread@CSocketServer@Win32@OnlineGameLib@@ABEXPAVSocket@234@PAVCIOBuffer@34@@Z 1000c960 f   common:SocketServer.obj
 0001:0000ba50       ??1?$vector@PAVWorkerThread@CSocketServer@Win32@OnlineGameLib@@V?$allocator@PAVWorkerThread@CSocketServer@Win32@OnlineGameLib@@@std@@@std@@QAE@XZ 1000ca50 f i common:SocketServer.obj
 0001:0000ba80       ?begin@?$_Tree@IU?$pair@$$CBIPAVCIOBuffer@Win32@OnlineGameLib@@@std@@U_Kfn@?$map@IPAVCIOBuffer@Win32@OnlineGameLib@@U?$less@I@std@@V?$allocator@PAVCIOBuffer@Win32@OnlineGameLib@@@5@@2@U?$less@I@2@V?$allocator@PAVCIOBuffer@Win32@OnlineGameLib@@@2@@std@@QAE?AViterator@12@XZ 1000ca80 f i common:SocketServer.obj
 0001:0000ba90       ?erase@?$_Tree@IU?$pair@$$CBIPAVCIOBuffer@Win32@OnlineGameLib@@@std@@U_Kfn@?$map@IPAVCIOBuffer@Win32@OnlineGameLib@@U?$less@I@std@@V?$allocator@PAVCIOBuffer@Win32@OnlineGameLib@@@5@@2@U?$less@I@2@V?$allocator@PAVCIOBuffer@Win32@OnlineGameLib@@@2@@std@@QAE?AViterator@12@V312@0@Z 1000ca90 f i common:SocketServer.obj
 0001:0000bbc0       ?size@?$vector@PAVWorkerThread@CSocketServer@Win32@OnlineGameLib@@V?$allocator@PAVWorkerThread@CSocketServer@Win32@OnlineGameLib@@@std@@@std@@QBEIXZ 1000cbc0 f i common:SocketServer.obj
 0001:0000bbe0       ?insert@?$vector@PAVWorkerThread@CSocketServer@Win32@OnlineGameLib@@V?$allocator@PAVWorkerThread@CSocketServer@Win32@OnlineGameLib@@@std@@@std@@QAEPAPAVWorkerThread@CSocketServer@Win32@OnlineGameLib@@PAPAV3456@ABQAV3456@@Z 1000cbe0 f i common:SocketServer.obj
 0001:0000bd80       ?_Destroy@?$vector@PAVWorkerThread@CSocketServer@Win32@OnlineGameLib@@V?$allocator@PAVWorkerThread@CSocketServer@Win32@OnlineGameLib@@@std@@@std@@IAEXPAPAVWorkerThread@CSocketServer@Win32@OnlineGameLib@@0@Z 1000cd80 f i common:SocketServer.obj
 0001:0000bd90       ?_Ucopy@?$vector@PAVWorkerThread@CSocketServer@Win32@OnlineGameLib@@V?$allocator@PAVWorkerThread@CSocketServer@Win32@OnlineGameLib@@@std@@@std@@IAEPAPAVWorkerThread@CSocketServer@Win32@OnlineGameLib@@PBQAV3456@0PAPAV3456@@Z 1000cd90 f i common:SocketServer.obj
 0001:0000bdc0       ?erase@?$_Tree@IU?$pair@$$CBIPAVCIOBuffer@Win32@OnlineGameLib@@@std@@U_Kfn@?$map@IPAVCIOBuffer@Win32@OnlineGameLib@@U?$less@I@std@@V?$allocator@PAVCIOBuffer@Win32@OnlineGameLib@@@5@@2@U?$less@I@2@V?$allocator@PAVCIOBuffer@Win32@OnlineGameLib@@@2@@std@@QAE?AViterator@12@V312@@Z 1000cdc0 f i common:SocketServer.obj
 0001:0000c2e0       ?_Erase@?$_Tree@IU?$pair@$$CBIPAVCIOBuffer@Win32@OnlineGameLib@@@std@@U_Kfn@?$map@IPAVCIOBuffer@Win32@OnlineGameLib@@U?$less@I@std@@V?$allocator@PAVCIOBuffer@Win32@OnlineGameLib@@@5@@2@U?$less@I@2@V?$allocator@PAVCIOBuffer@Win32@OnlineGameLib@@@2@@std@@IAEXPAU_Node@12@@Z 1000d2e0 f i common:SocketServer.obj
 0001:0000c370       ?_Ufill@?$vector@PAVWorkerThread@CSocketServer@Win32@OnlineGameLib@@V?$allocator@PAVWorkerThread@CSocketServer@Win32@OnlineGameLib@@@std@@@std@@IAEXPAPAVWorkerThread@CSocketServer@Win32@OnlineGameLib@@IABQAV3456@@Z 1000d370 f i common:SocketServer.obj
 0001:0000c3a0       ?_Inc@const_iterator@?$_Tree@IU?$pair@$$CBIPAVCIOBuffer@Win32@OnlineGameLib@@@std@@U_Kfn@?$map@IPAVCIOBuffer@Win32@OnlineGameLib@@U?$less@I@std@@V?$allocator@PAVCIOBuffer@Win32@OnlineGameLib@@@5@@2@U?$less@I@2@V?$allocator@PAVCIOBuffer@Win32@OnlineGameLib@@@2@@std@@QAEXXZ 1000d3a0 f i common:SocketServer.obj
 0001:0000c450       ?_Construct@std@@YAXPAPAVWorkerThread@CSocketServer@Win32@OnlineGameLib@@ABQAV2345@@Z 1000d450 f i common:SocketServer.obj
 0001:0000c4a0       ??_ECSocketServer@Win32@OnlineGameLib@@W7AEPAXI@Z 1000d4a0 f i common:SocketServer.obj
 0001:0000c4b0       ??0CEvent@Win32@OnlineGameLib@@QAE@PAU_SECURITY_ATTRIBUTES@@_N1@Z 1000d4b0 f   common:Event.obj
 0001:0000c5c0       ??_GCEvent@Win32@OnlineGameLib@@UAEPAXI@Z 1000d5c0 f i common:Event.obj
 0001:0000c5c0       ??_ECEvent@Win32@OnlineGameLib@@UAEPAXI@Z 1000d5c0 f i common:Event.obj
 0001:0000c5e0       ??0CEvent@Win32@OnlineGameLib@@QAE@PAU_SECURITY_ATTRIBUTES@@_N1PBD@Z 1000d5e0 f   common:Event.obj
 0001:0000c610       ??1CEvent@Win32@OnlineGameLib@@UAE@XZ 1000d610 f   common:Event.obj
 0001:0000c630       ?Wait@CEvent@Win32@OnlineGameLib@@QBEXXZ 1000d630 f   common:Event.obj
 0001:0000c730       ?Wait@CEvent@Win32@OnlineGameLib@@QBE_NK@Z 1000d730 f   common:Event.obj
 0001:0000c820       ?Reset@CEvent@Win32@OnlineGameLib@@QAEXXZ 1000d820 f   common:Event.obj
 0001:0000c8f0       ?Set@CEvent@Win32@OnlineGameLib@@QAEXXZ 1000d8f0 f   common:Event.obj
 0001:0000c9c0       ?Pulse@CEvent@Win32@OnlineGameLib@@QAEXXZ 1000d9c0 f   common:Event.obj
 0001:0000cac0       ??0CIOBuffer@Win32@OnlineGameLib@@AAE@AAVAllocator@012@I@Z 1000dac0 f   common:IOBuffer.obj
 0001:0000cb50       ??1COpaqueUserData@OnlineGameLib@@IAE@XZ 1000db50 f i common:IOBuffer.obj
 0001:0000cb60       ??1CIOBuffer@Win32@OnlineGameLib@@AAE@XZ 1000db60 f   common:IOBuffer.obj
 0001:0000cbd0       ?Empty@CIOBuffer@Win32@OnlineGameLib@@QAEXXZ 1000dbd0 f   common:IOBuffer.obj
 0001:0000cbf0       ??2CIOBuffer@Win32@OnlineGameLib@@CAPAXII@Z 1000dbf0 f   common:IOBuffer.obj
 0001:0000cc00       ??3CIOBuffer@Win32@OnlineGameLib@@CAXPAXI@Z 1000dc00 f   common:IOBuffer.obj
 0001:0000cc10       ?SplitBuffer@CIOBuffer@Win32@OnlineGameLib@@QAEPAV123@I@Z 1000dc10 f   common:IOBuffer.obj
 0001:0000cc60       ?RemoveBuffer@CIOBuffer@Win32@OnlineGameLib@@QAEXI@Z 1000dc60 f   common:IOBuffer.obj
 0001:0000cc90       ?AllocateNewBuffer@CIOBuffer@Win32@OnlineGameLib@@QBEPAV123@XZ 1000dc90 f   common:IOBuffer.obj
 0001:0000cca0       ?AddData@CIOBuffer@Win32@OnlineGameLib@@QAEXQBDI@Z 1000dca0 f   common:IOBuffer.obj
 0001:0000cdc0       ?AddData@CIOBuffer@Win32@OnlineGameLib@@QAEXQBEI@Z 1000ddc0 f   common:IOBuffer.obj
 0001:0000cde0       ?AddData@CIOBuffer@Win32@OnlineGameLib@@QAEXE@Z 1000dde0 f   common:IOBuffer.obj
 0001:0000cdf0       ?Release@CIOBuffer@Win32@OnlineGameLib@@QAEXXZ 1000ddf0 f   common:IOBuffer.obj
 0001:0000cf10       ??0Allocator@CIOBuffer@Win32@OnlineGameLib@@QAE@II@Z 1000df10 f   common:IOBuffer.obj
 0001:0000cf50       ?OnBufferCreated@Allocator@CIOBuffer@Win32@OnlineGameLib@@EAEXXZ 1000df50 f i common:IOBuffer.obj
 0001:0000cf60       ?OnBufferAllocated@Allocator@CIOBuffer@Win32@OnlineGameLib@@EAEXXZ 1000df60 f i common:IOBuffer.obj
 0001:0000cf70       ?OnBufferReleased@Allocator@CIOBuffer@Win32@OnlineGameLib@@EAEXXZ 1000df70 f i common:IOBuffer.obj
 0001:0000cf80       ??_EAllocator@CIOBuffer@Win32@OnlineGameLib@@UAEPAXI@Z 1000df80 f i common:IOBuffer.obj
 0001:0000cf80       ??_GAllocator@CIOBuffer@Win32@OnlineGameLib@@UAEPAXI@Z 1000df80 f i common:IOBuffer.obj
 0001:0000cfa0       ??1Allocator@CIOBuffer@Win32@OnlineGameLib@@UAE@XZ 1000dfa0 f   common:IOBuffer.obj
 0001:0000d010       ?Allocate@Allocator@CIOBuffer@Win32@OnlineGameLib@@QAEPAV234@XZ 1000e010 f   common:IOBuffer.obj
 0001:0000d180       ?Release@Allocator@CIOBuffer@Win32@OnlineGameLib@@AAEXPAV234@@Z 1000e180 f   common:IOBuffer.obj
 0001:0000d300       ?DestroyBuffer@Allocator@CIOBuffer@Win32@OnlineGameLib@@AAEXPAV234@@Z 1000e300 f   common:IOBuffer.obj
 0001:0000d360       ?Flush@Allocator@CIOBuffer@Win32@OnlineGameLib@@IAEXXZ 1000e360 f   common:IOBuffer.obj
 0001:0000d410       ??0InOrderBufferList@CIOBuffer@Win32@OnlineGameLib@@QAE@AAVCCriticalSection@23@@Z 1000e410 f   common:IOBuffer.obj
 0001:0000d4e0       ?AddBuffer@InOrderBufferList@CIOBuffer@Win32@OnlineGameLib@@QAEXPAV234@@Z 1000e4e0 f   common:IOBuffer.obj
 0001:0000d550       ?ProcessAndGetNext@InOrderBufferList@CIOBuffer@Win32@OnlineGameLib@@QAEPAV234@XZ 1000e550 f   common:IOBuffer.obj
 0001:0000d5d0       ?GetNext@InOrderBufferList@CIOBuffer@Win32@OnlineGameLib@@QAEPAV234@XZ 1000e5d0 f   common:IOBuffer.obj
 0001:0000d640       ?GetNext@InOrderBufferList@CIOBuffer@Win32@OnlineGameLib@@QAEPAV234@PAV234@@Z 1000e640 f   common:IOBuffer.obj
 0001:0000d6f0       ?ProcessBuffer@InOrderBufferList@CIOBuffer@Win32@OnlineGameLib@@QAEXXZ 1000e6f0 f   common:IOBuffer.obj
 0001:0000d710       ?Reset@InOrderBufferList@CIOBuffer@Win32@OnlineGameLib@@QAEXXZ 1000e710 f   common:IOBuffer.obj
 0001:0000d720       ?insert@?$_Tree@IU?$pair@$$CBIPAVCIOBuffer@Win32@OnlineGameLib@@@std@@U_Kfn@?$map@IPAVCIOBuffer@Win32@OnlineGameLib@@U?$less@I@std@@V?$allocator@PAVCIOBuffer@Win32@OnlineGameLib@@@5@@2@U?$less@I@2@V?$allocator@PAVCIOBuffer@Win32@OnlineGameLib@@@2@@std@@QAE?AU?$pair@Viterator@?$_Tree@IU?$pair@$$CBIPAVCIOBuffer@Win32@OnlineGameLib@@@std@@U_Kfn@?$map@IPAVCIOBuffer@Win32@OnlineGameLib@@U?$less@I@std@@V?$allocator@PAVCIOBuffer@Win32@OnlineGameLib@@@5@@2@U?$less@I@2@V?$allocator@PAVCIOBuffer@Win32@OnlineGameLib@@@2@@std@@_N@2@ABU?$pair@$$CBIPAVCIOBuffer@Win32@OnlineGameLib@@@2@@Z 1000e720 f i common:IOBuffer.obj
 0001:0000d850       ?_Insert@?$_Tree@IU?$pair@$$CBIPAVCIOBuffer@Win32@OnlineGameLib@@@std@@U_Kfn@?$map@IPAVCIOBuffer@Win32@OnlineGameLib@@U?$less@I@std@@V?$allocator@PAVCIOBuffer@Win32@OnlineGameLib@@@5@@2@U?$less@I@2@V?$allocator@PAVCIOBuffer@Win32@OnlineGameLib@@@2@@std@@IAE?AViterator@12@PAU_Node@12@0ABU?$pair@$$CBIPAVCIOBuffer@Win32@OnlineGameLib@@@2@@Z 1000e850 f i common:IOBuffer.obj
 0001:0000db50       ?_Dec@const_iterator@?$_Tree@IU?$pair@$$CBIPAVCIOBuffer@Win32@OnlineGameLib@@@std@@U_Kfn@?$map@IPAVCIOBuffer@Win32@OnlineGameLib@@U?$less@I@std@@V?$allocator@PAVCIOBuffer@Win32@OnlineGameLib@@@5@@2@U?$less@I@2@V?$allocator@PAVCIOBuffer@Win32@OnlineGameLib@@@2@@std@@QAEXXZ 1000eb50 f i common:IOBuffer.obj
 0001:0000dc10       ?_Construct@std@@YAXPAU?$pair@$$CBIPAVCIOBuffer@Win32@OnlineGameLib@@@1@ABU21@@Z 1000ec10 f i common:IOBuffer.obj
 0001:0000dc60       ??0CWin32Exception@Win32@OnlineGameLib@@QAE@ABV?$basic_string@DU?$char_traits@D@std@@V?$allocator@D@2@@std@@K@Z 1000ec60 f   common:Win32Exception.obj
 0001:0000dd20       ??0CException@Win32@OnlineGameLib@@QAE@ABV?$basic_string@DU?$char_traits@D@std@@V?$allocator@D@2@@std@@0@Z 1000ed20 f   common:Exception.obj
 0001:0000de50       ?GetWhere@CException@Win32@OnlineGameLib@@UBE?AV?$basic_string@DU?$char_traits@D@std@@V?$allocator@D@2@@std@@XZ 1000ee50 f   common:Exception.obj
 0001:0000df80       ?GetMessageA@CException@Win32@OnlineGameLib@@UBE?AV?$basic_string@DU?$char_traits@D@std@@V?$allocator@D@2@@std@@XZ 1000ef80 f   common:Exception.obj
 0001:0000e0b0       ?MessageBoxA@CException@Win32@OnlineGameLib@@QBEXPAUHWND__@@@Z 1000f0b0 f   common:Exception.obj
 0001:0000e420       ?SetLogFileName@Win32@OnlineGameLib@@YAXABV?$basic_string@DU?$char_traits@D@std@@V?$allocator@D@2@@std@@@Z 1000f420 f   common:Utils.obj
 0001:0000e530       ?Message@Win32@OnlineGameLib@@YAXQBD@Z 1000f530 f   common:Utils.obj
 0001:0000e560       ?Output@Win32@OnlineGameLib@@YAXABV?$basic_string@DU?$char_traits@D@std@@V?$allocator@D@2@@std@@@Z 1000f560 f   common:Utils.obj
 0001:0000e570       ?Trace@Win32@OnlineGameLib@@YAXABV?$basic_string@DU?$char_traits@D@std@@V?$allocator@D@2@@std@@0@Z 1000f570 f   common:Utils.obj
 0001:0000e580       ?GetLastErrorMessage@Win32@OnlineGameLib@@YA?AV?$basic_string@DU?$char_traits@D@std@@V?$allocator@D@2@@std@@K@Z 1000f580 f   common:Utils.obj
 0001:0000e6a0       ?HexToString@Win32@OnlineGameLib@@YA?AV?$basic_string@DU?$char_traits@D@std@@V?$allocator@D@2@@std@@PBEI@Z 1000f6a0 f   common:Utils.obj
 0001:0000e830       ?StringToHex@Win32@OnlineGameLib@@YAXABV?$basic_string@DU?$char_traits@D@std@@V?$allocator@D@2@@std@@PAEI@Z 1000f830 f   common:Utils.obj
 0001:0000e970       ?HexStringToDWORD@Win32@OnlineGameLib@@YAKPBD@Z 1000f970 f   common:Utils.obj
 0001:0000e9d0       ?HashStr2ID@Win32@OnlineGameLib@@YAKQBD@Z 1000f9d0 f   common:Utils.obj
 0001:0000ea20       ?net_aton@Win32@OnlineGameLib@@YAKPBD@Z 1000fa20 f   common:Utils.obj
 0001:0000eab0       ?net_ntoa@Win32@OnlineGameLib@@YAPBDK@Z 1000fab0 f   common:Utils.obj
 0001:0000eaf0       ?GetCurrentDirectoryA@Win32@OnlineGameLib@@YA?AV?$basic_string@DU?$char_traits@D@std@@V?$allocator@D@2@@std@@XZ 1000faf0 f   common:Utils.obj
 0001:0000ec70       ?GetAppFullPath@Win32@OnlineGameLib@@YA?AV?$basic_string@DU?$char_traits@D@std@@V?$allocator@D@2@@std@@PAUHINSTANCE__@@@Z 1000fc70 f   common:Utils.obj
 0001:0000ee50       ?GetDateStamp@Win32@OnlineGameLib@@YA?AV?$basic_string@DU?$char_traits@D@std@@V?$allocator@D@2@@std@@XZ 1000fe50 f   common:Utils.obj
 0001:0000ef70       ?GetTimeStamp@Win32@OnlineGameLib@@YA?AV?$basic_string@DU?$char_traits@D@std@@V?$allocator@D@2@@std@@XZ 1000ff70 f   common:Utils.obj
 0001:0000f080       ?ToHex@Win32@OnlineGameLib@@YA?AV?$basic_string@DU?$char_traits@D@std@@V?$allocator@D@2@@std@@E@Z 10010080 f   common:Utils.obj
 0001:0000f160       ?DumpData@Win32@OnlineGameLib@@YA?AV?$basic_string@DU?$char_traits@D@std@@V?$allocator@D@2@@std@@QBEII@Z 10010160 f   common:Utils.obj
 0001:0000f500       ?GetComputerNameA@Win32@OnlineGameLib@@YA?AV?$basic_string@DU?$char_traits@D@std@@V?$allocator@D@2@@std@@XZ 10010500 f   common:Utils.obj
 0001:0000f750       ?GetModuleFileNameA@Win32@OnlineGameLib@@YA?AV?$basic_string@DU?$char_traits@D@std@@V?$allocator@D@2@@std@@PAUHINSTANCE__@@@Z 10010750 f   common:Utils.obj
 0001:0000f9b0       ?GetUserNameA@Win32@OnlineGameLib@@YA?AV?$basic_string@DU?$char_traits@D@std@@V?$allocator@D@2@@std@@XZ 100109b0 f   common:Utils.obj
 0001:0000fc10       ?StripLeading@Win32@OnlineGameLib@@YA?AV?$basic_string@DU?$char_traits@D@std@@V?$allocator@D@2@@std@@ABV34@D@Z 10010c10 f   common:Utils.obj
 0001:0000fcf0       ?StripTrailing@Win32@OnlineGameLib@@YA?AV?$basic_string@DU?$char_traits@D@std@@V?$allocator@D@2@@std@@ABV34@D@Z 10010cf0 f   common:Utils.obj
 0001:0000fd40       ?GetFileVersion@Win32@OnlineGameLib@@YA?AV?$basic_string@DU?$char_traits@D@std@@V?$allocator@D@2@@std@@XZ 10010d40 f   common:Utils.obj
 0001:00010020       ?GetLocalName@Win32@OnlineGameLib@@YA_NPADI@Z 10011020 f   common:Utils.obj
 0001:00010120       ?GetLocalAddress@Win32@OnlineGameLib@@YA_NPADIH@Z 10011120 f   common:Utils.obj
 0001:00010250       ?substr@?$basic_string@DU?$char_traits@D@std@@V?$allocator@D@2@@std@@QBE?AV12@II@Z 10011250 f i common:Utils.obj
 0001:000103e0       ??0?$basic_fstream@DU?$char_traits@D@std@@@std@@QAE@XZ 100113e0 f i common:Utils.obj
 0001:00010540       ?_Incref@facet@locale@std@@QAEXXZ 10011540 f i common:Utils.obj
 0001:00010570       ??0?$basic_ostream@DU?$char_traits@D@std@@@std@@QAE@PAV?$basic_streambuf@DU?$char_traits@D@std@@@1@_N1@Z 10011570 f i common:Utils.obj
 0001:00010630       ??1?$basic_fstream@DU?$char_traits@D@std@@@std@@UAE@XZ 10011630 f i common:Utils.obj
 0001:00010770       ?overflow@?$basic_filebuf@DU?$char_traits@D@std@@@std@@MAEHH@Z 10011770 f i common:Utils.obj
 0001:00010950       ?pbackfail@?$basic_filebuf@DU?$char_traits@D@std@@@std@@MAEHH@Z 10011950 f i common:Utils.obj
 0001:00010af0       ?underflow@?$basic_filebuf@DU?$char_traits@D@std@@@std@@MAEHXZ 10011af0 f i common:Utils.obj
 0001:00010b20       ?uflow@?$basic_filebuf@DU?$char_traits@D@std@@@std@@MAEHXZ 10011b20 f i common:Utils.obj
 0001:00010d10       ?seekoff@?$basic_filebuf@DU?$char_traits@D@std@@@std@@MAE?AV?$fpos@H@2@JW4seekdir@ios_base@2@H@Z 10011d10 f i common:Utils.obj
 0001:00010da0       ?seekpos@?$basic_filebuf@DU?$char_traits@D@std@@@std@@MAE?AV?$fpos@H@2@V32@H@Z 10011da0 f i common:Utils.obj
 0001:00010f30       ?setbuf@?$basic_filebuf@DU?$char_traits@D@std@@@std@@MAEPAV?$basic_streambuf@DU?$char_traits@D@std@@@2@PADH@Z 10011f30 f i common:Utils.obj
 0001:00010f60       ?sync@?$basic_filebuf@DU?$char_traits@D@std@@@std@@MAEHXZ 10011f60 f i common:Utils.obj
 0001:00010f80       ??1?$auto_ptr@D@std@@QAE@XZ 10011f80 f i common:Utils.obj
 0001:00010f90       ??1?$auto_ptr@E@std@@QAE@XZ 10011f90 f i common:Utils.obj
 0001:00010fa0       ??_E?$basic_fstream@DU?$char_traits@D@std@@@std@@UAEPAXI@Z 10011fa0 f i common:Utils.obj
 0001:00010fa0       ??_G?$basic_fstream@DU?$char_traits@D@std@@@std@@UAEPAXI@Z 10011fa0 f i common:Utils.obj
 0001:00010fd0       ??_E?$basic_filebuf@DU?$char_traits@D@std@@@std@@UAEPAXI@Z 10011fd0 f i common:Utils.obj
 0001:00010fd0       ??_G?$basic_filebuf@DU?$char_traits@D@std@@@std@@UAEPAXI@Z 10011fd0 f i common:Utils.obj
 0001:00010ff0       ??1?$basic_filebuf@DU?$char_traits@D@std@@@std@@UAE@XZ 10011ff0 f i common:Utils.obj
 0001:00011140       ?append@?$basic_string@DU?$char_traits@D@std@@V?$allocator@D@2@@std@@QAEAAV12@ID@Z 10012140 f i common:Utils.obj
 0001:00011210       ?init@?$basic_ios@DU?$char_traits@D@std@@@std@@IAEXPAV?$basic_streambuf@DU?$char_traits@D@std@@@2@_N@Z 10012210 f i common:Utils.obj
 0001:00011260       ?_Init@?$basic_streambuf@DU?$char_traits@D@std@@@std@@IAEXXZ 10012260 f i common:Utils.obj
 0001:000112c0       ?append@?$basic_string@DU?$char_traits@D@std@@V?$allocator@D@2@@std@@QAEAAV12@ABV12@II@Z 100122c0 f i common:Utils.obj
 0001:000113a0       ?append@?$basic_string@DU?$char_traits@D@std@@V?$allocator@D@2@@std@@QAEAAV12@PBDI@Z 100123a0 f i common:Utils.obj
 0001:00011460       ?_Freeze@?$basic_string@DU?$char_traits@D@std@@V?$allocator@D@2@@std@@AAEXXZ 10012460 f i common:Utils.obj
 0001:000114e0       ?_Init@?$basic_filebuf@DU?$char_traits@D@std@@@std@@IAEXPAU_iobuf@@W4_Initfl@12@@Z 100124e0 f i common:Utils.obj
 0001:000115c0       ??0locale@std@@QAE@XZ      100125c0 f i common:Utils.obj
 0001:00011640       ??0CThread@Win32@OnlineGameLib@@QAE@XZ 10012640 f   common:Thread.obj
 0001:00011650       ??_ECThread@Win32@OnlineGameLib@@UAEPAXI@Z 10012650 f i common:Thread.obj
 0001:00011650       ??_GCThread@Win32@OnlineGameLib@@UAEPAXI@Z 10012650 f i common:Thread.obj
 0001:00011670       ??1CThread@Win32@OnlineGameLib@@UAE@XZ 10012670 f   common:Thread.obj
 0001:00011690       ?GetHandle@CThread@Win32@OnlineGameLib@@QBEPAXXZ 10012690 f   common:Thread.obj
 0001:000116a0       ?Start@CThread@Win32@OnlineGameLib@@QAEXXZ 100126a0 f   common:Thread.obj
 0001:00011850       ?Wait@CThread@Win32@OnlineGameLib@@QBEXXZ 10012850 f   common:Thread.obj
 0001:00011950       ?Wait@CThread@Win32@OnlineGameLib@@QBE_NK@Z 10012950 f   common:Thread.obj
 0001:00011a40       ?ThreadFunction@CThread@Win32@OnlineGameLib@@CGIPAX@Z 10012a40 f   common:Thread.obj
 0001:00011ab0       ?Terminate@CThread@Win32@OnlineGameLib@@QAEXK@Z 10012ab0 f   common:Thread.obj
 0001:00011b10       ?KSG_DecodeEncode@@YAHIPAEPAI@Z 10012b10 f   common:KSG_EncodeDecode.obj
 0001:00011b70       ?KSG_DecodeEncode_ASM@@YAHIPAEPAI@Z 10012b70 f   common:KSG_EncodeDecode.obj
 0001:00011bd0       ??0CSocketAddress@Win32@OnlineGameLib@@QAE@PBUsockaddr@@@Z 10012bd0 f   common:SocketAddress.obj
 0001:00011db0       ?GetAsString@CSocketAddress@Win32@OnlineGameLib@@QBE?AV?$basic_string@DU?$char_traits@D@std@@V?$allocator@D@2@@std@@XZ 10012db0 f   common:SocketAddress.obj
 0001:00011ee0       ?ToString@Win32@OnlineGameLib@@YA?AV?$basic_string@DU?$char_traits@D@std@@V?$allocator@D@2@@std@@G@Z 10012ee0 f i common:SocketAddress.obj
 0001:000120e0       ??6?$basic_ostream@DU?$char_traits@D@std@@@std@@QAEAAV01@G@Z 100130e0 f i common:SocketAddress.obj
 0001:000123a0       ??0CIOCompletionPort@Win32@OnlineGameLib@@QAE@I@Z 100133a0 f   common:IOCompletionPort.obj
 0001:00012480       ??1CIOCompletionPort@Win32@OnlineGameLib@@QAE@XZ 10013480 f   common:IOCompletionPort.obj
 0001:000124a0       ?AssociateDevice@CIOCompletionPort@Win32@OnlineGameLib@@QAEXPAXK@Z 100134a0 f   common:IOCompletionPort.obj
 0001:00012580       ?PostStatus@CIOCompletionPort@Win32@OnlineGameLib@@QAEXKKPAU_OVERLAPPED@@@Z 10013580 f   common:IOCompletionPort.obj
 0001:00012660       ?GetStatus@CIOCompletionPort@Win32@OnlineGameLib@@QAEKPAK0PAPAU_OVERLAPPED@@@Z 10013660 f   common:IOCompletionPort.obj
 0001:00012690       ?GetStatus@CIOCompletionPort@Win32@OnlineGameLib@@QAEKPAK0PAPAU_OVERLAPPED@@K@Z 10013690 f   common:IOCompletionPort.obj
 0001:00012700       ??0CUsesWinsock@Win32@OnlineGameLib@@QAE@XZ 10013700 f   common:UsesWinsock.obj
 0001:000127d0       ??1CUsesWinsock@Win32@OnlineGameLib@@QAE@XZ 100137d0 f   common:UsesWinsock.obj
 0001:00012810       ??0CManualResetEvent@Win32@OnlineGameLib@@QAE@_N@Z 10013810 f   common:ManualResetEvent.obj
 0001:00012830       ??_GCManualResetEvent@Win32@OnlineGameLib@@UAEPAXI@Z 10013830 f i common:ManualResetEvent.obj
 0001:00012830       ??_ECManualResetEvent@Win32@OnlineGameLib@@UAEPAXI@Z 10013830 f i common:ManualResetEvent.obj
 0001:00012850       ??0CManualResetEvent@Win32@OnlineGameLib@@QAE@PBD_N@Z 10013850 f   common:ManualResetEvent.obj
 0001:00012880       ??0CNodeList@OnlineGameLib@@QAE@XZ 10013880 f   common:NodeList.obj
 0001:00012890       ?PushNode@CNodeList@OnlineGameLib@@QAEXPAVNode@12@@Z 10013890 f   common:NodeList.obj
 0001:000128c0       ?PopNode@CNodeList@OnlineGameLib@@QAEPAVNode@12@XZ 100138c0 f   common:NodeList.obj
 0001:000128e0       ?RemoveNode@CNodeList@OnlineGameLib@@AAEXPAVNode@12@@Z 100138e0 f   common:NodeList.obj
 0001:00012900       ??0Node@CNodeList@OnlineGameLib@@IAE@XZ 10013900 f   common:NodeList.obj
 0001:00012910       ??1Node@CNodeList@OnlineGameLib@@IAE@XZ 10013910 f   common:NodeList.obj
 0001:00012970       ?AddToList@Node@CNodeList@OnlineGameLib@@QAEXPAV23@@Z 10013970 f   common:NodeList.obj
 0001:00012980       ?RemoveFromList@Node@CNodeList@OnlineGameLib@@QAEXXZ 10013980 f   common:NodeList.obj
 0001:00012990       ?Unlink@Node@CNodeList@OnlineGameLib@@AAEXXZ 10013990 f   common:NodeList.obj
 0001:000129c0       ??0CSocket@Win32@OnlineGameLib@@QAE@XZ 100139c0 f   common:Socket.obj
 0001:000129d0       ??0CSocket@Win32@OnlineGameLib@@QAE@I@Z 100139d0 f   common:Socket.obj
 0001:00012aa0       ??1Exception@CSocket@Win32@OnlineGameLib@@UAE@XZ 10013aa0 f i common:Socket.obj
 0001:00012b20       ??0Exception@CSocket@Win32@OnlineGameLib@@QAE@ABV0123@@Z 10013b20 f i common:Socket.obj
 0001:00012c60       ??_GException@CSocket@Win32@OnlineGameLib@@UAEPAXI@Z 10013c60 f i common:Socket.obj
 0001:00012c60       ??_EException@CSocket@Win32@OnlineGameLib@@UAEPAXI@Z 10013c60 f i common:Socket.obj
 0001:00012c80       ??1CSocket@Win32@OnlineGameLib@@QAE@XZ 10013c80 f   common:Socket.obj
 0001:00012cd0       ?Attach@CSocket@Win32@OnlineGameLib@@QAEXI@Z 10013cd0 f   common:Socket.obj
 0001:00012cf0       ?Detatch@CSocket@Win32@OnlineGameLib@@QAEIXZ 10013cf0 f   common:Socket.obj
 0001:00012d00       ?Close@CSocket@Win32@OnlineGameLib@@QAEXXZ 10013d00 f   common:Socket.obj
 0001:00012dd0       ?AbortiveClose@CSocket@Win32@OnlineGameLib@@QAEXXZ 10013dd0 f   common:Socket.obj
 0001:00012ec0       ?Shutdown@CSocket@Win32@OnlineGameLib@@QAEXH@Z 10013ec0 f   common:Socket.obj
 0001:00012f90       ?Listen@CSocket@Win32@OnlineGameLib@@QAEXH@Z 10013f90 f   common:Socket.obj
 0001:00013060       ?Bind@CSocket@Win32@OnlineGameLib@@QAEXABUsockaddr_in@@@Z 10014060 f   common:Socket.obj
 0001:00013130       ?Bind@CSocket@Win32@OnlineGameLib@@QAEXABUsockaddr@@I@Z 10014130 f   common:Socket.obj
 0001:00013200       ?Connect@CSocket@Win32@OnlineGameLib@@QAEXABUsockaddr_in@@@Z 10014200 f   common:Socket.obj
 0001:000132d0       ?Connect@CSocket@Win32@OnlineGameLib@@QAEXABUsockaddr@@I@Z 100142d0 f   common:Socket.obj
 0001:000133a0       ??0InternetAddress@CSocket@Win32@OnlineGameLib@@QAE@KG@Z 100143a0 f   common:Socket.obj
 0001:000133d0       ??0InternetAddress@CSocket@Win32@OnlineGameLib@@QAE@ABV?$basic_string@DU?$char_traits@D@std@@V?$allocator@D@2@@std@@G@Z 100143d0 f   common:Socket.obj
 0001:00013410       ??0Exception@CSocket@Win32@OnlineGameLib@@AAE@ABV?$basic_string@DU?$char_traits@D@std@@V?$allocator@D@2@@std@@K@Z 10014410 f   common:Socket.obj
 0001:00013460       ??2@YAPAXI@Z               10014460 f   LIBCMT:new.obj
 0001:0001346e       ??3@YAXPAX@Z               1001446e f   LIBCMT:delete.obj
 0001:00013479       ?_JumpToContinuation@@YGXPAXPAUEHRegistrationNode@@@Z 10014479 f   LIBCMT:trnsctrl.obj
 0001:000134ad       ?_CallMemberFunction0@@YGXPAX0@Z 100144ad f   LIBCMT:trnsctrl.obj
 0001:000134b4       ?_CallMemberFunction1@@YGXPAX00@Z 100144b4 f   LIBCMT:trnsctrl.obj
 0001:000134bb       ?_CallMemberFunction2@@YGXPAX00H@Z 100144bb f   LIBCMT:trnsctrl.obj
 0001:000134c2       ?_UnwindNestedFrames@@YGXPAUEHRegistrationNode@@PAUEHExceptionRecord@@@Z 100144c2 f   LIBCMT:trnsctrl.obj
 0001:00013511       ___CxxFrameHandler         10014511 f   LIBCMT:trnsctrl.obj
 0001:00013547       ___CxxLongjmpUnwind@4      10014547 f   LIBCMT:trnsctrl.obj
 0001:00013561       ?_CallCatchBlock2@@YAPAXPAUEHRegistrationNode@@PBU_s_FuncInfo@@PAXHK@Z 10014561 f   LIBCMT:trnsctrl.obj
 0001:000135da       ?_CallSETranslator@@YAHPAUEHExceptionRecord@@PAUEHRegistrationNode@@PAX2PBU_s_FuncInfo@@H1@Z 100145da f   LIBCMT:trnsctrl.obj
 0001:00013705       ?_GetRangeOfTrysToCheck@@YAPBU_s_TryBlockMapEntry@@PBU_s_FuncInfo@@HHPAI1@Z 10014705 f   LIBCMT:trnsctrl.obj
 0001:00013780       __global_unwind2           10014780 f   LIBCMT:exsup.obj
 0001:000137c2       __local_unwind2            100147c2 f   LIBCMT:exsup.obj
 0001:0001381a       __NLG_Return2              1001481a f   LIBCMT:exsup.obj
 0001:0001382a       __abnormal_termination     1001482a f   LIBCMT:exsup.obj
 0001:0001384d       __NLG_Notify1              1001484d f   LIBCMT:exsup.obj
 0001:00013856       __NLG_Notify               10014856 f   LIBCMT:exsup.obj
 0001:00013869       __NLG_Dispatch             10014869 f   LIBCMT:exsup.obj
 0001:0001386e       _time                      1001486e f   LIBCMT:time.obj
 0001:0001394a       __purecall                 1001494a f   LIBCMT:purevirt.obj
 0001:00013953       ??1type_info@@UAE@XZ       10014953 f   LIBCMT:typinfo.obj
 0001:0001397c       ??_Etype_info@@UAEPAXI@Z   1001497c f i LIBCMT:typinfo.obj
 0001:0001397c       ??_Gtype_info@@UAEPAXI@Z   1001497c f i LIBCMT:typinfo.obj
 0001:00013998       ??8type_info@@QBEHABV0@@Z  10014998 f   LIBCMT:typinfo.obj
 0001:000139b3       ??9type_info@@QBEHABV0@@Z  100149b3 f   LIBCMT:typinfo.obj
 0001:000139cf       ?before@type_info@@QBEHABV1@@Z 100149cf f   LIBCMT:typinfo.obj
 0001:000139ee       ?raw_name@type_info@@QBEPBDXZ 100149ee f   LIBCMT:typinfo.obj
 0001:000139f2       ??0type_info@@AAE@ABV0@@Z  100149f2 f   LIBCMT:typinfo.obj
 0001:000139fd       ??4type_info@@AAEAAV0@ABV0@@Z 100149fd f   LIBCMT:typinfo.obj
 0001:00013a02       __beginthreadex            10014a02 f   LIBCMT:threadex.obj
 0001:00013b09       __endthreadex              10014b09 f   LIBCMT:threadex.obj
 0001:00013b3b       __CxxThrowException@8      10014b3b f   LIBCMT:throw.obj
 0001:00013b80       _memmove                   10014b80 f   LIBCMT:memmove.obj
 0001:00013eb5       ??0exception@@QAE@XZ       10014eb5 f   LIBCMT:stdexcpt.obj
 0001:00013ec6       ??_Eexception@@UAEPAXI@Z   10014ec6 f i LIBCMT:stdexcpt.obj
 0001:00013ec6       ??_Gexception@@UAEPAXI@Z   10014ec6 f i LIBCMT:stdexcpt.obj
 0001:00013ee2       ??0exception@@QAE@ABQBD@Z  10014ee2 f   LIBCMT:stdexcpt.obj
 0001:00013f1f       ??0exception@@QAE@ABV0@@Z  10014f1f f   LIBCMT:stdexcpt.obj
 0001:00013f69       ??4exception@@QAEAAV0@ABV0@@Z 10014f69 f   LIBCMT:stdexcpt.obj
 0001:00013f88       ??1exception@@UAE@XZ       10014f88 f   LIBCMT:stdexcpt.obj
 0001:00013f9e       ?what@exception@@UBEPBDXZ  10014f9e f   LIBCMT:stdexcpt.obj
 0001:00013fab       __onexit                   10014fab f   LIBCMT:onexit.obj
 0001:00014029       _atexit                    10015029 f   LIBCMT:onexit.obj
 0001:0001403b       ___onexitinit              1001503b f   LIBCMT:onexit.obj
 0001:0001406a       _sprintf                   1001506a f   LIBCMT:sprintf.obj
 0001:000140bc       __fpmath                   100150bc f   LIBCMT:fpinit.obj
 0001:000140d3       __fpclear                  100150d3 f   LIBCMT:fpinit.obj
 0001:000140d4       __cfltcvt_init             100150d4 f   LIBCMT:fpinit.obj
 0001:0001410c       ___setfflag                1001510c f   LIBCMT:fpinit.obj
 0001:00014120       _memchr                    10015120 f   LIBCMT:memchr.obj
 0001:000141c5       _localeconv                100151c5 f   LIBCMT:lconv.obj
 0001:000141d0       _strcspn                   100151d0 f   LIBCMT:strcspn.obj
 0001:0001420e       __CRT_INIT@12              1001520e f   LIBCMT:dllcrt0.obj
 0001:000142e7       __DllMainCRTStartup@12     100152e7 f   LIBCMT:dllcrt0.obj
 0001:00014384       __amsg_exit                10015384 f   LIBCMT:dllcrt0.obj
 0001:000143b7       _fclose                    100153b7 f   LIBCMT:fclose.obj
 0001:000143e8       __fclose_lk                100153e8 f   LIBCMT:fclose.obj
 0001:00014434       __toupper                  10015434 f   LIBCMT:toupper.obj
 0001:0001443c       _toupper                   1001543c f   LIBCMT:toupper.obj
 0001:000144ab       __toupper_lk               100154ab f   LIBCMT:toupper.obj
 0001:00014577       _isalpha                   10015577 f   LIBCMT:_ctype.obj
 0001:000145a5       _isupper                   100155a5 f   LIBCMT:_ctype.obj
 0001:000145cd       _islower                   100155cd f   LIBCMT:_ctype.obj
 0001:000145f5       _isdigit                   100155f5 f   LIBCMT:_ctype.obj
 0001:0001461d       _isxdigit                  1001561d f   LIBCMT:_ctype.obj
 0001:0001464a       _isspace                   1001564a f   LIBCMT:_ctype.obj
 0001:00014672       _ispunct                   10015672 f   LIBCMT:_ctype.obj
 0001:0001469a       _isalnum                   1001569a f   LIBCMT:_ctype.obj
 0001:000146c8       _isprint                   100156c8 f   LIBCMT:_ctype.obj
 0001:000146f6       _isgraph                   100156f6 f   LIBCMT:_ctype.obj
 0001:00014724       _iscntrl                   10015724 f   LIBCMT:_ctype.obj
 0001:0001474c       ___isascii                 1001574c f   LIBCMT:_ctype.obj
 0001:00014759       ___toascii                 10015759 f   LIBCMT:_ctype.obj
 0001:00014761       ___iscsymf                 10015761 f   LIBCMT:_ctype.obj
 0001:0001479e       ___iscsym                  1001579e f   LIBCMT:_ctype.obj
 0001:000147db       _atol                      100157db f   LIBCMT:atox.obj
 0001:00014866       _atoi                      10015866 f   LIBCMT:atox.obj
 0001:00014871       __atoi64                   10015871 f   LIBCMT:atox.obj
 0001:0001492b       _strtok                    1001592b f   LIBCMT:strtok.obj
 0001:000149cf       _fwrite                    100159cf f   LIBCMT:fwrite.obj
 0001:000149fe       __fwrite_lk                100159fe f   LIBCMT:fwrite.obj
 0001:00014b08       _fputc                     10015b08 f   LIBCMT:fputc.obj
 0001:00014b43       _putc                      10015b43 f   LIBCMT:fputc.obj
 0001:00014b53       _fgetc                     10015b53 f   LIBCMT:fgetc.obj
 0001:00014b84       _getc                      10015b84 f   LIBCMT:fgetc.obj
 0001:00014b8f       _ungetc                    10015b8f f   LIBCMT:ungetc.obj
 0001:00014bb8       __ungetc_lk                10015bb8 f   LIBCMT:ungetc.obj
 0001:00014c26       _fgetpos                   10015c26 f   LIBCMT:fgetpos.obj
 0001:00014c48       _fseek                     10015c48 f   LIBCMT:fseek.obj
 0001:00014c74       __fseek_lk                 10015c74 f   LIBCMT:fseek.obj
 0001:00014d01       _fsetpos                   10015d01 f   LIBCMT:fsetpos.obj
 0001:00014d19       _setvbuf                   10015d19 f   LIBCMT:setvbuf.obj
 0001:00014dc8       _fflush                    10015dc8 f   LIBCMT:fflush.obj
 0001:00014df7       __fflush_lk                10015df7 f   LIBCMT:fflush.obj
 0001:00014e25       __flush                    10015e25 f   LIBCMT:fflush.obj
 0001:00014e81       __flushall                 10015e81 f   LIBCMT:fflush.obj
 0001:00014f2e       _malloc                    10015f2e f   LIBCMT:malloc.obj
 0001:00014f40       __nh_malloc                10015f40 f   LIBCMT:malloc.obj
 0001:00014f6c       __heap_alloc               10015f6c f   LIBCMT:malloc.obj
 0001:00014fba       _free                      10015fba f   LIBCMT:free.obj
 0001:00015002       ___InternalCxxFrameHandler 10016002 f   LIBCMT:frame.obj
 0001:00015357       ___FrameUnwindToState      10016357 f   LIBCMT:frame.obj
 0001:0001578f       ?_DestructExceptionObject@@YAXPAUEHExceptionRecord@@E@Z 1001678f f   LIBCMT:frame.obj
 0001:00015820       __CallSettingFrame@12      10016820 f   LIBCMT:lowhelpr.obj
 0001:00015847       __NLG_Return               10016847 f   LIBCMT:lowhelpr.obj
 0001:0001586c       __mtinit                   1001686c f   LIBCMT:tidtable.obj
 0001:000158c0       __mtterm                   100168c0 f   LIBCMT:tidtable.obj
 0001:000158de       __initptd                  100168de f   LIBCMT:tidtable.obj
 0001:000158f1       __getptd                   100168f1 f   LIBCMT:tidtable.obj
 0001:00015958       __freeptd                  10016958 f   LIBCMT:tidtable.obj
 0001:000159f8       ___threadid                100169f8 f   LIBCMT:tidtable.obj
 0001:000159fe       ___threadhandle            100169fe f   LIBCMT:tidtable.obj
 0001:00015a04       ?terminate@@YAXXZ          10016a04 f   LIBCMT:hooks.obj
 0001:00015a65       ?unexpected@@YAXXZ         10016a65 f   LIBCMT:hooks.obj
 0001:00015a7d       ?_inconsistency@@YAXXZ     10016a7d f   LIBCMT:hooks.obj
 0001:00015ad3       ___loctotime_t             10016ad3 f   LIBCMT:dtoxtime.obj
 0001:00015b95       __mtinitlocks              10016b95 f   LIBCMT:mlock.obj
 0001:00015bbe       __mtdeletelocks            10016bbe f   LIBCMT:mlock.obj
 0001:00015c2a       __lock                     10016c2a f   LIBCMT:mlock.obj
 0001:00015c8b       __unlock                   10016c8b f   LIBCMT:mlock.obj
 0001:00015ca0       __lockerr_exit             10016ca0 f   LIBCMT:mlock.obj
 0001:00015cc0       _strcmp                    10016cc0 f   LIBCMT:strcmp.obj
 0001:00015d44       __dosmaperr                10016d44 f   LIBCMT:dosmap.obj
 0001:00015db7       __errno                    10016db7 f   LIBCMT:dosmap.obj
 0001:00015dc0       ___doserrno                10016dc0 f   LIBCMT:dosmap.obj
 0001:00015dc9       _calloc                    10016dc9 f   LIBCMT:calloc.obj
 0001:00015e56       __cinit                    10016e56 f   LIBCMT:crt0dat.obj
 0001:00015e83       _exit                      10016e83 f   LIBCMT:crt0dat.obj
 0001:00015e94       __exit                     10016e94 f   LIBCMT:crt0dat.obj
 0001:00015ea5       __cexit                    10016ea5 f   LIBCMT:crt0dat.obj
 0001:00015eb4       __c_exit                   10016eb4 f   LIBCMT:crt0dat.obj
 0001:00015f68       __lockexit                 10016f68 f   LIBCMT:crt0dat.obj
 0001:00015f71       __unlockexit               10016f71 f   LIBCMT:crt0dat.obj
 0001:00015f94       __XcptFilter               10016f94 f   LIBCMT:winxfltr.obj
 0001:00016114       __except_handler3          10017114 f   LIBCMT:exsup3.obj
 0001:000161d1       __seh_longjmp_unwind@4     100171d1 f   LIBCMT:exsup3.obj
 0001:000161ec       ?__CxxUnhandledExceptionFilter@@YGJPAU_EXCEPTION_POINTERS@@@Z 100171ec f   LIBCMT:unhandld.obj
 0001:00016232       ?__CxxSetUnhandledExceptionFilter@@YAXXZ 10017232 f   LIBCMT:unhandld.obj
 0001:00016243       ?__CxxRestoreUnhandledExceptionFilter@@YAXXZ 10017243 f   LIBCMT:unhandld.obj
 0001:00016250       _strcpy                    10017250 f   LIBCMT:strcat.obj
 0001:00016260       _strcat                    10017260 f   LIBCMT:strcat.obj
 0001:00016340       _strlen                    10017340 f   LIBCMT:strlen.obj
 0001:000163bb       _realloc                   100173bb f   LIBCMT:realloc.obj
 0001:000164f3       __msize                    100174f3 f   LIBCMT:msize.obj
 0001:00016538       __flsbuf                   10017538 f   LIBCMT:_flsbuf.obj
 0001:00016650       __output                   10017650 f   LIBCMT:output.obj
 0001:00016e5a       __setdefaultprecision      10017e5a f   LIBCMT:fp8.obj
 0001:00016e6c       __ms_p5_test_fdiv          10017e6c f   LIBCMT:testfdiv.obj
 0001:00016eaa       __ms_p5_mp_test_fdiv       10017eaa f   LIBCMT:testfdiv.obj
 0001:00016ed3       __forcdecpt                10017ed3 f   LIBCMT:cvt.obj
 0001:00016f2d       __cropzeros                10017f2d f   LIBCMT:cvt.obj
 0001:00016f7b       __positive                 10017f7b f   LIBCMT:cvt.obj
 0001:00016f93       __fassign                  10017f93 f   LIBCMT:cvt.obj
 0001:00016fd1       __cftoe                    10017fd1 f   LIBCMT:cvt.obj
 0001:000170f4       __cftof                    100180f4 f   LIBCMT:cvt.obj
 0001:000171f0       __cftog                    100181f0 f   LIBCMT:cvt.obj
 0001:00017283       __cfltcvt                  10018283 f   LIBCMT:cvt.obj
 0001:000172f9       __ioinit                   100182f9 f   LIBCMT:ioinit.obj
 0001:000174b5       __ioterm                   100184b5 f   LIBCMT:ioinit.obj
 0001:00017509       __setenvp                  10018509 f   LIBCMT:stdenvp.obj
 0001:000175c2       __setargv                  100185c2 f   LIBCMT:stdargv.obj
 0001:0001780f       ___crtGetEnvironmentStringsA 1001880f f   LIBCMT:a_env.obj
 0001:00017941       __heap_init                10018941 f   LIBCMT:heapinit.obj
 0001:0001797d       __heap_term                1001897d f   LIBCMT:heapinit.obj
 0001:000179f2       __FF_MSGBANNER             100189f2 f   LIBCMT:crt0msg.obj
 0001:00017a2b       __NMSG_WRITE               10018a2b f   LIBCMT:crt0msg.obj
 0001:00017b7e       __GET_RTERRMSG             10018b7e f   LIBCMT:crt0msg.obj
 0001:00017baf       ___initstdio               10018baf f   LIBCMT:_file.obj
 0001:00017c57       ___endstdio                10018c57 f   LIBCMT:_file.obj
 0001:00017c6b       __lock_file                10018c6b f   LIBCMT:_file.obj
 0001:00017c9a       __lock_file2               10018c9a f   LIBCMT:_file.obj
 0001:00017cbd       __unlock_file              10018cbd f   LIBCMT:_file.obj
 0001:00017cec       __unlock_file2             10018cec f   LIBCMT:_file.obj
 0001:00017d0f       __close                    10018d0f f   LIBCMT:close.obj
 0001:00017d6c       __close_lk                 10018d6c f   LIBCMT:close.obj
 0001:00017def       __freebuf                  10018def f   LIBCMT:_freebuf.obj
 0001:00017e1a       _setlocale                 10018e1a f   LIBCMT:setlocal.obj
 0001:00018234       __expandlocale             10019234 f   LIBCMT:setlocal.obj
 0001:0001834c       ___init_dummy              1001934c f   LIBCMT:setlocal.obj
 0001:0001834f       __strcats                  1001934f f   LIBCMT:setlocal.obj
 0001:00018374       ___lc_strtolc              10019374 f   LIBCMT:setlocal.obj
 0001:00018440       ___lc_lctostr              10019440 f   LIBCMT:setlocal.obj
 0001:00018493       ___crtLCMapStringA         10019493 f   LIBCMT:a_map.obj
 0001:000186e2       __isctype                  100196e2 f   LIBCMT:isctype.obj
 0001:00018760       __allmul                   10019760 f   LIBCMT:llmul.obj
 0001:00018794       __write                    10019794 f   LIBCMT:write.obj
 0001:000187f9       __write_lk                 100197f9 f   LIBCMT:write.obj
 0001:00018990       _memcpy                    10019990 f   LIBCMT:memcpy.obj
 0001:00018cc5       __filbuf                   10019cc5 f   LIBCMT:_filbuf.obj
 0001:00018da1       __getbuf                   10019da1 f   LIBCMT:_getbuf.obj
 0001:00018de5       __ftelli64                 10019de5 f   LIBCMT:ftelli64.obj
 0001:00018e0d       __ftelli64_lk              10019e0d f   LIBCMT:ftelli64.obj
 0001:00018f9d       __lseek                    10019f9d f   LIBCMT:lseek.obj
 0001:00019002       __lseek_lk                 1001a002 f   LIBCMT:lseek.obj
 0001:00019075       _ftell                     1001a075 f   LIBCMT:ftell.obj
 0001:00019097       __ftell_lk                 1001a097 f   LIBCMT:ftell.obj
 0001:000191f8       __fseeki64                 1001a1f8 f   LIBCMT:fseeki64.obj
 0001:00019227       __fseeki64_lk              1001a227 f   LIBCMT:fseeki64.obj
 0001:000192b8       __commit                   1001a2b8 f   LIBCMT:commit.obj
 0001:0001934b       ?_set_new_handler@@YAP6AHI@ZP6AHI@Z@Z 1001a34b f   LIBCMT:handler.obj
 0001:0001936f       ?_query_new_handler@@YAP6AHI@ZXZ 1001a36f f   LIBCMT:handler.obj
 0001:00019375       __callnewh                 1001a375 f   LIBCMT:handler.obj
 0001:00019390       __get_sbh_threshold        1001a390 f   LIBCMT:sbheap.obj
 0001:00019396       __set_sbh_threshold        1001a396 f   LIBCMT:sbheap.obj
 0001:000193ad       ___sbh_heap_init           1001a3ad f   LIBCMT:sbheap.obj
 0001:000193eb       ___sbh_find_block          1001a3eb f   LIBCMT:sbheap.obj
 0001:00019416       ___sbh_free_block          1001a416 f   LIBCMT:sbheap.obj
 0001:00019741       ___sbh_alloc_block         1001a741 f   LIBCMT:sbheap.obj
 0001:00019a4a       ___sbh_alloc_new_region    1001aa4a f   LIBCMT:sbheap.obj
 0001:00019afb       ___sbh_alloc_new_group     1001aafb f   LIBCMT:sbheap.obj
 0001:00019bf6       ___sbh_resize_block        1001abf6 f   LIBCMT:sbheap.obj
 0001:00019eec       ___sbh_heapmin             1001aeec f   LIBCMT:sbheap.obj
 0001:00019fbd       ___sbh_heap_check          1001afbd f   LIBCMT:sbheap.obj
 0001:0001a2ec       ?_ValidateRead@@YAHPBXI@Z  1001b2ec f   LIBCMT:validate.obj
 0001:0001a308       ?_ValidateWrite@@YAHPAXI@Z 1001b308 f   LIBCMT:validate.obj
 0001:0001a324       ?_ValidateExecute@@YAHP6GHXZ@Z 1001b324 f   LIBCMT:validate.obj
 0001:0001a33c       _abort                     1001b33c f   LIBCMT:abort.obj
 0001:0001a353       ___tzset                   1001b353 f   LIBCMT:tzset.obj
 0001:0001a381       __tzset                    1001b381 f   LIBCMT:tzset.obj
 0001:0001a61e       __isindst                  1001b61e f   LIBCMT:tzset.obj
 0001:0001a930       _memset                    1001b930 f   LIBCMT:memset.obj
 0001:0001a988       __isatty                   1001b988 f   LIBCMT:isatty.obj
 0001:0001a9b1       _wctomb                    1001b9b1 f   LIBCMT:wctomb.obj
 0001:0001aa0a       __wctomb_lk                1001ba0a f   LIBCMT:wctomb.obj
 0001:0001aa80       __aulldiv                  1001ba80 f   LIBCMT:ulldiv.obj
 0001:0001aaf0       __aullrem                  1001baf0 f   LIBCMT:ullrem.obj
 0001:0001ab65       __statusfp                 1001bb65 f   LIBCMT:ieee87.obj
 0001:0001ab78       __clearfp                  1001bb78 f   LIBCMT:ieee87.obj
 0001:0001ab8c       __control87                1001bb8c f   LIBCMT:ieee87.obj
 0001:0001abc1       __controlfp                1001bbc1 f   LIBCMT:ieee87.obj
 0001:0001abd7       __fpreset                  1001bbd7 f   LIBCMT:ieee87.obj
 0001:0001ad52       __tolower                  1001bd52 f   LIBCMT:tolower.obj
 0001:0001ad5a       _tolower                   1001bd5a f   LIBCMT:tolower.obj
 0001:0001adc9       __tolower_lk               1001bdc9 f   LIBCMT:tolower.obj
 0001:0001ae94       __ZeroTail                 1001be94 f   LIBCMT:intrncvt.obj
 0001:0001aedd       __IncMan                   1001bedd f   LIBCMT:intrncvt.obj
[...]
 0001:0000e1b0       _$E18                      1000f1b0 f   common:Exception.obj
 0001:0000dcf0       _$E21                      1000ecf0 f   common:Win32Exception.obj
 0001:0000dd10       _$E20                      1000ed10 f   common:Win32Exception.obj
 0001:0000dc30       _$E23                      1000ec30 f   common:IOBuffer.obj
 0001:0000dc50       _$E22                      1000ec50 f   common:IOBuffer.obj
 0001:0000c4e0       ?Create@Win32@OnlineGameLib@@YAPAXPAU_SECURITY_ATTRIBUTES@@_N1PBD@Z 1000d4e0 f   common:Event.obj
 0001:0000ca90       _$E19                      1000da90 f   common:Event.obj
 0001:0000cab0       _$E18                      1000dab0 f   common:Event.obj
 0001:00009150       ?CalculateNumberOfThreads@Win32@OnlineGameLib@@YAII@Z 1000a150 f   common:SocketServer.obj
 0001:0000c470       _$E25                      1000d470 f   common:SocketServer.obj
 0001:0000c490       _$E24                      1000d490 f   common:SocketServer.obj
 0001:0002f713       _strtoxl                   10030713 f   LIBCMT:strtol.obj
 0001:0002022a       _findenv                   1002122a f   LIBCMT:setenv.obj
 0001:00020282       _copy_environ              10021282 f   LIBCMT:setenv.obj
 0001:00020078       _strncnt                   10021078 f   LIBCMT:a_cmp.obj
 0001:0001f532       _xtoa                      10020532 f   LIBCMT:xtoa.obj
 0001:0001f604       _x64toa@20                 10020604 f   LIBCMT:xtoa.obj
 0001:0001ea6b       __expandtime               1001fa6b f   LIBCMT:strftime.obj
 0001:0001ee5a       __store_str                1001fe5a f   LIBCMT:strftime.obj
 0001:0001ee81       __store_num                1001fe81 f   LIBCMT:strftime.obj
 0001:0001eef0       __store_number             1001fef0 f   LIBCMT:strftime.obj
 0001:0001ef39       __store_winword            1001ff39 f   LIBCMT:strftime.obj
 0001:0001d9ee       _ctrlevent_capture@4       1001e9ee f   LIBCMT:winsig.obj
 0001:0001dbd2       _siglookup                 1001ebd2 f   LIBCMT:winsig.obj
 0001:0001cc87       _TranslateName             1001dc87 f   LIBCMT:getqloc.obj
 0001:0001ccdf       _GetLcidFromLangCountry    1001dcdf f   LIBCMT:getqloc.obj
 0001:0001cd66       _LangCountryEnumProc@4     1001dd66 f   LIBCMT:getqloc.obj
 0001:0001cf6a       _GetLcidFromLanguage       1001df6a f   LIBCMT:getqloc.obj
 0001:0001cfc0       _LanguageEnumProc@4        1001dfc0 f   LIBCMT:getqloc.obj
 0001:0001d07d       _GetLcidFromCountry        1001e07d f   LIBCMT:getqloc.obj
 0001:0001d0b4       _CountryEnumProc@4         1001e0b4 f   LIBCMT:getqloc.obj
 0001:0001d13a       _GetLcidFromDefault        1001e13a f   LIBCMT:getqloc.obj
 0001:0001d154       _ProcessCodePage           1001e154 f   LIBCMT:getqloc.obj
 0001:0001d1ba       _TestDefaultCountry        1001e1ba f   LIBCMT:getqloc.obj
 0001:0001d1d9       _TestDefaultLanguage       1001e1d9 f   LIBCMT:getqloc.obj
 0001:0001d23b       _IsThisWindowsNT           1001e23b f   LIBCMT:getqloc.obj
 0001:0001d271       _crtGetLocaleInfoA@16      1001e271 f   LIBCMT:getqloc.obj
 0001:0001d357       _LcidFromHexString         1001e357 f   LIBCMT:getqloc.obj
 0001:0001d390       _GetPrimaryLen             1001e390 f   LIBCMT:getqloc.obj
 0001:0001c69d       __get_lc_lconv             1001d69d f   LIBCMT:initmon.obj
 0001:0001c7bf       _fix_grouping              1001d7bf f   LIBCMT:initmon.obj
 0001:0001c7f6       __free_lc_lconv            1001d7f6 f   LIBCMT:initmon.obj
 0001:0001c59b       _fix_grouping              1001d59b f   LIBCMT:initnum.obj
 0001:0001bee8       __get_lc_time              1001cee8 f   LIBCMT:inittime.obj
 0001:0001c236       __free_lc_time             1001d236 f   LIBCMT:inittime.obj
 0001:0001b667       _getSystemCP               1001c667 f   LIBCMT:mbctype.obj
 0001:0001b6b1       _CPtoLCID                  1001c6b1 f   LIBCMT:mbctype.obj
 0001:0001b6e4       _setSBCS                   1001c6e4 f   LIBCMT:mbctype.obj
 0001:0001b70d       _setSBUpLow                1001c70d f   LIBCMT:mbctype.obj
 0001:0001ac02       __abstract_cw              1001bc02 f   LIBCMT:ieee87.obj
 0001:0001ac94       __hw_cw                    1001bc94 f   LIBCMT:ieee87.obj
 0001:0001ad1d       __abstract_sw              1001bd1d f   LIBCMT:ieee87.obj
 0001:0001a397       __tzset_lk                 1001b397 f   LIBCMT:tzset.obj
 0001:0001a63f       __isindst_lk               1001b63f f   LIBCMT:tzset.obj
 0001:0001a7eb       _cvtdate                   1001b7eb f   LIBCMT:tzset.obj
 0001:00018a00       LeadUp1                    10019a00 f   LIBCMT:memcpy.obj
 0001:00018a2c       LeadUp2                    10019a2c f   LIBCMT:memcpy.obj
 0001:00018a50       LeadUp3                    10019a50 f   LIBCMT:memcpy.obj
 0001:00018acf       UnwindUp0                  10019acf f   LIBCMT:memcpy.obj
 0001:00018abc       UnwindUp1                  10019abc f   LIBCMT:memcpy.obj
 0001:00018ab4       UnwindUp2                  10019ab4 f   LIBCMT:memcpy.obj
 0001:00018aac       UnwindUp3                  10019aac f   LIBCMT:memcpy.obj
 0001:00018aa4       UnwindUp4                  10019aa4 f   LIBCMT:memcpy.obj
 0001:00018a9c       UnwindUp5                  10019a9c f   LIBCMT:memcpy.obj
 0001:00018a94       UnwindUp6                  10019a94 f   LIBCMT:memcpy.obj
 0001:00018a8c       UnwindUp7                  10019a8c f   LIBCMT:memcpy.obj
 0001:00018ae8       TrailUp0                   10019ae8 f   LIBCMT:memcpy.obj
 0001:00018af0       TrailUp1                   10019af0 f   LIBCMT:memcpy.obj
 0001:00018afc       TrailUp2                   10019afc f   LIBCMT:memcpy.obj
 0001:00018b10       TrailUp3                   10019b10 f   LIBCMT:memcpy.obj
 0001:00018b88       LeadDown1                  10019b88 f   LIBCMT:memcpy.obj
 0001:00018ba8       LeadDown2                  10019ba8 f   LIBCMT:memcpy.obj
 0001:00018bd0       LeadDown3                  10019bd0 f   LIBCMT:memcpy.obj
 0001:00018c24       UnwindDown7                10019c24 f   LIBCMT:memcpy.obj
 0001:00018c2c       UnwindDown6                10019c2c f   LIBCMT:memcpy.obj
 0001:00018c34       UnwindDown5                10019c34 f   LIBCMT:memcpy.obj
 0001:00018c3c       UnwindDown4                10019c3c f   LIBCMT:memcpy.obj
 0001:00018c44       UnwindDown3                10019c44 f   LIBCMT:memcpy.obj
 0001:00018c4c       UnwindDown2                10019c4c f   LIBCMT:memcpy.obj
 0001:00018c54       UnwindDown1                10019c54 f   LIBCMT:memcpy.obj
 0001:00018c67       UnwindDown0                10019c67 f   LIBCMT:memcpy.obj
 0001:00018c80       TrailDown0                 10019c80 f   LIBCMT:memcpy.obj
 0001:00018c88       TrailDown1                 10019c88 f   LIBCMT:memcpy.obj
 0001:00018c98       TrailDown2                 10019c98 f   LIBCMT:memcpy.obj
 0001:00018cac       TrailDown3                 10019cac f   LIBCMT:memcpy.obj
 0001:000186b7       _strncnt                   100196b7 f   LIBCMT:a_map.obj
 0001:00018060       __setlocale_set_cat        10019060 f   LIBCMT:setlocal.obj
 0001:0001817b       __setlocale_get_all        1001917b f   LIBCMT:setlocal.obj
 0001:0001765b       _parse_cmdline             1001865b f   LIBCMT:stdargv.obj
 0001:00017032       __cftoe2                   10018032 f   LIBCMT:cvt.obj
 0001:00017149       __cftof2                   10018149 f   LIBCMT:cvt.obj
 0001:000172d4       __shift                    100182d4 f   LIBCMT:cvt.obj
 0001:00016d91       _write_char                10017d91 f   LIBCMT:output.obj
 0001:00016dc6       _write_multi_char          10017dc6 f   LIBCMT:output.obj
 0001:00016df7       _write_string              10017df7 f   LIBCMT:output.obj
 0001:00016e2f       _get_int_arg               10017e2f f   LIBCMT:output.obj
 0001:00016e3c       _get_int64_arg             10017e3c f   LIBCMT:output.obj
 0001:00016e4c       _get_short_arg             10017e4c f   LIBCMT:output.obj
 0001:000160d2       _xcptlookup                100170d2 f   LIBCMT:winxfltr.obj
 0001:00015ec3       _doexit                    10016ec3 f   LIBCMT:crt0dat.obj
 0001:00015f7a       __initterm                 10016f7a f   LIBCMT:crt0dat.obj
 0001:0001509d       ?FindHandler@@YAXPAUEHExceptionRecord@@PAUEHRegistrationNode@@PAU_CONTEXT@@PAXPBU_s_FuncInfo@@EH1@Z 1001609d f   LIBCMT:frame.obj
 0001:00015250       ?FindHandlerForForeignException@@YAXPAUEHExceptionRecord@@PAUEHRegistrationNode@@PAU_CONTEXT@@PAXPBU_s_FuncInfo@@HH1@Z 10016250 f   LIBCMT:frame.obj
 0001:000152fa       ?TypeMatch@@YAHPBU_s_HandlerType@@PBU_s_CatchableType@@PBU_s_ThrowInfo@@@Z 100162fa f   LIBCMT:frame.obj
 0001:000153f5       ?FrameUnwindFilter@@YAHPAU_EXCEPTION_POINTERS@@@Z 100163f5 f   LIBCMT:frame.obj
 0001:0001540b       ?CatchIt@@YAXPAUEHExceptionRecord@@PAUEHRegistrationNode@@PAU_CONTEXT@@PAXPBU_s_FuncInfo@@PBU_s_HandlerType@@PBU_s_CatchableType@@PBU_s_TryBlockMapEntry@@H1E@Z 1001640b f   LIBCMT:frame.obj
 0001:00015486       ?CallCatchBlock@@YAPAXPAUEHExceptionRecord@@PAUEHRegistrationNode@@PAU_CONTEXT@@PBU_s_FuncInfo@@PAXHK@Z 10016486 f   LIBCMT:frame.obj
 0001:000155a1       ?ExFilterRethrow@@YAHPAU_EXCEPTION_POINTERS@@@Z 100165a1 f   LIBCMT:frame.obj
 0001:000155cb       ?BuildCatchObject@@YAXPAUEHExceptionRecord@@PAUEHRegistrationNode@@PBU_s_HandlerType@@PBU_s_CatchableType@@@Z 100165cb f   LIBCMT:frame.obj
 0001:000157f6       ?AdjustPointer@@YAPAXPAXABUPMD@@@Z 100167f6 f   LIBCMT:frame.obj
 0001:00014e8a       _flsall                    10015e8a f   LIBCMT:fflush.obj
 0001:00013bf0       LeadUp1                    10014bf0 f   LIBCMT:memmove.obj
 0001:00013c1c       LeadUp2                    10014c1c f   LIBCMT:memmove.obj
 0001:00013c40       LeadUp3                    10014c40 f   LIBCMT:memmove.obj
 0001:00013cbf       UnwindUp0                  10014cbf f   LIBCMT:memmove.obj
 0001:00013cac       UnwindUp1                  10014cac f   LIBCMT:memmove.obj
 0001:00013ca4       UnwindUp2                  10014ca4 f   LIBCMT:memmove.obj
 0001:00013c9c       UnwindUp3                  10014c9c f   LIBCMT:memmove.obj
 0001:00013c94       UnwindUp4                  10014c94 f   LIBCMT:memmove.obj
 0001:00013c8c       UnwindUp5                  10014c8c f   LIBCMT:memmove.obj
 0001:00013c84       UnwindUp6                  10014c84 f   LIBCMT:memmove.obj
 0001:00013c7c       UnwindUp7                  10014c7c f   LIBCMT:memmove.obj
 0001:00013cd8       TrailUp0                   10014cd8 f   LIBCMT:memmove.obj
 0001:00013ce0       TrailUp1                   10014ce0 f   LIBCMT:memmove.obj
 0001:00013cec       TrailUp2                   10014cec f   LIBCMT:memmove.obj
 0001:00013d00       TrailUp3                   10014d00 f   LIBCMT:memmove.obj
 0001:00013d78       LeadDown1                  10014d78 f   LIBCMT:memmove.obj
 0001:00013d98       LeadDown2                  10014d98 f   LIBCMT:memmove.obj
 0001:00013dc0       LeadDown3                  10014dc0 f   LIBCMT:memmove.obj
 0001:00013e14       UnwindDown7                10014e14 f   LIBCMT:memmove.obj
 0001:00013e1c       UnwindDown6                10014e1c f   LIBCMT:memmove.obj
 0001:00013e24       UnwindDown5                10014e24 f   LIBCMT:memmove.obj
 0001:00013e2c       UnwindDown4                10014e2c f   LIBCMT:memmove.obj
 0001:00013e34       UnwindDown3                10014e34 f   LIBCMT:memmove.obj
 0001:00013e3c       UnwindDown2                10014e3c f   LIBCMT:memmove.obj
 0001:00013e44       UnwindDown1                10014e44 f   LIBCMT:memmove.obj
 0001:00013e57       UnwindDown0                10014e57 f   LIBCMT:memmove.obj
 0001:00013e70       TrailDown0                 10014e70 f   LIBCMT:memmove.obj
 0001:00013e78       TrailDown1                 10014e78 f   LIBCMT:memmove.obj
 0001:00013e88       TrailDown2                 10014e88 f   LIBCMT:memmove.obj
 0001:00013e9c       TrailDown3                 10014e9c f   LIBCMT:memmove.obj
 0001:00013a6d       __threadstartex@4          10014a6d f   LIBCMT:threadex.obj
 0001:00013798       _gu_return                 10014798 f   LIBCMT:exsup.obj
 0001:000137a0       __unwind_handler           100147a0 f   LIBCMT:exsup.obj
 0001:000135b5       ?CatchGuardHandler@@YA?AW4_EXCEPTION_DISPOSITION@@PAUEHExceptionRecord@@PAUCatchGuardRN@@PAX2@Z 100145b5 f   LIBCMT:trnsctrl.obj
 0001:00013690       ?TranslatorGuardHandler@@YA?AW4_EXCEPTION_DISPOSITION@@PAUEHExceptionRecord@@PAUTranslatorGuardRN@@PAX2@Z 10014690 f   LIBCMT:trnsctrl.obj
 0001:0002ef74       __Mbrtowc_lk               1002ff74 f   libcpmt:xmbtowc.obj
 0001:0002e840       _$E37                      1002f840 f   libcpmt:xlocale.obj
 0001:0002e855       _$E36                      1002f855 f   libcpmt:xlocale.obj
 0001:0002b977       _$E47                      1002c977 f   libcpmt:wlocale.obj
 0001:0002b98c       _$E46                      1002c98c f   libcpmt:wlocale.obj
 0001:00025789       _$E2                       10026789 f   libcpmt:nomemory.obj
 0001:00024802       _$E18                      10025802 f   libcpmt:wiostrea.obj
 0001:0002480c       _$E15                      1002580c f   libcpmt:wiostrea.obj
 0001:00024816       _$E17                      10025816 f   libcpmt:wiostrea.obj
 0001:00024822       _$E16                      10025822 f   libcpmt:wiostrea.obj
 0001:0002482c       _$E24                      1002582c f   libcpmt:wiostrea.obj
 0001:00024836       _$E21                      10025836 f   libcpmt:wiostrea.obj
 0001:00024840       _$E23                      10025840 f   libcpmt:wiostrea.obj
 0001:0002484c       _$E22                      1002584c f   libcpmt:wiostrea.obj
 0001:00024856       _$E29                      10025856 f   libcpmt:wiostrea.obj
 0001:00024860       _$E26                      10025860 f   libcpmt:wiostrea.obj
 0001:0002486d       _$E28                      1002586d f   libcpmt:wiostrea.obj
 0001:00024879       _$E27                      10025879 f   libcpmt:wiostrea.obj
 0001:00024883       _$E34                      10025883 f   libcpmt:wiostrea.obj
 0001:0002488d       _$E31                      1002588d f   libcpmt:wiostrea.obj
 0001:0002489a       _$E33                      1002589a f   libcpmt:wiostrea.obj
 0001:000248a6       _$E32                      100258a6 f   libcpmt:wiostrea.obj
 0001:000248b0       _$E39                      100258b0 f   libcpmt:wiostrea.obj
 0001:000248ba       _$E36                      100258ba f   libcpmt:wiostrea.obj
 0001:000248c7       _$E38                      100258c7 f   libcpmt:wiostrea.obj
 0001:000248d3       _$E37                      100258d3 f   libcpmt:wiostrea.obj
 0001:000248dd       _$E44                      100258dd f   libcpmt:wiostrea.obj
 0001:000248e7       _$E41                      100258e7 f   libcpmt:wiostrea.obj
 0001:000248f6       _$E43                      100258f6 f   libcpmt:wiostrea.obj
 0001:00024902       _$E42                      10025902 f   libcpmt:wiostrea.obj
 0001:00024921       _$E49                      10025921 f   libcpmt:wiostrea.obj
 0001:0002492b       _$E46                      1002592b f   libcpmt:wiostrea.obj
 0001:0002493a       _$E48                      1002593a f   libcpmt:wiostrea.obj
 0001:00024946       _$E47                      10025946 f   libcpmt:wiostrea.obj
 0001:00024965       _$E54                      10025965 f   libcpmt:wiostrea.obj
 0001:0002496f       _$E51                      1002596f f   libcpmt:wiostrea.obj
 0001:0002497e       _$E53                      1002597e f   libcpmt:wiostrea.obj
 0001:0002498a       _$E52                      1002598a f   libcpmt:wiostrea.obj
 0001:00024994       _$E59                      10025994 f   libcpmt:wiostrea.obj
 0001:0002499e       _$E56                      1002599e f   libcpmt:wiostrea.obj
 0001:000249ad       _$E58                      100259ad f   libcpmt:wiostrea.obj
 0001:000249b9       _$E57                      100259b9 f   libcpmt:wiostrea.obj
 0001:00025687       _$E70                      10026687 f   libcpmt:wiostrea.obj
 0001:000256b1       _$E66                      100266b1 f   libcpmt:wiostrea.obj
 0001:000256bd       _$E69                      100266bd f   libcpmt:wiostrea.obj
 0001:000242c3       _$E18                      100252c3 f   libcpmt:iostream.obj
 0001:000242cd       _$E15                      100252cd f   libcpmt:iostream.obj
 0001:000242da       _$E17                      100252da f   libcpmt:iostream.obj
 0001:000242e6       _$E16                      100252e6 f   libcpmt:iostream.obj
 0001:000242f0       _$E23                      100252f0 f   libcpmt:iostream.obj
 0001:000242fa       _$E20                      100252fa f   libcpmt:iostream.obj
 0001:00024307       _$E22                      10025307 f   libcpmt:iostream.obj
 0001:00024313       _$E21                      10025313 f   libcpmt:iostream.obj
 0001:0002431d       _$E28                      1002531d f   libcpmt:iostream.obj
 0001:00024327       _$E25                      10025327 f   libcpmt:iostream.obj
 0001:00024336       _$E27                      10025336 f   libcpmt:iostream.obj
 0001:00024342       _$E26                      10025342 f   libcpmt:iostream.obj
 0001:0002434c       _$E33                      1002534c f   libcpmt:iostream.obj
 0001:00024356       _$E30                      10025356 f   libcpmt:iostream.obj
 0001:00024365       _$E32                      10025365 f   libcpmt:iostream.obj
 0001:00024371       _$E31                      10025371 f   libcpmt:iostream.obj
 0001:0002437b       _$E38                      1002537b f   libcpmt:iostream.obj
 0001:00024385       _$E35                      10025385 f   libcpmt:iostream.obj
 0001:00024392       _$E37                      10025392 f   libcpmt:iostream.obj
 0001:0002439e       _$E36                      1002539e f   libcpmt:iostream.obj
 0001:000243a8       _$E43                      100253a8 f   libcpmt:iostream.obj
 0001:000243b2       _$E40                      100253b2 f   libcpmt:iostream.obj
 0001:000243c1       _$E42                      100253c1 f   libcpmt:iostream.obj
 0001:000243cd       _$E41                      100253cd f   libcpmt:iostream.obj
 0001:000243d7       _$E48                      100253d7 f   libcpmt:iostream.obj
 0001:000243e1       _$E45                      100253e1 f   libcpmt:iostream.obj
 0001:000243f0       _$E47                      100253f0 f   libcpmt:iostream.obj
 0001:000243fc       _$E46                      100253fc f   libcpmt:iostream.obj
 0001:000247c0       _$E60                      100257c0 f   libcpmt:iostream.obj
 0001:000247ea       _$E56                      100257ea f   libcpmt:iostream.obj
 0001:000247f6       _$E59                      100257f6 f   libcpmt:iostream.obj
 0001:00024281       _$E32                      10025281 f   libcpmt:locale.obj
 0001:000242ab       _$E28                      100252ab f   libcpmt:locale.obj
 0001:000242b7       _$E31                      100252b7 f   libcpmt:locale.obj
 0001:000217dd       _$E18                      100227dd f   libcpmt:locale0.obj
 0001:000217e7       _$E15                      100227e7 f   libcpmt:locale0.obj
 0001:000217e8       _$E17                      100227e8 f   libcpmt:locale0.obj
 0001:000217f4       _$E16                      100227f4 f   libcpmt:locale0.obj
 0001:00021cab       _$E29                      10022cab f   libcpmt:locale0.obj
 0001:00021cd5       _$E25                      10022cd5 f   libcpmt:locale0.obj
 0001:00021ce1       _$E28                      10022ce1 f   libcpmt:locale0.obj
 0001:00021798       _$E24                      10022798 f   libcpmt:strstrea.obj
 0001:000217c2       _$E20                      100227c2 f   libcpmt:strstrea.obj
 0001:000217ce       _$E23                      100227ce f   libcpmt:strstrea.obj
 0001:000208b3       _$E24                      100218b3 f   libcpmt:string.obj
 0001:000208dd       _$E20                      100218dd f   libcpmt:string.obj
 0001:000208e9       _$E23                      100218e9 f   libcpmt:string.obj
 0001:0002056c       ?_CleanUp@std@@YAXXZ       1002156c f   libcpmt:xlock.obj
