 Goddess

 Timestamp is 68828c27 (Thu Jul 24 15:40:23 2025)

 Preferred load address is 00400000

 Start         Length     Name                   Class
 0001:00000000 000aee1eH .text                   CODE
 0001:000aee20 0000271eH .text$x                 CODE
 0002:00000000 00000278H .idata$5                DATA
 0002:00000278 0000531fH .rdata                  DATA
 0002:00005598 0000104cH .rdata$r                DATA
 0002:000065e8 00003ee8H .xdata$x                DATA
 0002:0000a4d0 00000064H .idata$2                DATA
 0002:0000a534 00000014H .idata$3                DATA
 0002:0000a548 00000278H .idata$4                DATA
 0002:0000a7c0 00000ac4H .idata$6                DATA
 0002:0000b284 00000000H .edata                  DATA
 0003:00000000 00000004H .CRT$XCA                DATA
 0003:00000004 000000f4H .CRT$XCU                DATA
 0003:000000f8 00000004H .CRT$XCZ                DATA
 0003:000000fc 00000004H .CRT$XIA                DATA
 0003:00000100 0000000cH .CRT$XIC                DATA
 0003:0000010c 00000004H .CRT$XIY                DATA
 0003:00000110 00000004H .CRT$XIZ                DATA
 0003:00000114 00000004H .CRT$XPA                DATA
 0003:00000118 00000004H .CRT$XPX                DATA
 0003:0000011c 00000004H .CRT$XPZ                DATA
 0003:00000120 00000004H .CRT$XTA                DATA
 0003:00000124 00000004H .CRT$XTB                DATA
 0003:00000128 00000004H .CRT$XTZ                DATA
 0003:00000130 0000acd0H .data                   DATA
 0003:0000ae00 00033ec5H .bss                    DATA
 0004:00000000 00000238H .rsrc$01                DATA
 0004:00000240 00006088H .rsrc$02                DATA

  Address         Publics by Value              Rva+Base     Lib:Object

 0001:00000190       ??1?$map@IPAVCClientNode@@U?$less@I@std@@V?$allocator@PAVCClientNode@@@3@@std@@QAE@XZ 00401190 f i ClientNode.obj
 0001:00000200       ??0CDataQueue@CClientNode@@QAE@II@Z 00401200 f   ClientNode.obj
 0001:00000280       ??1CCriticalSection@Win32@OnlineGameLib@@QAE@XZ 00401280 f i ClientNode.obj
 0001:00000290       ??1CDataQueue@CClientNode@@QAE@XZ 00401290 f   ClientNode.obj
 0001:00000320       ?AddData@CDataQueue@CClientNode@@QAE_NPBEI@Z 00401320 f   ClientNode.obj
 0001:000003d0       ??1Owner@CCriticalSection@Win32@OnlineGameLib@@QAE@XZ 004013d0 f i ClientNode.obj
 0001:000003e0       ?Get@CDataQueue@CClientNode@@QAEPAVCBuffer@Win32@OnlineGameLib@@XZ 004013e0 f   ClientNode.obj
 0001:00000490       ??0CClientNode@@QAE@PAUIServer@@I@Z 00401490 f   ClientNode.obj
 0001:00000590       ??_ECClientNode@@UAEPAXI@Z 00401590 f i ClientNode.obj
 0001:00000590       ??_GCClientNode@@UAEPAXI@Z 00401590 f i ClientNode.obj
 0001:000005b0       ??1CClientNode@@UAE@XZ     004015b0 f   ClientNode.obj
 0001:00000670       ?AddNode@CClientNode@@SAPAV1@PAUIServer@@I@Z 00401670 f   ClientNode.obj
 0001:00000730       ?DelNode@CClientNode@@SAXI@Z 00401730 f   ClientNode.obj
 0001:00000820       ?Start@CClientNode@@SA_NPAUIServer@@@Z 00401820 f   ClientNode.obj
 0001:00000870       ?End@CClientNode@@SAXXZ    00401870 f   ClientNode.obj
 0001:000008c0       ?ThreadFunction@CClientNode@@KGIPAX@Z 004018c0 f   ClientNode.obj
 0001:000009d0       ?AppendData@CClientNode@@QAEXPBXI@Z 004019d0 f   ClientNode.obj
 0001:00000a00       ?SmallPackProcess@CClientNode@@IAEXPBXI@Z 00401a00 f   ClientNode.obj
 0001:00000a20       ?LargePackProcess@CClientNode@@IAEXPBXI@Z 00401a20 f   ClientNode.obj
 0001:00000aa0       ?Process@CClientNode@@QAEXXZ 00401aa0 f   ClientNode.obj
 0001:00000b30       ?_QueryRoleList@CClientNode@@AAEXPBXI@Z 00401b30 f   ClientNode.obj
 0001:00000c80       ?_CreateRole@CClientNode@@AAEXPBXI@Z 00401c80 f   ClientNode.obj
 0001:00000d30       ?_SaveRoleInfo@CClientNode@@AAEXPBXI@Z 00401d30 f   ClientNode.obj
 0001:00000e10       ?_DelRole@CClientNode@@AAEXPBXI@Z 00401e10 f   ClientNode.obj
 0001:00000ec0       ?_RelayExtend@CClientNode@@AAEXPBXI@Z 00401ec0 f   ClientNode.obj
 0001:00000fd0       ?_GetRoleInfo@CClientNode@@AAEXPBXI@Z 00401fd0 f   ClientNode.obj
 0001:00001170       ?_GetGameStat@CClientNode@@AAEXPBXI@Z 00402170 f   ClientNode.obj
 0001:000012f0       ??1?$map@V?$basic_string@DU?$char_traits@D@std@@V?$allocator@D@2@@std@@IU?$less@V?$basic_string@DU?$char_traits@D@std@@V?$allocator@D@2@@std@@@2@V?$allocator@I@2@@std@@QAE@XZ 004022f0 f i ClientNode.obj
 0001:000013b0       ?_LockOrUnlockRole@CClientNode@@AAEXPBXI@Z 004023b0 f   ClientNode.obj
 0001:000015b0       ?IsRoleLock@CClientNode@@AAE_NPAD@Z 004025b0 f   ClientNode.obj
 0001:00001700       ?IsRoleLockBySelf@CClientNode@@AAE_NPAD@Z 00402700 f   ClientNode.obj
 0001:00001860       ?UnlockRoleSelf@CClientNode@@AAE_NPAD@Z 00402860 f   ClientNode.obj
 0001:00001990       ?UnlockAllRole@CClientNode@@AAEXI@Z 00402990 f   ClientNode.obj
 0001:00001a80       ??0?$basic_string@DU?$char_traits@D@std@@V?$allocator@D@2@@std@@QAE@ABV01@@Z 00402a80 f i ClientNode.obj
 0001:00001ba0       ??1?$basic_string@DU?$char_traits@D@std@@V?$allocator@D@2@@std@@QAE@XZ 00402ba0 f i ClientNode.obj
 0001:00001be0       ??0?$map@IPAVCClientNode@@U?$less@I@std@@V?$allocator@PAVCClientNode@@@3@@std@@QAE@ABU?$less@I@1@ABV?$allocator@PAVCClientNode@@@1@@Z 00402be0 f i ClientNode.obj
 0001:00001cb0       ??1?$list@PAVCBuffer@Win32@OnlineGameLib@@V?$allocator@PAVCBuffer@Win32@OnlineGameLib@@@std@@@std@@QAE@XZ 00402cb0 f i ClientNode.obj
 0001:00001d00       ??0?$map@V?$basic_string@DU?$char_traits@D@std@@V?$allocator@D@2@@std@@IU?$less@V?$basic_string@DU?$char_traits@D@std@@V?$allocator@D@2@@std@@@2@V?$allocator@I@2@@std@@QAE@ABU?$less@V?$basic_string@DU?$char_traits@D@std@@V?$allocator@D@2@@std@@@1@ABV?$allocator@I@1@@Z 00402d00 f i ClientNode.obj
 0001:00001dd0       ??1?$pair@$$CBV?$basic_string@DU?$char_traits@D@std@@V?$allocator@D@2@@std@@I@std@@QAE@XZ 00402dd0 f i ClientNode.obj
 0001:00001e10       ?_Tidy@?$basic_string@DU?$char_traits@D@std@@V?$allocator@D@2@@std@@AAEX_N@Z 00402e10 f i ClientNode.obj
 0001:00001e60       ?insert@?$_Tree@IU?$pair@$$CBIPAVCClientNode@@@std@@U_Kfn@?$map@IPAVCClientNode@@U?$less@I@std@@V?$allocator@PAVCClientNode@@@3@@2@U?$less@I@2@V?$allocator@PAVCClientNode@@@2@@std@@QAE?AU?$pair@Viterator@?$_Tree@IU?$pair@$$CBIPAVCClientNode@@@std@@U_Kfn@?$map@IPAVCClientNode@@U?$less@I@std@@V?$allocator@PAVCClientNode@@@3@@2@U?$less@I@2@V?$allocator@PAVCClientNode@@@2@@std@@_N@2@ABU?$pair@$$CBIPAVCClientNode@@@2@@Z 00402e60 f i ClientNode.obj
 0001:00001f90       ?erase@?$_Tree@IU?$pair@$$CBIPAVCClientNode@@@std@@U_Kfn@?$map@IPAVCClientNode@@U?$less@I@std@@V?$allocator@PAVCClientNode@@@3@@2@U?$less@I@2@V?$allocator@PAVCClientNode@@@2@@std@@QAE?AViterator@12@V312@0@Z 00402f90 f i ClientNode.obj
 0001:000020c0       ?erase@?$list@PAVCBuffer@Win32@OnlineGameLib@@V?$allocator@PAVCBuffer@Win32@OnlineGameLib@@@std@@@std@@QAE?AViterator@12@V312@@Z 004030c0 f i ClientNode.obj
 0001:00002100       ?insert@?$map@V?$basic_string@DU?$char_traits@D@std@@V?$allocator@D@2@@std@@IU?$less@V?$basic_string@DU?$char_traits@D@std@@V?$allocator@D@2@@std@@@2@V?$allocator@I@2@@std@@QAE?AU?$pair@Viterator@?$_Tree@V?$basic_string@DU?$char_traits@D@std@@V?$allocator@D@2@@std@@U?$pair@$$CBV?$basic_string@DU?$char_traits@D@std@@V?$allocator@D@2@@std@@I@2@U_Kfn@?$map@V?$basic_string@DU?$char_traits@D@std@@V?$allocator@D@2@@std@@IU?$less@V?$basic_string@DU?$char_traits@D@std@@V?$allocator@D@2@@std@@@2@V?$allocator@I@2@@2@U?$less@V?$basic_string@DU?$char_traits@D@std@@V?$allocator@D@2@@std@@@2@V?$allocator@I@2@@std@@_N@2@ABU?$pair@$$CBV?$basic_string@DU?$char_traits@D@std@@V?$allocator@D@2@@std@@I@2@@Z 00403100 f i ClientNode.obj
 0001:00002130       ?erase@?$_Tree@V?$basic_string@DU?$char_traits@D@std@@V?$allocator@D@2@@std@@U?$pair@$$CBV?$basic_string@DU?$char_traits@D@std@@V?$allocator@D@2@@std@@I@2@U_Kfn@?$map@V?$basic_string@DU?$char_traits@D@std@@V?$allocator@D@2@@std@@IU?$less@V?$basic_string@DU?$char_traits@D@std@@V?$allocator@D@2@@std@@@2@V?$allocator@I@2@@2@U?$less@V?$basic_string@DU?$char_traits@D@std@@V?$allocator@D@2@@std@@@2@V?$allocator@I@2@@std@@QAE?AViterator@12@V312@@Z 00403130 f i ClientNode.obj
 0001:00002660       ?erase@?$_Tree@V?$basic_string@DU?$char_traits@D@std@@V?$allocator@D@2@@std@@U?$pair@$$CBV?$basic_string@DU?$char_traits@D@std@@V?$allocator@D@2@@std@@I@2@U_Kfn@?$map@V?$basic_string@DU?$char_traits@D@std@@V?$allocator@D@2@@std@@IU?$less@V?$basic_string@DU?$char_traits@D@std@@V?$allocator@D@2@@std@@@2@V?$allocator@I@2@@2@U?$less@V?$basic_string@DU?$char_traits@D@std@@V?$allocator@D@2@@std@@@2@V?$allocator@I@2@@std@@QAE?AViterator@12@V312@0@Z 00403660 f i ClientNode.obj
 0001:000027a0       ?find@?$_Tree@V?$basic_string@DU?$char_traits@D@std@@V?$allocator@D@2@@std@@U?$pair@$$CBV?$basic_string@DU?$char_traits@D@std@@V?$allocator@D@2@@std@@I@2@U_Kfn@?$map@V?$basic_string@DU?$char_traits@D@std@@V?$allocator@D@2@@std@@IU?$less@V?$basic_string@DU?$char_traits@D@std@@V?$allocator@D@2@@std@@@2@V?$allocator@I@2@@2@U?$less@V?$basic_string@DU?$char_traits@D@std@@V?$allocator@D@2@@std@@@2@V?$allocator@I@2@@std@@QAE?AViterator@12@ABV?$basic_string@DU?$char_traits@D@std@@V?$allocator@D@2@@2@@Z 004037a0 f i ClientNode.obj
 0001:00002830       ?_Eos@?$basic_string@DU?$char_traits@D@std@@V?$allocator@D@2@@std@@AAEXI@Z 00403830 f i ClientNode.obj
 0001:00002850       ?_Grow@?$basic_string@DU?$char_traits@D@std@@V?$allocator@D@2@@std@@AAE_NI_N@Z 00403850 f i ClientNode.obj
 0001:00002970       ?erase@?$_Tree@IU?$pair@$$CBIPAVCClientNode@@@std@@U_Kfn@?$map@IPAVCClientNode@@U?$less@I@std@@V?$allocator@PAVCClientNode@@@3@@2@U?$less@I@2@V?$allocator@PAVCClientNode@@@2@@std@@QAE?AViterator@12@V312@@Z 00403970 f i ClientNode.obj
 0001:00002e90       ?lower_bound@?$_Tree@IU?$pair@$$CBIPAVCClientNode@@@std@@U_Kfn@?$map@IPAVCClientNode@@U?$less@I@std@@V?$allocator@PAVCClientNode@@@3@@2@U?$less@I@2@V?$allocator@PAVCClientNode@@@2@@std@@QAE?AViterator@12@ABI@Z 00403e90 f i ClientNode.obj
 0001:00002eb0       ?_Erase@?$_Tree@IU?$pair@$$CBIPAVCClientNode@@@std@@U_Kfn@?$map@IPAVCClientNode@@U?$less@I@std@@V?$allocator@PAVCClientNode@@@3@@2@U?$less@I@2@V?$allocator@PAVCClientNode@@@2@@std@@IAEXPAU_Node@12@@Z 00403eb0 f i ClientNode.obj
 0001:00002f40       ?_Insert@?$_Tree@IU?$pair@$$CBIPAVCClientNode@@@std@@U_Kfn@?$map@IPAVCClientNode@@U?$less@I@std@@V?$allocator@PAVCClientNode@@@3@@2@U?$less@I@2@V?$allocator@PAVCClientNode@@@2@@std@@IAE?AViterator@12@PAU_Node@12@0ABU?$pair@$$CBIPAVCClientNode@@@2@@Z 00403f40 f i ClientNode.obj
 0001:00003240       ?_Inc@const_iterator@?$_Tree@IU?$pair@$$CBIPAVCClientNode@@@std@@U_Kfn@?$map@IPAVCClientNode@@U?$less@I@std@@V?$allocator@PAVCClientNode@@@3@@2@U?$less@I@2@V?$allocator@PAVCClientNode@@@2@@std@@QAEXXZ 00404240 f i ClientNode.obj
 0001:000032f0       ?insert@?$_Tree@V?$basic_string@DU?$char_traits@D@std@@V?$allocator@D@2@@std@@U?$pair@$$CBV?$basic_string@DU?$char_traits@D@std@@V?$allocator@D@2@@std@@I@2@U_Kfn@?$map@V?$basic_string@DU?$char_traits@D@std@@V?$allocator@D@2@@std@@IU?$less@V?$basic_string@DU?$char_traits@D@std@@V?$allocator@D@2@@std@@@2@V?$allocator@I@2@@2@U?$less@V?$basic_string@DU?$char_traits@D@std@@V?$allocator@D@2@@std@@@2@V?$allocator@I@2@@std@@QAE?AU?$pair@Viterator@?$_Tree@V?$basic_string@DU?$char_traits@D@std@@V?$allocator@D@2@@std@@U?$pair@$$CBV?$basic_string@DU?$char_traits@D@std@@V?$allocator@D@2@@std@@I@2@U_Kfn@?$map@V?$basic_string@DU?$char_traits@D@std@@V?$allocator@D@2@@std@@IU?$less@V?$basic_string@DU?$char_traits@D@std@@V?$allocator@D@2@@std@@@2@V?$allocator@I@2@@2@U?$less@V?$basic_string@DU?$char_traits@D@std@@V?$allocator@D@2@@std@@@2@V?$allocator@I@2@@std@@_N@2@ABU?$pair@$$CBV?$basic_string@DU?$char_traits@D@std@@V?$allocator@D@2@@std@@I@2@@Z 004042f0 f i ClientNode.obj
 0001:00003460       ?lower_bound@?$_Tree@V?$basic_string@DU?$char_traits@D@std@@V?$allocator@D@2@@std@@U?$pair@$$CBV?$basic_string@DU?$char_traits@D@std@@V?$allocator@D@2@@std@@I@2@U_Kfn@?$map@V?$basic_string@DU?$char_traits@D@std@@V?$allocator@D@2@@std@@IU?$less@V?$basic_string@DU?$char_traits@D@std@@V?$allocator@D@2@@std@@@2@V?$allocator@I@2@@2@U?$less@V?$basic_string@DU?$char_traits@D@std@@V?$allocator@D@2@@std@@@2@V?$allocator@I@2@@std@@QAE?AViterator@12@ABV?$basic_string@DU?$char_traits@D@std@@V?$allocator@D@2@@2@@Z 00404460 f i ClientNode.obj
 0001:00003480       ?_Erase@?$_Tree@V?$basic_string@DU?$char_traits@D@std@@V?$allocator@D@2@@std@@U?$pair@$$CBV?$basic_string@DU?$char_traits@D@std@@V?$allocator@D@2@@std@@I@2@U_Kfn@?$map@V?$basic_string@DU?$char_traits@D@std@@V?$allocator@D@2@@std@@IU?$less@V?$basic_string@DU?$char_traits@D@std@@V?$allocator@D@2@@std@@@2@V?$allocator@I@2@@2@U?$less@V?$basic_string@DU?$char_traits@D@std@@V?$allocator@D@2@@std@@@2@V?$allocator@I@2@@std@@IAEXPAU_Node@12@@Z 00404480 f i ClientNode.obj
 0001:00003530       ?_Inc@const_iterator@?$_Tree@V?$basic_string@DU?$char_traits@D@std@@V?$allocator@D@2@@std@@U?$pair@$$CBV?$basic_string@DU?$char_traits@D@std@@V?$allocator@D@2@@std@@I@2@U_Kfn@?$map@V?$basic_string@DU?$char_traits@D@std@@V?$allocator@D@2@@std@@IU?$less@V?$basic_string@DU?$char_traits@D@std@@V?$allocator@D@2@@std@@@2@V?$allocator@I@2@@2@U?$less@V?$basic_string@DU?$char_traits@D@std@@V?$allocator@D@2@@std@@@2@V?$allocator@I@2@@std@@QAEXXZ 00404530 f i ClientNode.obj
 0001:000035e0       ??0?$pair@Viterator@?$_Tree@V?$basic_string@DU?$char_traits@D@std@@V?$allocator@D@2@@std@@U?$pair@$$CBV?$basic_string@DU?$char_traits@D@std@@V?$allocator@D@2@@std@@I@2@U_Kfn@?$map@V?$basic_string@DU?$char_traits@D@std@@V?$allocator@D@2@@std@@IU?$less@V?$basic_string@DU?$char_traits@D@std@@V?$allocator@D@2@@std@@@2@V?$allocator@I@2@@2@U?$less@V?$basic_string@DU?$char_traits@D@std@@V?$allocator@D@2@@std@@@2@V?$allocator@I@2@@std@@_N@std@@QAE@ABViterator@?$_Tree@V?$basic_string@DU?$char_traits@D@std@@V?$allocator@D@2@@std@@U?$pair@$$CBV?$basic_string@DU?$char_traits@D@std@@V?$allocator@D@2@@std@@I@2@U_Kfn@?$map@V?$basic_string@DU?$char_traits@D@std@@V?$allocator@D@2@@std@@IU?$less@V?$basic_string@DU?$char_traits@D@std@@V?$allocator@D@2@@std@@@2@V?$allocator@I@2@@2@U?$less@V?$basic_string@DU?$char_traits@D@std@@V?$allocator@D@2@@std@@@2@V?$allocator@I@2@@1@AB_N@Z 004045e0 f i ClientNode.obj
 0001:00003600       ?_Copy@?$basic_string@DU?$char_traits@D@std@@V?$allocator@D@2@@std@@AAEXI@Z 00404600 f i ClientNode.obj
 0001:00003710       ?_Split@?$basic_string@DU?$char_traits@D@std@@V?$allocator@D@2@@std@@AAEXXZ 00404710 f i ClientNode.obj
 0001:000037e0       ?_Lbound@?$_Tree@IU?$pair@$$CBIPAVCClientNode@@@std@@U_Kfn@?$map@IPAVCClientNode@@U?$less@I@std@@V?$allocator@PAVCClientNode@@@3@@2@U?$less@I@2@V?$allocator@PAVCClientNode@@@2@@std@@IBEPAU_Node@12@ABI@Z 004047e0 f i ClientNode.obj
 0001:00003830       ?_Min@?$_Tree@IU?$pair@$$CBIPAVCClientNode@@@std@@U_Kfn@?$map@IPAVCClientNode@@U?$less@I@std@@V?$allocator@PAVCClientNode@@@3@@2@U?$less@I@2@V?$allocator@PAVCClientNode@@@2@@std@@KAPAU_Node@12@PAU312@@Z 00404830 f i ClientNode.obj
 0001:00003870       ?_Dec@const_iterator@?$_Tree@IU?$pair@$$CBIPAVCClientNode@@@std@@U_Kfn@?$map@IPAVCClientNode@@U?$less@I@std@@V?$allocator@PAVCClientNode@@@3@@2@U?$less@I@2@V?$allocator@PAVCClientNode@@@2@@std@@QAEXXZ 00404870 f i ClientNode.obj
 0001:00003930       ?_Insert@?$_Tree@V?$basic_string@DU?$char_traits@D@std@@V?$allocator@D@2@@std@@U?$pair@$$CBV?$basic_string@DU?$char_traits@D@std@@V?$allocator@D@2@@std@@I@2@U_Kfn@?$map@V?$basic_string@DU?$char_traits@D@std@@V?$allocator@D@2@@std@@IU?$less@V?$basic_string@DU?$char_traits@D@std@@V?$allocator@D@2@@std@@@2@V?$allocator@I@2@@2@U?$less@V?$basic_string@DU?$char_traits@D@std@@V?$allocator@D@2@@std@@@2@V?$allocator@I@2@@std@@IAE?AViterator@12@PAU_Node@12@0ABU?$pair@$$CBV?$basic_string@DU?$char_traits@D@std@@V?$allocator@D@2@@std@@I@2@@Z 00404930 f i ClientNode.obj
 0001:00003c40       ?_Lbound@?$_Tree@V?$basic_string@DU?$char_traits@D@std@@V?$allocator@D@2@@std@@U?$pair@$$CBV?$basic_string@DU?$char_traits@D@std@@V?$allocator@D@2@@std@@I@2@U_Kfn@?$map@V?$basic_string@DU?$char_traits@D@std@@V?$allocator@D@2@@std@@IU?$less@V?$basic_string@DU?$char_traits@D@std@@V?$allocator@D@2@@std@@@2@V?$allocator@I@2@@2@U?$less@V?$basic_string@DU?$char_traits@D@std@@V?$allocator@D@2@@std@@@2@V?$allocator@I@2@@std@@IBEPAU_Node@12@ABV?$basic_string@DU?$char_traits@D@std@@V?$allocator@D@2@@2@@Z 00404c40 f i ClientNode.obj
 0001:00003d00       ?_Ubound@?$_Tree@IU?$pair@$$CBIPAVCClientNode@@@std@@U_Kfn@?$map@IPAVCClientNode@@U?$less@I@std@@V?$allocator@PAVCClientNode@@@3@@2@U?$less@I@2@V?$allocator@PAVCClientNode@@@2@@std@@IBEPAU_Node@12@ABI@Z 00404d00 f i ClientNode.obj
 0001:00003d50       ?_Dec@const_iterator@?$_Tree@V?$basic_string@DU?$char_traits@D@std@@V?$allocator@D@2@@std@@U?$pair@$$CBV?$basic_string@DU?$char_traits@D@std@@V?$allocator@D@2@@std@@I@2@U_Kfn@?$map@V?$basic_string@DU?$char_traits@D@std@@V?$allocator@D@2@@std@@IU?$less@V?$basic_string@DU?$char_traits@D@std@@V?$allocator@D@2@@std@@@2@V?$allocator@I@2@@2@U?$less@V?$basic_string@DU?$char_traits@D@std@@V?$allocator@D@2@@std@@@2@V?$allocator@I@2@@std@@QAEXXZ 00404d50 f i ClientNode.obj
 0001:00003e10       ?_Construct@std@@YAXPAU?$pair@$$CBIPAVCClientNode@@@1@ABU21@@Z 00404e10 f i ClientNode.obj
 0001:00003e30       ?_Construct@std@@YAXPAU?$pair@$$CBV?$basic_string@DU?$char_traits@D@std@@V?$allocator@D@2@@std@@I@1@ABU21@@Z 00404e30 f i ClientNode.obj
 0001:00003f80       ??3@YAXPAX0@Z              00404f80 f i ClientNode.obj
 0001:00003f90       ?compare@?$basic_string@DU?$char_traits@D@std@@V?$allocator@D@2@@std@@QBEHABV12@@Z 00404f90 f i ClientNode.obj
 0001:00003fe0       ?compare@?$basic_string@DU?$char_traits@D@std@@V?$allocator@D@2@@std@@QBEHIIPBDI@Z 00404fe0 f i ClientNode.obj
 0001:00004080       ?id@?$ctype@G@std@@$E      00405080 f i ClientNode.obj
 0001:00004090       ?GetIndexByName@CDBBackup@@CAHPADPAUTRoleList@1@H@Z 00405090 f   DBBackup.obj
 0001:00004100       ?GetMin@CDBBackup@@CAPAUTRoleList@1@QAU21@HW4StatType@1@PBD@Z 00405100 f   DBBackup.obj
 0001:00004180       ?GetMax@CDBBackup@@CAPAUTRoleList@1@QAU21@HW4StatType@1@PBD@Z 00405180 f   DBBackup.obj
 0001:00004200       ?ListSort@CDBBackup@@CAXQAUTRoleList@1@HW4StatType@1@_N@Z 00405200 f   DBBackup.obj
 0001:000043a0       ?RoleDataCopy@CDBBackup@@CAXPAUTRoleList@1@PAUTRoleData@@_N@Z 004053a0 f   DBBackup.obj
 0001:00004420       ?LoadFilterName@CDBBackup@@CAPADXZ 00405420 f   DBBackup.obj
 0001:00004750       ??1locale@std@@QAE@XZ      00405750 f i DBBackup.obj
 0001:00004770       ?_Decref@facet@locale@std@@QAEPAV123@XZ 00405770 f i DBBackup.obj
 0001:000047b0       ?getloc@ios_base@std@@QBE?AVlocale@2@XZ 004057b0 f i DBBackup.obj
 0001:000047f0       ??0ios_base@std@@IAE@XZ    004057f0 f i DBBackup.obj
 0001:00004800       ??_Gios_base@std@@UAEPAXI@Z 00405800 f i DBBackup.obj
 0001:00004800       ??_Eios_base@std@@UAEPAXI@Z 00405800 f i DBBackup.obj
 0001:00004820       ??_D?$basic_fstream@DU?$char_traits@D@std@@@std@@QAEXXZ 00405820 f i DBBackup.obj
 0001:00004840       ?IsRoleFilter@CDBBackup@@CA_NPAD0@Z 00405840 f   DBBackup.obj
 0001:000048b0       ??0CDBBackup@@QAE@PAD0PAVZDBTable@@@Z 004058b0 f   DBBackup.obj
 0001:00004960       ??_ECDBBackup@@UAEPAXI@Z   00405960 f i DBBackup.obj
 0001:00004960       ??_GCDBBackup@@UAEPAXI@Z   00405960 f i DBBackup.obj
 0001:00004980       ?Open@CDBBackup@@QAE_NH@Z  00405980 f   DBBackup.obj
 0001:00004aa0       ?Close@CDBBackup@@QAE_NXZ  00405aa0 f   DBBackup.obj
 0001:00004ad0       ?Suspend@CDBBackup@@QAE_NXZ 00405ad0 f   DBBackup.obj
 0001:00004b20       ?Resume@CDBBackup@@QAE_NXZ 00405b20 f   DBBackup.obj
 0001:00004b60       ?GetSendStatData@CDBBackup@@QAE?AUTGAME_STAT_DATA@@XZ 00405b60 f   DBBackup.obj
 0001:00004b80       ?IsWorking@CDBBackup@@QAE_NXZ 00405b80 f   DBBackup.obj
 0001:00004b90       ?IsBackuping@CDBBackup@@QAE_NXZ 00405b90 f   DBBackup.obj
 0001:00004ba0       ?ManualBackup@CDBBackup@@QAE_NXZ 00405ba0 f   DBBackup.obj
 0001:00004c10       ?TimerThreadFunc@CDBBackup@@CGKPAX@Z 00405c10 f   DBBackup.obj
 0001:00004c70       ?ManualThreadFunc@CDBBackup@@CGKPAX@Z 00405c70 f   DBBackup.obj
 0001:00004c80       ?Backup@CDBBackup@@CAXXZ   00405c80 f   DBBackup.obj
 0001:00007340       ??0locale@std@@QAE@XZ      00408340 f i DBBackup.obj
 0001:00007390       ?endl@std@@YAAAV?$basic_ostream@DU?$char_traits@D@std@@@1@AAV21@@Z 00408390 f i DBBackup.obj
 0001:000073f0       ??1CDBDump@@UAE@XZ         004083f0 f i DBBackup.obj
 0001:00007400       ??_GCDBDump@@UAEPAXI@Z     00408400 f i DBBackup.obj
 0001:00007400       ??_ECDBDump@@UAEPAXI@Z     00408400 f i DBBackup.obj
 0001:00007420       ?MakeSendStatData@CDBBackup@@CAXXZ 00408420 f   DBBackup.obj
 0001:00007600       ?SaveStatInfo@CDBBackup@@SAXXZ 00408600 f   DBBackup.obj
 0001:00007860       ??6?$basic_ostream@DU?$char_traits@D@std@@@std@@QAEAAV01@P6AAAV01@AAV01@@Z@Z 00408860 f i DBBackup.obj
 0001:00007870       ??6?$basic_ostream@DU?$char_traits@D@std@@@std@@QAEAAV01@H@Z 00408870 f i DBBackup.obj
 0001:00007ab0       ??1bad_cast@std@@UAE@XZ    00408ab0 f i DBBackup.obj
 0001:00007ac0       ?_Doraise@bad_cast@std@@MBEXXZ 00408ac0 f i DBBackup.obj
 0001:00007ae0       ??_Gbad_cast@std@@UAEPAXI@Z 00408ae0 f i DBBackup.obj
 0001:00007ae0       ??_Ebad_cast@std@@UAEPAXI@Z 00408ae0 f i DBBackup.obj
 0001:00007b00       ??0bad_cast@std@@QAE@ABV01@@Z 00408b00 f i DBBackup.obj
 0001:00007b20       ??Bid@locale@std@@QAEIXZ   00408b20 f i DBBackup.obj
 0001:00007b50       ??6?$basic_ostream@DU?$char_traits@D@std@@@std@@QAEAAV01@N@Z 00408b50 f i DBBackup.obj
 0001:00007d90       ?put@?$basic_ostream@DU?$char_traits@D@std@@@std@@QAEAAV12@D@Z 00408d90 f i DBBackup.obj
 0001:00007f00       ??1?$basic_ios@DU?$char_traits@D@std@@@std@@UAE@XZ 00408f00 f i DBBackup.obj
 0001:00007f10       ?setstate@?$basic_ios@DU?$char_traits@D@std@@@std@@QAEXH_N@Z 00408f10 f i DBBackup.obj
 0001:00007f40       ??1?$basic_streambuf@DU?$char_traits@D@std@@@std@@UAE@XZ 00408f40 f i DBBackup.obj
 0001:00007f90       ?overflow@?$basic_streambuf@DU?$char_traits@D@std@@@std@@MAEHH@Z 00408f90 f i DBBackup.obj
 0001:00007fa0       ?pbackfail@?$basic_streambuf@DU?$char_traits@D@std@@@std@@MAEHH@Z 00408fa0 f i DBBackup.obj
 0001:00007fb0       ?showmanyc@?$basic_streambuf@DU?$char_traits@D@std@@@std@@MAEHXZ 00408fb0 f i DBBackup.obj
 0001:00007fc0       ?underflow@?$basic_streambuf@DU?$char_traits@D@std@@@std@@MAEHXZ 00408fc0 f i DBBackup.obj
 0001:00007fd0       ?uflow@?$basic_streambuf@DU?$char_traits@D@std@@@std@@MAEHXZ 00408fd0 f i DBBackup.obj
 0001:00008000       ?xsgetn@?$basic_streambuf@DU?$char_traits@D@std@@@std@@MAEHPADH@Z 00409000 f i DBBackup.obj
 0001:000080a0       ?xsputn@?$basic_streambuf@DU?$char_traits@D@std@@@std@@MAEHPBDH@Z 004090a0 f i DBBackup.obj
 0001:00008140       ?seekoff@?$basic_streambuf@DU?$char_traits@D@std@@@std@@MAE?AV?$fpos@H@2@JW4seekdir@ios_base@2@H@Z 00409140 f i DBBackup.obj
 0001:00008170       ?seekpos@?$basic_streambuf@DU?$char_traits@D@std@@@std@@MAE?AV?$fpos@H@2@V32@H@Z 00409170 f i DBBackup.obj
 0001:000081a0       ?setbuf@?$basic_streambuf@DU?$char_traits@D@std@@@std@@MAEPAV12@PADH@Z 004091a0 f i DBBackup.obj
 0001:000081b0       ?sync@?$basic_streambuf@DU?$char_traits@D@std@@@std@@MAEHXZ 004091b0 f i DBBackup.obj
 0001:000081c0       ?imbue@?$basic_streambuf@DU?$char_traits@D@std@@@std@@MAEXABVlocale@2@@Z 004091c0 f i DBBackup.obj
 0001:000081d0       ??1?$basic_fstream@DU?$char_traits@D@std@@@std@@UAE@XZ 004091d0 f i DBBackup.obj
 0001:00008310       ??1?$basic_iostream@DU?$char_traits@D@std@@@std@@UAE@XZ 00409310 f i DBBackup.obj
 0001:00008350       ??1?$basic_filebuf@DU?$char_traits@D@std@@@std@@UAE@XZ 00409350 f i DBBackup.obj
 0001:000084a0       ?overflow@?$basic_filebuf@DU?$char_traits@D@std@@@std@@MAEHH@Z 004094a0 f i DBBackup.obj
 0001:00008680       ?pbackfail@?$basic_filebuf@DU?$char_traits@D@std@@@std@@MAEHH@Z 00409680 f i DBBackup.obj
 0001:00008820       ?underflow@?$basic_filebuf@DU?$char_traits@D@std@@@std@@MAEHXZ 00409820 f i DBBackup.obj
 0001:00008850       ?uflow@?$basic_filebuf@DU?$char_traits@D@std@@@std@@MAEHXZ 00409850 f i DBBackup.obj
 0001:00008a40       ?seekoff@?$basic_filebuf@DU?$char_traits@D@std@@@std@@MAE?AV?$fpos@H@2@JW4seekdir@ios_base@2@H@Z 00409a40 f i DBBackup.obj
 0001:00008ad0       ?seekpos@?$basic_filebuf@DU?$char_traits@D@std@@@std@@MAE?AV?$fpos@H@2@V32@H@Z 00409ad0 f i DBBackup.obj
 0001:00008c60       ?setbuf@?$basic_filebuf@DU?$char_traits@D@std@@@std@@MAEPAV?$basic_streambuf@DU?$char_traits@D@std@@@2@PADH@Z 00409c60 f i DBBackup.obj
 0001:00008c90       ?sync@?$basic_filebuf@DU?$char_traits@D@std@@@std@@MAEHXZ 00409c90 f i DBBackup.obj
 0001:00008cb0       ??_E?$basic_ostream@DU?$char_traits@D@std@@@std@@UAEPAXI@Z 00409cb0 f i DBBackup.obj
 0001:00008cb0       ??_G?$basic_ostream@DU?$char_traits@D@std@@@std@@UAEPAXI@Z 00409cb0 f i DBBackup.obj
 0001:00008ce0       ??_G?$basic_ios@DU?$char_traits@D@std@@@std@@UAEPAXI@Z 00409ce0 f i DBBackup.obj
 0001:00008ce0       ??_E?$basic_ios@DU?$char_traits@D@std@@@std@@UAEPAXI@Z 00409ce0 f i DBBackup.obj
 0001:00008d00       ??_G?$basic_istream@DU?$char_traits@D@std@@@std@@UAEPAXI@Z 00409d00 f i DBBackup.obj
 0001:00008d00       ??_E?$basic_istream@DU?$char_traits@D@std@@@std@@UAEPAXI@Z 00409d00 f i DBBackup.obj
 0001:00008d30       ??_G?$basic_streambuf@DU?$char_traits@D@std@@@std@@UAEPAXI@Z 00409d30 f i DBBackup.obj
 0001:00008d30       ??_E?$basic_streambuf@DU?$char_traits@D@std@@@std@@UAEPAXI@Z 00409d30 f i DBBackup.obj
 0001:00008d50       ??_E?$basic_fstream@DU?$char_traits@D@std@@@std@@UAEPAXI@Z 00409d50 f i DBBackup.obj
 0001:00008d50       ??_G?$basic_fstream@DU?$char_traits@D@std@@@std@@UAEPAXI@Z 00409d50 f i DBBackup.obj
 0001:00008d80       ??_E?$basic_iostream@DU?$char_traits@D@std@@@std@@UAEPAXI@Z 00409d80 f i DBBackup.obj
 0001:00008d80       ??_G?$basic_iostream@DU?$char_traits@D@std@@@std@@UAEPAXI@Z 00409d80 f i DBBackup.obj
 0001:00008db0       ??_E?$basic_filebuf@DU?$char_traits@D@std@@@std@@UAEPAXI@Z 00409db0 f i DBBackup.obj
 0001:00008db0       ??_G?$basic_filebuf@DU?$char_traits@D@std@@@std@@UAEPAXI@Z 00409db0 f i DBBackup.obj
 0001:00008dd0       ?clear@?$basic_ios@DU?$char_traits@D@std@@@std@@QAEXH_N@Z 00409dd0 f i DBBackup.obj
 0001:00008df0       ??1sentry@?$basic_ostream@DU?$char_traits@D@std@@@std@@QAE@XZ 00409df0 f i DBBackup.obj
 0001:00008e60       ??0?$fpos@H@std@@QAE@J@Z   00409e60 f i DBBackup.obj
 0001:00008ea0       ?getline@?$basic_istream@DU?$char_traits@D@std@@@std@@QAEAAV12@PADHD@Z 00409ea0 f i DBBackup.obj
 0001:00009070       ?sgetc@?$basic_streambuf@DU?$char_traits@D@std@@@std@@QAEHXZ 0040a070 f i DBBackup.obj
 0001:00009090       ?ipfx@?$basic_istream@DU?$char_traits@D@std@@@std@@QAE_N_N@Z 0040a090 f i DBBackup.obj
 0001:00009310       ??0bad_cast@std@@QAE@PBD@Z 0040a310 f i DBBackup.obj
 0001:00009330       ??0?$ctype@D@std@@QAE@PBF_NI@Z 0040a330 f i DBBackup.obj
 0001:00009450       ??1ctype_base@std@@UAE@XZ  0040a450 f i DBBackup.obj
 0001:00009460       ??_Gfacet@locale@std@@UAEPAXI@Z 0040a460 f i DBBackup.obj
 0001:00009460       ??_Efacet@locale@std@@UAEPAXI@Z 0040a460 f i DBBackup.obj
 0001:00009480       ?_Term@?$ctype@D@std@@KAXXZ 0040a480 f i DBBackup.obj
 0001:00009490       ?do_tolower@?$ctype@D@std@@MBEDD@Z 0040a490 f i DBBackup.obj
 0001:000094b0       ?do_tolower@?$ctype@D@std@@MBEPBDPADPBD@Z 0040a4b0 f i DBBackup.obj
 0001:000094f0       ?do_toupper@?$ctype@D@std@@MBEDD@Z 0040a4f0 f i DBBackup.obj
 0001:00009510       ?do_toupper@?$ctype@D@std@@MBEPBDPADPBD@Z 0040a510 f i DBBackup.obj
 0001:00009550       ??_G?$ctype@D@std@@UAEPAXI@Z 0040a550 f i DBBackup.obj
 0001:00009550       ??_E?$ctype@D@std@@UAEPAXI@Z 0040a550 f i DBBackup.obj
 0001:00009570       ??1?$ctype@D@std@@UAE@XZ   0040a570 f i DBBackup.obj
 0001:000095a0       ??0?$basic_iostream@DU?$char_traits@D@std@@@std@@QAE@PAV?$basic_streambuf@DU?$char_traits@D@std@@@1@@Z 0040a5a0 f i DBBackup.obj
 0001:00009670       ??1?$basic_istream@DU?$char_traits@D@std@@@std@@UAE@XZ 0040a670 f i DBBackup.obj
 0001:00009680       ??0?$basic_filebuf@DU?$char_traits@D@std@@@std@@QAE@PAU_iobuf@@@Z 0040a680 f i DBBackup.obj
 0001:00009880       ?open@?$basic_filebuf@DU?$char_traits@D@std@@@std@@QAEPAV12@PBDH@Z 0040a880 f i DBBackup.obj
 0001:00009950       ?assign@?$basic_string@DU?$char_traits@D@std@@V?$allocator@D@2@@std@@QAEAAV12@PBDI@Z 0040a950 f i DBBackup.obj
 0001:000099f0       ?_Freeze@?$basic_string@DU?$char_traits@D@std@@V?$allocator@D@2@@std@@AAEXXZ 0040a9f0 f i DBBackup.obj
 0001:00009a70       ?opfx@?$basic_ostream@DU?$char_traits@D@std@@@std@@QAE_NXZ 0040aa70 f i DBBackup.obj
 0001:00009af0       ??0?$basic_streambuf@DU?$char_traits@D@std@@@std@@IAE@XZ 0040aaf0 f i DBBackup.obj
 0001:00009ba0       ?_Init@?$basic_filebuf@DU?$char_traits@D@std@@@std@@IAEXPAU_iobuf@@W4_Initfl@12@@Z 0040aba0 f i DBBackup.obj
 0001:00009c80       ?_Initcvt@?$basic_filebuf@DU?$char_traits@D@std@@@std@@IAEXXZ 0040ac80 f i DBBackup.obj
 0001:00009ec0       ?_Incref@facet@locale@std@@QAEXXZ 0040aec0 f i DBBackup.obj
 0001:00009ef0       ??0locale@std@@QAE@ABV01@@Z 0040aef0 f i DBBackup.obj
 0001:00009f10       ?getloc@?$basic_streambuf@DU?$char_traits@D@std@@@std@@QAE?AVlocale@2@XZ 0040af10 f i DBBackup.obj
 0001:00009f50       ?_Init@?$basic_streambuf@DU?$char_traits@D@std@@@std@@IAEXXZ 0040af50 f i DBBackup.obj
 0001:00009fb0       ?_Init@?$basic_streambuf@DU?$char_traits@D@std@@@std@@IAEXPAPAD0PAH001@Z 0040afb0 f i DBBackup.obj
 0001:00009fe0       ?setg@?$basic_streambuf@DU?$char_traits@D@std@@@std@@IAEXPAD00@Z 0040afe0 f i DBBackup.obj
 0001:0000a000       ?setp@?$basic_streambuf@DU?$char_traits@D@std@@@std@@IAEXPAD0@Z 0040b000 f i DBBackup.obj
 0001:0000a020       ?use_facet@std@@YAABV?$ctype@D@1@ABVlocale@1@PBV21@_N@Z 0040b020 f i DBBackup.obj
 0001:0000a240       ??6std@@YAAAV?$basic_ostream@DU?$char_traits@D@std@@@0@AAV10@PBD@Z 0040b240 f i DBBackup.obj
 0001:0000a4d0       ?_Addfac@std@@YA?AVlocale@1@V21@PAV?$codecvt@DDH@1@@Z 0040b4d0 f i DBBackup.obj
 0001:0000a5e0       ??0?$num_put@DV?$ostreambuf_iterator@DU?$char_traits@D@std@@@std@@@std@@QAE@I@Z 0040b5e0 f i DBBackup.obj
 0001:0000a640       ??1facet@locale@std@@UAE@XZ 0040b640 f i DBBackup.obj
 0001:0000a650       ?do_put@?$num_put@DV?$ostreambuf_iterator@DU?$char_traits@D@std@@@std@@@std@@MBE?AV?$ostreambuf_iterator@DU?$char_traits@D@std@@@2@V32@AAVios_base@2@D_N@Z 0040b650 f i DBBackup.obj
 0001:0000a930       ?assign@?$basic_string@DU?$char_traits@D@std@@V?$allocator@D@2@@std@@QAEAAV12@ABV12@II@Z 0040b930 f i DBBackup.obj
 0001:0000ab30       ?sputc@?$basic_streambuf@DU?$char_traits@D@std@@@std@@QAEHD@Z 0040bb30 f i DBBackup.obj
 0001:0000ab80       ?do_put@?$num_put@DV?$ostreambuf_iterator@DU?$char_traits@D@std@@@std@@@std@@MBE?AV?$ostreambuf_iterator@DU?$char_traits@D@std@@@2@V32@AAVios_base@2@DJ@Z 0040bb80 f i DBBackup.obj
 0001:0000ac30       ?do_put@?$num_put@DV?$ostreambuf_iterator@DU?$char_traits@D@std@@@std@@@std@@MBE?AV?$ostreambuf_iterator@DU?$char_traits@D@std@@@2@V32@AAVios_base@2@DK@Z 0040bc30 f i DBBackup.obj
 0001:0000ace0       ?do_put@?$num_put@DV?$ostreambuf_iterator@DU?$char_traits@D@std@@@std@@@std@@MBE?AV?$ostreambuf_iterator@DU?$char_traits@D@std@@@2@V32@AAVios_base@2@DN@Z 0040bce0 f i DBBackup.obj
 0001:0000add0       ?do_put@?$num_put@DV?$ostreambuf_iterator@DU?$char_traits@D@std@@@std@@@std@@MBE?AV?$ostreambuf_iterator@DU?$char_traits@D@std@@@2@V32@AAVios_base@2@DO@Z 0040bdd0 f i DBBackup.obj
 0001:0000aec0       ?do_put@?$num_put@DV?$ostreambuf_iterator@DU?$char_traits@D@std@@@std@@@std@@MBE?AV?$ostreambuf_iterator@DU?$char_traits@D@std@@@2@V32@AAVios_base@2@DPBX@Z 0040bec0 f i DBBackup.obj
 0001:0000b080       ??_E?$num_put@DV?$ostreambuf_iterator@DU?$char_traits@D@std@@@std@@@std@@UAEPAXI@Z 0040c080 f i DBBackup.obj
 0001:0000b080       ??_G?$num_put@DV?$ostreambuf_iterator@DU?$char_traits@D@std@@@std@@@std@@UAEPAXI@Z 0040c080 f i DBBackup.obj
 0001:0000b0a0       ??1?$num_put@DV?$ostreambuf_iterator@DU?$char_traits@D@std@@@std@@@std@@UAE@XZ 0040c0a0 f i DBBackup.obj
 0001:0000b0b0       ?_Fput@?$num_put@DV?$ostreambuf_iterator@DU?$char_traits@D@std@@@std@@@std@@KA?AV?$ostreambuf_iterator@DU?$char_traits@D@std@@@2@V32@AAVios_base@2@DPBDII@Z 0040c0b0 f i DBBackup.obj
 0001:0000b4c0       ?_Iput@?$num_put@DV?$ostreambuf_iterator@DU?$char_traits@D@std@@@std@@@std@@KA?AV?$ostreambuf_iterator@DU?$char_traits@D@std@@@2@V32@AAVios_base@2@DPADI@Z 0040c4c0 f i DBBackup.obj
 0001:0000b910       ?_Rep@?$num_put@DV?$ostreambuf_iterator@DU?$char_traits@D@std@@@std@@@std@@KA?AV?$ostreambuf_iterator@DU?$char_traits@D@std@@@2@V32@DI@Z 0040c910 f i DBBackup.obj
 0001:0000b990       ?falsename@?$numpunct@D@std@@QBE?AV?$basic_string@DU?$char_traits@D@std@@V?$allocator@D@2@@2@XZ 0040c990 f i DBBackup.obj
 0001:0000b9b0       ?truename@?$numpunct@D@std@@QBE?AV?$basic_string@DU?$char_traits@D@std@@V?$allocator@D@2@@2@XZ 0040c9b0 f i DBBackup.obj
 0001:0000b9d0       ?max_size@?$basic_string@DU?$char_traits@D@std@@V?$allocator@D@2@@std@@QBEIXZ 0040c9d0 f i DBBackup.obj
 0001:0000b9e0       ??4?$ostreambuf_iterator@DU?$char_traits@D@std@@@std@@QAEAAV01@D@Z 0040c9e0 f i DBBackup.obj
 0001:0000ba40       ?grouping@?$numpunct@D@std@@QBE?AV?$basic_string@DU?$char_traits@D@std@@V?$allocator@D@2@@2@XZ 0040ca40 f i DBBackup.obj
 0001:0000ba60       ??0?$codecvt@DDH@std@@QAE@I@Z 0040ca60 f i DBBackup.obj
 0001:0000bad0       ?do_always_noconv@codecvt_base@std@@MBE_NXZ 0040cad0 f i DBBackup.obj
 0001:0000bae0       ?do_max_length@codecvt_base@std@@MBEHXZ 0040cae0 f i DBBackup.obj
 0001:0000baf0       ?do_encoding@codecvt_base@std@@MBEHXZ 0040caf0 f i DBBackup.obj
 0001:0000bb00       ??1codecvt_base@std@@UAE@XZ 0040cb00 f i DBBackup.obj
 0001:0000bb10       ?do_in@?$codecvt@DDH@std@@MBEHAAHPBD1AAPBDPAD3AAPAD@Z 0040cb10 f i DBBackup.obj
 0001:0000bb30       ?do_out@?$codecvt@DDH@std@@MBEHAAHPBD1AAPBDPAD3AAPAD@Z 0040cb30 f i DBBackup.obj
 0001:0000bb50       ?do_length@?$codecvt@DDH@std@@MBEHAAHPBD1I@Z 0040cb50 f i DBBackup.obj
 0001:0000bb70       ??_E?$codecvt@DDH@std@@UAEPAXI@Z 0040cb70 f i DBBackup.obj
 0001:0000bb70       ??_G?$codecvt@DDH@std@@UAEPAXI@Z 0040cb70 f i DBBackup.obj
 0001:0000bb90       ??1?$codecvt@DDH@std@@UAE@XZ 0040cb90 f i DBBackup.obj
 0001:0000bba0       ??0?$numpunct@D@std@@QAE@I@Z 0040cba0 f i DBBackup.obj
 0001:0000bcc0       ?do_decimal_point@?$numpunct@D@std@@MBEDXZ 0040ccc0 f i DBBackup.obj
 0001:0000bcd0       ?do_thousands_sep@?$numpunct@D@std@@MBEDXZ 0040ccd0 f i DBBackup.obj
 0001:0000bce0       ?do_grouping@?$numpunct@D@std@@MBE?AV?$basic_string@DU?$char_traits@D@std@@V?$allocator@D@2@@2@XZ 0040cce0 f i DBBackup.obj
 0001:0000bdb0       ?do_falsename@?$numpunct@D@std@@MBE?AV?$basic_string@DU?$char_traits@D@std@@V?$allocator@D@2@@2@XZ 0040cdb0 f i DBBackup.obj
 0001:0000be80       ?do_truename@?$numpunct@D@std@@MBE?AV?$basic_string@DU?$char_traits@D@std@@V?$allocator@D@2@@2@XZ 0040ce80 f i DBBackup.obj
 0001:0000bf50       ??_E?$numpunct@D@std@@UAEPAXI@Z 0040cf50 f i DBBackup.obj
 0001:0000bf50       ??_G?$numpunct@D@std@@UAEPAXI@Z 0040cf50 f i DBBackup.obj
 0001:0000bf70       ??1?$numpunct@D@std@@UAE@XZ 0040cf70 f i DBBackup.obj
 0001:0000bfa0       ?_Save@?$_Tidyfac@V?$ctype@D@std@@@std@@SAPAV?$ctype@D@2@PAV32@@Z 0040cfa0 f i DBBackup.obj
 0001:0000c020       ?_Save@?$_Tidyfac@V?$num_put@DV?$ostreambuf_iterator@DU?$char_traits@D@std@@@std@@@std@@@std@@SAPAV?$num_put@DV?$ostreambuf_iterator@DU?$char_traits@D@std@@@std@@@2@PAV32@@Z 0040d020 f i DBBackup.obj
 0001:0000c0a0       ?_Save@?$_Tidyfac@V?$numpunct@D@std@@@std@@SAPAV?$numpunct@D@2@PAV32@@Z 0040d0a0 f i DBBackup.obj
 0001:0000c120       ?_Save@?$_Tidyfac@V?$codecvt@DDH@std@@@std@@SAPAV?$codecvt@DDH@2@PAV32@@Z 0040d120 f i DBBackup.obj
 0001:0000c1a0       ?_Tidy@?$_Tidyfac@V?$ctype@D@std@@@std@@SAXXZ 0040d1a0 f i DBBackup.obj
 0001:0000c240       ?_Tidy@?$_Tidyfac@V?$num_put@DV?$ostreambuf_iterator@DU?$char_traits@D@std@@@std@@@std@@@std@@SAXXZ 0040d240 f i DBBackup.obj
 0001:0000c2e0       ?_Tidy@?$_Tidyfac@V?$numpunct@D@std@@@std@@SAXXZ 0040d2e0 f i DBBackup.obj
 0001:0000c380       ?_Tidy@?$_Tidyfac@V?$codecvt@DDH@std@@@std@@SAXXZ 0040d380 f i DBBackup.obj
 0001:0000c4c0       ?id@?$codecvt@DDH@std@@$E  0040d4c0 f i DBBackup.obj
 0001:0000c4d0       ?id@?$numpunct@D@std@@$E   0040d4d0 f i DBBackup.obj
 0001:0000c4e0       ?id@?$num_put@DV?$ostreambuf_iterator@DU?$char_traits@D@std@@@$E 0040d4e0 f i DBBackup.obj
 0001:0000c4f0       ??0CDBDump@@QAE@XZ         0040d4f0 f   DBDumpLoad.obj
 0001:0000c520       ?Open@CDBDump@@QAE_NPAD@Z  0040d520 f   DBDumpLoad.obj
 0001:0000c5d0       ?Close@CDBDump@@QAE_NXZ    0040d5d0 f   DBDumpLoad.obj
 0001:0000c620       ?AddData@CDBDump@@QAE_NPADI0I@Z 0040d620 f   DBDumpLoad.obj
 0001:0000c730       ??0CDBLoad@@QAE@XZ         0040d730 f   DBDumpLoad.obj
 0001:0000c760       ??_ECDBLoad@@UAEPAXI@Z     0040d760 f i DBDumpLoad.obj
 0001:0000c760       ??_GCDBLoad@@UAEPAXI@Z     0040d760 f i DBDumpLoad.obj
 0001:0000c780       ?Open@CDBLoad@@QAE_NPAD@Z  0040d780 f   DBDumpLoad.obj
 0001:0000c830       ?Close@CDBLoad@@QAE_NXZ    0040d830 f   DBDumpLoad.obj
 0001:0000c880       ?ReadData@CDBLoad@@QAE_NPADAAI01@Z 0040d880 f   DBDumpLoad.obj
 0001:0000c930       ?GotoHead@CDBLoad@@QAEXXZ  0040d930 f   DBDumpLoad.obj
 0001:0000c960       ?SearchData@CDBLoad@@QAE_NPAD0AAI@Z 0040d960 f   DBDumpLoad.obj
 0001:0000ca60       ??0ZDBTable@@QAE@PBD0@Z    0040da60 f   DBTable.obj
 0001:0000cbc0       ??_EZDBTable@@UAEPAXI@Z    0040dbc0 f i DBTable.obj
 0001:0000cbc0       ??_GZDBTable@@UAEPAXI@Z    0040dbc0 f i DBTable.obj
 0001:0000cbe0       ??1ZDBTable@@UAE@XZ        0040dbe0 f   DBTable.obj
 0001:0000cc00       ?addIndex@ZDBTable@@QAEHP6AHPAU__db@@PBU__db_dbt@@1PAU3@@Z_N@Z 0040dc00 f   DBTable.obj
 0001:0000cc50       ?open@ZDBTable@@QAE_NXZ    0040dc50 f   DBTable.obj
 0001:0000cdd0       ?close@ZDBTable@@QAEXXZ    0040ddd0 f   DBTable.obj
 0001:0000ce20       ?commit@ZDBTable@@QAE_NXZ  0040de20 f   DBTable.obj
 0001:0000ce30       ?add@ZDBTable@@QAE_NPBDH0H@Z 0040de30 f   DBTable.obj
 0001:0000cef0       ?remove@ZDBTable@@QAE_NPBDHH@Z 0040def0 f   DBTable.obj
 0001:0000cf80       ?_search@ZDBTable@@IAEPAUZCursor@@_NPBDHH@Z 0040df80 f   DBTable.obj
 0001:0000d1a0       ?_next@ZDBTable@@IAE_N_NPAUZCursor@@@Z 0040e1a0 f   DBTable.obj
 0001:0000d320       ?removeLog@ZDBTable@@QAEXXZ 0040e320 f   DBTable.obj
 0001:0000d3a0       ??0CFilterTextLib@@QAE@XZ  0040e3a0 f   FilterTextLib.obj
 0001:0000d3c0       ??_GCFilterTextLib@@UAEPAXI@Z 0040e3c0 f i FilterTextLib.obj
 0001:0000d3c0       ??_ECFilterTextLib@@UAEPAXI@Z 0040e3c0 f i FilterTextLib.obj
 0001:0000d3e0       ??1CFilterTextLib@@UAE@XZ  0040e3e0 f   FilterTextLib.obj
 0001:0000d3f0       ?Initialize@CFilterTextLib@@QAEHXZ 0040e3f0 f   FilterTextLib.obj
 0001:0000d430       ?Uninitialize@CFilterTextLib@@QAEHXZ 0040e430 f   FilterTextLib.obj
 0001:0000d460       ?CreateTextFilter@CFilterTextLib@@QAEJPAPAUITextFilter@@@Z 0040e460 f   FilterTextLib.obj
 0001:0000d790       ?MonitorProc@@YGKPAX@Z     0040e790 f   Goddess.obj
 0001:0000d7a0       ?ServerEventNotify@@YGXPAXABK1@Z 0040e7a0 f   Goddess.obj
 0001:0000d960       ?ThreadProcess@@YGKPAX@Z   0040e960 f   Goddess.obj
 0001:0000daf0       _WinMain@16                0040eaf0 f   Goddess.obj
 0001:0000dbf0       ?MainWndProc@@YGHPAUHWND__@@IIJ@Z 0040ebf0 f   Goddess.obj
 0001:0000e300       ?CreateDatabaseEngine@@YA_NPAUHWND__@@@Z 0040f300 f   Goddess.obj
 0001:0000e4b0       ?DestroyDatabaseEngine@@YAXXZ 0040f4b0 f   Goddess.obj
 0001:0000e580       ?LoadSetting@@YAXXZ        0040f580 f   Goddess.obj
 0001:0000e740       ?SaveSetting@@YAXXZ        0040f740 f   Goddess.obj
 0001:0000e900       ??Hstd@@YA?AV?$basic_string@DU?$char_traits@D@std@@V?$allocator@D@2@@0@ABV10@PBD@Z 0040f900 f i Goddess.obj
 0001:0000eae0       ?get_account@@YAHPAU__db@@PBU__db_dbt@@1PAU2@@Z 0040fae0 f   IDBRoleServer.obj
 0001:0000eb10       ?get_tong@@YAHPAU__db@@PBU__db_dbt@@1PAU2@@Z 0040fb10 f   IDBRoleServer.obj
 0001:0000eb40       ?DeadlockProc@@YGKPAX@Z    0040fb40 f   IDBRoleServer.obj
 0001:0000eba0       ?RemoveLogProc@@YGKPAX@Z   0040fba0 f   IDBRoleServer.obj
 0001:0000ebe0       ?DeadlockProcTong@@YGKPAX@Z 0040fbe0 f   IDBRoleServer.obj
 0001:0000ec40       ?RemoveLogProcTong@@YGKPAX@Z 0040fc40 f   IDBRoleServer.obj
 0001:0000ec80       ?DeadlockProcTongMember@@YGKPAX@Z 0040fc80 f   IDBRoleServer.obj
 0001:0000ece0       ?RemoveLogProcTongMember@@YGKPAX@Z 0040fce0 f   IDBRoleServer.obj
 0001:0000ed20       ?InitDBInterface@@YAHI@Z   0040fd20 f   IDBRoleServer.obj
 0001:0000ef00       ?ReleaseDBInterface@@YAXXZ 0040ff00 f   IDBRoleServer.obj
 0001:0000efe0       ?SetRoleInfoForGM@@YAXHPAD0H@Z 0040ffe0 f   IDBRoleServer.obj
 0001:0000f050       ?GetRoleInfoForGM@@YAPAXHPAD0AAH@Z 00410050 f   IDBRoleServer.obj
 0001:0000f0f0       ?GetRoleInfo@@YAPAXPAD0AAH@Z 004100f0 f   IDBRoleServer.obj
 0001:0000f1d0       ?SaveRoleInfo@@YAHPADPBDH@Z 004101d0 f   IDBRoleServer.obj
 0001:0000f4a0       ?GetRoleListOfAccount@@YAHPADPAURoleBaseInfo@@H@Z 004104a0 f   IDBRoleServer.obj
 0001:0000f590       ?DeleteRole@@YA_NPBD@Z     00410590 f   IDBRoleServer.obj
 0001:0000f5d0       ?StartBackupTimer@@YA_NH@Z 004105d0 f   IDBRoleServer.obj
 0001:0000f650       ?StopBackupTimer@@YA_NXZ   00410650 f   IDBRoleServer.obj
 0001:0000f6a0       ?SuspendBackupTimer@@YA_NXZ 004106a0 f   IDBRoleServer.obj
 0001:0000f6c0       ?ResumeBackupTimer@@YA_NXZ 004106c0 f   IDBRoleServer.obj
 0001:0000f6e0       ?IsBackupThreadWorking@@YA_NXZ 004106e0 f   IDBRoleServer.obj
 0001:0000f700       ?IsBackupWorking@@YA_NXZ   00410700 f   IDBRoleServer.obj
 0001:0000f720       ?DoManualBackup@@YA_NXZ    00410720 f   IDBRoleServer.obj
 0001:0000f740       ?GetGameStat@@YA_NPAUTGAME_STAT_DATA@@@Z 00410740 f   IDBRoleServer.obj
 0001:0000f7a0       ?AddOutputString@@YAXPAUHWND__@@PAD@Z 004107a0 f   IDBRoleServer.obj
 0001:0000f820       ??0CRoleNameFilter@@QAE@XZ 00410820 f   RoleNameFilter.obj
 0001:0000f830       ??_GCRoleNameFilter@@UAEPAXI@Z 00410830 f i RoleNameFilter.obj
 0001:0000f830       ??_ECRoleNameFilter@@UAEPAXI@Z 00410830 f i RoleNameFilter.obj
 0001:0000f850       ??1CRoleNameFilter@@UAE@XZ 00410850 f   RoleNameFilter.obj
 0001:0000f860       ?Initialize@CRoleNameFilter@@QAEHXZ 00410860 f   RoleNameFilter.obj
 0001:0000f940       ?Uninitialize@CRoleNameFilter@@QAEHXZ 00410940 f   RoleNameFilter.obj
 0001:0000f960       ?IsTextPass@CRoleNameFilter@@QAEHPBD@Z 00410960 f   RoleNameFilter.obj
 0001:0000f980       _InitializeCriticalSection@4 00410980 f   kernel32:KERNEL32.dll
 0001:0000f986       _DeleteCriticalSection@4   00410986 f   kernel32:KERNEL32.dll
 0001:0000f98c       _LeaveCriticalSection@4    0041098c f   kernel32:KERNEL32.dll
 0001:0000f992       _EnterCriticalSection@4    00410992 f   kernel32:KERNEL32.dll
 0001:0000f998       _InterlockedIncrement@4    00410998 f   kernel32:KERNEL32.dll
 0001:0000f99e       _CloseHandle@4             0041099e f   kernel32:KERNEL32.dll
 0001:0000f9a4       _TerminateThread@8         004109a4 f   kernel32:KERNEL32.dll
 0001:0000f9aa       _WaitForSingleObject@8     004109aa f   kernel32:KERNEL32.dll
 0001:0000f9b0       _Sleep@4                   004109b0 f   kernel32:KERNEL32.dll
 0001:0000f9b6       _CreateThread@24           004109b6 f   kernel32:KERNEL32.dll
 0001:0000f9bc       _SuspendThread@4           004109bc f   kernel32:KERNEL32.dll
 0001:0000f9c2       _ResumeThread@4            004109c2 f   kernel32:KERNEL32.dll
 0001:0000f9c8       _GetLocalTime@4            004109c8 f   kernel32:KERNEL32.dll
 0001:0000f9ce       _GetSystemTime@4           004109ce f   kernel32:KERNEL32.dll
 0001:0000f9d4       _GetProcAddress@8          004109d4 f   kernel32:KERNEL32.dll
 0001:0000f9da       _LoadLibraryA@4            004109da f   kernel32:KERNEL32.dll
 0001:0000f9e0       _FreeLibrary@4             004109e0 f   kernel32:KERNEL32.dll
 0001:0000f9e6       _MessageBoxA@16            004109e6 f   user32:USER32.dll
 0001:0000f9ec       _PostMessageA@16           004109ec f   user32:USER32.dll
 0001:0000f9f2       _DispatchMessageA@4        004109f2 f   user32:USER32.dll
 0001:0000f9f8       _TranslateMessage@4        004109f8 f   user32:USER32.dll
 0001:0000f9fe       _IsDialogMessageA@8        004109fe f   user32:USER32.dll
 0001:0000fa04       _IsWindow@4                00410a04 f   user32:USER32.dll
 0001:0000fa0a       _GetMessageA@16            00410a0a f   user32:USER32.dll
 0001:0000fa10       _GetDlgItem@8              00410a10 f   user32:USER32.dll
 0001:0000fa16       _UpdateWindow@4            00410a16 f   user32:USER32.dll
 0001:0000fa1c       _ShowWindow@8              00410a1c f   user32:USER32.dll
 0001:0000fa22       _CreateDialogParamA@20     00410a22 f   user32:USER32.dll
 0001:0000fa28       _SendMessageA@16           00410a28 f   user32:USER32.dll
 0001:0000fa2e       _SetDlgItemTextA@12        00410a2e f   user32:USER32.dll
 0001:0000fa34       _PostQuitMessage@4         00410a34 f   user32:USER32.dll
 0001:0000fa3a       _DestroyWindow@4           00410a3a f   user32:USER32.dll
 0001:0000fa40       _GetDlgItemInt@16          00410a40 f   user32:USER32.dll
 0001:0000fa46       _KillTimer@8               00410a46 f   user32:USER32.dll
 0001:0000fa4c       _SetTimer@16               00410a4c f   user32:USER32.dll
 0001:0000fa52       _SetDlgItemInt@16          00410a52 f   user32:USER32.dll
 0001:0000fa58       _SetWindowTextA@8          00410a58 f   user32:USER32.dll
 0001:0000fa5e       _EnableWindow@8            00410a5e f   user32:USER32.dll
 0001:0000fa70       __onexit                   00410a70 f   LIBCMTD:onexit.obj
 0001:0000fb30       _atexit                    00410b30 f   LIBCMTD:onexit.obj
 0001:0000fb50       ___onexitinit              00410b50 f   LIBCMTD:onexit.obj
 0001:0000fba0       ??3@YAXPAX@Z               00410ba0 f   LIBCMTD:dbgdel.obj
 0001:0000fc50       ??2@YAPAXI@Z               00410c50 f   LIBCMTD:new.obj
 0001:0000fc70       ?_JumpToContinuation@@YGXPAXPAUEHRegistrationNode@@@Z 00410c70 f   LIBCMTD:trnsctrl.obj
 0001:0000fcb0       ?_CallMemberFunction0@@YGXPAX0@Z 00410cb0 f   LIBCMTD:trnsctrl.obj
 0001:0000fcc0       ?_CallMemberFunction1@@YGXPAX00@Z 00410cc0 f   LIBCMTD:trnsctrl.obj
 0001:0000fcd0       ?_CallMemberFunction2@@YGXPAX00H@Z 00410cd0 f   LIBCMTD:trnsctrl.obj
 0001:0000fce0       ?_UnwindNestedFrames@@YGXPAUEHRegistrationNode@@PAUEHExceptionRecord@@@Z 00410ce0 f   LIBCMTD:trnsctrl.obj
 0001:0000fd40       ___CxxFrameHandler         00410d40 f   LIBCMTD:trnsctrl.obj
 0001:0000fd80       ___CxxLongjmpUnwind@4      00410d80 f   LIBCMTD:trnsctrl.obj
 0001:0000fdb0       ?_CallCatchBlock2@@YAPAXPAUEHRegistrationNode@@PBU_s_FuncInfo@@PAXHK@Z 00410db0 f   LIBCMTD:trnsctrl.obj
 0001:0000fe60       ?_CallSETranslator@@YAHPAUEHExceptionRecord@@PAUEHRegistrationNode@@PAX2PBU_s_FuncInfo@@H1@Z 00410e60 f   LIBCMTD:trnsctrl.obj
 0001:0000ffc0       ?_GetRangeOfTrysToCheck@@YAPBU_s_TryBlockMapEntry@@PBU_s_FuncInfo@@HHPAI1@Z 00410fc0 f   LIBCMTD:trnsctrl.obj
 0001:00010050       __global_unwind2           00411050 f   LIBCMTD:exsup.obj
 0001:00010092       __local_unwind2            00411092 f   LIBCMTD:exsup.obj
 0001:000100ea       __NLG_Return2              004110ea f   LIBCMTD:exsup.obj
 0001:000100fa       __abnormal_termination     004110fa f   LIBCMTD:exsup.obj
 0001:0001011d       __NLG_Notify1              0041111d f   LIBCMTD:exsup.obj
 0001:00010126       __NLG_Notify               00411126 f   LIBCMTD:exsup.obj
 0001:00010139       __NLG_Dispatch             00411139 f   LIBCMTD:exsup.obj
 0001:00010140       __beginthreadex            00411140 f   LIBCMTD:threadex.obj
 0001:000102d0       __endthreadex              004112d0 f   LIBCMTD:threadex.obj
 0001:00010320       _strncpy                   00411320 f   LIBCMTD:strncpy.obj
 0001:00010420       __chkstk                   00411420 f   LIBCMTD:chkstk.obj
 0001:00010420       __alloca_probe             00411420 f   LIBCMTD:chkstk.obj
 0001:00010450       _memmove                   00411450 f   LIBCMTD:memmove.obj
 0001:00010790       __allmul                   00411790 f   LIBCMTD:llmul.obj
 0001:000107d0       _fclose                    004117d0 f   LIBCMTD:fclose.obj
 0001:00010860       __fclose_lk                00411860 f   LIBCMTD:fclose.obj
 0001:00010920       _fread                     00411920 f   LIBCMTD:fread.obj
 0001:00010960       __fread_lk                 00411960 f   LIBCMTD:fread.obj
 0001:00010b30       __fsopen                   00411b30 f   LIBCMTD:fopen.obj
 0001:00010c30       _fopen                     00411c30 f   LIBCMTD:fopen.obj
 0001:00010c50       _fwrite                    00411c50 f   LIBCMTD:fwrite.obj
 0001:00010c90       __fwrite_lk                00411c90 f   LIBCMTD:fwrite.obj
 0001:00010eb0       _sprintf                   00411eb0 f   LIBCMTD:sprintf.obj
 0001:00010fb0       _localtime                 00411fb0 f   LIBCMTD:localtim.obj
 0001:00011210       _time                      00412210 f   LIBCMTD:time.obj
 0001:000113a0       __fpmath                   004123a0 f   LIBCMTD:fpinit.obj
 0001:000113d0       __fpclear                  004123d0 f   LIBCMTD:fpinit.obj
 0001:000113e0       __cfltcvt_init             004123e0 f   LIBCMTD:fpinit.obj
 0001:00011430       ___setfflag                00412430 f   LIBCMTD:fpinit.obj
 0001:00011450       _malloc                    00412450 f   LIBCMTD:dbgheap.obj
 0001:00011470       __malloc_dbg               00412470 f   LIBCMTD:dbgheap.obj
 0001:000114a0       __nh_malloc                004124a0 f   LIBCMTD:dbgheap.obj
 0001:000114c0       __nh_malloc_dbg            004124c0 f   LIBCMTD:dbgheap.obj
 0001:00011520       __heap_alloc               00412520 f   LIBCMTD:dbgheap.obj
 0001:00011540       __heap_alloc_dbg           00412540 f   LIBCMTD:dbgheap.obj
 0001:00011860       _calloc                    00412860 f   LIBCMTD:dbgheap.obj
 0001:00011880       __calloc_dbg               00412880 f   LIBCMTD:dbgheap.obj
 0001:000118e0       _realloc                   004128e0 f   LIBCMTD:dbgheap.obj
 0001:00011900       __realloc_dbg              00412900 f   LIBCMTD:dbgheap.obj
 0001:00011e60       __expand                   00412e60 f   LIBCMTD:dbgheap.obj
 0001:00011e80       __expand_dbg               00412e80 f   LIBCMTD:dbgheap.obj
 0001:00011ec0       _free                      00412ec0 f   LIBCMTD:dbgheap.obj
 0001:00011ee0       __free_lk                  00412ee0 f   LIBCMTD:dbgheap.obj
 0001:00011f00       __free_dbg                 00412f00 f   LIBCMTD:dbgheap.obj
 0001:00011f30       __free_dbg_lk              00412f30 f   LIBCMTD:dbgheap.obj
 0001:00012320       __msize                    00413320 f   LIBCMTD:dbgheap.obj
 0001:00012340       __msize_dbg                00413340 f   LIBCMTD:dbgheap.obj
 0001:000124a0       __CrtSetBreakAlloc         004134a0 f   LIBCMTD:dbgheap.obj
 0001:000124c0       __CrtSetDbgBlockType       004134c0 f   LIBCMTD:dbgheap.obj
 0001:00012560       __CrtSetAllocHook          00413560 f   LIBCMTD:dbgheap.obj
 0001:00012610       __CrtCheckMemory           00413610 f   LIBCMTD:dbgheap.obj
 0001:00012980       __CrtSetDbgFlag            00413980 f   LIBCMTD:dbgheap.obj
 0001:000129b0       __CrtDoForAllClientObjects 004139b0 f   LIBCMTD:dbgheap.obj
 0001:00012a20       __CrtIsValidPointer        00413a20 f   LIBCMTD:dbgheap.obj
 0001:00012a70       __CrtIsValidHeapPointer    00413a70 f   LIBCMTD:dbgheap.obj
 0001:00012b00       __CrtIsMemoryBlock         00413b00 f   LIBCMTD:dbgheap.obj
 0001:00012bf0       __CrtSetDumpClient         00413bf0 f   LIBCMTD:dbgheap.obj
 0001:00012c10       __CrtMemCheckpoint         00413c10 f   LIBCMTD:dbgheap.obj
 0001:00012d80       __CrtMemDifference         00413d80 f   LIBCMTD:dbgheap.obj
 0001:00012eb0       __CrtMemDumpAllObjectsSince 00413eb0 f   LIBCMTD:dbgheap.obj
 0001:00013290       __CrtDumpMemoryLeaks       00414290 f   LIBCMTD:dbgheap.obj
 0001:00013310       __CrtMemDumpStatistics     00414310 f   LIBCMTD:dbgheap.obj
 0001:000133e0       ??0exception@@QAE@XZ       004143e0 f   LIBCMTD:stdexcpt.obj
 0001:00013410       ??_Eexception@@UAEPAXI@Z   00414410 f i LIBCMTD:stdexcpt.obj
 0001:00013410       ??_Gexception@@UAEPAXI@Z   00414410 f i LIBCMTD:stdexcpt.obj
 0001:00013440       ??0exception@@QAE@ABQBD@Z  00414440 f   LIBCMTD:stdexcpt.obj
 0001:000134b0       ??0exception@@QAE@ABV0@@Z  004144b0 f   LIBCMTD:stdexcpt.obj
 0001:00013540       ??4exception@@QAEAAV0@ABV0@@Z 00414540 f   LIBCMTD:stdexcpt.obj
 0001:00013570       ??1exception@@UAE@XZ       00414570 f   LIBCMTD:stdexcpt.obj
 0001:000135b0       ?what@exception@@UBEPBDXZ  004145b0 f   LIBCMTD:stdexcpt.obj
 0001:000135e0       ??1type_info@@UAE@XZ       004145e0 f   LIBCMTD:typinfo.obj
 0001:00013620       ??_Etype_info@@UAEPAXI@Z   00414620 f i LIBCMTD:typinfo.obj
 0001:00013620       ??_Gtype_info@@UAEPAXI@Z   00414620 f i LIBCMTD:typinfo.obj
 0001:00013650       ??8type_info@@QBEHABV0@@Z  00414650 f   LIBCMTD:typinfo.obj
 0001:00013680       ??9type_info@@QBEHABV0@@Z  00414680 f   LIBCMTD:typinfo.obj
 0001:000136b0       ?before@type_info@@QBEHABV1@@Z 004146b0 f   LIBCMTD:typinfo.obj
 0001:000136e0       ?raw_name@type_info@@QBEPBDXZ 004146e0 f   LIBCMTD:typinfo.obj
 0001:00013700       ??0type_info@@AAE@ABV0@@Z  00414700 f   LIBCMTD:typinfo.obj
 0001:00013720       ??4type_info@@AAEAAV0@ABV0@@Z 00414720 f   LIBCMTD:typinfo.obj
 0001:00013730       __CxxThrowException@8      00414730 f   LIBCMTD:throw.obj
 0001:00013780       _fputc                     00414780 f   LIBCMTD:fputc.obj
 0001:00013840       _putc                      00414840 f   LIBCMTD:fputc.obj
 0001:00013860       _fgetc                     00414860 f   LIBCMTD:fgetc.obj
 0001:00013910       _getc                      00414910 f   LIBCMTD:fgetc.obj
 0001:00013930       _ungetc                    00414930 f   LIBCMTD:ungetc.obj
 0001:000139a0       __ungetc_lk                004149a0 f   LIBCMTD:ungetc.obj
 0001:00013ae0       _fgetpos                   00414ae0 f   LIBCMTD:fgetpos.obj
 0001:00013b20       _fseek                     00414b20 f   LIBCMTD:fseek.obj
 0001:00013b90       __fseek_lk                 00414b90 f   LIBCMTD:fseek.obj
 0001:00013cc0       _fsetpos                   00414cc0 f   LIBCMTD:fsetpos.obj
 0001:00013ce0       _setvbuf                   00414ce0 f   LIBCMTD:setvbuf.obj
 0001:00013e50       _fflush                    00414e50 f   LIBCMTD:fflush.obj
 0001:00013ea0       __fflush_lk                00414ea0 f   LIBCMTD:fflush.obj
 0001:00013ef0       __flush                    00414ef0 f   LIBCMTD:fflush.obj
 0001:00013fb0       __flushall                 00414fb0 f   LIBCMTD:fflush.obj
 0001:00014100       _memchr                    00415100 f   LIBCMTD:memchr.obj
 0001:000141b0       _localeconv                004151b0 f   LIBCMTD:lconv.obj
 0001:000141c0       _strcspn                   004151c0 f   LIBCMTD:strcspn.obj
 0001:00014200       __findfirst                00415200 f   LIBCMTD:findfile.obj
 0001:00014340       __findnext                 00415340 f   LIBCMTD:findfile.obj
 0001:00014470       __findclose                00415470 f   LIBCMTD:findfile.obj
 0001:000144a0       ___timet_from_ft           004154a0 f   LIBCMTD:findfile.obj
 0001:00014530       _ftell                     00415530 f   LIBCMTD:ftell.obj
 0001:000145a0       __ftell_lk                 004155a0 f   LIBCMTD:ftell.obj
 0001:00014840       _remove                    00415840 f   LIBCMTD:unlink.obj
 0001:00014890       _unlink                    00415890 f   LIBCMTD:unlink.obj
 0001:00014890       __unlink                   00415890 f   LIBCMTD:unlink.obj
 0001:000148b0       _atol                      004158b0 f   LIBCMTD:atox.obj
 0001:000149b0       _atoi                      004159b0 f   LIBCMTD:atox.obj
 0001:000149d0       __atoi64                   004159d0 f   LIBCMTD:atox.obj
 0001:00014b00       _fgets                     00415b00 f   LIBCMTD:fgets.obj
 0001:00014c40       _WinMainCRTStartup         00415c40 f   LIBCMTD:wincrt0.obj
 0001:00014db0       __amsg_exit                00415db0 f   LIBCMTD:wincrt0.obj
 0001:00014e10       __cinit                    00415e10 f   LIBCMTD:crt0dat.obj
 0001:00014e50       _exit                      00415e50 f   LIBCMTD:crt0dat.obj
 0001:00014e70       __exit                     00415e70 f   LIBCMTD:crt0dat.obj
 0001:00014e90       __cexit                    00415e90 f   LIBCMTD:crt0dat.obj
 0001:00014eb0       __c_exit                   00415eb0 f   LIBCMTD:crt0dat.obj
 0001:00014fc0       __lockexit                 00415fc0 f   LIBCMTD:crt0dat.obj
 0001:00014fd0       __unlockexit               00415fd0 f   LIBCMTD:crt0dat.obj
 0001:00015010       __mtinitlocks              00416010 f   LIBCMTD:mlock.obj
 0001:00015050       __mtdeletelocks            00416050 f   LIBCMTD:mlock.obj
 0001:000150f0       __lock                     004160f0 f   LIBCMTD:mlock.obj
 0001:00015190       __unlock                   00416190 f   LIBCMTD:mlock.obj
 0001:000151b0       __lockerr_exit             004161b0 f   LIBCMTD:mlock.obj
 0001:000151d0       __CrtDbgBreak              004161d0 f   LIBCMTD:dbgrpt.obj
 0001:000151e0       __CrtSetReportMode         004161e0 f   LIBCMTD:dbgrpt.obj
 0001:00015240       __CrtSetReportFile         00416240 f   LIBCMTD:dbgrpt.obj
 0001:000152c0       __CrtSetReportHook         004162c0 f   LIBCMTD:dbgrpt.obj
 0001:000152e0       __CrtDbgReport             004162e0 f   LIBCMTD:dbgrpt.obj
 0001:00015980       ___InternalCxxFrameHandler 00416980 f   LIBCMTD:frame.obj
 0001:00015ef0       ___FrameUnwindToState      00416ef0 f   LIBCMTD:frame.obj
 0001:00016500       ?_DestructExceptionObject@@YAXPAUEHExceptionRecord@@E@Z 00417500 f   LIBCMTD:frame.obj
 0001:000165e0       __CallSettingFrame@12      004175e0 f   LIBCMTD:lowhelpr.obj
 0001:00016607       __NLG_Return               00417607 f   LIBCMTD:lowhelpr.obj
 0001:00016630       __mtinit                   00417630 f   LIBCMTD:tidtable.obj
 0001:000166c0       __mtterm                   004176c0 f   LIBCMTD:tidtable.obj
 0001:000166f0       __initptd                  004176f0 f   LIBCMTD:tidtable.obj
 0001:00016710       __getptd                   00417710 f   LIBCMTD:tidtable.obj
 0001:000167b0       __freeptd                  004177b0 f   LIBCMTD:tidtable.obj
 0001:000168c0       ___threadid                004178c0 f   LIBCMTD:tidtable.obj
 0001:000168d0       ___threadhandle            004178d0 f   LIBCMTD:tidtable.obj
 0001:000168e0       ?terminate@@YAXXZ          004178e0 f   LIBCMTD:hooks.obj
 0001:00016970       ?unexpected@@YAXXZ         00417970 f   LIBCMTD:hooks.obj
 0001:00016990       ?_inconsistency@@YAXXZ     00417990 f   LIBCMTD:hooks.obj
 0001:00016a20       __dosmaperr                00417a20 f   LIBCMTD:dosmap.obj
 0001:00016ac0       __errno                    00417ac0 f   LIBCMTD:dosmap.obj
 0001:00016ad0       ___doserrno                00417ad0 f   LIBCMTD:dosmap.obj
 0001:00016ae0       __XcptFilter               00417ae0 f   LIBCMTD:winxfltr.obj
 0001:00016d04       __except_handler3          00417d04 f   LIBCMTD:exsup3.obj
 0001:00016dc1       __seh_longjmp_unwind@4     00417dc1 f   LIBCMTD:exsup3.obj
 0001:00016de0       ___initstdio               00417de0 f   LIBCMTD:_file.obj
 0001:00016f10       ___endstdio                00417f10 f   LIBCMTD:_file.obj
 0001:00016f30       __lock_file                00417f30 f   LIBCMTD:_file.obj
 0001:00016f70       __lock_file2               00417f70 f   LIBCMTD:_file.obj
 0001:00016fa0       __unlock_file              00417fa0 f   LIBCMTD:_file.obj
 0001:00016fe0       __unlock_file2             00417fe0 f   LIBCMTD:_file.obj
 0001:00017010       _close                     00418010 f   LIBCMTD:close.obj
 0001:00017010       __close                    00418010 f   LIBCMTD:close.obj
 0001:00017090       __close_lk                 00418090 f   LIBCMTD:close.obj
 0001:00017140       __freebuf                  00418140 f   LIBCMTD:_freebuf.obj
 0001:000171e0       __filbuf                   004181e0 f   LIBCMTD:_filbuf.obj
 0001:000173d0       __read                     004183d0 f   LIBCMTD:read.obj
 0001:00017460       __read_lk                  00418460 f   LIBCMTD:read.obj
 0001:000178b0       _memcpy                    004188b0 f   LIBCMTD:memcpy.obj
 0001:00017bf0       __openfile                 00418bf0 f   LIBCMTD:_open.obj
 0001:00017f80       __getstream                00418f80 f   LIBCMTD:stream.obj
 0001:00018100       __flsbuf                   00419100 f   LIBCMTD:_flsbuf.obj
 0001:00018380       __write                    00419380 f   LIBCMTD:write.obj
 0001:00018410       __write_lk                 00419410 f   LIBCMTD:write.obj
 0001:00018690       __output                   00419690 f   LIBCMTD:output.obj
 0001:00019530       ___tzset                   0041a530 f   LIBCMTD:tzset.obj
 0001:00019570       __tzset                    0041a570 f   LIBCMTD:tzset.obj
 0001:00019940       __isindst                  0041a940 f   LIBCMTD:tzset.obj
 0001:00019e70       _gmtime                    0041ae70 f   LIBCMTD:gmtime.obj
 0001:0001a070       ___loctotime_t             0041b070 f   LIBCMTD:dtoxtime.obj
 0001:0001a160       __setdefaultprecision      0041b160 f   LIBCMTD:fp8.obj
 0001:0001a180       __ms_p5_test_fdiv          0041b180 f   LIBCMTD:testfdiv.obj
 0001:0001a1e0       __ms_p5_mp_test_fdiv       0041b1e0 f   LIBCMTD:testfdiv.obj
 0001:0001a230       __forcdecpt                0041b230 f   LIBCMTD:cvt.obj
 0001:0001a2e0       __cropzeros                0041b2e0 f   LIBCMTD:cvt.obj
 0001:0001a3c0       __positive                 0041b3c0 f   LIBCMTD:cvt.obj
 0001:0001a3f0       __fassign                  0041b3f0 f   LIBCMTD:cvt.obj
 0001:0001a440       __cftoe                    0041b440 f   LIBCMTD:cvt.obj
 0001:0001a630       __cftof                    0041b630 f   LIBCMTD:cvt.obj
 0001:0001a7e0       __cftog                    0041b7e0 f   LIBCMTD:cvt.obj
 0001:0001a8d0       __cfltcvt                  0041b8d0 f   LIBCMTD:cvt.obj
 0001:0001a960       ?_set_new_handler@@YAP6AHI@ZP6AHI@Z@Z 0041b960 f   LIBCMTD:handler.obj
 0001:0001a990       ?_query_new_handler@@YAP6AHI@ZXZ 0041b990 f   LIBCMTD:handler.obj
 0001:0001a9a0       __callnewh                 0041b9a0 f   LIBCMTD:handler.obj
 0001:0001a9d0       _memset                    0041b9d0 f   LIBCMTD:memset.obj
 0001:0001aa30       __malloc_base              0041ba30 f   LIBCMTD:malloc.obj
 0001:0001aa50       __nh_malloc_base           0041ba50 f   LIBCMTD:malloc.obj
 0001:0001aab0       __heap_alloc_base          0041bab0 f   LIBCMTD:malloc.obj
 0001:0001ab20       __CrtDefaultAllocHook      0041bb20 f   LIBCMTD:dbghook.obj
 0001:0001ab30       __expand_base              0041bb30 f   LIBCMTD:expand.obj
 0001:0001abe0       __realloc_base             0041bbe0 f   LIBCMTD:realloc.obj
 0001:0001add0       __free_base                0041bdd0 f   LIBCMTD:free.obj
 0001:0001ae40       __heapchk                  0041be40 f   LIBCMTD:heapchk.obj
 0001:0001aec0       __heapset                  0041bec0 f   LIBCMTD:heapchk.obj
 0001:0001aed0       __heap_init                0041bed0 f   LIBCMTD:heapinit.obj
 0001:0001af20       __heap_term                0041bf20 f   LIBCMTD:heapinit.obj
 0001:0001afc0       __get_sbh_threshold        0041bfc0 f   LIBCMTD:sbheap.obj
 0001:0001afd0       __set_sbh_threshold        0041bfd0 f   LIBCMTD:sbheap.obj
 0001:0001aff0       ___sbh_heap_init           0041bff0 f   LIBCMTD:sbheap.obj
 0001:0001b050       ___sbh_find_block          0041c050 f   LIBCMTD:sbheap.obj
 0001:0001b0b0       ___sbh_verify_block        0041c0b0 f   LIBCMTD:sbheap.obj
 0001:0001b110       ___sbh_free_block          0041c110 f   LIBCMTD:sbheap.obj
 0001:0001b6e0       ___sbh_alloc_block         0041c6e0 f   LIBCMTD:sbheap.obj
 0001:0001bc20       ___sbh_alloc_new_region    0041cc20 f   LIBCMTD:sbheap.obj
 0001:0001bd30       ___sbh_alloc_new_group     0041cd30 f   LIBCMTD:sbheap.obj
 0001:0001bf20       ___sbh_resize_block        0041cf20 f   LIBCMTD:sbheap.obj
 0001:0001c510       ___sbh_heapmin             0041d510 f   LIBCMTD:sbheap.obj
 0001:0001c640       ___sbh_heap_check          0041d640 f   LIBCMTD:sbheap.obj
 0001:0001cc60       __isctype                  0041dc60 f   LIBCMTD:isctype.obj
 0001:0001cd20       _strcpy                    0041dd20 f   LIBCMTD:strcat.obj
 0001:0001cd30       _strcat                    0041dd30 f   LIBCMTD:strcat.obj
 0001:0001ce10       _strlen                    0041de10 f   LIBCMTD:strlen.obj
 0001:0001ce90       _strcmp                    0041de90 f   LIBCMTD:strcmp.obj
 0001:0001cf20       ?__CxxUnhandledExceptionFilter@@YGJPAU_EXCEPTION_POINTERS@@@Z 0041df20 f   LIBCMTD:unhandld.obj
 0001:0001cf80       ?__CxxSetUnhandledExceptionFilter@@YAXXZ 0041df80 f   LIBCMTD:unhandld.obj
 0001:0001cfa0       ?__CxxRestoreUnhandledExceptionFilter@@YAXXZ 0041dfa0 f   LIBCMTD:unhandld.obj
 0001:0001cfc0       __getbuf                   0041dfc0 f   LIBCMTD:_getbuf.obj
 0001:0001d090       __ftelli64                 0041e090 f   LIBCMTD:ftelli64.obj
 0001:0001d100       __ftelli64_lk              0041e100 f   LIBCMTD:ftelli64.obj
 0001:0001d3f0       __lseek                    0041e3f0 f   LIBCMTD:lseek.obj
 0001:0001d480       __lseek_lk                 0041e480 f   LIBCMTD:lseek.obj
 0001:0001d540       __fseeki64                 0041e540 f   LIBCMTD:fseeki64.obj
 0001:0001d5b0       __fseeki64_lk              0041e5b0 f   LIBCMTD:fseeki64.obj
 0001:0001d700       __commit                   0041e700 f   LIBCMTD:commit.obj
 0001:0001d7e0       __ioinit                   0041e7e0 f   LIBCMTD:ioinit.obj
 0001:0001db10       __ioterm                   0041eb10 f   LIBCMTD:ioinit.obj
 0001:0001dbb0       __wincmdln                 0041ebb0 f   LIBCMTD:wincmdln.obj
 0001:0001dc70       __setenvp                  0041ec70 f   LIBCMTD:stdenvp.obj
 0001:0001ddc0       __setargv                  0041edc0 f   LIBCMTD:stdargv.obj
 0001:0001e2d0       ___crtGetEnvironmentStringsA 0041f2d0 f   LIBCMTD:a_env.obj
 0001:0001e4f0       __FF_MSGBANNER             0041f4f0 f   LIBCMTD:crt0msg.obj
 0001:0001e540       __NMSG_WRITE               0041f540 f   LIBCMTD:crt0msg.obj
 0001:0001e700       __GET_RTERRMSG             0041f700 f   LIBCMTD:crt0msg.obj
 0001:0001e750       _itoa                      0041f750 f   LIBCMTD:xtoa.obj
 0001:0001e750       __itoa                     0041f750 f   LIBCMTD:xtoa.obj
 0001:0001e870       __ltoa                     0041f870 f   LIBCMTD:xtoa.obj
 0001:0001e8b0       __ultoa                    0041f8b0 f   LIBCMTD:xtoa.obj
 0001:0001e8d0       __i64toa                   0041f8d0 f   LIBCMTD:xtoa.obj
 0001:0001ea20       __ui64toa                  0041fa20 f   LIBCMTD:xtoa.obj
 0001:0001ea40       __snprintf                 0041fa40 f   LIBCMTD:snprintf.obj
 0001:0001eb40       __vsnprintf                0041fb40 f   LIBCMTD:vsnprint.obj
 0001:0001ec40       _signal                    0041fc40 f   LIBCMTD:winsig.obj
 0001:0001ef10       _raise                     0041ff10 f   LIBCMTD:winsig.obj
 0001:0001f1b0       ___fpecode                 004201b0 f   LIBCMTD:winsig.obj
 0001:0001f1c0       ___pxcptinfoptrs           004201c0 f   LIBCMTD:winsig.obj
 0001:0001f1d0       ___crtMessageBoxA          004201d0 f   LIBCMTD:crtmbox.obj
 0001:0001f290       ?_ValidateRead@@YAHPBXI@Z  00420290 f   LIBCMTD:validate.obj
 0001:0001f2c0       ?_ValidateWrite@@YAHPAXI@Z 004202c0 f   LIBCMTD:validate.obj
 0001:0001f2f0       ?_ValidateExecute@@YAHP6GHXZ@Z 004202f0 f   LIBCMTD:validate.obj
 0001:0001f320       _abort                     00420320 f   LIBCMTD:abort.obj
 0001:0001f340       __fcloseall                00420340 f   LIBCMTD:closeall.obj
 0001:0001f420       __alloc_osfhnd             00420420 f   LIBCMTD:osfinfo.obj
 0001:0001f610       __set_osfhnd               00420610 f   LIBCMTD:osfinfo.obj
 0001:0001f6d0       __free_osfhnd              004206d0 f   LIBCMTD:osfinfo.obj
 0001:0001f7b0       __get_osfhandle            004207b0 f   LIBCMTD:osfinfo.obj
 0001:0001f820       __open_osfhandle           00420820 f   LIBCMTD:osfinfo.obj
 0001:0001f930       __lock_fhandle             00420930 f   LIBCMTD:osfinfo.obj
 0001:0001f9c0       __unlock_fhandle           004209c0 f   LIBCMTD:osfinfo.obj
 0001:0001f9f0       __open                     004209f0 f   LIBCMTD:open.obj
 0001:0001f9f0       _open                      004209f0 f   LIBCMTD:open.obj
 0001:0001fa30       __sopen                    00420a30 f   LIBCMTD:open.obj
 0001:0001ff90       __isatty                   00420f90 f   LIBCMTD:isatty.obj
 0001:0001ffd0       _wctomb                    00420fd0 f   LIBCMTD:wctomb.obj
 0001:00020050       __wctomb_lk                00421050 f   LIBCMTD:wctomb.obj
 0001:000200f0       __aulldiv                  004210f0 f   LIBCMTD:ulldiv.obj
 0001:00020160       __aullrem                  00421160 f   LIBCMTD:ullrem.obj
 0001:000201e0       _getenv                    004211e0 f   LIBCMTD:getenv.obj
 0001:00020210       __getenv_lk                00421210 f   LIBCMTD:getenv.obj
 0001:000202e0       __statusfp                 004212e0 f   LIBCMTD:ieee87.obj
 0001:00020300       __clearfp                  00421300 f   LIBCMTD:ieee87.obj
 0001:00020320       __control87                00421320 f   LIBCMTD:ieee87.obj
 0001:00020370       __controlfp                00421370 f   LIBCMTD:ieee87.obj
 0001:00020390       __fpreset                  00421390 f   LIBCMTD:ieee87.obj
 0001:00020780       __tolower                  00421780 f   LIBCMTD:tolower.obj
 0001:00020790       _tolower                   00421790 f   LIBCMTD:tolower.obj
 0001:00020830       __tolower_lk               00421830 f   LIBCMTD:tolower.obj
 0001:00020960       __ZeroTail                 00421960 f   LIBCMTD:intrncvt.obj
 0001:000209f0       __IncMan                   004219f0 f   LIBCMTD:intrncvt.obj
 0001:00020aa0       __RoundMan                 00421aa0 f   LIBCMTD:intrncvt.obj
 0001:00020b80       __CopyMan                  00421b80 f   LIBCMTD:intrncvt.obj
 0001:00020bd0       __FillZeroMan              00421bd0 f   LIBCMTD:intrncvt.obj
 0001:00020c00       __IsZeroMan                00421c00 f   LIBCMTD:intrncvt.obj
 0001:00020c40       __ShrMan                   00421c40 f   LIBCMTD:intrncvt.obj
 0001:00020d30       __ld12cvt                  00421d30 f   LIBCMTD:intrncvt.obj
 0001:00020f80       __ld12tod                  00421f80 f   LIBCMTD:intrncvt.obj
 0001:00020fa0       __ld12tof                  00421fa0 f   LIBCMTD:intrncvt.obj
 0001:00020fc0       __ld12told                 00421fc0 f   LIBCMTD:intrncvt.obj
 0001:00021080       __atodbl                   00422080 f   LIBCMTD:intrncvt.obj
 0001:000210c0       __atoldbl                  004220c0 f   LIBCMTD:intrncvt.obj
 0001:00021100       __atoflt                   00422100 f   LIBCMTD:intrncvt.obj
 0001:00021140       __fptostr                  00422140 f   LIBCMTD:_fptostr.obj
 0001:00021240       __fltout2                  00422240 f   LIBCMTD:cfout.obj
 0001:000212c0       ___dtold                   004222c0 f   LIBCMTD:cfout.obj
 0001:00021430       __fptrap                   00422430 f   LIBCMTD:crt0fp.obj
 0001:00021440       ___crtGetStringTypeA       00422440 f   LIBCMTD:a_str.obj
 0001:00021600       __lseeki64                 00422600 f   LIBCMTD:lseeki64.obj
 0001:000216a0       __lseeki64_lk              004226a0 f   LIBCMTD:lseeki64.obj
 0001:00021760       __ismbbkalnum              00422760 f   LIBCMTD:ismbbyte.obj
 0001:00021780       __ismbbkprint              00422780 f   LIBCMTD:ismbbyte.obj
 0001:000217a0       __ismbbkpunct              004227a0 f   LIBCMTD:ismbbyte.obj
 0001:000217c0       __ismbbalnum               004227c0 f   LIBCMTD:ismbbyte.obj
 0001:000217e0       __ismbbalpha               004227e0 f   LIBCMTD:ismbbyte.obj
 0001:00021800       __ismbbgraph               00422800 f   LIBCMTD:ismbbyte.obj
 0001:00021820       __ismbbprint               00422820 f   LIBCMTD:ismbbyte.obj
 0001:00021840       __ismbbpunct               00422840 f   LIBCMTD:ismbbyte.obj
 0001:00021860       __ismbblead                00422860 f   LIBCMTD:ismbbyte.obj
 0001:00021880       __ismbbtrail               00422880 f   LIBCMTD:ismbbyte.obj
 0001:000218a0       __ismbbkana                004228a0 f   LIBCMTD:ismbbyte.obj
 0001:00021950       __setmbcp                  00422950 f   LIBCMTD:mbctype.obj
 0001:00022110       __getmbcp                  00423110 f   LIBCMTD:mbctype.obj
 0001:00022130       ___initmbctable            00423130 f   LIBCMTD:mbctype.obj
 0001:00022160       __chsize                   00423160 f   LIBCMTD:chsize.obj
 0001:000221e0       __chsize_lk                004231e0 f   LIBCMTD:chsize.obj
 0001:00022410       _setlocale                 00423410 f   LIBCMTD:setlocal.obj
 0001:00022aa0       __expandlocale             00423aa0 f   LIBCMTD:setlocal.obj
 0001:00022c30       ___init_dummy              00423c30 f   LIBCMTD:setlocal.obj
 0001:00022c40       __strcats                  00423c40 f   LIBCMTD:setlocal.obj
 0001:00022c90       ___lc_strtolc              00423c90 f   LIBCMTD:setlocal.obj
 0001:00022df0       ___lc_lctostr              00423df0 f   LIBCMTD:setlocal.obj
 0001:00022e60       __mbsnbicoll               00423e60 f   LIBCMTD:mbsnbico.obj
 0001:00022eb0       ___wtomb_environ           00423eb0 f   LIBCMTD:wtombenv.obj
 0001:00022f60       ___crtLCMapStringA         00423f60 f   LIBCMTD:a_map.obj
 0001:000232c0       ___addl                    004242c0 f   LIBCMTD:mantold.obj
 0001:00023300       ___add_12                  00424300 f   LIBCMTD:mantold.obj
 0001:000233b0       ___shl_12                  004243b0 f   LIBCMTD:mantold.obj
 0001:00023410       ___shr_12                  00424410 f   LIBCMTD:mantold.obj
 0001:00023480       ___mtold12                 00424480 f   LIBCMTD:mantold.obj
 0001:000235c0       ___strgtold12              004245c0 f   LIBCMTD:strgtold.obj
 0001:000240f0       ___STRINGTOLD              004250f0 f   LIBCMTD:strgtold.obj
 0001:00024140       _$I10_OUTPUT               00425140 f   LIBCMTD:x10fout.obj
 0001:00024660       __setmode                  00425660 f   LIBCMTD:setmode.obj
 0001:000246e0       __setmode_lk               004256e0 f   LIBCMTD:setmode.obj
 0001:000247b0       ___init_time               004257b0 f   LIBCMTD:inittime.obj
 0001:00025130       ___init_numeric            00426130 f   LIBCMTD:initnum.obj
 0001:00025460       ___init_monetary           00426460 f   LIBCMTD:initmon.obj
 0001:000258c0       ___init_ctype              004268c0 f   LIBCMTD:initctyp.obj
 0001:00025c60       ___init_collate            00426c60 f   LIBCMTD:initcoll.obj
 0001:00025c70       _strncmp                   00426c70 f   LIBCMTD:strncmp.obj
 0001:00025cb0       _strpbrk                   00426cb0 f   LIBCMTD:strpbrk.obj
 0001:00025cf0       ___get_qualified_locale    00426cf0 f   LIBCMTD:getqloc.obj
 0001:00026a90       ___crtCompareStringA       00427a90 f   LIBCMTD:a_cmp.obj
 0001:00026ee0       ___crtsetenv               00427ee0 f   LIBCMTD:setenv.obj
 0001:00027330       ___ld12mul                 00428330 f   LIBCMTD:tenpow.obj
 0001:00027770       ___multtenpow12            00428770 f   LIBCMTD:tenpow.obj
 0001:00027840       __Getdays                  00428840 f   LIBCMTD:strftime.obj
 0001:00027970       __Getmonths                00428970 f   LIBCMTD:strftime.obj
 0001:00027aa0       __Gettnames                00428aa0 f   LIBCMTD:strftime.obj
 0001:00027e10       _strftime                  00428e10 f   LIBCMTD:strftime.obj
 0001:00027e30       __Strftime                 00428e30 f   LIBCMTD:strftime.obj
 0001:00028cb0       ___getlocaleinfo           00429cb0 f   LIBCMTD:inithelp.obj
 0001:00028f40       ___crtGetStringTypeW       00429f40 f   LIBCMTD:w_str.obj
 0001:000291b0       __stricmp                  0042a1b0 f   LIBCMTD:stricmp.obj
 0001:000291b0       __strcmpi                  0042a1b0 f   LIBCMTD:stricmp.obj
 0001:00029280       __strnicmp                 0042a280 f   LIBCMTD:strnicmp.obj
 0001:00029390       __mbschr                   0042a390 f   LIBCMTD:mbschr.obj
 0001:00029480       ___crtGetLocaleInfoW       0042a480 f   LIBCMTD:w_loc.obj
 0001:00029620       ___crtGetLocaleInfoA       0042a620 f   LIBCMTD:a_loc.obj
 0001:000297e0       _strchr                    0042a7e0 f   LIBCMTD:strchr.obj
 0001:000297e6       ___from_strstr_to_strchr   0042a7e6 f   LIBCMTD:strchr.obj
 0001:000298a0       ??0CEvent@Win32@OnlineGameLib@@QAE@PAU_SECURITY_ATTRIBUTES@@_N1@Z 0042a8a0 f   common:Event.obj
 0001:000299b0       ??1CWin32Exception@Win32@OnlineGameLib@@UAE@XZ 0042a9b0 f i common:Event.obj
 0001:00029a30       ??_GCException@Win32@OnlineGameLib@@UAEPAXI@Z 0042aa30 f i common:Event.obj
 0001:00029a30       ??_ECException@Win32@OnlineGameLib@@UAEPAXI@Z 0042aa30 f i common:Event.obj
 0001:00029a50       ??1CException@Win32@OnlineGameLib@@UAE@XZ 0042aa50 f i common:Event.obj
 0001:00029ad0       ??0CWin32Exception@Win32@OnlineGameLib@@QAE@ABV012@@Z 0042aad0 f i common:Event.obj
 0001:00029c10       ??0CException@Win32@OnlineGameLib@@QAE@ABV012@@Z 0042ac10 f i common:Event.obj
 0001:00029d50       ??_GCWin32Exception@Win32@OnlineGameLib@@UAEPAXI@Z 0042ad50 f i common:Event.obj
 0001:00029d50       ??_ECWin32Exception@Win32@OnlineGameLib@@UAEPAXI@Z 0042ad50 f i common:Event.obj
 0001:00029d70       ??_ECEvent@Win32@OnlineGameLib@@UAEPAXI@Z 0042ad70 f i common:Event.obj
 0001:00029d70       ??_GCEvent@Win32@OnlineGameLib@@UAEPAXI@Z 0042ad70 f i common:Event.obj
 0001:00029d90       ??0CEvent@Win32@OnlineGameLib@@QAE@PAU_SECURITY_ATTRIBUTES@@_N1PBD@Z 0042ad90 f   common:Event.obj
 0001:00029dc0       ??1CEvent@Win32@OnlineGameLib@@UAE@XZ 0042adc0 f   common:Event.obj
 0001:00029de0       ?Wait@CEvent@Win32@OnlineGameLib@@QBEXXZ 0042ade0 f   common:Event.obj
 0001:00029ee0       ?Wait@CEvent@Win32@OnlineGameLib@@QBE_NK@Z 0042aee0 f   common:Event.obj
 0001:00029fd0       ?Reset@CEvent@Win32@OnlineGameLib@@QAEXXZ 0042afd0 f   common:Event.obj
 0001:0002a0a0       ?Set@CEvent@Win32@OnlineGameLib@@QAEXXZ 0042b0a0 f   common:Event.obj
 0001:0002a170       ?Pulse@CEvent@Win32@OnlineGameLib@@QAEXXZ 0042b170 f   common:Event.obj
 0001:0002a240       ?erase@?$basic_string@DU?$char_traits@D@std@@V?$allocator@D@2@@std@@QAEAAV12@II@Z 0042b240 f i common:Event.obj
 0001:0002a390       ??0CBuffer@Win32@OnlineGameLib@@AAE@AAVAllocator@012@I@Z 0042b390 f   common:Buffer.obj
 0001:0002a410       ??1COpaqueUserData@OnlineGameLib@@IAE@XZ 0042b410 f i common:Buffer.obj
 0001:0002a420       ??1CBuffer@Win32@OnlineGameLib@@AAE@XZ 0042b420 f   common:Buffer.obj
 0001:0002a480       ?GetHeadPack@CBuffer@Win32@OnlineGameLib@@QAEPAV123@I@Z 0042b480 f   common:Buffer.obj
 0001:0002a4d0       ?GetNextPack@CBuffer@Win32@OnlineGameLib@@QAEPAV123@XZ 0042b4d0 f   common:Buffer.obj
 0001:0002a520       ?AddData@CBuffer@Win32@OnlineGameLib@@QAEXQBDI@Z 0042b520 f   common:Buffer.obj
 0001:0002a640       ?AddData@CBuffer@Win32@OnlineGameLib@@QAEXQBEI@Z 0042b640 f   common:Buffer.obj
 0001:0002a660       ?AddData@CBuffer@Win32@OnlineGameLib@@QAEXE@Z 0042b660 f   common:Buffer.obj
 0001:0002a670       ?SplitBuffer@CBuffer@Win32@OnlineGameLib@@QAEPAV123@I@Z 0042b670 f   common:Buffer.obj
 0001:0002a6c0       ?AllocateNewBuffer@CBuffer@Win32@OnlineGameLib@@QBEPAV123@XZ 0042b6c0 f   common:Buffer.obj
 0001:0002a6d0       ?Release@CBuffer@Win32@OnlineGameLib@@QAEXXZ 0042b6d0 f   common:Buffer.obj
 0001:0002a7e0       ??2CBuffer@Win32@OnlineGameLib@@CAPAXII@Z 0042b7e0 f   common:Buffer.obj
 0001:0002a7f0       ??3CBuffer@Win32@OnlineGameLib@@CAXPAXI@Z 0042b7f0 f   common:Buffer.obj
 0001:0002a800       ??0Allocator@CBuffer@Win32@OnlineGameLib@@QAE@II@Z 0042b800 f   common:Buffer.obj
 0001:0002a840       ?OnBufferCreated@Allocator@CBuffer@Win32@OnlineGameLib@@EAEXXZ 0042b840 f i common:Buffer.obj
[...]
 0001:0004a240       ___memp_fclose             0044b240 f   libdb41s:mp_fopen.obj
 0001:00049040       ___mpool_init              0044a040 f   libdb41s:mp_region.obj
 0001:00048790       ___memp_dumpcache          00449790 f   libdb41s:mp_stat.obj
 0001:000488a0       ___memp_pbh                004498a0 f   libdb41s:mp_stat.obj
 0001:000489a0       ___memp_stat_wait          004499a0 f   libdb41s:mp_stat.obj
 0001:00047c80       ___memp_sync_files         00448c80 f   libdb41s:mp_sync.obj
 0001:00047e00       ___memp_close_flush_files  00448e00 f   libdb41s:mp_sync.obj
 0001:00047e90       ___bhcmp                   00448e90 f   libdb41s:mp_sync.obj
 0001:00044b90       ___db_txnlist_find_internal 00445b90 f   libdb41s:db_dispatch.obj
 0001:000450d0       ___db_limbo_move           004460d0 f   libdb41s:db_dispatch.obj
 0001:00045120       ___db_lock_move            00446120 f   libdb41s:db_dispatch.obj
 0001:000451f0       ___db_limbo_bucket         004461f0 f   libdb41s:db_dispatch.obj
 0001:00045560       ___db_limbo_fix            00446560 f   libdb41s:db_dispatch.obj
 0001:000457a0       ___db_txnlist_pgnoadd      004467a0 f   libdb41s:db_dispatch.obj
 0001:00045950       ___db_default_getpgnos     00446950 f   libdb41s:db_dispatch.obj
 0001:00044190       ___dbreg_check_master      00445190 f   libdb41s:dbreg_util.obj
 0001:000432e0       ___rep_cmp_bypage          004442e0 f   libdb41s:rep_util.obj
 0001:00043350       ___rep_cmp_bylsn           00444350 f   libdb41s:rep_util.obj
 0001:00041b40       ___rep_apply               00442b40 f   libdb41s:rep_record.obj
 0001:000428d0       ___rep_collect_txn         004438d0 f   libdb41s:rep_record.obj
 0001:00042a40       ___rep_lsn_cmp             00443a40 f   libdb41s:rep_record.obj
 0001:00042a60       ___rep_newfile             00443a60 f   libdb41s:rep_record.obj
 0001:0003ea00       ___txn_begin_int           0043fa00 f   libdb41s:txn.obj
 0001:0003f4f0       ___txn_set_timeout         004404f0 f   libdb41s:txn.obj
 0001:0003f540       ___txn_isvalid             00440540 f   libdb41s:txn.obj
 0001:0003f670       ___txn_end                 00440670 f   libdb41s:txn.obj
 0001:0003f8a0       ___txn_undo                004408a0 f   libdb41s:txn.obj
 0001:0003dcb0       ___db_join_put             0043ecb0 f   libdb41s:db_join.obj
 0001:0003dcf0       ___db_join_del             0043ecf0 f   libdb41s:db_join.obj
 0001:0003dd30       ___db_join_get             0043ed30 f   libdb41s:db_join.obj
 0001:0003e1c0       ___db_join_close           0043f1c0 f   libdb41s:db_join.obj
 0001:0003e300       ___db_join_getnext         0043f300 f   libdb41s:db_join.obj
 0001:0003e400       ___db_join_cmp             0043f400 f   libdb41s:db_join.obj
 0001:0003e460       ___db_join_primget         0043f460 f   libdb41s:db_join.obj
 0001:0003d720       ___db_openchk              0043e720 f   libdb41s:db_open.obj
 0001:0003cd90       ___db_disassociate         0043dd90 f   libdb41s:db.obj
 0001:0003b860       ___db_secondary_get        0043c860 f   libdb41s:db_am.obj
 0001:0003b890       ___db_secondary_close      0043c890 f   libdb41s:db_am.obj
 0001:0003b930       ___db_append_primary       0043c930 f   libdb41s:db_am.obj
 0001:0003a260       ___db_page_pass            0043b260 f   libdb41s:db_upg.obj
 0001:000376d0       ___db_vrfy_pagezero        004386d0 f   libdb41s:db_vrfy.obj
 0001:00037ad0       ___db_vrfy_walkpages       00438ad0 f   libdb41s:db_vrfy.obj
 0001:00037dc0       ___db_vrfy_structure       00438dc0 f   libdb41s:db_vrfy.obj
 0001:00038090       ___db_is_valid_magicno     00439090 f   libdb41s:db_vrfy.obj
 0001:000380f0       ___db_vrfy_common          004390f0 f   libdb41s:db_vrfy.obj
 0001:00038230       ___db_is_valid_pagetype    00439230 f   libdb41s:db_vrfy.obj
 0001:00038250       ___db_vrfy_invalid         00439250 f   libdb41s:db_vrfy.obj
 0001:000386e0       ___db_vrfy_freelist        004396e0 f   libdb41s:db_vrfy.obj
 0001:00038820       ___db_vrfy_subdbs          00439820 f   libdb41s:db_vrfy.obj
 0001:00038af0       ___db_vrfy_orderchkonly    00439af0 f   libdb41s:db_vrfy.obj
 0001:00038f60       ___db_salvage              00439f60 f   libdb41s:db_vrfy.obj
 0001:00039040       ___db_salvage_unknowns     0043a040 f   libdb41s:db_vrfy.obj
 0001:00039670       ___db_salvage_subdbs       0043a670 f   libdb41s:db_vrfy.obj
 0001:000398e0       ___db_salvage_subdbpg      0043a8e0 f   libdb41s:db_vrfy.obj
 0001:00039d40       ___db_meta2pgset           0043ad40 f   libdb41s:db_vrfy.obj
 0001:00039dd0       ___db_guesspgsize          0043add0 f   libdb41s:db_vrfy.obj
 0001:00036d40       ___bam_set_bt_compare      00437d40 f   libdb41s:bt_method.obj
 0001:00036da0       ___bam_set_bt_maxkey       00437da0 f   libdb41s:bt_method.obj
 0001:00036e00       ___bam_set_bt_minkey       00437e00 f   libdb41s:bt_method.obj
 0001:00036e60       ___bam_set_bt_prefix       00437e60 f   libdb41s:bt_method.obj
 0001:00036f30       ___ram_set_re_delim        00437f30 f   libdb41s:bt_method.obj
 0001:00036f90       ___ram_set_re_len          00437f90 f   libdb41s:bt_method.obj
 0001:00036ff0       ___ram_set_re_pad          00437ff0 f   libdb41s:bt_method.obj
 0001:00037050       ___ram_set_re_source       00438050 f   libdb41s:bt_method.obj
 0001:00036a30       ___ham_set_h_ffactor       00437a30 f   libdb41s:hash_method.obj
 0001:00036a80       ___ham_set_h_hash          00437a80 f   libdb41s:hash_method.obj
 0001:00036ad0       ___ham_set_h_nelem         00437ad0 f   libdb41s:hash_method.obj
 0001:00036330       ___qam_set_extentsize      00437330 f   libdb41s:qam_method.obj
 0001:00036060       ___xa_open                 00437060 f   libdb41s:xa_db.obj
 0001:000360f0       ___xa_cursor               004370f0 f   libdb41s:xa_db.obj
 0001:00036130       ___xa_del                  00437130 f   libdb41s:xa_db.obj
 0001:00036170       ___xa_close                00437170 f   libdb41s:xa_db.obj
 0001:000361a0       ___xa_get                  004371a0 f   libdb41s:xa_db.obj
 0001:000361e0       ___xa_put                  004371e0 f   libdb41s:xa_db.obj
 0001:000357c0       ___db_subdb_remove         004367c0 f   libdb41s:db_remove.obj
 0001:000358f0       ___db_dbtxn_remove         004368f0 f   libdb41s:db_remove.obj
 0001:00035370       ___db_subdb_rename         00436370 f   libdb41s:db_rename.obj
 0001:00033a40       ___dbenv_iremove           00434a40 f   libdb41s:env_open.obj
 0001:00033aa0       ___dbenv_config            00434aa0 f   libdb41s:env_open.obj
 0001:00033db0       ___dbenv_refresh           00434db0 f   libdb41s:env_open.obj
 0001:00034290       ___db_parse                00435290 f   libdb41s:env_open.obj
 0001:00034e50       ___db_tmp_open             00435e50 f   libdb41s:env_open.obj
 0001:000333d0       ___log_set_lg_bsize        004343d0 f   libdb41s:log_method.obj
 0001:00033430       ___log_set_lg_max          00434430 f   libdb41s:log_method.obj
 0001:000334b0       ___log_set_lg_regionmax    004344b0 f   libdb41s:log_method.obj
 0001:00033500       ___log_set_lg_dir          00434500 f   libdb41s:log_method.obj
 0001:00033140       ___lock_set_lk_conflicts   00434140 f   libdb41s:lock_method.obj
 0001:000331c0       ___lock_set_lk_detect      004341c0 f   libdb41s:lock_method.obj
 0001:00033210       ___lock_set_lk_max         00434210 f   libdb41s:lock_method.obj
 0001:00033240       ___lock_set_lk_max_locks   00434240 f   libdb41s:lock_method.obj
 0001:00033270       ___lock_set_lk_max_lockers 00434270 f   libdb41s:lock_method.obj
 0001:000332a0       ___lock_set_lk_max_objects 004342a0 f   libdb41s:lock_method.obj
 0001:000332d0       ___lock_set_env_timeout    004342d0 f   libdb41s:lock_method.obj
 0001:00032f80       ___memp_set_cachesize      00433f80 f   libdb41s:mp_method.obj
 0001:00033050       ___memp_set_mp_mmapsize    00434050 f   libdb41s:mp_method.obj
 0001:00031a30       ___rep_start               00432a30 f   libdb41s:rep_method.obj
 0001:00031d90       ___rep_client_dbinit       00432d90 f   libdb41s:rep_method.obj
 0001:00031f00       ___rep_bt_cmp              00432f00 f   libdb41s:rep_method.obj
 0001:00031f70       ___rep_abort_prepared      00432f70 f   libdb41s:rep_method.obj
 0001:00032050       ___rep_restore_prepared    00433050 f   libdb41s:rep_method.obj
 0001:00032410       ___rep_set_limit           00433410 f   libdb41s:rep_method.obj
 0001:000324c0       ___rep_set_request         004334c0 f   libdb41s:rep_method.obj
 0001:000325a0       ___rep_set_rep_transport   004335a0 f   libdb41s:rep_method.obj
 0001:00032640       ___rep_elect               00433640 f   libdb41s:rep_method.obj
 0001:00032930       ___rep_elect_init          00433930 f   libdb41s:rep_method.obj
 0001:00032a80       ___rep_wait                00433a80 f   libdb41s:rep_method.obj
 0001:00032b50       ___rep_flush               00433b50 f   libdb41s:rep_method.obj
 0001:00032c30       ___rep_stat                00433c30 f   libdb41s:rep_method.obj
 0001:00031950       ___txn_set_tx_max          00432950 f   libdb41s:txn_method.obj
 0001:00031980       ___txn_set_tx_timestamp    00432980 f   libdb41s:txn_method.obj
 0001:00030c60       ___db_init                 00431c60 f   libdb41s:db_method.obj
 0001:00030ee0       ___dbh_err                 00431ee0 f   libdb41s:db_method.obj
 0001:00030f60       ___dbh_errx                00431f60 f   libdb41s:db_method.obj
 0001:00030fe0       ___db_get_byteswapped      00431fe0 f   libdb41s:db_method.obj
 0001:00031020       ___db_get_type             00432020 f   libdb41s:db_method.obj
 0001:00031050       ___db_key_range            00432050 f   libdb41s:db_method.obj
 0001:00031090       ___db_set_append_recno     00432090 f   libdb41s:db_method.obj
 0001:000310d0       ___db_set_cachesize        004320d0 f   libdb41s:db_method.obj
 0001:00031130       ___db_set_cache_priority   00432130 f   libdb41s:db_method.obj
 0001:00031160       ___db_set_dup_compare      00432160 f   libdb41s:db_method.obj
 0001:000311b0       ___db_set_encrypt          004321b0 f   libdb41s:db_method.obj
 0001:00031230       ___db_set_errcall          00432230 f   libdb41s:db_method.obj
 0001:00031250       ___db_set_errfile          00432250 f   libdb41s:db_method.obj
 0001:00031270       ___db_set_errpfx           00432270 f   libdb41s:db_method.obj
 0001:00031290       ___db_set_feedback         00432290 f   libdb41s:db_method.obj
 0001:000312a0       ___db_set_flags            004322a0 f   libdb41s:db_method.obj
 0001:000313c0       ___db_set_alloc            004323c0 f   libdb41s:db_method.obj
 0001:00031420       ___db_set_pagesize         00432420 f   libdb41s:db_method.obj
 0001:000314b0       ___db_set_paniccall        004324b0 f   libdb41s:db_method.obj
 0001:000314d0       ___db_stat_fail            004324d0 f   libdb41s:db_method.obj
 0001:00030400       ___dbenv_init              00431400 f   libdb41s:env_method.obj
 0001:00030520       ___dbenv_err               00431520 f   libdb41s:env_method.obj
 0001:00030590       ___dbenv_errx              00431590 f   libdb41s:env_method.obj
 0001:00030600       ___dbenv_set_alloc         00431600 f   libdb41s:env_method.obj
 0001:00030640       ___dbenv_set_app_dispatch  00431640 f   libdb41s:env_method.obj
 0001:00030670       ___dbenv_set_encrypt       00431670 f   libdb41s:env_method.obj
 0001:00030680       ___dbenv_set_flags         00431680 f   libdb41s:env_method.obj
 0001:000308c0       ___dbenv_set_data_dir      004318c0 f   libdb41s:env_method.obj
 0001:00030950       ___dbenv_set_errcall       00431950 f   libdb41s:env_method.obj
 0001:00030960       ___dbenv_set_errfile       00431960 f   libdb41s:env_method.obj
 0001:00030970       ___dbenv_set_errpfx        00431970 f   libdb41s:env_method.obj
 0001:00030980       ___dbenv_set_feedback      00431980 f   libdb41s:env_method.obj
 0001:00030990       ___dbenv_set_paniccall     00431990 f   libdb41s:env_method.obj
 0001:000309a0       ___dbenv_set_shm_key       004319a0 f   libdb41s:env_method.obj
 0001:000309d0       ___dbenv_set_tas_spins     004319d0 f   libdb41s:env_method.obj
 0001:000309f0       ___dbenv_set_tmp_dir       004319f0 f   libdb41s:env_method.obj
 0001:00030a30       ___dbenv_set_verbose       00431a30 f   libdb41s:env_method.obj
 0001:00030b50       ___dbenv_set_rpc_server_noclnt 00431b50 f   libdb41s:env_method.obj
 0001:000aa976       _$E37                      004ab976 f   libcpmt:xlocale.obj
 0001:000aa98b       _$E36                      004ab98b f   libcpmt:xlocale.obj
 0001:000a7aad       _$E47                      004a8aad f   libcpmt:wlocale.obj
 0001:000a7ac2       _$E46                      004a8ac2 f   libcpmt:wlocale.obj
 0001:000a18bf       _$E2                       004a28bf f   libcpmt:nomemory.obj
 0001:000a14ba       __Mbrtowc_lk               004a24ba f   libcpmt:xmbtowc.obj
 0001:000a0dcb       _$E32                      004a1dcb f   libcpmt:locale.obj
 0001:000a0df5       _$E28                      004a1df5 f   libcpmt:locale.obj
 0001:000a0e01       _$E31                      004a1e01 f   libcpmt:locale.obj
 0001:0009e804       _$E18                      0049f804 f   libcpmt:locale0.obj
 0001:0009e80e       _$E15                      0049f80e f   libcpmt:locale0.obj
 0001:0009e80f       _$E17                      0049f80f f   libcpmt:locale0.obj
 0001:0009e81b       _$E16                      0049f81b f   libcpmt:locale0.obj
 0001:0009ec4d       _$E29                      0049fc4d f   libcpmt:locale0.obj
 0001:0009ec77       _$E25                      0049fc77 f   libcpmt:locale0.obj
 0001:0009ec83       _$E28                      0049fc83 f   libcpmt:locale0.obj
 0001:0009e7c2       _$E24                      0049f7c2 f   libcpmt:fiopen.obj
 0001:0009e7ec       _$E20                      0049f7ec f   libcpmt:fiopen.obj
 0001:0009e7f8       _$E23                      0049f7f8 f   libcpmt:fiopen.obj
 0001:0009e139       _$E24                      0049f139 f   libcpmt:string.obj
 0001:0009e163       _$E20                      0049f163 f   libcpmt:string.obj
 0001:0009e16f       _$E23                      0049f16f f   libcpmt:string.obj
 0001:0009ddf2       ?_CleanUp@std@@YAXXZ       0049edf2 f   libcpmt:xlock.obj
 0001:0009cead       _$E18                      0049dead f   libcpmt:wiostrea.obj
 0001:0009ceb7       _$E15                      0049deb7 f   libcpmt:wiostrea.obj
 0001:0009cec1       _$E17                      0049dec1 f   libcpmt:wiostrea.obj
 0001:0009cecd       _$E16                      0049decd f   libcpmt:wiostrea.obj
 0001:0009ced7       _$E24                      0049ded7 f   libcpmt:wiostrea.obj
 0001:0009cee1       _$E21                      0049dee1 f   libcpmt:wiostrea.obj
 0001:0009ceeb       _$E23                      0049deeb f   libcpmt:wiostrea.obj
 0001:0009cef7       _$E22                      0049def7 f   libcpmt:wiostrea.obj
 0001:0009cf01       _$E29                      0049df01 f   libcpmt:wiostrea.obj
 0001:0009cf0b       _$E26                      0049df0b f   libcpmt:wiostrea.obj
 0001:0009cf18       _$E28                      0049df18 f   libcpmt:wiostrea.obj
 0001:0009cf24       _$E27                      0049df24 f   libcpmt:wiostrea.obj
 0001:0009cf2e       _$E34                      0049df2e f   libcpmt:wiostrea.obj
 0001:0009cf38       _$E31                      0049df38 f   libcpmt:wiostrea.obj
 0001:0009cf45       _$E33                      0049df45 f   libcpmt:wiostrea.obj
 0001:0009cf51       _$E32                      0049df51 f   libcpmt:wiostrea.obj
 0001:0009cf5b       _$E39                      0049df5b f   libcpmt:wiostrea.obj
 0001:0009cf65       _$E36                      0049df65 f   libcpmt:wiostrea.obj
 0001:0009cf72       _$E38                      0049df72 f   libcpmt:wiostrea.obj
 0001:0009cf7e       _$E37                      0049df7e f   libcpmt:wiostrea.obj
 0001:0009cf88       _$E44                      0049df88 f   libcpmt:wiostrea.obj
 0001:0009cf92       _$E41                      0049df92 f   libcpmt:wiostrea.obj
 0001:0009cfa1       _$E43                      0049dfa1 f   libcpmt:wiostrea.obj
 0001:0009cfad       _$E42                      0049dfad f   libcpmt:wiostrea.obj
 0001:0009cfcc       _$E49                      0049dfcc f   libcpmt:wiostrea.obj
 0001:0009cfd6       _$E46                      0049dfd6 f   libcpmt:wiostrea.obj
 0001:0009cfe5       _$E48                      0049dfe5 f   libcpmt:wiostrea.obj
 0001:0009cff1       _$E47                      0049dff1 f   libcpmt:wiostrea.obj
 0001:0009d010       _$E54                      0049e010 f   libcpmt:wiostrea.obj
 0001:0009d01a       _$E51                      0049e01a f   libcpmt:wiostrea.obj
 0001:0009d029       _$E53                      0049e029 f   libcpmt:wiostrea.obj
 0001:0009d035       _$E52                      0049e035 f   libcpmt:wiostrea.obj
 0001:0009d03f       _$E59                      0049e03f f   libcpmt:wiostrea.obj
 0001:0009d049       _$E56                      0049e049 f   libcpmt:wiostrea.obj
 0001:0009d058       _$E58                      0049e058 f   libcpmt:wiostrea.obj
 0001:0009d064       _$E57                      0049e064 f   libcpmt:wiostrea.obj
 0001:0009dd32       _$E70                      0049ed32 f   libcpmt:wiostrea.obj
 0001:0009dd5c       _$E66                      0049ed5c f   libcpmt:wiostrea.obj
 0001:0009dd68       _$E69                      0049ed68 f   libcpmt:wiostrea.obj
 0001:0009c91c       _$E18                      0049d91c f   libcpmt:iostream.obj
 0001:0009c926       _$E15                      0049d926 f   libcpmt:iostream.obj
 0001:0009c933       _$E17                      0049d933 f   libcpmt:iostream.obj
 0001:0009c93f       _$E16                      0049d93f f   libcpmt:iostream.obj
 0001:0009c949       _$E23                      0049d949 f   libcpmt:iostream.obj
 0001:0009c953       _$E20                      0049d953 f   libcpmt:iostream.obj
 0001:0009c960       _$E22                      0049d960 f   libcpmt:iostream.obj
 0001:0009c96c       _$E21                      0049d96c f   libcpmt:iostream.obj
 0001:0009c976       _$E28                      0049d976 f   libcpmt:iostream.obj
 0001:0009c980       _$E25                      0049d980 f   libcpmt:iostream.obj
 0001:0009c98f       _$E27                      0049d98f f   libcpmt:iostream.obj
 0001:0009c99b       _$E26                      0049d99b f   libcpmt:iostream.obj
 0001:0009c9ba       _$E33                      0049d9ba f   libcpmt:iostream.obj
 0001:0009c9c4       _$E30                      0049d9c4 f   libcpmt:iostream.obj
 0001:0009c9d3       _$E32                      0049d9d3 f   libcpmt:iostream.obj
 0001:0009c9df       _$E31                      0049d9df f   libcpmt:iostream.obj
 0001:0009c9fe       _$E38                      0049d9fe f   libcpmt:iostream.obj
 0001:0009ca08       _$E35                      0049da08 f   libcpmt:iostream.obj
 0001:0009ca15       _$E37                      0049da15 f   libcpmt:iostream.obj
 0001:0009ca21       _$E36                      0049da21 f   libcpmt:iostream.obj
 0001:0009ca2b       _$E43                      0049da2b f   libcpmt:iostream.obj
 0001:0009ca35       _$E40                      0049da35 f   libcpmt:iostream.obj
 0001:0009ca44       _$E42                      0049da44 f   libcpmt:iostream.obj
 0001:0009ca50       _$E41                      0049da50 f   libcpmt:iostream.obj
 0001:0009ca5a       _$E48                      0049da5a f   libcpmt:iostream.obj
 0001:0009ca64       _$E45                      0049da64 f   libcpmt:iostream.obj
 0001:0009ca73       _$E47                      0049da73 f   libcpmt:iostream.obj
 0001:0009ca7f       _$E46                      0049da7f f   libcpmt:iostream.obj
 0001:0009ce6a       _$E60                      0049de6a f   libcpmt:iostream.obj
 0001:0009ce94       _$E56                      0049de94 f   libcpmt:iostream.obj
 0001:0009cea0       _$E59                      0049dea0 f   libcpmt:iostream.obj
