 S3Relay

 Timestamp is 68828c2d (Thu Jul 24 15:40:29 2025)

 Preferred load address is 00400000

 Start         Length     Name                   Class
 0001:00000000 000cc1daH .text                   CODE
 0001:000cc1e0 00003f02H .text$x                 CODE
 0002:00000000 000002f4H .idata$5                DATA
 0002:000002f8 00004c5dH .rdata                  DATA
 0002:00004f58 000001c4H .rdata$r                DATA
 0002:00005120 00005238H .xdata$x                DATA
 0002:0000a358 0000008cH .idata$2                DATA
 0002:0000a3e4 00000014H .idata$3                DATA
 0002:0000a3f8 000002f4H .idata$4                DATA
 0002:0000a6ec 00000caaH .idata$6                DATA
 0002:0000b396 00000000H .edata                  DATA
 0003:00000000 00000004H .CRT$XCA                DATA
 0003:00000004 00000150H .CRT$XCU                DATA
 0003:00000154 00000004H .CRT$XCZ                DATA
 0003:00000158 00000004H .CRT$XIA                DATA
 0003:0000015c 0000000cH .CRT$XIC                DATA
 0003:00000168 00000004H .CRT$XIY                DATA
 0003:0000016c 00000004H .CRT$XIZ                DATA
 0003:00000170 00000004H .CRT$XPA                DATA
 0003:00000174 00000004H .CRT$XPX                DATA
 0003:00000178 00000004H .CRT$XPZ                DATA
 0003:0000017c 00000004H .CRT$XTA                DATA
 0003:00000180 00000004H .CRT$XTB                DATA
 0003:00000184 00000004H .CRT$XTZ                DATA
 0003:00000190 0000b620H .data                   DATA
 0003:0000b7b0 00203085H .bss                    DATA
 0004:00000000 00000250H .rsrc$01                DATA
 0004:00000250 000008c8H .rsrc$02                DATA

  Address         Publics by Value              Rva+Base     Lib:Object

 0001:00000000       ??0CChannelMgr@@QAE@XZ     00401000 f   ChannelMgr.obj
 0001:00000250       ??_GCChannelMgr@@UAEPAXI@Z 00401250 f i ChannelMgr.obj
 0001:00000250       ??_ECChannelMgr@@UAEPAXI@Z 00401250 f i ChannelMgr.obj
 0001:00000270       ??1?$map@KUCHANNINFO@CChannelMgr@@U?$less@K@std@@V?$allocator@UCHANNINFO@CChannelMgr@@@4@@std@@QAE@XZ 00401270 f i ChannelMgr.obj
 0001:000002e0       ??1?$map@V?$basic_string@DU?$char_traits@D@std@@V?$allocator@D@2@@std@@KU_tstring_less@@V?$allocator@K@2@@std@@QAE@XZ 004012e0 f i ChannelMgr.obj
 0001:00000350       ??1?$map@KV?$list@PAU_BLOCKCHANNELOP@CChannelMgr@@V?$allocator@PAU_BLOCKCHANNELOP@CChannelMgr@@@std@@@std@@U?$less@K@2@V?$allocator@V?$list@PAU_BLOCKCHANNELOP@CChannelMgr@@V?$allocator@PAU_BLOCKCHANNELOP@CChannelMgr@@@std@@@std@@@2@@std@@QAE@XZ 00401350 f i ChannelMgr.obj
 0001:000003c0       ??1CChannelMgr@@UAE@XZ     004013c0 f   ChannelMgr.obj
 0001:00000550       ?Initialize@CChannelMgr@@QAEHXZ 00401550 f   ChannelMgr.obj
 0001:00000d00       ?Uninitialize@CChannelMgr@@QAEHXZ 00401d00 f   ChannelMgr.obj
 0001:00000d90       ?GenChannID@CChannelMgr@@AAEKXZ 00401d90 f   ChannelMgr.obj
 0001:00000de0       ?GetChannelName@CChannelMgr@@QAE?AV?$basic_string@DU?$char_traits@D@std@@V?$allocator@D@2@@std@@KH@Z 00401de0 f   ChannelMgr.obj
 0001:00000f80       ?GetChannelID@CChannelMgr@@QAEKABV?$basic_string@DU?$char_traits@D@std@@V?$allocator@D@2@@std@@K@Z 00401f80 f   ChannelMgr.obj
 0001:00001120       ??R_tstring_less@@QBE_NABV?$basic_string@DU?$char_traits@D@std@@V?$allocator@D@2@@std@@0@Z 00402120 f i ChannelMgr.obj
 0001:00001170       ?IsSubscribed@CChannelMgr@@QAEHKKK@Z 00402170 f   ChannelMgr.obj
 0001:00001240       ?GmSubscribe@CChannelMgr@@QAEHK@Z 00402240 f   ChannelMgr.obj
 0001:000012d0       ?GmUnsubscribe@CChannelMgr@@QAEHK@Z 004022d0 f   ChannelMgr.obj
 0001:00001360       ?IsGmSubscribed@CChannelMgr@@QAEHK@Z 00402360 f   ChannelMgr.obj
 0001:000013d0       ?GmQueryChannelID@CChannelMgr@@QAEHABV?$basic_string@DU?$char_traits@D@std@@V?$allocator@D@2@@std@@H@Z 004023d0 f   ChannelMgr.obj
 0001:00001580       ?GmFreeChannID@CChannelMgr@@QAEHK@Z 00402580 f   ChannelMgr.obj
 0001:00001670       ?IsUsed@CChannelMgr@@QAEHKKK@Z 00402670 f   ChannelMgr.obj
 0001:00001750       ?IsGmUsed@CChannelMgr@@QAEHK@Z 00402750 f   ChannelMgr.obj
 0001:000017b0       ?MakeChannelName@CChannelMgr@@QAE?AV?$basic_string@DU?$char_traits@D@std@@V?$allocator@D@2@@std@@ABV23@K@Z 004027b0 f   ChannelMgr.obj
 0001:00001d60       ?ReduceChannelName@CChannelMgr@@QAE?AV?$basic_string@DU?$char_traits@D@std@@V?$allocator@D@2@@std@@ABV23@@Z 00402d60 f   ChannelMgr.obj
 0001:000020a0       ?ParseChannelName@CChannelMgr@@QAEKABV?$basic_string@DU?$char_traits@D@std@@V?$allocator@D@2@@std@@PAK@Z 004030a0 f   ChannelMgr.obj
 0001:000024a0       ?GainPreCost@CChannelMgr@@QAEEABV?$basic_string@DU?$char_traits@D@std@@V?$allocator@D@2@@std@@@Z 004034a0 f   ChannelMgr.obj
 0001:000025a0       ?GetGMChannID@CChannelMgr@@QAEKXZ 004035a0 f   ChannelMgr.obj
 0001:000025b0       ?IsGodChannel@CChannelMgr@@QAEHK@Z 004035b0 f   ChannelMgr.obj
 0001:00002610       ?IsStockChannel@CChannelMgr@@QAEHK@Z 00403610 f   ChannelMgr.obj
 0001:00002670       ?PassToSpecMan@CChannelMgr@@AAEHKKKPBXI@Z 00403670 f   ChannelMgr.obj
 0001:00002740       ??1CNetConnectDup@@UAE@XZ  00403740 f i ChannelMgr.obj
 0001:00002760       ??_GCNetConnectDup@@UAEPAXI@Z 00403760 f i ChannelMgr.obj
 0001:00002760       ??_ECNetConnectDup@@UAEPAXI@Z 00403760 f i ChannelMgr.obj
 0001:000027a0       ?PassToGroupMan@CChannelMgr@@AAEHKHABV?$list@UtagPlusSrcInfo@@V?$allocator@UtagPlusSrcInfo@@@std@@@std@@PBXI@Z 004037a0 f   ChannelMgr.obj
 0001:00002940       ?PassToGM@CChannelMgr@@AAEHPBXI@Z 00403940 f   ChannelMgr.obj
 0001:000029b0       ?IsValidTeamID@CChannelMgr@@AAEHK@Z 004039b0 f   ChannelMgr.obj
 0001:000029e0       ?IsValidFacID@CChannelMgr@@AAEHK@Z 004039e0 f   ChannelMgr.obj
 0001:00002a10       ?IsValidTongID@CChannelMgr@@AAEHK@Z 00403a10 f   ChannelMgr.obj
 0001:00002a40       ?IsValidMsgrID@CChannelMgr@@AAEHK@Z 00403a40 f   ChannelMgr.obj
 0001:00002a70       ?IsValidCrID@CChannelMgr@@AAEHK@Z 00403a70 f   ChannelMgr.obj
 0001:00002aa0       ?SomeoneChat@CChannelMgr@@QAEHKABUtagPlusSrcInfo@@PBUCHAT_SOMEONECHAT_CMD@@@Z 00403aa0 f   ChannelMgr.obj
 0001:00002dd0       ?ChannelChat@CChannelMgr@@QAEHKABUtagPlusSrcInfo@@PBUCHAT_CHANNELCHAT_CMD@@@Z 00403dd0 f   ChannelMgr.obj
 0001:00003760       ?IsNeedRelegate@CChannelMgr@@AAEHABV?$basic_string@DU?$char_traits@D@std@@V?$allocator@D@2@@std@@H@Z 00404760 f   ChannelMgr.obj
 0001:000037b0       ?QueryChannelID@CChannelMgr@@QAEHABV?$basic_string@DU?$char_traits@D@std@@V?$allocator@D@2@@std@@KKK@Z 004047b0 f   ChannelMgr.obj
 0001:000037c0       ?Subscribe@CChannelMgr@@QAEHKKK@Z 004047c0 f   ChannelMgr.obj
 0001:000037d0       ?Unsubscribe@CChannelMgr@@QAEHKKK@Z 004047d0 f   ChannelMgr.obj
 0001:000037e0       ?FreeChannID@CChannelMgr@@QAEHKKK@Z 004047e0 f   ChannelMgr.obj
 0001:000037f0       ?ClearPlayer@CChannelMgr@@QAEHKK@Z 004047f0 f   ChannelMgr.obj
 0001:00003800       ?DoBlockOp@CChannelMgr@@QAEKK@Z 00404800 f   ChannelMgr.obj
 0001:00003810       ?Block_QueryChannelID@CChannelMgr@@AAEHABV?$basic_string@DU?$char_traits@D@std@@V?$allocator@D@2@@std@@KKK@Z 00404810 f   ChannelMgr.obj
 0001:00003d10       ?Block_Subscribe@CChannelMgr@@AAEHKKK@Z 00404d10 f   ChannelMgr.obj
 0001:00003e10       ?Block_Unsubscribe@CChannelMgr@@AAEHKKK@Z 00404e10 f   ChannelMgr.obj
 0001:00003f10       ?Block_FreeChannID@CChannelMgr@@AAEHKKK@Z 00404f10 f   ChannelMgr.obj
 0001:000040c0       ?Block_ClearPlayer@CChannelMgr@@AAEHKK@Z 004050c0 f   ChannelMgr.obj
 0001:00004240       ?B_QueryChannelID@CChannelMgr@@QAEHABV?$basic_string@DU?$char_traits@D@std@@V?$allocator@D@2@@std@@KKK@Z 00405240 f   ChannelMgr.obj
 0001:00004260       ?B_Subscribe@CChannelMgr@@QAEHKKK@Z 00405260 f   ChannelMgr.obj
 0001:00004280       ?B_Unsubscribe@CChannelMgr@@QAEHKKK@Z 00405280 f   ChannelMgr.obj
 0001:000042a0       ?B_FreeChannID@CChannelMgr@@QAEHKKK@Z 004052a0 f   ChannelMgr.obj
 0001:000042c0       ?B_ClearPlayer@CChannelMgr@@QAEHKK@Z 004052c0 f   ChannelMgr.obj
 0001:000042e0       ?GetChannelCount@CChannelMgr@@QAEIXZ 004052e0 f   ChannelMgr.obj
 0001:000042f0       ?SayOnSomeone@CChannelMgr@@QAEHKKKABV?$basic_string@DU?$char_traits@D@std@@V?$allocator@D@2@@std@@0@Z 004052f0 f   ChannelMgr.obj
 0001:00004450       ?SayOnChannel@CChannelMgr@@QAEHKHABV?$basic_string@DU?$char_traits@D@std@@V?$allocator@D@2@@std@@00@Z 00405450 f   ChannelMgr.obj
 0001:00004c60       ??0?$basic_string@DU?$char_traits@D@std@@V?$allocator@D@2@@std@@QAE@ABV?$allocator@D@1@@Z 00405c60 f i ChannelMgr.obj
 0001:00004c80       ??0?$basic_string@DU?$char_traits@D@std@@V?$allocator@D@2@@std@@QAE@ABV01@@Z 00405c80 f i ChannelMgr.obj
 0001:00004da0       ??1?$basic_string@DU?$char_traits@D@std@@V?$allocator@D@2@@std@@QAE@XZ 00405da0 f i ChannelMgr.obj
 0001:00004de0       ??A?$map@KV?$map@KUPLAYERINFO@CChannelMgr@@U?$less@K@std@@V?$allocator@UPLAYERINFO@CChannelMgr@@@4@@std@@U?$less@K@2@V?$allocator@V?$map@KUPLAYERINFO@CChannelMgr@@U?$less@K@std@@V?$allocator@UPLAYERINFO@CChannelMgr@@@4@@std@@@2@@std@@QAEAAV?$map@KUPLAYERINFO@CChannelMgr@@U?$less@K@std@@V?$allocator@UPLAYERINFO@CChannelMgr@@@4@@1@ABK@Z 00405de0 f i ChannelMgr.obj
 0001:00004f70       ??A?$map@KUCHANNINFO@CChannelMgr@@U?$less@K@std@@V?$allocator@UCHANNINFO@CChannelMgr@@@4@@std@@QAEAAUCHANNINFO@CChannelMgr@@ABK@Z 00405f70 f i ChannelMgr.obj
 0001:000050d0       ??A?$map@V?$basic_string@DU?$char_traits@D@std@@V?$allocator@D@2@@std@@KU_tstring_less@@V?$allocator@K@2@@std@@QAEAAKABV?$basic_string@DU?$char_traits@D@std@@V?$allocator@D@2@@1@@Z 004060d0 f i ChannelMgr.obj
 0001:00005180       ??1?$list@UtagPlusSrcInfo@@V?$allocator@UtagPlusSrcInfo@@@std@@@std@@QAE@XZ 00406180 f i ChannelMgr.obj
 0001:000051d0       ??1?$map@KUPLAYERINFO@CChannelMgr@@U?$less@K@std@@V?$allocator@UPLAYERINFO@CChannelMgr@@@4@@std@@QAE@XZ 004061d0 f i ChannelMgr.obj
 0001:00005240       ??1?$pair@$$CBKV?$map@KUPLAYERINFO@CChannelMgr@@U?$less@K@std@@V?$allocator@UPLAYERINFO@CChannelMgr@@@4@@std@@@std@@QAE@XZ 00406240 f i ChannelMgr.obj
 0001:000052b0       ??0CHANNINFO@CChannelMgr@@QAE@XZ 004062b0 f i ChannelMgr.obj
 0001:00005390       ??1CHANNINFO@CChannelMgr@@QAE@XZ 00406390 f i ChannelMgr.obj
 0001:00005460       ??1?$pair@$$CBKUCHANNINFO@CChannelMgr@@@std@@QAE@XZ 00406460 f i ChannelMgr.obj
 0001:00005530       ??1?$pair@$$CBV?$basic_string@DU?$char_traits@D@std@@V?$allocator@D@2@@std@@K@std@@QAE@XZ 00406530 f i ChannelMgr.obj
 0001:00005570       ?append@?$basic_string@DU?$char_traits@D@std@@V?$allocator@D@2@@std@@QAEAAV12@ID@Z 00406570 f i ChannelMgr.obj
 0001:00005640       ?assign@?$basic_string@DU?$char_traits@D@std@@V?$allocator@D@2@@std@@QAEAAV12@ABV12@II@Z 00406640 f i ChannelMgr.obj
 0001:00005840       ?assign@?$basic_string@DU?$char_traits@D@std@@V?$allocator@D@2@@std@@QAEAAV12@PBDI@Z 00406840 f i ChannelMgr.obj
 0001:000058e0       ?rfind@?$basic_string@DU?$char_traits@D@std@@V?$allocator@D@2@@std@@QBEIPBDII@Z 004068e0 f i ChannelMgr.obj
 0001:00005960       ?find_last_not_of@?$basic_string@DU?$char_traits@D@std@@V?$allocator@D@2@@std@@QBEIPBDII@Z 00406960 f i ChannelMgr.obj
 0001:000059d0       ?_Freeze@?$basic_string@DU?$char_traits@D@std@@V?$allocator@D@2@@std@@AAEXXZ 004069d0 f i ChannelMgr.obj
 0001:00005a50       ?_Tidy@?$basic_string@DU?$char_traits@D@std@@V?$allocator@D@2@@std@@AAEX_N@Z 00406a50 f i ChannelMgr.obj
 0001:00005aa0       ??0?$map@KV?$map@KUPLAYERINFO@CChannelMgr@@U?$less@K@std@@V?$allocator@UPLAYERINFO@CChannelMgr@@@4@@std@@U?$less@K@2@V?$allocator@V?$map@KUPLAYERINFO@CChannelMgr@@U?$less@K@std@@V?$allocator@UPLAYERINFO@CChannelMgr@@@4@@std@@@2@@std@@QAE@ABU?$less@K@1@ABV?$allocator@V?$map@KUPLAYERINFO@CChannelMgr@@U?$less@K@std@@V?$allocator@UPLAYERINFO@CChannelMgr@@@4@@std@@@1@@Z 00406aa0 f i ChannelMgr.obj
 0001:00005b70       ?insert@?$map@KV?$map@KUPLAYERINFO@CChannelMgr@@U?$less@K@std@@V?$allocator@UPLAYERINFO@CChannelMgr@@@4@@std@@U?$less@K@2@V?$allocator@V?$map@KUPLAYERINFO@CChannelMgr@@U?$less@K@std@@V?$allocator@UPLAYERINFO@CChannelMgr@@@4@@std@@@2@@std@@QAE?AU?$pair@Viterator@?$_Tree@KU?$pair@$$CBKV?$map@KUPLAYERINFO@CChannelMgr@@U?$less@K@std@@V?$allocator@UPLAYERINFO@CChannelMgr@@@4@@std@@@std@@U_Kfn@?$map@KV?$map@KUPLAYERINFO@CChannelMgr@@U?$less@K@std@@V?$allocator@UPLAYERINFO@CChannelMgr@@@4@@std@@U?$less@K@2@V?$allocator@V?$map@KUPLAYERINFO@CChannelMgr@@U?$less@K@std@@V?$allocator@UPLAYERINFO@CChannelMgr@@@4@@std@@@2@@2@U?$less@K@2@V?$allocator@V?$map@KUPLAYERINFO@CChannelMgr@@U?$less@K@std@@V?$allocator@UPLAYERINFO@CChannelMgr@@@4@@std@@@2@@std@@_N@2@ABU?$pair@$$CBKV?$map@KUPLAYERINFO@CChannelMgr@@U?$less@K@std@@V?$allocator@UPLAYERINFO@CChannelMgr@@@4@@std@@@2@@Z 00406b70 f i ChannelMgr.obj
 0001:00005ba0       ??1?$_Tree@KU?$pair@$$CBKV?$map@KUPLAYERINFO@CChannelMgr@@U?$less@K@std@@V?$allocator@UPLAYERINFO@CChannelMgr@@@4@@std@@@std@@U_Kfn@?$map@KV?$map@KUPLAYERINFO@CChannelMgr@@U?$less@K@std@@V?$allocator@UPLAYERINFO@CChannelMgr@@@4@@std@@U?$less@K@2@V?$allocator@V?$map@KUPLAYERINFO@CChannelMgr@@U?$less@K@std@@V?$allocator@UPLAYERINFO@CChannelMgr@@@4@@std@@@2@@2@U?$less@K@2@V?$allocator@V?$map@KUPLAYERINFO@CChannelMgr@@U?$less@K@std@@V?$allocator@UPLAYERINFO@CChannelMgr@@@4@@std@@@2@@std@@QAE@XZ 00406ba0 f i ChannelMgr.obj
 0001:00005c10       ?erase@?$_Tree@KU?$pair@$$CBKV?$map@KUPLAYERINFO@CChannelMgr@@U?$less@K@std@@V?$allocator@UPLAYERINFO@CChannelMgr@@@4@@std@@@std@@U_Kfn@?$map@KV?$map@KUPLAYERINFO@CChannelMgr@@U?$less@K@std@@V?$allocator@UPLAYERINFO@CChannelMgr@@@4@@std@@U?$less@K@2@V?$allocator@V?$map@KUPLAYERINFO@CChannelMgr@@U?$less@K@std@@V?$allocator@UPLAYERINFO@CChannelMgr@@@4@@std@@@2@@2@U?$less@K@2@V?$allocator@V?$map@KUPLAYERINFO@CChannelMgr@@U?$less@K@std@@V?$allocator@UPLAYERINFO@CChannelMgr@@@4@@std@@@2@@std@@QAE?AViterator@12@V312@@Z 00406c10 f i ChannelMgr.obj
 0001:00006190       ?find@?$_Tree@KU?$pair@$$CBKV?$map@KUPLAYERINFO@CChannelMgr@@U?$less@K@std@@V?$allocator@UPLAYERINFO@CChannelMgr@@@4@@std@@@std@@U_Kfn@?$map@KV?$map@KUPLAYERINFO@CChannelMgr@@U?$less@K@std@@V?$allocator@UPLAYERINFO@CChannelMgr@@@4@@std@@U?$less@K@2@V?$allocator@V?$map@KUPLAYERINFO@CChannelMgr@@U?$less@K@std@@V?$allocator@UPLAYERINFO@CChannelMgr@@@4@@std@@@2@@2@U?$less@K@2@V?$allocator@V?$map@KUPLAYERINFO@CChannelMgr@@U?$less@K@std@@V?$allocator@UPLAYERINFO@CChannelMgr@@@4@@std@@@2@@std@@QAE?AViterator@12@ABK@Z 00407190 f i ChannelMgr.obj
 0001:000061e0       ??0?$pair@$$CBKV?$map@KUPLAYERINFO@CChannelMgr@@U?$less@K@std@@V?$allocator@UPLAYERINFO@CChannelMgr@@@4@@std@@@std@@QAE@ABKABV?$map@KUPLAYERINFO@CChannelMgr@@U?$less@K@std@@V?$allocator@UPLAYERINFO@CChannelMgr@@@4@@1@@Z 004071e0 f i ChannelMgr.obj
 0001:000063f0       ??1?$_Tree@KU?$pair@$$CBKUPLAYERINFO@CChannelMgr@@@std@@U_Kfn@?$map@KUPLAYERINFO@CChannelMgr@@U?$less@K@std@@V?$allocator@UPLAYERINFO@CChannelMgr@@@4@@2@U?$less@K@2@V?$allocator@UPLAYERINFO@CChannelMgr@@@2@@std@@QAE@XZ 004073f0 f i ChannelMgr.obj
 0001:00006460       ?begin@?$_Tree@KU?$pair@$$CBKUPLAYERINFO@CChannelMgr@@@std@@U_Kfn@?$map@KUPLAYERINFO@CChannelMgr@@U?$less@K@std@@V?$allocator@UPLAYERINFO@CChannelMgr@@@4@@2@U?$less@K@2@V?$allocator@UPLAYERINFO@CChannelMgr@@@2@@std@@QAE?AViterator@12@XZ 00407460 f i ChannelMgr.obj
 0001:00006470       ?insert@?$map@KUCHANNINFO@CChannelMgr@@U?$less@K@std@@V?$allocator@UCHANNINFO@CChannelMgr@@@4@@std@@QAE?AU?$pair@Viterator@?$_Tree@KU?$pair@$$CBKUCHANNINFO@CChannelMgr@@@std@@U_Kfn@?$map@KUCHANNINFO@CChannelMgr@@U?$less@K@std@@V?$allocator@UCHANNINFO@CChannelMgr@@@4@@2@U?$less@K@2@V?$allocator@UCHANNINFO@CChannelMgr@@@2@@std@@_N@2@ABU?$pair@$$CBKUCHANNINFO@CChannelMgr@@@2@@Z 00407470 f i ChannelMgr.obj
 0001:000064a0       ?erase@?$_Tree@KU?$pair@$$CBKUCHANNINFO@CChannelMgr@@@std@@U_Kfn@?$map@KUCHANNINFO@CChannelMgr@@U?$less@K@std@@V?$allocator@UCHANNINFO@CChannelMgr@@@4@@2@U?$less@K@2@V?$allocator@UCHANNINFO@CChannelMgr@@@2@@std@@QAE?AViterator@12@V312@@Z 004074a0 f i ChannelMgr.obj
 0001:00006a90       ?erase@?$_Tree@KU?$pair@$$CBKUCHANNINFO@CChannelMgr@@@std@@U_Kfn@?$map@KUCHANNINFO@CChannelMgr@@U?$less@K@std@@V?$allocator@UCHANNINFO@CChannelMgr@@@4@@2@U?$less@K@2@V?$allocator@UCHANNINFO@CChannelMgr@@@2@@std@@QAE?AViterator@12@V312@0@Z 00407a90 f i ChannelMgr.obj
 0001:00006bd0       ?find@?$_Tree@KU?$pair@$$CBKUCHANNINFO@CChannelMgr@@@std@@U_Kfn@?$map@KUCHANNINFO@CChannelMgr@@U?$less@K@std@@V?$allocator@UCHANNINFO@CChannelMgr@@@4@@2@U?$less@K@2@V?$allocator@UCHANNINFO@CChannelMgr@@@2@@std@@QAE?AViterator@12@ABK@Z 00407bd0 f i ChannelMgr.obj
 0001:00006c20       ??0?$pair@$$CBKUCHANNINFO@CChannelMgr@@@std@@QAE@ABKABUCHANNINFO@CChannelMgr@@@Z 00407c20 f i ChannelMgr.obj
 0001:00006dc0       ?insert@?$map@V?$basic_string@DU?$char_traits@D@std@@V?$allocator@D@2@@std@@KU_tstring_less@@V?$allocator@K@2@@std@@QAE?AU?$pair@Viterator@?$_Tree@V?$basic_string@DU?$char_traits@D@std@@V?$allocator@D@2@@std@@U?$pair@$$CBV?$basic_string@DU?$char_traits@D@std@@V?$allocator@D@2@@std@@K@2@U_Kfn@?$map@V?$basic_string@DU?$char_traits@D@std@@V?$allocator@D@2@@std@@KU_tstring_less@@V?$allocator@K@2@@2@U_tstring_less@@V?$allocator@K@2@@std@@_N@2@ABU?$pair@$$CBV?$basic_string@DU?$char_traits@D@std@@V?$allocator@D@2@@std@@K@2@@Z 00407dc0 f i ChannelMgr.obj
 0001:00006df0       ?erase@?$_Tree@V?$basic_string@DU?$char_traits@D@std@@V?$allocator@D@2@@std@@U?$pair@$$CBV?$basic_string@DU?$char_traits@D@std@@V?$allocator@D@2@@std@@K@2@U_Kfn@?$map@V?$basic_string@DU?$char_traits@D@std@@V?$allocator@D@2@@std@@KU_tstring_less@@V?$allocator@K@2@@2@U_tstring_less@@V?$allocator@K@2@@std@@QAE?AViterator@12@V312@0@Z 00407df0 f i ChannelMgr.obj
 0001:00006f30       ?find@?$_Tree@V?$basic_string@DU?$char_traits@D@std@@V?$allocator@D@2@@std@@U?$pair@$$CBV?$basic_string@DU?$char_traits@D@std@@V?$allocator@D@2@@std@@K@2@U_Kfn@?$map@V?$basic_string@DU?$char_traits@D@std@@V?$allocator@D@2@@std@@KU_tstring_less@@V?$allocator@K@2@@2@U_tstring_less@@V?$allocator@K@2@@std@@QAE?AViterator@12@ABV?$basic_string@DU?$char_traits@D@std@@V?$allocator@D@2@@2@@Z 00407f30 f i ChannelMgr.obj
 0001:00006fb0       ?erase@?$_Tree@KU?$pair@$$CBKV?$list@PAU_BLOCKCHANNELOP@CChannelMgr@@V?$allocator@PAU_BLOCKCHANNELOP@CChannelMgr@@@std@@@std@@@std@@U_Kfn@?$map@KV?$list@PAU_BLOCKCHANNELOP@CChannelMgr@@V?$allocator@PAU_BLOCKCHANNELOP@CChannelMgr@@@std@@@std@@U?$less@K@2@V?$allocator@V?$list@PAU_BLOCKCHANNELOP@CChannelMgr@@V?$allocator@PAU_BLOCKCHANNELOP@CChannelMgr@@@std@@@std@@@2@@2@U?$less@K@2@V?$allocator@V?$list@PAU_BLOCKCHANNELOP@CChannelMgr@@V?$allocator@PAU_BLOCKCHANNELOP@CChannelMgr@@@std@@@std@@@2@@std@@QAE?AViterator@12@V312@0@Z 00407fb0 f i ChannelMgr.obj
 0001:000070f0       ??1?$list@PAU_BLOCKCHANNELOP@CChannelMgr@@V?$allocator@PAU_BLOCKCHANNELOP@CChannelMgr@@@std@@@std@@QAE@XZ 004080f0 f i ChannelMgr.obj
 0001:00007140       ??0CHANNINFO@CChannelMgr@@QAE@ABU01@@Z 00408140 f i ChannelMgr.obj
 0001:00007310       ??0?$map@KV?$map@KUPLAYERINFO@CChannelMgr@@U?$less@K@std@@V?$allocator@UPLAYERINFO@CChannelMgr@@@4@@std@@U?$less@K@2@V?$allocator@V?$map@KUPLAYERINFO@CChannelMgr@@U?$less@K@std@@V?$allocator@UPLAYERINFO@CChannelMgr@@@4@@std@@@2@@std@@QAE@ABV01@@Z 00408310 f i ChannelMgr.obj
 0001:00007510       ?append@?$basic_string@DU?$char_traits@D@std@@V?$allocator@D@2@@std@@QAEAAV12@PBDI@Z 00408510 f i ChannelMgr.obj
 0001:000075d0       ?erase@?$basic_string@DU?$char_traits@D@std@@V?$allocator@D@2@@std@@QAEAAV12@II@Z 004085d0 f i ChannelMgr.obj
 0001:000076f0       ?_Eos@?$basic_string@DU?$char_traits@D@std@@V?$allocator@D@2@@std@@AAEXI@Z 004086f0 f i ChannelMgr.obj
 0001:00007710       ?_Grow@?$basic_string@DU?$char_traits@D@std@@V?$allocator@D@2@@std@@AAE_NI_N@Z 00408710 f i ChannelMgr.obj
 0001:00007830       ??0?$_Tree@KU?$pair@$$CBKV?$map@KUPLAYERINFO@CChannelMgr@@U?$less@K@std@@V?$allocator@UPLAYERINFO@CChannelMgr@@@4@@std@@@std@@U_Kfn@?$map@KV?$map@KUPLAYERINFO@CChannelMgr@@U?$less@K@std@@V?$allocator@UPLAYERINFO@CChannelMgr@@@4@@std@@U?$less@K@2@V?$allocator@V?$map@KUPLAYERINFO@CChannelMgr@@U?$less@K@std@@V?$allocator@UPLAYERINFO@CChannelMgr@@@4@@std@@@2@@2@U?$less@K@2@V?$allocator@V?$map@KUPLAYERINFO@CChannelMgr@@U?$less@K@std@@V?$allocator@UPLAYERINFO@CChannelMgr@@@4@@std@@@2@@std@@QAE@ABU?$less@K@1@_NABV?$allocator@V?$map@KUPLAYERINFO@CChannelMgr@@U?$less@K@std@@V?$allocator@UPLAYERINFO@CChannelMgr@@@4@@std@@@1@@Z 00408830 f i ChannelMgr.obj
 0001:00007860       ?insert@?$_Tree@KU?$pair@$$CBKV?$map@KUPLAYERINFO@CChannelMgr@@U?$less@K@std@@V?$allocator@UPLAYERINFO@CChannelMgr@@@4@@std@@@std@@U_Kfn@?$map@KV?$map@KUPLAYERINFO@CChannelMgr@@U?$less@K@std@@V?$allocator@UPLAYERINFO@CChannelMgr@@@4@@std@@U?$less@K@2@V?$allocator@V?$map@KUPLAYERINFO@CChannelMgr@@U?$less@K@std@@V?$allocator@UPLAYERINFO@CChannelMgr@@@4@@std@@@2@@2@U?$less@K@2@V?$allocator@V?$map@KUPLAYERINFO@CChannelMgr@@U?$less@K@std@@V?$allocator@UPLAYERINFO@CChannelMgr@@@4@@std@@@2@@std@@QAE?AU?$pair@Viterator@?$_Tree@KU?$pair@$$CBKV?$map@KUPLAYERINFO@CChannelMgr@@U?$less@K@std@@V?$allocator@UPLAYERINFO@CChannelMgr@@@4@@std@@@std@@U_Kfn@?$map@KV?$map@KUPLAYERINFO@CChannelMgr@@U?$less@K@std@@V?$allocator@UPLAYERINFO@CChannelMgr@@@4@@std@@U?$less@K@2@V?$allocator@V?$map@KUPLAYERINFO@CChannelMgr@@U?$less@K@std@@V?$allocator@UPLAYERINFO@CChannelMgr@@@4@@std@@@2@@2@U?$less@K@2@V?$allocator@V?$map@KUPLAYERINFO@CChannelMgr@@U?$less@K@std@@V?$allocator@UPLAYERINFO@CChannelMgr@@@4@@std@@@2@@std@@_N@2@ABU?$pair@$$CBKV?$map@KUPLAYERINFO@CChannelMgr@@U?$less@K@std@@V?$allocator@UPLAYERINFO@CChannelMgr@@@4@@std@@@2@@Z 00408860 f i ChannelMgr.obj
 0001:00007990       ?erase@?$_Tree@KU?$pair@$$CBKV?$map@KUPLAYERINFO@CChannelMgr@@U?$less@K@std@@V?$allocator@UPLAYERINFO@CChannelMgr@@@4@@std@@@std@@U_Kfn@?$map@KV?$map@KUPLAYERINFO@CChannelMgr@@U?$less@K@std@@V?$allocator@UPLAYERINFO@CChannelMgr@@@4@@std@@U?$less@K@2@V?$allocator@V?$map@KUPLAYERINFO@CChannelMgr@@U?$less@K@std@@V?$allocator@UPLAYERINFO@CChannelMgr@@@4@@std@@@2@@2@U?$less@K@2@V?$allocator@V?$map@KUPLAYERINFO@CChannelMgr@@U?$less@K@std@@V?$allocator@UPLAYERINFO@CChannelMgr@@@4@@std@@@2@@std@@QAE?AViterator@12@V312@0@Z 00408990 f i ChannelMgr.obj
 0001:00007ad0       ?lower_bound@?$_Tree@KU?$pair@$$CBKV?$map@KUPLAYERINFO@CChannelMgr@@U?$less@K@std@@V?$allocator@UPLAYERINFO@CChannelMgr@@@4@@std@@@std@@U_Kfn@?$map@KV?$map@KUPLAYERINFO@CChannelMgr@@U?$less@K@std@@V?$allocator@UPLAYERINFO@CChannelMgr@@@4@@std@@U?$less@K@2@V?$allocator@V?$map@KUPLAYERINFO@CChannelMgr@@U?$less@K@std@@V?$allocator@UPLAYERINFO@CChannelMgr@@@4@@std@@@2@@2@U?$less@K@2@V?$allocator@V?$map@KUPLAYERINFO@CChannelMgr@@U?$less@K@std@@V?$allocator@UPLAYERINFO@CChannelMgr@@@4@@std@@@2@@std@@QAE?AViterator@12@ABK@Z 00408ad0 f i ChannelMgr.obj
 0001:00007af0       ?_Lmost@?$_Tree@KU?$pair@$$CBKV?$map@KUPLAYERINFO@CChannelMgr@@U?$less@K@std@@V?$allocator@UPLAYERINFO@CChannelMgr@@@4@@std@@@std@@U_Kfn@?$map@KV?$map@KUPLAYERINFO@CChannelMgr@@U?$less@K@std@@V?$allocator@UPLAYERINFO@CChannelMgr@@@4@@std@@U?$less@K@2@V?$allocator@V?$map@KUPLAYERINFO@CChannelMgr@@U?$less@K@std@@V?$allocator@UPLAYERINFO@CChannelMgr@@@4@@std@@@2@@2@U?$less@K@2@V?$allocator@V?$map@KUPLAYERINFO@CChannelMgr@@U?$less@K@std@@V?$allocator@UPLAYERINFO@CChannelMgr@@@4@@std@@@2@@std@@IAEAAPAU_Node@12@XZ 00408af0 f i ChannelMgr.obj
 0001:00007b00       ?_Max@?$_Tree@KU?$pair@$$CBKV?$map@KUPLAYERINFO@CChannelMgr@@U?$less@K@std@@V?$allocator@UPLAYERINFO@CChannelMgr@@@4@@std@@@std@@U_Kfn@?$map@KV?$map@KUPLAYERINFO@CChannelMgr@@U?$less@K@std@@V?$allocator@UPLAYERINFO@CChannelMgr@@@4@@std@@U?$less@K@2@V?$allocator@V?$map@KUPLAYERINFO@CChannelMgr@@U?$less@K@std@@V?$allocator@UPLAYERINFO@CChannelMgr@@@4@@std@@@2@@2@U?$less@K@2@V?$allocator@V?$map@KUPLAYERINFO@CChannelMgr@@U?$less@K@std@@V?$allocator@UPLAYERINFO@CChannelMgr@@@4@@std@@@2@@std@@KAPAU_Node@12@PAU312@@Z 00408b00 f i ChannelMgr.obj
 0001:00007b40       ?_Min@?$_Tree@KU?$pair@$$CBKV?$map@KUPLAYERINFO@CChannelMgr@@U?$less@K@std@@V?$allocator@UPLAYERINFO@CChannelMgr@@@4@@std@@@std@@U_Kfn@?$map@KV?$map@KUPLAYERINFO@CChannelMgr@@U?$less@K@std@@V?$allocator@UPLAYERINFO@CChannelMgr@@@4@@std@@U?$less@K@2@V?$allocator@V?$map@KUPLAYERINFO@CChannelMgr@@U?$less@K@std@@V?$allocator@UPLAYERINFO@CChannelMgr@@@4@@std@@@2@@2@U?$less@K@2@V?$allocator@V?$map@KUPLAYERINFO@CChannelMgr@@U?$less@K@std@@V?$allocator@UPLAYERINFO@CChannelMgr@@@4@@std@@@2@@std@@KAPAU_Node@12@PAU312@@Z 00408b40 f i ChannelMgr.obj
 0001:00007b80       ??0?$_Tree@KU?$pair@$$CBKUPLAYERINFO@CChannelMgr@@@std@@U_Kfn@?$map@KUPLAYERINFO@CChannelMgr@@U?$less@K@std@@V?$allocator@UPLAYERINFO@CChannelMgr@@@4@@2@U?$less@K@2@V?$allocator@UPLAYERINFO@CChannelMgr@@@2@@std@@QAE@ABU?$less@K@1@_NABV?$allocator@UPLAYERINFO@CChannelMgr@@@1@@Z 00408b80 f i ChannelMgr.obj
 0001:00007bb0       ?insert@?$_Tree@KU?$pair@$$CBKUPLAYERINFO@CChannelMgr@@@std@@U_Kfn@?$map@KUPLAYERINFO@CChannelMgr@@U?$less@K@std@@V?$allocator@UPLAYERINFO@CChannelMgr@@@4@@2@U?$less@K@2@V?$allocator@UPLAYERINFO@CChannelMgr@@@2@@std@@QAE?AU?$pair@Viterator@?$_Tree@KU?$pair@$$CBKUPLAYERINFO@CChannelMgr@@@std@@U_Kfn@?$map@KUPLAYERINFO@CChannelMgr@@U?$less@K@std@@V?$allocator@UPLAYERINFO@CChannelMgr@@@4@@2@U?$less@K@2@V?$allocator@UPLAYERINFO@CChannelMgr@@@2@@std@@_N@2@ABU?$pair@$$CBKUPLAYERINFO@CChannelMgr@@@2@@Z 00408bb0 f i ChannelMgr.obj
 0001:00007ce0       ?erase@?$_Tree@KU?$pair@$$CBKUPLAYERINFO@CChannelMgr@@@std@@U_Kfn@?$map@KUPLAYERINFO@CChannelMgr@@U?$less@K@std@@V?$allocator@UPLAYERINFO@CChannelMgr@@@4@@2@U?$less@K@2@V?$allocator@UPLAYERINFO@CChannelMgr@@@2@@std@@QAE?AViterator@12@V312@0@Z 00408ce0 f i ChannelMgr.obj
 0001:00007e10       ?equal_range@?$_Tree@KU?$pair@$$CBKUPLAYERINFO@CChannelMgr@@@std@@U_Kfn@?$map@KUPLAYERINFO@CChannelMgr@@U?$less@K@std@@V?$allocator@UPLAYERINFO@CChannelMgr@@@4@@2@U?$less@K@2@V?$allocator@UPLAYERINFO@CChannelMgr@@@2@@std@@QAE?AU?$pair@Viterator@?$_Tree@KU?$pair@$$CBKUPLAYERINFO@CChannelMgr@@@std@@U_Kfn@?$map@KUPLAYERINFO@CChannelMgr@@U?$less@K@std@@V?$allocator@UPLAYERINFO@CChannelMgr@@@4@@2@U?$less@K@2@V?$allocator@UPLAYERINFO@CChannelMgr@@@2@@std@@V123@@2@ABK@Z 00408e10 f i ChannelMgr.obj
 0001:00007e40       ?_Inc@const_iterator@?$_Tree@KU?$pair@$$CBKUPLAYERINFO@CChannelMgr@@@std@@U_Kfn@?$map@KUPLAYERINFO@CChannelMgr@@U?$less@K@std@@V?$allocator@UPLAYERINFO@CChannelMgr@@@4@@2@U?$less@K@2@V?$allocator@UPLAYERINFO@CChannelMgr@@@2@@std@@QAEXXZ 00408e40 f i ChannelMgr.obj
 0001:00007ef0       ?_Inc@const_iterator@?$_Tree@KU?$pair@$$CBKV?$map@KUPLAYERINFO@CChannelMgr@@U?$less@K@std@@V?$allocator@UPLAYERINFO@CChannelMgr@@@4@@std@@@std@@U_Kfn@?$map@KV?$map@KUPLAYERINFO@CChannelMgr@@U?$less@K@std@@V?$allocator@UPLAYERINFO@CChannelMgr@@@4@@std@@U?$less@K@2@V?$allocator@V?$map@KUPLAYERINFO@CChannelMgr@@U?$less@K@std@@V?$allocator@UPLAYERINFO@CChannelMgr@@@4@@std@@@2@@2@U?$less@K@2@V?$allocator@V?$map@KUPLAYERINFO@CChannelMgr@@U?$less@K@std@@V?$allocator@UPLAYERINFO@CChannelMgr@@@4@@std@@@2@@std@@QAEXXZ 00408ef0 f i ChannelMgr.obj
 0001:00007fa0       ??0iterator@?$_Tree@KU?$pair@$$CBKV?$map@KUPLAYERINFO@CChannelMgr@@U?$less@K@std@@V?$allocator@UPLAYERINFO@CChannelMgr@@@4@@std@@@std@@U_Kfn@?$map@KV?$map@KUPLAYERINFO@CChannelMgr@@U?$less@K@std@@V?$allocator@UPLAYERINFO@CChannelMgr@@@4@@std@@U?$less@K@2@V?$allocator@V?$map@KUPLAYERINFO@CChannelMgr@@U?$less@K@std@@V?$allocator@UPLAYERINFO@CChannelMgr@@@4@@std@@@2@@2@U?$less@K@2@V?$allocator@V?$map@KUPLAYERINFO@CChannelMgr@@U?$less@K@std@@V?$allocator@UPLAYERINFO@CChannelMgr@@@4@@std@@@2@@std@@QAE@PAU_Node@12@@Z 00408fa0 f i ChannelMgr.obj
 0001:00007fb0       ?insert@?$_Tree@KU?$pair@$$CBKUCHANNINFO@CChannelMgr@@@std@@U_Kfn@?$map@KUCHANNINFO@CChannelMgr@@U?$less@K@std@@V?$allocator@UCHANNINFO@CChannelMgr@@@4@@2@U?$less@K@2@V?$allocator@UCHANNINFO@CChannelMgr@@@2@@std@@QAE?AU?$pair@Viterator@?$_Tree@KU?$pair@$$CBKUCHANNINFO@CChannelMgr@@@std@@U_Kfn@?$map@KUCHANNINFO@CChannelMgr@@U?$less@K@std@@V?$allocator@UCHANNINFO@CChannelMgr@@@4@@2@U?$less@K@2@V?$allocator@UCHANNINFO@CChannelMgr@@@2@@std@@_N@2@ABU?$pair@$$CBKUCHANNINFO@CChannelMgr@@@2@@Z 00408fb0 f i ChannelMgr.obj
 0001:000080e0       ?lower_bound@?$_Tree@KU?$pair@$$CBKUCHANNINFO@CChannelMgr@@@std@@U_Kfn@?$map@KUCHANNINFO@CChannelMgr@@U?$less@K@std@@V?$allocator@UCHANNINFO@CChannelMgr@@@4@@2@U?$less@K@2@V?$allocator@UCHANNINFO@CChannelMgr@@@2@@std@@QAE?AViterator@12@ABK@Z 004090e0 f i ChannelMgr.obj
 0001:00008100       ?_Erase@?$_Tree@KU?$pair@$$CBKUCHANNINFO@CChannelMgr@@@std@@U_Kfn@?$map@KUCHANNINFO@CChannelMgr@@U?$less@K@std@@V?$allocator@UCHANNINFO@CChannelMgr@@@4@@2@U?$less@K@2@V?$allocator@UCHANNINFO@CChannelMgr@@@2@@std@@IAEXPAU_Node@12@@Z 00409100 f i ChannelMgr.obj
 0001:00008270       ?_Inc@const_iterator@?$_Tree@KU?$pair@$$CBKUCHANNINFO@CChannelMgr@@@std@@U_Kfn@?$map@KUCHANNINFO@CChannelMgr@@U?$less@K@std@@V?$allocator@UCHANNINFO@CChannelMgr@@@4@@2@U?$less@K@2@V?$allocator@UCHANNINFO@CChannelMgr@@@2@@std@@QAEXXZ 00409270 f i ChannelMgr.obj
 0001:00008320       ?insert@?$_Tree@V?$basic_string@DU?$char_traits@D@std@@V?$allocator@D@2@@std@@U?$pair@$$CBV?$basic_string@DU?$char_traits@D@std@@V?$allocator@D@2@@std@@K@2@U_Kfn@?$map@V?$basic_string@DU?$char_traits@D@std@@V?$allocator@D@2@@std@@KU_tstring_less@@V?$allocator@K@2@@2@U_tstring_less@@V?$allocator@K@2@@std@@QAE?AU?$pair@Viterator@?$_Tree@V?$basic_string@DU?$char_traits@D@std@@V?$allocator@D@2@@std@@U?$pair@$$CBV?$basic_string@DU?$char_traits@D@std@@V?$allocator@D@2@@std@@K@2@U_Kfn@?$map@V?$basic_string@DU?$char_traits@D@std@@V?$allocator@D@2@@std@@KU_tstring_less@@V?$allocator@K@2@@2@U_tstring_less@@V?$allocator@K@2@@std@@_N@2@ABU?$pair@$$CBV?$basic_string@DU?$char_traits@D@std@@V?$allocator@D@2@@std@@K@2@@Z 00409320 f i ChannelMgr.obj
 0001:000084a0       ?erase@?$_Tree@V?$basic_string@DU?$char_traits@D@std@@V?$allocator@D@2@@std@@U?$pair@$$CBV?$basic_string@DU?$char_traits@D@std@@V?$allocator@D@2@@std@@K@2@U_Kfn@?$map@V?$basic_string@DU?$char_traits@D@std@@V?$allocator@D@2@@std@@KU_tstring_less@@V?$allocator@K@2@@2@U_tstring_less@@V?$allocator@K@2@@std@@QAE?AViterator@12@V312@@Z 004094a0 f i ChannelMgr.obj
 0001:000089d0       ?lower_bound@?$_Tree@V?$basic_string@DU?$char_traits@D@std@@V?$allocator@D@2@@std@@U?$pair@$$CBV?$basic_string@DU?$char_traits@D@std@@V?$allocator@D@2@@std@@K@2@U_Kfn@?$map@V?$basic_string@DU?$char_traits@D@std@@V?$allocator@D@2@@std@@KU_tstring_less@@V?$allocator@K@2@@2@U_tstring_less@@V?$allocator@K@2@@std@@QAE?AViterator@12@ABV?$basic_string@DU?$char_traits@D@std@@V?$allocator@D@2@@2@@Z 004099d0 f i ChannelMgr.obj
 0001:000089f0       ?_Erase@?$_Tree@V?$basic_string@DU?$char_traits@D@std@@V?$allocator@D@2@@std@@U?$pair@$$CBV?$basic_string@DU?$char_traits@D@std@@V?$allocator@D@2@@std@@K@2@U_Kfn@?$map@V?$basic_string@DU?$char_traits@D@std@@V?$allocator@D@2@@std@@KU_tstring_less@@V?$allocator@K@2@@2@U_tstring_less@@V?$allocator@K@2@@std@@IAEXPAU_Node@12@@Z 004099f0 f i ChannelMgr.obj
 0001:00008aa0       ?erase@?$_Tree@KU?$pair@$$CBKV?$list@PAU_BLOCKCHANNELOP@CChannelMgr@@V?$allocator@PAU_BLOCKCHANNELOP@CChannelMgr@@@std@@@std@@@std@@U_Kfn@?$map@KV?$list@PAU_BLOCKCHANNELOP@CChannelMgr@@V?$allocator@PAU_BLOCKCHANNELOP@CChannelMgr@@@std@@@std@@U?$less@K@2@V?$allocator@V?$list@PAU_BLOCKCHANNELOP@CChannelMgr@@V?$allocator@PAU_BLOCKCHANNELOP@CChannelMgr@@@std@@@std@@@2@@2@U?$less@K@2@V?$allocator@V?$list@PAU_BLOCKCHANNELOP@CChannelMgr@@V?$allocator@PAU_BLOCKCHANNELOP@CChannelMgr@@@std@@@std@@@2@@std@@QAE?AViterator@12@V312@@Z 00409aa0 f i ChannelMgr.obj
 0001:00008fe0       ?_Next@_Acc@?$list@PAU_BLOCKCHANNELOP@CChannelMgr@@V?$allocator@PAU_BLOCKCHANNELOP@CChannelMgr@@@std@@@std@@SAAAPAU_Node@23@PAU423@@Z 00409fe0 f i ChannelMgr.obj
 0001:00008ff0       ?_Erase@?$_Tree@KU?$pair@$$CBKV?$list@PAU_BLOCKCHANNELOP@CChannelMgr@@V?$allocator@PAU_BLOCKCHANNELOP@CChannelMgr@@@std@@@std@@@std@@U_Kfn@?$map@KV?$list@PAU_BLOCKCHANNELOP@CChannelMgr@@V?$allocator@PAU_BLOCKCHANNELOP@CChannelMgr@@@std@@@std@@U?$less@K@2@V?$allocator@V?$list@PAU_BLOCKCHANNELOP@CChannelMgr@@V?$allocator@PAU_BLOCKCHANNELOP@CChannelMgr@@@std@@@std@@@2@@2@U?$less@K@2@V?$allocator@V?$list@PAU_BLOCKCHANNELOP@CChannelMgr@@V?$allocator@PAU_BLOCKCHANNELOP@CChannelMgr@@@std@@@std@@@2@@std@@IAEXPAU_Node@12@@Z 00409ff0 f i ChannelMgr.obj
 0001:000090d0       ?_Inc@const_iterator@?$_Tree@KU?$pair@$$CBKV?$list@PAU_BLOCKCHANNELOP@CChannelMgr@@V?$allocator@PAU_BLOCKCHANNELOP@CChannelMgr@@@std@@@std@@@std@@U_Kfn@?$map@KV?$list@PAU_BLOCKCHANNELOP@CChannelMgr@@V?$allocator@PAU_BLOCKCHANNELOP@CChannelMgr@@@std@@@std@@U?$less@K@2@V?$allocator@V?$list@PAU_BLOCKCHANNELOP@CChannelMgr@@V?$allocator@PAU_BLOCKCHANNELOP@CChannelMgr@@@std@@@std@@@2@@2@U?$less@K@2@V?$allocator@V?$list@PAU_BLOCKCHANNELOP@CChannelMgr@@V?$allocator@PAU_BLOCKCHANNELOP@CChannelMgr@@@std@@@std@@@2@@std@@QAEXXZ 0040a0d0 f i ChannelMgr.obj
 0001:00009180       ??0?$pair@Viterator@?$_Tree@KU?$pair@$$CBKUPLAYERINFO@CChannelMgr@@@std@@U_Kfn@?$map@KUPLAYERINFO@CChannelMgr@@U?$less@K@std@@V?$allocator@UPLAYERINFO@CChannelMgr@@@4@@2@U?$less@K@2@V?$allocator@UPLAYERINFO@CChannelMgr@@@2@@std@@_N@std@@QAE@ABViterator@?$_Tree@KU?$pair@$$CBKUPLAYERINFO@CChannelMgr@@@std@@U_Kfn@?$map@KUPLAYERINFO@CChannelMgr@@U?$less@K@std@@V?$allocator@UPLAYERINFO@CChannelMgr@@@4@@2@U?$less@K@2@V?$allocator@UPLAYERINFO@CChannelMgr@@@2@@1@AB_N@Z 0040a180 f i ChannelMgr.obj
 0001:000091a0       ??0?$pair@Viterator@?$_Tree@V?$basic_string@DU?$char_traits@D@std@@V?$allocator@D@2@@std@@U?$pair@$$CBV?$basic_string@DU?$char_traits@D@std@@V?$allocator@D@2@@std@@K@2@U_Kfn@?$map@V?$basic_string@DU?$char_traits@D@std@@V?$allocator@D@2@@std@@KU_tstring_less@@V?$allocator@K@2@@2@U_tstring_less@@V?$allocator@K@2@@std@@_N@std@@QAE@ABViterator@?$_Tree@V?$basic_string@DU?$char_traits@D@std@@V?$allocator@D@2@@std@@U?$pair@$$CBV?$basic_string@DU?$char_traits@D@std@@V?$allocator@D@2@@std@@K@2@U_Kfn@?$map@V?$basic_string@DU?$char_traits@D@std@@V?$allocator@D@2@@std@@KU_tstring_less@@V?$allocator@K@2@@2@U_tstring_less@@V?$allocator@K@2@@1@AB_N@Z 0040a1a0 f i ChannelMgr.obj
 0001:000091c0       ?max_size@?$basic_string@DU?$char_traits@D@std@@V?$allocator@D@2@@std@@QBEIXZ 0040a1c0 f i ChannelMgr.obj
 0001:000091d0       ?_Copy@?$basic_string@DU?$char_traits@D@std@@V?$allocator@D@2@@std@@AAEXI@Z 0040a1d0 f i ChannelMgr.obj
 0001:000092e0       ?_Split@?$basic_string@DU?$char_traits@D@std@@V?$allocator@D@2@@std@@AAEXXZ 0040a2e0 f i ChannelMgr.obj
 0001:000093b0       ?deallocate@?$allocator@V?$map@KUPLAYERINFO@CChannelMgr@@U?$less@K@std@@V?$allocator@UPLAYERINFO@CChannelMgr@@@4@@std@@@std@@QAEXPAXI@Z 0040a3b0 f i ChannelMgr.obj
 0001:000093c0       ?_Copy@?$_Tree@KU?$pair@$$CBKV?$map@KUPLAYERINFO@CChannelMgr@@U?$less@K@std@@V?$allocator@UPLAYERINFO@CChannelMgr@@@4@@std@@@std@@U_Kfn@?$map@KV?$map@KUPLAYERINFO@CChannelMgr@@U?$less@K@std@@V?$allocator@UPLAYERINFO@CChannelMgr@@@4@@std@@U?$less@K@2@V?$allocator@V?$map@KUPLAYERINFO@CChannelMgr@@U?$less@K@std@@V?$allocator@UPLAYERINFO@CChannelMgr@@@4@@std@@@2@@2@U?$less@K@2@V?$allocator@V?$map@KUPLAYERINFO@CChannelMgr@@U?$less@K@std@@V?$allocator@UPLAYERINFO@CChannelMgr@@@4@@std@@@2@@std@@IAEXABV12@@Z 0040a3c0 f i ChannelMgr.obj
 0001:00009540       ?_Erase@?$_Tree@KU?$pair@$$CBKV?$map@KUPLAYERINFO@CChannelMgr@@U?$less@K@std@@V?$allocator@UPLAYERINFO@CChannelMgr@@@4@@std@@@std@@U_Kfn@?$map@KV?$map@KUPLAYERINFO@CChannelMgr@@U?$less@K@std@@V?$allocator@UPLAYERINFO@CChannelMgr@@@4@@std@@U?$less@K@2@V?$allocator@V?$map@KUPLAYERINFO@CChannelMgr@@U?$less@K@std@@V?$allocator@UPLAYERINFO@CChannelMgr@@@4@@std@@@2@@2@U?$less@K@2@V?$allocator@V?$map@KUPLAYERINFO@CChannelMgr@@U?$less@K@std@@V?$allocator@UPLAYERINFO@CChannelMgr@@@4@@std@@@2@@std@@IAEXPAU_Node@12@@Z 0040a540 f i ChannelMgr.obj
 0001:00009660       ?_Init@?$_Tree@KU?$pair@$$CBKV?$map@KUPLAYERINFO@CChannelMgr@@U?$less@K@std@@V?$allocator@UPLAYERINFO@CChannelMgr@@@4@@std@@@std@@U_Kfn@?$map@KV?$map@KUPLAYERINFO@CChannelMgr@@U?$less@K@std@@V?$allocator@UPLAYERINFO@CChannelMgr@@@4@@std@@U?$less@K@2@V?$allocator@V?$map@KUPLAYERINFO@CChannelMgr@@U?$less@K@std@@V?$allocator@UPLAYERINFO@CChannelMgr@@@4@@std@@@2@@2@U?$less@K@2@V?$allocator@V?$map@KUPLAYERINFO@CChannelMgr@@U?$less@K@std@@V?$allocator@UPLAYERINFO@CChannelMgr@@@4@@std@@@2@@std@@IAEXXZ 0040a660 f i ChannelMgr.obj
 0001:00009710       ?_Insert@?$_Tree@KU?$pair@$$CBKV?$map@KUPLAYERINFO@CChannelMgr@@U?$less@K@std@@V?$allocator@UPLAYERINFO@CChannelMgr@@@4@@std@@@std@@U_Kfn@?$map@KV?$map@KUPLAYERINFO@CChannelMgr@@U?$less@K@std@@V?$allocator@UPLAYERINFO@CChannelMgr@@@4@@std@@U?$less@K@2@V?$allocator@V?$map@KUPLAYERINFO@CChannelMgr@@U?$less@K@std@@V?$allocator@UPLAYERINFO@CChannelMgr@@@4@@std@@@2@@2@U?$less@K@2@V?$allocator@V?$map@KUPLAYERINFO@CChannelMgr@@U?$less@K@std@@V?$allocator@UPLAYERINFO@CChannelMgr@@@4@@std@@@2@@std@@IAE?AViterator@12@PAU_Node@12@0ABU?$pair@$$CBKV?$map@KUPLAYERINFO@CChannelMgr@@U?$less@K@std@@V?$allocator@UPLAYERINFO@CChannelMgr@@@4@@std@@@2@@Z 0040a710 f i ChannelMgr.obj
 0001:00009a10       ?_Lbound@?$_Tree@KU?$pair@$$CBKV?$map@KUPLAYERINFO@CChannelMgr@@U?$less@K@std@@V?$allocator@UPLAYERINFO@CChannelMgr@@@4@@std@@@std@@U_Kfn@?$map@KV?$map@KUPLAYERINFO@CChannelMgr@@U?$less@K@std@@V?$allocator@UPLAYERINFO@CChannelMgr@@@4@@std@@U?$less@K@2@V?$allocator@V?$map@KUPLAYERINFO@CChannelMgr@@U?$less@K@std@@V?$allocator@UPLAYERINFO@CChannelMgr@@@4@@std@@@2@@2@U?$less@K@2@V?$allocator@V?$map@KUPLAYERINFO@CChannelMgr@@U?$less@K@std@@V?$allocator@UPLAYERINFO@CChannelMgr@@@4@@std@@@2@@std@@IBEPAU_Node@12@ABK@Z 0040aa10 f i ChannelMgr.obj
 0001:00009a60       ?_Left@?$_Tree@KU?$pair@$$CBKUPLAYERINFO@CChannelMgr@@@std@@U_Kfn@?$map@KUPLAYERINFO@CChannelMgr@@U?$less@K@std@@V?$allocator@UPLAYERINFO@CChannelMgr@@@4@@2@U?$less@K@2@V?$allocator@UPLAYERINFO@CChannelMgr@@@2@@std@@KAAAPAU_Node@12@PAU312@@Z 0040aa60 f i ChannelMgr.obj
 0001:00009a70       ?erase@?$_Tree@KU?$pair@$$CBKUPLAYERINFO@CChannelMgr@@@std@@U_Kfn@?$map@KUPLAYERINFO@CChannelMgr@@U?$less@K@std@@V?$allocator@UPLAYERINFO@CChannelMgr@@@4@@2@U?$less@K@2@V?$allocator@UPLAYERINFO@CChannelMgr@@@2@@std@@QAE?AViterator@12@V312@@Z 0040aa70 f i ChannelMgr.obj
 0001:00009f90       ?_Copy@?$_Tree@KU?$pair@$$CBKUPLAYERINFO@CChannelMgr@@@std@@U_Kfn@?$map@KUPLAYERINFO@CChannelMgr@@U?$less@K@std@@V?$allocator@UPLAYERINFO@CChannelMgr@@@4@@2@U?$less@K@2@V?$allocator@UPLAYERINFO@CChannelMgr@@@2@@std@@IAEXABV12@@Z 0040af90 f i ChannelMgr.obj
 0001:0000a110       ?_Erase@?$_Tree@KU?$pair@$$CBKUPLAYERINFO@CChannelMgr@@@std@@U_Kfn@?$map@KUPLAYERINFO@CChannelMgr@@U?$less@K@std@@V?$allocator@UPLAYERINFO@CChannelMgr@@@4@@2@U?$less@K@2@V?$allocator@UPLAYERINFO@CChannelMgr@@@2@@std@@IAEXPAU_Node@12@@Z 0040b110 f i ChannelMgr.obj
 0001:0000a1a0       ?_Init@?$_Tree@KU?$pair@$$CBKUPLAYERINFO@CChannelMgr@@@std@@U_Kfn@?$map@KUPLAYERINFO@CChannelMgr@@U?$less@K@std@@V?$allocator@UPLAYERINFO@CChannelMgr@@@4@@2@U?$less@K@2@V?$allocator@UPLAYERINFO@CChannelMgr@@@2@@std@@IAEXXZ 0040b1a0 f i ChannelMgr.obj
 0001:0000a250       ?_Insert@?$_Tree@KU?$pair@$$CBKUPLAYERINFO@CChannelMgr@@@std@@U_Kfn@?$map@KUPLAYERINFO@CChannelMgr@@U?$less@K@std@@V?$allocator@UPLAYERINFO@CChannelMgr@@@4@@2@U?$less@K@2@V?$allocator@UPLAYERINFO@CChannelMgr@@@2@@std@@IAE?AViterator@12@PAU_Node@12@0ABU?$pair@$$CBKUPLAYERINFO@CChannelMgr@@@2@@Z 0040b250 f i ChannelMgr.obj
 0001:0000a550       ?_Lbound@?$_Tree@KU?$pair@$$CBKUPLAYERINFO@CChannelMgr@@@std@@U_Kfn@?$map@KUPLAYERINFO@CChannelMgr@@U?$less@K@std@@V?$allocator@UPLAYERINFO@CChannelMgr@@@4@@2@U?$less@K@2@V?$allocator@UPLAYERINFO@CChannelMgr@@@2@@std@@IBEPAU_Node@12@ABK@Z 0040b550 f i ChannelMgr.obj
 0001:0000a5a0       ??0const_iterator@?$_Tree@KU?$pair@$$CBKUPLAYERINFO@CChannelMgr@@@std@@U_Kfn@?$map@KUPLAYERINFO@CChannelMgr@@U?$less@K@std@@V?$allocator@UPLAYERINFO@CChannelMgr@@@4@@2@U?$less@K@2@V?$allocator@UPLAYERINFO@CChannelMgr@@@2@@std@@QAE@PAU_Node@12@@Z 0040b5a0 f i ChannelMgr.obj
 0001:0000a5b0       ?_Insert@?$_Tree@KU?$pair@$$CBKUCHANNINFO@CChannelMgr@@@std@@U_Kfn@?$map@KUCHANNINFO@CChannelMgr@@U?$less@K@std@@V?$allocator@UCHANNINFO@CChannelMgr@@@4@@2@U?$less@K@2@V?$allocator@UCHANNINFO@CChannelMgr@@@2@@std@@IAE?AViterator@12@PAU_Node@12@0ABU?$pair@$$CBKUCHANNINFO@CChannelMgr@@@2@@Z 0040b5b0 f i ChannelMgr.obj
 0001:0000a8b0       ?_Lbound@?$_Tree@KU?$pair@$$CBKUCHANNINFO@CChannelMgr@@@std@@U_Kfn@?$map@KUCHANNINFO@CChannelMgr@@U?$less@K@std@@V?$allocator@UCHANNINFO@CChannelMgr@@@4@@2@U?$less@K@2@V?$allocator@UCHANNINFO@CChannelMgr@@@2@@std@@IBEPAU_Node@12@ABK@Z 0040b8b0 f i ChannelMgr.obj
 0001:0000a900       ?_Buynode@?$_Tree@KU?$pair@$$CBKUCHANNINFO@CChannelMgr@@@std@@U_Kfn@?$map@KUCHANNINFO@CChannelMgr@@U?$less@K@std@@V?$allocator@UCHANNINFO@CChannelMgr@@@4@@2@U?$less@K@2@V?$allocator@UCHANNINFO@CChannelMgr@@@2@@std@@IAEPAU_Node@12@PAU312@W4_Redbl@12@@Z 0040b900 f i ChannelMgr.obj
 0001:0000a920       ?_Insert@?$_Tree@V?$basic_string@DU?$char_traits@D@std@@V?$allocator@D@2@@std@@U?$pair@$$CBV?$basic_string@DU?$char_traits@D@std@@V?$allocator@D@2@@std@@K@2@U_Kfn@?$map@V?$basic_string@DU?$char_traits@D@std@@V?$allocator@D@2@@std@@KU_tstring_less@@V?$allocator@K@2@@2@U_tstring_less@@V?$allocator@K@2@@std@@IAE?AViterator@12@PAU_Node@12@0ABU?$pair@$$CBV?$basic_string@DU?$char_traits@D@std@@V?$allocator@D@2@@std@@K@2@@Z 0040b920 f i ChannelMgr.obj
 0001:0000ac50       ?_Lbound@?$_Tree@V?$basic_string@DU?$char_traits@D@std@@V?$allocator@D@2@@std@@U?$pair@$$CBV?$basic_string@DU?$char_traits@D@std@@V?$allocator@D@2@@std@@K@2@U_Kfn@?$map@V?$basic_string@DU?$char_traits@D@std@@V?$allocator@D@2@@std@@KU_tstring_less@@V?$allocator@K@2@@2@U_tstring_less@@V?$allocator@K@2@@std@@IBEPAU_Node@12@ABV?$basic_string@DU?$char_traits@D@std@@V?$allocator@D@2@@2@@Z 0040bc50 f i ChannelMgr.obj
 0001:0000acd0       ?_Buynode@?$_Tree@V?$basic_string@DU?$char_traits@D@std@@V?$allocator@D@2@@std@@U?$pair@$$CBV?$basic_string@DU?$char_traits@D@std@@V?$allocator@D@2@@std@@K@2@U_Kfn@?$map@V?$basic_string@DU?$char_traits@D@std@@V?$allocator@D@2@@std@@KU_tstring_less@@V?$allocator@K@2@@2@U_tstring_less@@V?$allocator@K@2@@std@@IAEPAU_Node@12@PAU312@W4_Redbl@12@@Z 0040bcd0 f i ChannelMgr.obj
 0001:0000acf0       ?_Buynode@?$_Tree@KU?$pair@$$CBKV?$list@PAU_BLOCKCHANNELOP@CChannelMgr@@V?$allocator@PAU_BLOCKCHANNELOP@CChannelMgr@@@std@@@std@@@std@@U_Kfn@?$map@KV?$list@PAU_BLOCKCHANNELOP@CChannelMgr@@V?$allocator@PAU_BLOCKCHANNELOP@CChannelMgr@@@std@@@std@@U?$less@K@2@V?$allocator@V?$list@PAU_BLOCKCHANNELOP@CChannelMgr@@V?$allocator@PAU_BLOCKCHANNELOP@CChannelMgr@@@std@@@std@@@2@@2@U?$less@K@2@V?$allocator@V?$list@PAU_BLOCKCHANNELOP@CChannelMgr@@V?$allocator@PAU_BLOCKCHANNELOP@CChannelMgr@@@std@@@std@@@2@@std@@IAEPAU_Node@12@PAU312@W4_Redbl@12@@Z 0040bcf0 f i ChannelMgr.obj
 0001:0000ad10       ?erase@?$list@PAU_BLOCKCHANNELOP@CChannelMgr@@V?$allocator@PAU_BLOCKCHANNELOP@CChannelMgr@@@std@@@std@@QAE?AViterator@12@V312@@Z 0040bd10 f i ChannelMgr.obj
 0001:0000ad50       ?_Copy@?$_Tree@KU?$pair@$$CBKV?$map@KUPLAYERINFO@CChannelMgr@@U?$less@K@std@@V?$allocator@UPLAYERINFO@CChannelMgr@@@4@@std@@@std@@U_Kfn@?$map@KV?$map@KUPLAYERINFO@CChannelMgr@@U?$less@K@std@@V?$allocator@UPLAYERINFO@CChannelMgr@@@4@@std@@U?$less@K@2@V?$allocator@V?$map@KUPLAYERINFO@CChannelMgr@@U?$less@K@std@@V?$allocator@UPLAYERINFO@CChannelMgr@@@4@@std@@@2@@2@U?$less@K@2@V?$allocator@V?$map@KUPLAYERINFO@CChannelMgr@@U?$less@K@std@@V?$allocator@UPLAYERINFO@CChannelMgr@@@4@@std@@@2@@std@@IAEPAU_Node@12@PAU312@0@Z 0040bd50 f i ChannelMgr.obj
 0001:0000ae60       ??3@YAXPAX0@Z              0040be60 f i ChannelMgr.obj
 0001:0000ae70       ?_Buynode@?$_Tree@KU?$pair@$$CBKV?$map@KUPLAYERINFO@CChannelMgr@@U?$less@K@std@@V?$allocator@UPLAYERINFO@CChannelMgr@@@4@@std@@@std@@U_Kfn@?$map@KV?$map@KUPLAYERINFO@CChannelMgr@@U?$less@K@std@@V?$allocator@UPLAYERINFO@CChannelMgr@@@4@@std@@U?$less@K@2@V?$allocator@V?$map@KUPLAYERINFO@CChannelMgr@@U?$less@K@std@@V?$allocator@UPLAYERINFO@CChannelMgr@@@4@@std@@@2@@2@U?$less@K@2@V?$allocator@V?$map@KUPLAYERINFO@CChannelMgr@@U?$less@K@std@@V?$allocator@UPLAYERINFO@CChannelMgr@@@4@@std@@@2@@std@@IAEPAU_Node@12@PAU312@W4_Redbl@12@@Z 0040be70 f i ChannelMgr.obj
 0001:0000ae90       ?_Copy@?$_Tree@KU?$pair@$$CBKUPLAYERINFO@CChannelMgr@@@std@@U_Kfn@?$map@KUPLAYERINFO@CChannelMgr@@U?$less@K@std@@V?$allocator@UPLAYERINFO@CChannelMgr@@@4@@2@U?$less@K@2@V?$allocator@UPLAYERINFO@CChannelMgr@@@2@@std@@IAEPAU_Node@12@PAU312@0@Z 0040be90 f i ChannelMgr.obj
 0001:0000af70       ?_Ubound@?$_Tree@KU?$pair@$$CBKUPLAYERINFO@CChannelMgr@@@std@@U_Kfn@?$map@KUPLAYERINFO@CChannelMgr@@U?$less@K@std@@V?$allocator@UPLAYERINFO@CChannelMgr@@@4@@2@U?$less@K@2@V?$allocator@UPLAYERINFO@CChannelMgr@@@2@@std@@IBEPAU_Node@12@ABK@Z 0040bf70 f i ChannelMgr.obj
 0001:0000afc0       ?_Buynode@?$_Tree@KU?$pair@$$CBKUPLAYERINFO@CChannelMgr@@@std@@U_Kfn@?$map@KUPLAYERINFO@CChannelMgr@@U?$less@K@std@@V?$allocator@UPLAYERINFO@CChannelMgr@@@4@@2@U?$less@K@2@V?$allocator@UPLAYERINFO@CChannelMgr@@@2@@std@@IAEPAU_Node@12@PAU312@W4_Redbl@12@@Z 0040bfc0 f i ChannelMgr.obj
 0001:0000afe0       ?_Dec@const_iterator@?$_Tree@KU?$pair@$$CBKUPLAYERINFO@CChannelMgr@@@std@@U_Kfn@?$map@KUPLAYERINFO@CChannelMgr@@U?$less@K@std@@V?$allocator@UPLAYERINFO@CChannelMgr@@@4@@2@U?$less@K@2@V?$allocator@UPLAYERINFO@CChannelMgr@@@2@@std@@QAEXXZ 0040bfe0 f i ChannelMgr.obj
 0001:0000b0a0       ?_Dec@const_iterator@?$_Tree@KU?$pair@$$CBKV?$map@KUPLAYERINFO@CChannelMgr@@U?$less@K@std@@V?$allocator@UPLAYERINFO@CChannelMgr@@@4@@std@@@std@@U_Kfn@?$map@KV?$map@KUPLAYERINFO@CChannelMgr@@U?$less@K@std@@V?$allocator@UPLAYERINFO@CChannelMgr@@@4@@std@@U?$less@K@2@V?$allocator@V?$map@KUPLAYERINFO@CChannelMgr@@U?$less@K@std@@V?$allocator@UPLAYERINFO@CChannelMgr@@@4@@std@@@2@@2@U?$less@K@2@V?$allocator@V?$map@KUPLAYERINFO@CChannelMgr@@U?$less@K@std@@V?$allocator@UPLAYERINFO@CChannelMgr@@@4@@std@@@2@@std@@QAEXXZ 0040c0a0 f i ChannelMgr.obj
 0001:0000b160       ?_Dec@const_iterator@?$_Tree@KU?$pair@$$CBKUCHANNINFO@CChannelMgr@@@std@@U_Kfn@?$map@KUCHANNINFO@CChannelMgr@@U?$less@K@std@@V?$allocator@UCHANNINFO@CChannelMgr@@@4@@2@U?$less@K@2@V?$allocator@UCHANNINFO@CChannelMgr@@@2@@std@@QAEXXZ 0040c160 f i ChannelMgr.obj
 0001:0000b220       ?_Ubound@?$_Tree@V?$basic_string@DU?$char_traits@D@std@@V?$allocator@D@2@@std@@U?$pair@$$CBV?$basic_string@DU?$char_traits@D@std@@V?$allocator@D@2@@std@@K@2@U_Kfn@?$map@V?$basic_string@DU?$char_traits@D@std@@V?$allocator@D@2@@std@@KU_tstring_less@@V?$allocator@K@2@@2@U_tstring_less@@V?$allocator@K@2@@std@@IBEPAU_Node@12@ABV?$basic_string@DU?$char_traits@D@std@@V?$allocator@D@2@@2@@Z 0040c220 f i ChannelMgr.obj
 0001:0000b2a0       ?_Dec@const_iterator@?$_Tree@V?$basic_string@DU?$char_traits@D@std@@V?$allocator@D@2@@std@@U?$pair@$$CBV?$basic_string@DU?$char_traits@D@std@@V?$allocator@D@2@@std@@K@2@U_Kfn@?$map@V?$basic_string@DU?$char_traits@D@std@@V?$allocator@D@2@@std@@KU_tstring_less@@V?$allocator@K@2@@2@U_tstring_less@@V?$allocator@K@2@@std@@QAEXXZ 0040c2a0 f i ChannelMgr.obj
 0001:0000b360       ?_Inc@const_iterator@?$_Tree@V?$basic_string@DU?$char_traits@D@std@@V?$allocator@D@2@@std@@U?$pair@$$CBV?$basic_string@DU?$char_traits@D@std@@V?$allocator@D@2@@std@@K@2@U_Kfn@?$map@V?$basic_string@DU?$char_traits@D@std@@V?$allocator@D@2@@std@@KU_tstring_less@@V?$allocator@K@2@@2@U_tstring_less@@V?$allocator@K@2@@std@@QAEXXZ 0040c360 f i ChannelMgr.obj
 0001:0000b410       ?_Distance@std@@YAXViterator@?$_Tree@KU?$pair@$$CBKUPLAYERINFO@CChannelMgr@@@std@@U_Kfn@?$map@KUPLAYERINFO@CChannelMgr@@U?$less@K@std@@V?$allocator@UPLAYERINFO@CChannelMgr@@@4@@2@U?$less@K@2@V?$allocator@UPLAYERINFO@CChannelMgr@@@2@@1@0AAI@Z 0040c410 f i ChannelMgr.obj
 0001:0000b440       ?_Construct@std@@YAXPAU?$pair@$$CBKV?$map@KUPLAYERINFO@CChannelMgr@@U?$less@K@std@@V?$allocator@UPLAYERINFO@CChannelMgr@@@4@@std@@@1@ABU21@@Z 0040c440 f i ChannelMgr.obj
 0001:0000b650       ?_Construct@std@@YAXPAU?$pair@$$CBKUPLAYERINFO@CChannelMgr@@@1@ABU21@@Z 0040c650 f i ChannelMgr.obj
 0001:0000b670       ?_Construct@std@@YAXPAU?$pair@$$CBKUCHANNINFO@CChannelMgr@@@1@ABU21@@Z 0040c670 f i ChannelMgr.obj
 0001:0000b7b0       ?_Construct@std@@YAXPAU?$pair@$$CBV?$basic_string@DU?$char_traits@D@std@@V?$allocator@D@2@@std@@K@1@ABU21@@Z 0040c7b0 f i ChannelMgr.obj
 0001:0000b900       ?_Distance@std@@YAXViterator@?$_Tree@KU?$pair@$$CBKUPLAYERINFO@CChannelMgr@@@std@@U_Kfn@?$map@KUPLAYERINFO@CChannelMgr@@U?$less@K@std@@V?$allocator@UPLAYERINFO@CChannelMgr@@@4@@2@U?$less@K@2@V?$allocator@UPLAYERINFO@CChannelMgr@@@2@@1@0AAIUbidirectional_iterator_tag@1@@Z 0040c900 f i ChannelMgr.obj
 0001:0000b960       ?id@?$ctype@G@std@@$E      0040c960 f i ChannelMgr.obj
 0001:0000b970       ??0CChatConnect@@QAE@PAVCChatServer@@K@Z 0040c970 f   ChatConnect.obj
 0001:0000b9a0       ?BeginRoute@CNetConnect@@MAEXXZ 0040c9a0 f i ChatConnect.obj
 0001:0000b9b0       ?EndRoute@CNetConnect@@MAEXXZ 0040c9b0 f i ChatConnect.obj
 0001:0000b9c0       ??_GCChatConnect@@UAEPAXI@Z 0040c9c0 f i ChatConnect.obj
 0001:0000b9c0       ??_ECChatConnect@@UAEPAXI@Z 0040c9c0 f i ChatConnect.obj
 0001:0000b9e0       ??1CChatConnect@@UAE@XZ    0040c9e0 f   ChatConnect.obj
 0001:0000ba00       ?OnClientConnectCreate@CChatConnect@@MAEXXZ 0040ca00 f   ChatConnect.obj
 0001:0000ba20       ?OnClientConnectClose@CChatConnect@@MAEXXZ 0040ca20 f   ChatConnect.obj
 0001:0000ba40       ?RecvPackage@CChatConnect@@MAEXPBXI@Z 0040ca40 f   ChatConnect.obj
 0001:0000ba80       ?Proc0_SomeoneChat@CChatConnect@@AAEXPBXI@Z 0040ca80 f   ChatConnect.obj
 0001:0000baa0       ?Proc0_ChannelChat@CChatConnect@@AAEXPBXI@Z 0040caa0 f   ChatConnect.obj
 0001:0000bac0       ?Proc0_GroupMan@CChatConnect@@AAEXPBXI@Z 0040cac0 f   ChatConnect.obj
 0001:0000bc10       ??0CChatServer@@QAE@XZ     0040cc10 f   ChatServer.obj
 0001:0000bcf0       ??_ECChatServer@@UAEPAXI@Z 0040ccf0 f i ChatServer.obj
 0001:0000bcf0       ??_GCChatServer@@UAEPAXI@Z 0040ccf0 f i ChatServer.obj
 0001:0000bd10       ??1?$map@KPAVCChatConnect@@U?$less@K@std@@V?$allocator@PAVCChatConnect@@@3@@std@@QAE@XZ 0040cd10 f i ChatServer.obj
 0001:0000bd80       ??1CChatServer@@UAE@XZ     0040cd80 f   ChatServer.obj
 0001:0000be40       ?CreateConnect@CChatServer@@MAEPAVCNetConnect@@PAVCNetServer@@K@Z 0040ce40 f   ChatServer.obj
 0001:0000beb0       ?DestroyConnect@CChatServer@@MAEXPAVCNetConnect@@@Z 0040ceb0 f   ChatServer.obj
 0001:0000bed0       ?OnBuildup@CChatServer@@MAEXXZ 0040ced0 f   ChatServer.obj
 0001:0000bf30       ?OnClearup@CChatServer@@MAEXXZ 0040cf30 f   ChatServer.obj
 0001:0000bfb0       ?OnClientConnectCreate@CChatServer@@MAEXPAVCNetConnect@@@Z 0040cfb0 f   ChatServer.obj
 0001:0000c040       ??1KAutoLockWrite@@QAE@XZ  0040d040 f i ChatServer.obj
 0001:0000c050       ?OnClientConnectClose@CChatServer@@MAEXPAVCNetConnect@@@Z 0040d050 f   ChatServer.obj
 0001:0000c100       ?FindChatConnectByIP@CChatServer@@QAE?AVCNetConnectDup@@K@Z 0040d100 f   ChatServer.obj
 0001:0000c1e0       ??1KAutoLockRead@@QAE@XZ   0040d1e0 f i ChatServer.obj
 0001:0000c1f0       ?TraceInfo@CChatServer@@QAEHXZ 0040d1f0 f   ChatServer.obj
 0001:0000c440       ?erase@?$_Tree@KU?$pair@$$CBKPAVCChatConnect@@@std@@U_Kfn@?$map@KPAVCChatConnect@@U?$less@K@std@@V?$allocator@PAVCChatConnect@@@3@@2@U?$less@K@2@V?$allocator@PAVCChatConnect@@@2@@std@@QAE?AViterator@12@V312@0@Z 0040d440 f i ChatServer.obj
 0001:0000c570       ?find@?$_Tree@KU?$pair@$$CBKPAVCChatConnect@@@std@@U_Kfn@?$map@KPAVCChatConnect@@U?$less@K@std@@V?$allocator@PAVCChatConnect@@@3@@2@U?$less@K@2@V?$allocator@PAVCChatConnect@@@2@@std@@QAE?AViterator@12@ABK@Z 0040d570 f i ChatServer.obj
 0001:0000c5c0       ?insert@?$_Tree@KU?$pair@$$CBKPAVCChatConnect@@@std@@U_Kfn@?$map@KPAVCChatConnect@@U?$less@K@std@@V?$allocator@PAVCChatConnect@@@3@@2@U?$less@K@2@V?$allocator@PAVCChatConnect@@@2@@std@@QAE?AU?$pair@Viterator@?$_Tree@KU?$pair@$$CBKPAVCChatConnect@@@std@@U_Kfn@?$map@KPAVCChatConnect@@U?$less@K@std@@V?$allocator@PAVCChatConnect@@@3@@2@U?$less@K@2@V?$allocator@PAVCChatConnect@@@2@@std@@_N@2@ABU?$pair@$$CBKPAVCChatConnect@@@2@@Z 0040d5c0 f i ChatServer.obj
 0001:0000c6f0       ?erase@?$_Tree@KU?$pair@$$CBKPAVCChatConnect@@@std@@U_Kfn@?$map@KPAVCChatConnect@@U?$less@K@std@@V?$allocator@PAVCChatConnect@@@3@@2@U?$less@K@2@V?$allocator@PAVCChatConnect@@@2@@std@@QAE?AViterator@12@V312@@Z 0040d6f0 f i ChatServer.obj
 0001:0000cc10       ?_Erase@?$_Tree@KU?$pair@$$CBKPAVCChatConnect@@@std@@U_Kfn@?$map@KPAVCChatConnect@@U?$less@K@std@@V?$allocator@PAVCChatConnect@@@3@@2@U?$less@K@2@V?$allocator@PAVCChatConnect@@@2@@std@@IAEXPAU_Node@12@@Z 0040dc10 f i ChatServer.obj
 0001:0000cca0       ?_Inc@const_iterator@?$_Tree@KU?$pair@$$CBKPAVCChatConnect@@@std@@U_Kfn@?$map@KPAVCChatConnect@@U?$less@K@std@@V?$allocator@PAVCChatConnect@@@3@@2@U?$less@K@2@V?$allocator@PAVCChatConnect@@@2@@std@@QAEXXZ 0040dca0 f i ChatServer.obj
 0001:0000cd50       ?_Insert@?$_Tree@KU?$pair@$$CBKPAVCChatConnect@@@std@@U_Kfn@?$map@KPAVCChatConnect@@U?$less@K@std@@V?$allocator@PAVCChatConnect@@@3@@2@U?$less@K@2@V?$allocator@PAVCChatConnect@@@2@@std@@IAE?AViterator@12@PAU_Node@12@0ABU?$pair@$$CBKPAVCChatConnect@@@2@@Z 0040dd50 f i ChatServer.obj
 0001:0000d050       ?_Lbound@?$_Tree@KU?$pair@$$CBKPAVCChatConnect@@@std@@U_Kfn@?$map@KPAVCChatConnect@@U?$less@K@std@@V?$allocator@PAVCChatConnect@@@3@@2@U?$less@K@2@V?$allocator@PAVCChatConnect@@@2@@std@@IBEPAU_Node@12@ABK@Z 0040e050 f i ChatServer.obj
 0001:0000d0a0       ?_Ubound@?$_Tree@KU?$pair@$$CBKPAVCChatConnect@@@std@@U_Kfn@?$map@KPAVCChatConnect@@U?$less@K@std@@V?$allocator@PAVCChatConnect@@@3@@2@U?$less@K@2@V?$allocator@PAVCChatConnect@@@2@@std@@IBEPAU_Node@12@ABK@Z 0040e0a0 f i ChatServer.obj
 0001:0000d0f0       ?_Dec@const_iterator@?$_Tree@KU?$pair@$$CBKPAVCChatConnect@@@std@@U_Kfn@?$map@KPAVCChatConnect@@U?$less@K@std@@V?$allocator@PAVCChatConnect@@@3@@2@U?$less@K@2@V?$allocator@PAVCChatConnect@@@2@@std@@QAEXXZ 0040e0f0 f i ChatServer.obj
 0001:0000d1b0       ?_Construct@std@@YAXPAU?$pair@$$CBKPAVCChatConnect@@@1@ABU21@@Z 0040e1b0 f i ChatServer.obj
 0001:0000d200       ??0CDBCenter@@QAE@XZ       0040e200 f   DBConnect.obj
 0001:0000d220       ?OnBuildup@CNetCenter@@MAEXXZ 0040e220 f i DBConnect.obj
 0001:0000d230       ?OnClearup@CNetCenter@@MAEXXZ 0040e230 f i DBConnect.obj
 0001:0000d240       ?OnServerEventCreate@CNetCenter@@MAEXPAVCNetClient@@@Z 0040e240 f i DBConnect.obj
 0001:0000d250       ?OnServerEventClose@CNetCenter@@MAEXPAVCNetClient@@@Z 0040e250 f i DBConnect.obj
 0001:0000d260       ??_GCDBCenter@@UAEPAXI@Z   0040e260 f i DBConnect.obj
 0001:0000d260       ??_ECDBCenter@@UAEPAXI@Z   0040e260 f i DBConnect.obj
 0001:0000d280       ??1CDBCenter@@UAE@XZ       0040e280 f   DBConnect.obj
 0001:0000d290       ?TraceInfo@CDBCenter@@QAEHXZ 0040e290 f   DBConnect.obj
 0001:0000d490       ??0CDBClient@@QAE@PAVCDBCenter@@H@Z 0040e490 f   DBConnect.obj
 0001:0000d4b0       ?OnStartupFail@CNetClient@@MAEXXZ 0040e4b0 f i DBConnect.obj
 0001:0000d4c0       ?OnShutdownFail@CNetClient@@MAEXXZ 0040e4c0 f i DBConnect.obj
 0001:0000d4d0       ?BeginRoute@CNetClient@@MAEXXZ 0040e4d0 f i DBConnect.obj
 0001:0000d4e0       ?EndRoute@CNetClient@@MAEXXZ 0040e4e0 f i DBConnect.obj
 0001:0000d4f0       ?DeleteThis@CNetClient@@MAEXXZ 0040e4f0 f i DBConnect.obj
 0001:0000d500       ??_GCDBClient@@UAEPAXI@Z   0040e500 f i DBConnect.obj
 0001:0000d500       ??_ECDBClient@@UAEPAXI@Z   0040e500 f i DBConnect.obj
 0001:0000d520       ??1CDBClient@@UAE@XZ       0040e520 f   DBConnect.obj
 0001:0000d530       ?OnServerEventCreate@CDBClient@@MAEXXZ 0040e530 f   DBConnect.obj
 0001:0000d560       ?OnServerEventClose@CDBClient@@MAEXXZ 0040e560 f   DBConnect.obj
 0001:0000d580       ?RecvPackage@CDBClient@@MAEXPBXI@Z 0040e580 f   DBConnect.obj
 0001:0000d6a0       ??0ZDBTable@@QAE@PBD0@Z    0040e6a0 f   DBTable.obj
 0001:0000d7b0       ??_GZDBTable@@UAEPAXI@Z    0040e7b0 f i DBTable.obj
 0001:0000d7b0       ??_EZDBTable@@UAEPAXI@Z    0040e7b0 f i DBTable.obj
 0001:0000d7d0       ??1ZDBTable@@UAE@XZ        0040e7d0 f   DBTable.obj
 0001:0000d7f0       ?addIndex@ZDBTable@@QAEHP6AHPAU__db@@PBU__db_dbt@@1PAU3@@Z_N@Z 0040e7f0 f   DBTable.obj
 0001:0000d840       ?open@ZDBTable@@QAE_NXZ    0040e840 f   DBTable.obj
 0001:0000d9c0       ?close@ZDBTable@@QAEXXZ    0040e9c0 f   DBTable.obj
 0001:0000da10       ?commit@ZDBTable@@QAE_NXZ  0040ea10 f   DBTable.obj
 0001:0000da20       ?add@ZDBTable@@QAE_NPBDH0H@Z 0040ea20 f   DBTable.obj
 0001:0000da90       ?remove@ZDBTable@@QAE_NPBDHH@Z 0040ea90 f   DBTable.obj
 0001:0000dae0       ?_search@ZDBTable@@IAEPAD_NPBDHAAHH@Z 0040eae0 f   DBTable.obj
 0001:0000dcb0       ?_next@ZDBTable@@IAEPAD_NAAH@Z 0040ecb0 f   DBTable.obj
 0001:0000ddc0       ?GetRecord@ZDBTable@@QAEPADAAHW4CursorPointer@1@H@Z 0040edc0 f   DBTable.obj
 0001:0000de90       ?GetRecord_key@ZDBTable@@QAEPADAAHW4CursorPointer@1@H@Z 0040ee90 f   DBTable.obj
 0001:0000df60       ?GetRecordEx@ZDBTable@@QAE_NPADAAH01W4CursorPointer@1@H@Z 0040ef60 f   DBTable.obj
 0001:0000e040       ??0CDBTableReadOnly@@QAE@PBD0@Z 0040f040 f   DBTable.obj
 0001:0000e140       ??_ECDBTableReadOnly@@UAEPAXI@Z 0040f140 f i DBTable.obj
 0001:0000e140       ??_GCDBTableReadOnly@@UAEPAXI@Z 0040f140 f i DBTable.obj
 0001:0000e160       ??1CDBTableReadOnly@@UAE@XZ 0040f160 f   DBTable.obj
 0001:0000e180       ?open@CDBTableReadOnly@@QAE_NXZ 0040f180 f   DBTable.obj
 0001:0000e1d0       ?close@CDBTableReadOnly@@QAEXXZ 0040f1d0 f   DBTable.obj
 0001:0000e1f0       ?_search@CDBTableReadOnly@@IAEPAD_NPBDHAAH@Z 0040f1f0 f   DBTable.obj
 0001:0000e2c0       ?_next@CDBTableReadOnly@@IAEPAD_NAAH@Z 0040f2c0 f   DBTable.obj
 0001:0000e3e0       ?GetRecord@CDBTableReadOnly@@QAEPADAAHW4CursorPointer@1@@Z 0040f3e0 f   DBTable.obj
 0001:0000e4a0       ?GetRecord_key@CDBTableReadOnly@@QAEPADAAHW4CursorPointer@1@@Z 0040f4a0 f   DBTable.obj
 0001:0000e560       ?GetRecordEx@CDBTableReadOnly@@QAE_NPADAAH01W4CursorPointer@1@@Z 0040f560 f   DBTable.obj
 0001:0000e660       ?_Proc2_Relay_AskWay_AccountRoleID@dealrelay@@YAXABVCNetSockDupEx@@PBXI@Z 0040f660 f   DealRelay.obj
 0001:0000e820       ?_Proc1_Relay_Data@dealrelay@@YAXABVCNetSockDupEx@@PBXI@Z 0040f820 f   DealRelay.obj
 0001:0000e920       ?_Proc1_Relay_AskWay@dealrelay@@YAXABVCNetSockDupEx@@PBXI@Z 0040f920 f   DealRelay.obj
 0001:0000e940       ?_Proc1_Relay_LoseWay@dealrelay@@YAXABVCNetSockDupEx@@PBXI@Z 0040f940 f   DealRelay.obj
 0001:0000ea20       ?_Proc0_Relay@dealrelay@@YAXABVCNetSockDupEx@@PBXI@Z 0040fa20 f   DealRelay.obj
 0001:0000ea70       ?_RecvPackage@dealrelay@@YAXABVCNetSockDupEx@@PBXI@Z 0040fa70 f   DealRelay.obj
 0001:0000ea90       ?DoRecvPackage@dealrelay@@YAXPAVCRelayConnect@@PBXI@Z 0040fa90 f   DealRelay.obj
 0001:0000eb20       ?DoRecvPackage@dealrelay@@YAXPAVCRelayClient@@PBXI@Z 0040fb20 f   DealRelay.obj
 0001:0000ebb0       ??1CNetClientDup@@UAE@XZ   0040fbb0 f i DealRelay.obj
 0001:0000ebd0       ??_GCNetClientDup@@UAEPAXI@Z 0040fbd0 f i DealRelay.obj
 0001:0000ebd0       ??_ECNetClientDup@@UAEPAXI@Z 0040fbd0 f i DealRelay.obj
 0001:0000ec10       ?FindRelaySockByIP@dealrelay@@YA?AVCNetSockDupEx@@K@Z 0040fc10 f   DealRelay.obj
 0001:0000ed70       ?BroadPackage@dealrelay@@YAHPBXI@Z 0040fd70 f   DealRelay.obj
 0001:0000edd0       ?BroadGlobal@@YAXPBXIKK@Z  0040fdd0 f   DoScript.obj
 0001:0000ee60       ?BroadGame@@YAXKPBXIKK@Z   0040fe60 f   DoScript.obj
 0001:0000ef50       ?RootSend@@YAXKKPBXI@Z     0040ff50 f   DoScript.obj
 0001:0000f020       ?LuaGlobalExecute@@YAHPAUlua_State@@@Z 00410020 f   DoScript.obj
 0001:0000f100       ?LuaGameExecute@@YAHPAUlua_State@@@Z 00410100 f   DoScript.obj
 0001:0000f1f0       ?LuaMsg2IP@@YAHPAUlua_State@@@Z 004101f0 f   DoScript.obj
 0001:0000f350       ?LuaGetIP@@YAHPAUlua_State@@@Z 00410350 f   DoScript.obj
 0001:0000f400       ?g_GetGameScriptFunNum@@YAHXZ 00410400 f   DoScript.obj
 0001:0000f410       ?InitScript@@YAHXZ         00410410 f   DoScript.obj
 0001:0000f450       ?ExcuteScript@@YAHKKPBD@Z  00410450 f   DoScript.obj
 0001:0000f4a0       ?UninitScript@@YAHXZ       004104a0 f   DoScript.obj
 0001:0000f620       ??0CFriendMgr@@QAE@XZ      00410620 f   FriendMgr.obj
 0001:0000f730       ??_GCFriendMgr@@UAEPAXI@Z  00410730 f i FriendMgr.obj
 0001:0000f730       ??_ECFriendMgr@@UAEPAXI@Z  00410730 f i FriendMgr.obj
 0001:0000f750       ??1?$map@V?$basic_string@DU?$char_traits@D@std@@V?$allocator@D@2@@std@@UPLAYERINFO@CFriendMgr@@U_tstring_less@@V?$allocator@UPLAYERINFO@CFriendMgr@@@2@@std@@QAE@XZ 00410750 f i FriendMgr.obj
 0001:0000f7c0       ??1?$map@UADDFRIENDKEY@CFriendMgr@@UADDFRIENDVALUE@2@U?$less@UADDFRIENDKEY@CFriendMgr@@@std@@V?$allocator@UADDFRIENDVALUE@CFriendMgr@@@5@@std@@QAE@XZ 004107c0 f i FriendMgr.obj
 0001:0000f830       ??1CFriendMgr@@UAE@XZ      00410830 f   FriendMgr.obj
 0001:0000f980       ?Initialize@CFriendMgr@@QAEHXZ 00410980 f   FriendMgr.obj
 0001:0000fad0       ?Uninitialize@CFriendMgr@@QAEHXZ 00410ad0 f   FriendMgr.obj
 0001:0000fc40       ?SomeoneLogin@CFriendMgr@@QAEHABV?$basic_string@DU?$char_traits@D@std@@V?$allocator@D@2@@std@@@Z 00410c40 f   FriendMgr.obj
 0001:00010130       ??1?$map@KV?$list@UtagPlusSrcInfo@@V?$allocator@UtagPlusSrcInfo@@@std@@@std@@U?$less@K@2@V?$allocator@V?$list@UtagPlusSrcInfo@@V?$allocator@UtagPlusSrcInfo@@@std@@@std@@@2@@std@@QAE@XZ 00411130 f i FriendMgr.obj
 0001:000101a0       ?SomeoneLogout@CFriendMgr@@QAEHABV?$basic_string@DU?$char_traits@D@std@@V?$allocator@D@2@@std@@@Z 004111a0 f   FriendMgr.obj
 0001:00010400       ?SomeoneSyncFriends@CFriendMgr@@QAEHABV?$basic_string@DU?$char_traits@D@std@@V?$allocator@D@2@@std@@KKABVCNetConnectDup@@HE@Z 00411400 f   FriendMgr.obj
 0001:000109c0       ??1?$map@V?$basic_string@DU?$char_traits@D@std@@V?$allocator@D@2@@std@@V?$list@U?$pair@EV?$basic_string@DU?$char_traits@D@std@@V?$allocator@D@2@@std@@@std@@V?$allocator@U?$pair@EV?$basic_string@DU?$char_traits@D@std@@V?$allocator@D@2@@std@@@std@@@2@@2@U_tstring_less@@V?$allocator@V?$list@U?$pair@EV?$basic_string@DU?$char_traits@D@std@@V?$allocator@D@2@@std@@@std@@V?$allocator@U?$pair@EV?$basic_string@DU?$char_traits@D@std@@V?$allocator@D@2@@std@@@std@@@2@@std@@@2@@std@@QAE@XZ 004119c0 f i FriendMgr.obj
 0001:00010a30       ??1?$pair@EV?$basic_string@DU?$char_traits@D@std@@V?$allocator@D@2@@std@@@std@@QAE@XZ 00411a30 f i FriendMgr.obj
 0001:00010a70       ?PlayerAddFriend@CFriendMgr@@QAEHABV?$basic_string@DU?$char_traits@D@std@@V?$allocator@D@2@@std@@0@Z 00411a70 f   FriendMgr.obj
 0001:00010d70       ??0FRIENDINFO@CFriendMgr@@QAE@XZ 00411d70 f i FriendMgr.obj
 0001:00010da0       ?PlayerDelFriend@CFriendMgr@@QAEHABV?$basic_string@DU?$char_traits@D@std@@V?$allocator@D@2@@std@@0@Z 00411da0 f   FriendMgr.obj
 0001:00010f60       ?PlayerIsFriend@CFriendMgr@@QAEHABV?$basic_string@DU?$char_traits@D@std@@V?$allocator@D@2@@std@@0H@Z 00411f60 f   FriendMgr.obj
 0001:00011090       ?SetFriendGroup@CFriendMgr@@QAEHABV?$basic_string@DU?$char_traits@D@std@@V?$allocator@D@2@@std@@00@Z 00412090 f   FriendMgr.obj
 0001:000111d0       ?GetFriendGroup@CFriendMgr@@QAE?AV?$basic_string@DU?$char_traits@D@std@@V?$allocator@D@2@@std@@ABV23@0@Z 004121d0 f   FriendMgr.obj
 0001:00011450       ?TrackAddFriend@CFriendMgr@@QAEHABV?$basic_string@DU?$char_traits@D@std@@V?$allocator@D@2@@std@@0E@Z 00412450 f   FriendMgr.obj
 0001:000115c0       ??1ADDFRIENDKEY@CFriendMgr@@QAE@XZ 004125c0 f i FriendMgr.obj
 0001:00011600       ?ExtractAddFriend@CFriendMgr@@QAEHABV?$basic_string@DU?$char_traits@D@std@@V?$allocator@D@2@@std@@0E@Z 00412600 f   FriendMgr.obj
 0001:00011730       ?TidyAddFriend@CFriendMgr@@QAEHXZ 00412730 f   FriendMgr.obj
 0001:00011740       ?_LoadSomeone@CFriendMgr@@AAE?AViterator@?$_Tree@V?$basic_string@DU?$char_traits@D@std@@V?$allocator@D@2@@std@@U?$pair@$$CBV?$basic_string@DU?$char_traits@D@std@@V?$allocator@D@2@@std@@UPLAYERINFO@CFriendMgr@@@2@U_Kfn@?$map@V?$basic_string@DU?$char_traits@D@std@@V?$allocator@D@2@@std@@UPLAYERINFO@CFriendMgr@@U_tstring_less@@V?$allocator@UPLAYERINFO@CFriendMgr@@@2@@2@U_tstring_less@@V?$allocator@UPLAYERINFO@CFriendMgr@@@2@@std@@ABV?$basic_string@DU?$char_traits@D@std@@V?$allocator@D@2@@4@@Z 00412740 f   FriendMgr.obj
 0001:00011c40       ??0PLAYERINFO@CFriendMgr@@QAE@XZ 00412c40 f i FriendMgr.obj
 0001:00011d10       ??1PLAYERINFO@CFriendMgr@@QAE@XZ 00412d10 f i FriendMgr.obj
 0001:00011d80       ??1?$pair@$$CBV?$basic_string@DU?$char_traits@D@std@@V?$allocator@D@2@@std@@UPLAYERINFO@CFriendMgr@@@std@@QAE@XZ 00412d80 f i FriendMgr.obj
 0001:00011e50       ??1FRIENDINFO@CFriendMgr@@QAE@XZ 00412e50 f i FriendMgr.obj
 0001:00011e90       ??1?$pair@$$CBV?$basic_string@DU?$char_traits@D@std@@V?$allocator@D@2@@std@@UFRIENDINFO@CFriendMgr@@@std@@QAE@XZ 00412e90 f i FriendMgr.obj
 0001:00011f00       ?_StoreSomeone@CFriendMgr@@AAEHViterator@?$_Tree@V?$basic_string@DU?$char_traits@D@std@@V?$allocator@D@2@@std@@U?$pair@$$CBV?$basic_string@DU?$char_traits@D@std@@V?$allocator@D@2@@std@@UPLAYERINFO@CFriendMgr@@@2@U_Kfn@?$map@V?$basic_string@DU?$char_traits@D@std@@V?$allocator@D@2@@std@@UPLAYERINFO@CFriendMgr@@U_tstring_less@@V?$allocator@UPLAYERINFO@CFriendMgr@@@2@@2@U_tstring_less@@V?$allocator@UPLAYERINFO@CFriendMgr@@@2@@std@@@Z 00412f00 f   FriendMgr.obj
 0001:00012270       ??1MEM_FRIENDRECORD@CFriendMgr@@QAE@XZ 00413270 f i FriendMgr.obj
 0001:000122e0       ?NameToDBKey@CFriendMgr@@AAE?AV?$basic_string@DU?$char_traits@D@std@@V?$allocator@D@2@@std@@ABV23@@Z 004132e0 f   FriendMgr.obj
 0001:00012410       ?DB_AddSomeone@CFriendMgr@@AAEHABV?$basic_string@DU?$char_traits@D@std@@V?$allocator@D@2@@std@@ABV?$list@UMEM_FRIENDRECORD@CFriendMgr@@V?$allocator@UMEM_FRIENDRECORD@CFriendMgr@@@std@@@3@@Z 00413410 f   FriendMgr.obj
 0001:00012430       ?DB_DeleteSomeone@CFriendMgr@@AAEHABV?$basic_string@DU?$char_traits@D@std@@V?$allocator@D@2@@std@@@Z 00413430 f   FriendMgr.obj
 0001:000124f0       ?DB_LoadSomeone@CFriendMgr@@AAEHABV?$basic_string@DU?$char_traits@D@std@@V?$allocator@D@2@@std@@PAV?$list@UMEM_FRIENDRECORD@CFriendMgr@@V?$allocator@UMEM_FRIENDRECORD@CFriendMgr@@@std@@@3@@Z 004134f0 f   FriendMgr.obj
 0001:00012730       ?DB_StoreSomeone@CFriendMgr@@AAEHABV?$basic_string@DU?$char_traits@D@std@@V?$allocator@D@2@@std@@ABV?$list@UMEM_FRIENDRECORD@CFriendMgr@@V?$allocator@UMEM_FRIENDRECORD@CFriendMgr@@@std@@@3@@Z 00413730 f   FriendMgr.obj
 0001:000128b0       ?BkgrndUpdateDB@CFriendMgr@@QAEHXZ 004138b0 f   FriendMgr.obj
 0001:00013220       ??1ONEPLAYER@CFriendMgr@@QAE@XZ 00414220 f i FriendMgr.obj
 0001:000132c0       ?GetPlayerCount@CFriendMgr@@QAEIXZ 004142c0 f   FriendMgr.obj
 0001:000132e0       ?GetAFQSize@CFriendMgr@@QAEIXZ 004142e0 f   FriendMgr.obj
 0001:00013300       ?PlayerAssociate@CFriendMgr@@QAEHABV?$basic_string@DU?$char_traits@D@std@@V?$allocator@D@2@@std@@00E@Z 00414300 f   FriendMgr.obj
 0001:00013610       ?PlayerAssociateBevy@CFriendMgr@@QAEHABV?$vector@V?$basic_string@DU?$char_traits@D@std@@V?$allocator@D@2@@std@@V?$allocator@V?$basic_string@DU?$char_traits@D@std@@V?$allocator@D@2@@std@@@2@@std@@ABV?$basic_string@DU?$char_traits@D@std@@V?$allocator@D@2@@3@@Z 00414610 f   FriendMgr.obj
 0001:00013b10       ??0?$map@V?$basic_string@DU?$char_traits@D@std@@V?$allocator@D@2@@std@@UFRIENDINFO@CFriendMgr@@U_tstring_less@@V?$allocator@UFRIENDINFO@CFriendMgr@@@2@@std@@QAE@ABU_tstring_less@@ABV?$allocator@UFRIENDINFO@CFriendMgr@@@1@@Z 00414b10 f i FriendMgr.obj
 0001:00013be0       ?insert@?$map@V?$basic_string@DU?$char_traits@D@std@@V?$allocator@D@2@@std@@UFRIENDINFO@CFriendMgr@@U_tstring_less@@V?$allocator@UFRIENDINFO@CFriendMgr@@@2@@std@@QAE?AU?$pair@Viterator@?$_Tree@V?$basic_string@DU?$char_traits@D@std@@V?$allocator@D@2@@std@@U?$pair@$$CBV?$basic_string@DU?$char_traits@D@std@@V?$allocator@D@2@@std@@UFRIENDINFO@CFriendMgr@@@2@U_Kfn@?$map@V?$basic_string@DU?$char_traits@D@std@@V?$allocator@D@2@@std@@UFRIENDINFO@CFriendMgr@@U_tstring_less@@V?$allocator@UFRIENDINFO@CFriendMgr@@@2@@2@U_tstring_less@@V?$allocator@UFRIENDINFO@CFriendMgr@@@2@@std@@_N@2@ABU?$pair@$$CBV?$basic_string@DU?$char_traits@D@std@@V?$allocator@D@2@@std@@UFRIENDINFO@CFriendMgr@@@2@@Z 00414be0 f i FriendMgr.obj
 0001:00013c10       ??1?$_Tree@V?$basic_string@DU?$char_traits@D@std@@V?$allocator@D@2@@std@@U?$pair@$$CBV?$basic_string@DU?$char_traits@D@std@@V?$allocator@D@2@@std@@UFRIENDINFO@CFriendMgr@@@2@U_Kfn@?$map@V?$basic_string@DU?$char_traits@D@std@@V?$allocator@D@2@@std@@UFRIENDINFO@CFriendMgr@@U_tstring_less@@V?$allocator@UFRIENDINFO@CFriendMgr@@@2@@2@U_tstring_less@@V?$allocator@UFRIENDINFO@CFriendMgr@@@2@@std@@QAE@XZ 00414c10 f i FriendMgr.obj
 0001:00013c80       ??0?$pair@$$CBV?$basic_string@DU?$char_traits@D@std@@V?$allocator@D@2@@std@@UFRIENDINFO@CFriendMgr@@@std@@QAE@ABV?$basic_string@DU?$char_traits@D@std@@V?$allocator@D@2@@1@ABUFRIENDINFO@CFriendMgr@@@Z 00414c80 f i FriendMgr.obj
 0001:00013dc0       ?insert@?$map@V?$basic_string@DU?$char_traits@D@std@@V?$allocator@D@2@@std@@UPLAYERINFO@CFriendMgr@@U_tstring_less@@V?$allocator@UPLAYERINFO@CFriendMgr@@@2@@std@@QAE?AU?$pair@Viterator@?$_Tree@V?$basic_string@DU?$char_traits@D@std@@V?$allocator@D@2@@std@@U?$pair@$$CBV?$basic_string@DU?$char_traits@D@std@@V?$allocator@D@2@@std@@UPLAYERINFO@CFriendMgr@@@2@U_Kfn@?$map@V?$basic_string@DU?$char_traits@D@std@@V?$allocator@D@2@@std@@UPLAYERINFO@CFriendMgr@@U_tstring_less@@V?$allocator@UPLAYERINFO@CFriendMgr@@@2@@2@U_tstring_less@@V?$allocator@UPLAYERINFO@CFriendMgr@@@2@@std@@_N@2@ABU?$pair@$$CBV?$basic_string@DU?$char_traits@D@std@@V?$allocator@D@2@@std@@UPLAYERINFO@CFriendMgr@@@2@@Z 00414dc0 f i FriendMgr.obj
 0001:00013df0       ??0?$pair@$$CBV?$basic_string@DU?$char_traits@D@std@@V?$allocator@D@2@@std@@UPLAYERINFO@CFriendMgr@@@std@@QAE@ABV?$basic_string@DU?$char_traits@D@std@@V?$allocator@D@2@@1@ABUPLAYERINFO@CFriendMgr@@@Z 00414df0 f i FriendMgr.obj
 0001:00013f90       ??0?$list@UMEM_FRIENDRECORD@CFriendMgr@@V?$allocator@UMEM_FRIENDRECORD@CFriendMgr@@@std@@@std@@QAE@ABV?$allocator@UMEM_FRIENDRECORD@CFriendMgr@@@1@@Z 00414f90 f i FriendMgr.obj
 0001:00013fc0       ??1?$list@UMEM_FRIENDRECORD@CFriendMgr@@V?$allocator@UMEM_FRIENDRECORD@CFriendMgr@@@std@@@std@@QAE@XZ 00414fc0 f i FriendMgr.obj
 0001:00014020       ?begin@?$list@UMEM_FRIENDRECORD@CFriendMgr@@V?$allocator@UMEM_FRIENDRECORD@CFriendMgr@@@std@@@std@@QAE?AViterator@12@XZ 00415020 f i FriendMgr.obj
 0001:00014030       ??Eiterator@?$list@UMEM_FRIENDRECORD@CFriendMgr@@V?$allocator@UMEM_FRIENDRECORD@CFriendMgr@@@std@@@std@@QAE?AV012@H@Z 00415030 f i FriendMgr.obj
 0001:00014040       ??1?$_Tree@KU?$pair@$$CBKV?$list@UtagPlusSrcInfo@@V?$allocator@UtagPlusSrcInfo@@@std@@@std@@@std@@U_Kfn@?$map@KV?$list@UtagPlusSrcInfo@@V?$allocator@UtagPlusSrcInfo@@@std@@@std@@U?$less@K@2@V?$allocator@V?$list@UtagPlusSrcInfo@@V?$allocator@UtagPlusSrcInfo@@@std@@@std@@@2@@2@U?$less@K@2@V?$allocator@V?$list@UtagPlusSrcInfo@@V?$allocator@UtagPlusSrcInfo@@@std@@@std@@@2@@std@@QAE@XZ 00415040 f i FriendMgr.obj
 0001:000140b0       ??1?$_Tree@V?$basic_string@DU?$char_traits@D@std@@V?$allocator@D@2@@std@@U?$pair@$$CBV?$basic_string@DU?$char_traits@D@std@@V?$allocator@D@2@@std@@V?$list@U?$pair@EV?$basic_string@DU?$char_traits@D@std@@V?$allocator@D@2@@std@@@std@@V?$allocator@U?$pair@EV?$basic_string@DU?$char_traits@D@std@@V?$allocator@D@2@@std@@@std@@@2@@2@@2@U_Kfn@?$map@V?$basic_string@DU?$char_traits@D@std@@V?$allocator@D@2@@std@@V?$list@U?$pair@EV?$basic_string@DU?$char_traits@D@std@@V?$allocator@D@2@@std@@@std@@V?$allocator@U?$pair@EV?$basic_string@DU?$char_traits@D@std@@V?$allocator@D@2@@std@@@std@@@2@@2@U_tstring_less@@V?$allocator@V?$list@U?$pair@EV?$basic_string@DU?$char_traits@D@std@@V?$allocator@D@2@@std@@@std@@V?$allocator@U?$pair@EV?$basic_string@DU?$char_traits@D@std@@V?$allocator@D@2@@std@@@std@@@2@@std@@@2@@2@U_tstring_less@@V?$allocator@V?$list@U?$pair@EV?$basic_string@DU?$char_traits@D@std@@V?$allocator@D@2@@std@@@std@@V?$allocator@U?$pair@EV?$basic_string@DU?$char_traits@D@std@@V?$allocator@D@2@@std@@@std@@@2@@std@@@2@@std@@QAE@XZ 004150b0 f i FriendMgr.obj
 0001:00014120       ??1?$list@UONEPLAYER@CFriendMgr@@V?$allocator@UONEPLAYER@CFriendMgr@@@std@@@std@@QAE@XZ 00415120 f i FriendMgr.obj
 0001:00014180       ?begin@?$list@UONEPLAYER@CFriendMgr@@V?$allocator@UONEPLAYER@CFriendMgr@@@std@@@std@@QAE?AViterator@12@XZ 00415180 f i FriendMgr.obj
 0001:00014190       ??1?$list@V?$basic_string@DU?$char_traits@D@std@@V?$allocator@D@2@@std@@V?$allocator@V?$basic_string@DU?$char_traits@D@std@@V?$allocator@D@2@@std@@@2@@std@@QAE@XZ 00415190 f i FriendMgr.obj
 0001:000141f0       ?begin@?$list@V?$basic_string@DU?$char_traits@D@std@@V?$allocator@D@2@@std@@V?$allocator@V?$basic_string@DU?$char_traits@D@std@@V?$allocator@D@2@@std@@@2@@std@@QAE?AViterator@12@XZ 004151f0 f i FriendMgr.obj
 0001:00014200       ??Eiterator@?$list@V?$basic_string@DU?$char_traits@D@std@@V?$allocator@D@2@@std@@V?$allocator@V?$basic_string@DU?$char_traits@D@std@@V?$allocator@D@2@@std@@@2@@std@@QAE?AV012@H@Z 00415200 f i FriendMgr.obj
 0001:00014210       ??1?$vector@Viterator@?$_Tree@V?$basic_string@DU?$char_traits@D@std@@V?$allocator@D@2@@std@@U?$pair@$$CBV?$basic_string@DU?$char_traits@D@std@@V?$allocator@D@2@@std@@UPLAYERINFO@CFriendMgr@@@2@U_Kfn@?$map@V?$basic_string@DU?$char_traits@D@std@@V?$allocator@D@2@@std@@UPLAYERINFO@CFriendMgr@@U_tstring_less@@V?$allocator@UPLAYERINFO@CFriendMgr@@@2@@2@U_tstring_less@@V?$allocator@UPLAYERINFO@CFriendMgr@@@2@@std@@V?$allocator@Viterator@?$_Tree@V?$basic_string@DU?$char_traits@D@std@@V?$allocator@D@2@@std@@U?$pair@$$CBV?$basic_string@DU?$char_traits@D@std@@V?$allocator@D@2@@std@@UPLAYERINFO@CFriendMgr@@@2@U_Kfn@?$map@V?$basic_string@DU?$char_traits@D@std@@V?$allocator@D@2@@std@@UPLAYERINFO@CFriendMgr@@U_tstring_less@@V?$allocator@UPLAYERINFO@CFriendMgr@@@2@@2@U_tstring_less@@V?$allocator@UPLAYERINFO@CFriendMgr@@@2@@std@@@3@@std@@QAE@XZ 00415210 f i FriendMgr.obj
 0001:00014240       ??0FRIENDINFO@CFriendMgr@@QAE@ABU01@@Z 00415240 f i FriendMgr.obj
 0001:00014370       ??0PLAYERINFO@CFriendMgr@@QAE@ABU01@@Z 00415370 f i FriendMgr.obj
 0001:00014580       ??1ADDFRIENDVALUE@CFriendMgr@@QAE@XZ 00415580 f i FriendMgr.obj
 0001:000145c0       ??1?$pair@$$CBUADDFRIENDKEY@CFriendMgr@@UADDFRIENDVALUE@2@@std@@QAE@XZ 004155c0 f i FriendMgr.obj
 0001:00014630       ??1?$pair@$$CBKV?$list@UtagPlusSrcInfo@@V?$allocator@UtagPlusSrcInfo@@@std@@@std@@@std@@QAE@XZ 00415630 f i FriendMgr.obj
 0001:00014680       ??1?$pair@$$CBV?$basic_string@DU?$char_traits@D@std@@V?$allocator@D@2@@std@@V?$list@U?$pair@EV?$basic_string@DU?$char_traits@D@std@@V?$allocator@D@2@@std@@@std@@V?$allocator@U?$pair@EV?$basic_string@DU?$char_traits@D@std@@V?$allocator@D@2@@std@@@std@@@2@@2@@std@@QAE@XZ 00415680 f i FriendMgr.obj
 0001:00014720       ?begin@?$_Tree@V?$basic_string@DU?$char_traits@D@std@@V?$allocator@D@2@@std@@U?$pair@$$CBV?$basic_string@DU?$char_traits@D@std@@V?$allocator@D@2@@std@@UFRIENDINFO@CFriendMgr@@@2@U_Kfn@?$map@V?$basic_string@DU?$char_traits@D@std@@V?$allocator@D@2@@std@@UFRIENDINFO@CFriendMgr@@U_tstring_less@@V?$allocator@UFRIENDINFO@CFriendMgr@@@2@@2@U_tstring_less@@V?$allocator@UFRIENDINFO@CFriendMgr@@@2@@std@@QAE?AViterator@12@XZ 00415720 f i FriendMgr.obj
 0001:00014730       ?insert@?$_Tree@V?$basic_string@DU?$char_traits@D@std@@V?$allocator@D@2@@std@@U?$pair@$$CBV?$basic_string@DU?$char_traits@D@std@@V?$allocator@D@2@@std@@UFRIENDINFO@CFriendMgr@@@2@U_Kfn@?$map@V?$basic_string@DU?$char_traits@D@std@@V?$allocator@D@2@@std@@UFRIENDINFO@CFriendMgr@@U_tstring_less@@V?$allocator@UFRIENDINFO@CFriendMgr@@@2@@2@U_tstring_less@@V?$allocator@UFRIENDINFO@CFriendMgr@@@2@@std@@QAE?AU?$pair@Viterator@?$_Tree@V?$basic_string@DU?$char_traits@D@std@@V?$allocator@D@2@@std@@U?$pair@$$CBV?$basic_string@DU?$char_traits@D@std@@V?$allocator@D@2@@std@@UFRIENDINFO@CFriendMgr@@@2@U_Kfn@?$map@V?$basic_string@DU?$char_traits@D@std@@V?$allocator@D@2@@std@@UFRIENDINFO@CFriendMgr@@U_tstring_less@@V?$allocator@UFRIENDINFO@CFriendMgr@@@2@@2@U_tstring_less@@V?$allocator@UFRIENDINFO@CFriendMgr@@@2@@std@@_N@2@ABU?$pair@$$CBV?$basic_string@DU?$char_traits@D@std@@V?$allocator@D@2@@std@@UFRIENDINFO@CFriendMgr@@@2@@Z 00415730 f i FriendMgr.obj
 0001:000148b0       ?erase@?$_Tree@V?$basic_string@DU?$char_traits@D@std@@V?$allocator@D@2@@std@@U?$pair@$$CBV?$basic_string@DU?$char_traits@D@std@@V?$allocator@D@2@@std@@UFRIENDINFO@CFriendMgr@@@2@U_Kfn@?$map@V?$basic_string@DU?$char_traits@D@std@@V?$allocator@D@2@@std@@UFRIENDINFO@CFriendMgr@@U_tstring_less@@V?$allocator@UFRIENDINFO@CFriendMgr@@@2@@2@U_tstring_less@@V?$allocator@UFRIENDINFO@CFriendMgr@@@2@@std@@QAE?AViterator@12@V312@@Z 004158b0 f i FriendMgr.obj
 0001:00014e20       ?erase@?$_Tree@V?$basic_string@DU?$char_traits@D@std@@V?$allocator@D@2@@std@@U?$pair@$$CBV?$basic_string@DU?$char_traits@D@std@@V?$allocator@D@2@@std@@UFRIENDINFO@CFriendMgr@@@2@U_Kfn@?$map@V?$basic_string@DU?$char_traits@D@std@@V?$allocator@D@2@@std@@UFRIENDINFO@CFriendMgr@@U_tstring_less@@V?$allocator@UFRIENDINFO@CFriendMgr@@@2@@2@U_tstring_less@@V?$allocator@UFRIENDINFO@CFriendMgr@@@2@@std@@QAE?AViterator@12@V312@0@Z 00415e20 f i FriendMgr.obj
 0001:00014f60       ?find@?$_Tree@V?$basic_string@DU?$char_traits@D@std@@V?$allocator@D@2@@std@@U?$pair@$$CBV?$basic_string@DU?$char_traits@D@std@@V?$allocator@D@2@@std@@UFRIENDINFO@CFriendMgr@@@2@U_Kfn@?$map@V?$basic_string@DU?$char_traits@D@std@@V?$allocator@D@2@@std@@UFRIENDINFO@CFriendMgr@@U_tstring_less@@V?$allocator@UFRIENDINFO@CFriendMgr@@@2@@2@U_tstring_less@@V?$allocator@UFRIENDINFO@CFriendMgr@@@2@@std@@QAE?AViterator@12@ABV?$basic_string@DU?$char_traits@D@std@@V?$allocator@D@2@@2@@Z 00415f60 f i FriendMgr.obj
 0001:00014fe0       ?begin@?$_Tree@V?$basic_string@DU?$char_traits@D@std@@V?$allocator@D@2@@std@@U?$pair@$$CBV?$basic_string@DU?$char_traits@D@std@@V?$allocator@D@2@@std@@UPLAYERINFO@CFriendMgr@@@2@U_Kfn@?$map@V?$basic_string@DU?$char_traits@D@std@@V?$allocator@D@2@@std@@UPLAYERINFO@CFriendMgr@@U_tstring_less@@V?$allocator@UPLAYERINFO@CFriendMgr@@@2@@2@U_tstring_less@@V?$allocator@UPLAYERINFO@CFriendMgr@@@2@@std@@QAE?AViterator@12@XZ 00415fe0 f i FriendMgr.obj
 0001:00014ff0       ?insert@?$_Tree@V?$basic_string@DU?$char_traits@D@std@@V?$allocator@D@2@@std@@U?$pair@$$CBV?$basic_string@DU?$char_traits@D@std@@V?$allocator@D@2@@std@@UPLAYERINFO@CFriendMgr@@@2@U_Kfn@?$map@V?$basic_string@DU?$char_traits@D@std@@V?$allocator@D@2@@std@@UPLAYERINFO@CFriendMgr@@U_tstring_less@@V?$allocator@UPLAYERINFO@CFriendMgr@@@2@@2@U_tstring_less@@V?$allocator@UPLAYERINFO@CFriendMgr@@@2@@std@@QAE?AU?$pair@Viterator@?$_Tree@V?$basic_string@DU?$char_traits@D@std@@V?$allocator@D@2@@std@@U?$pair@$$CBV?$basic_string@DU?$char_traits@D@std@@V?$allocator@D@2@@std@@UPLAYERINFO@CFriendMgr@@@2@U_Kfn@?$map@V?$basic_string@DU?$char_traits@D@std@@V?$allocator@D@2@@std@@UPLAYERINFO@CFriendMgr@@U_tstring_less@@V?$allocator@UPLAYERINFO@CFriendMgr@@@2@@2@U_tstring_less@@V?$allocator@UPLAYERINFO@CFriendMgr@@@2@@std@@_N@2@ABU?$pair@$$CBV?$basic_string@DU?$char_traits@D@std@@V?$allocator@D@2@@std@@UPLAYERINFO@CFriendMgr@@@2@@Z 00415ff0 f i FriendMgr.obj
 0001:00015170       ?erase@?$_Tree@V?$basic_string@DU?$char_traits@D@std@@V?$allocator@D@2@@std@@U?$pair@$$CBV?$basic_string@DU?$char_traits@D@std@@V?$allocator@D@2@@std@@UPLAYERINFO@CFriendMgr@@@2@U_Kfn@?$map@V?$basic_string@DU?$char_traits@D@std@@V?$allocator@D@2@@std@@UPLAYERINFO@CFriendMgr@@U_tstring_less@@V?$allocator@UPLAYERINFO@CFriendMgr@@@2@@2@U_tstring_less@@V?$allocator@UPLAYERINFO@CFriendMgr@@@2@@std@@QAE?AViterator@12@V312@0@Z 00416170 f i FriendMgr.obj
 0001:000152b0       ?find@?$_Tree@V?$basic_string@DU?$char_traits@D@std@@V?$allocator@D@2@@std@@U?$pair@$$CBV?$basic_string@DU?$char_traits@D@std@@V?$allocator@D@2@@std@@UPLAYERINFO@CFriendMgr@@@2@U_Kfn@?$map@V?$basic_string@DU?$char_traits@D@std@@V?$allocator@D@2@@std@@UPLAYERINFO@CFriendMgr@@U_tstring_less@@V?$allocator@UPLAYERINFO@CFriendMgr@@@2@@2@U_tstring_less@@V?$allocator@UPLAYERINFO@CFriendMgr@@@2@@std@@QAE?AViterator@12@ABV?$basic_string@DU?$char_traits@D@std@@V?$allocator@D@2@@2@@Z 004162b0 f i FriendMgr.obj
[...]
 0001:00095050       ___db_vrfy_pageinfo_create 00496050 f   libdb41s:db_vrfyutil.obj
 0001:00092670       ___db_prdb                 00493670 f   libdb41s:db_pr.obj
 0001:00092820       ___db_prtree               00493820 f   libdb41s:db_pr.obj
 0001:000931a0       ___db_bmeta                004941a0 f   libdb41s:db_pr.obj
 0001:00093210       ___db_meta                 00494210 f   libdb41s:db_pr.obj
 0001:000933f0       ___db_hmeta                004943f0 f   libdb41s:db_pr.obj
 0001:000934b0       ___db_qmeta                004944b0 f   libdb41s:db_pr.obj
 0001:000938a0       ___db_proff                004948a0 f   libdb41s:db_pr.obj
 0001:00093990       ___db_pagetype_to_string   00494990 f   libdb41s:db_pr.obj
 0001:00090740       ___fop_set_pgsize          00491740 f   libdb41s:fop_util.obj
 0001:0008fa00       ___dbt_ferr                00490a00 f   libdb41s:db_iface.obj
 0001:0008fac0       ___db_rdonly               00490ac0 f   libdb41s:db_iface.obj
 0001:0008fae0       ___db_fnl                  00490ae0 f   libdb41s:db_iface.obj
 0001:0008fb00       ___db_curinval             00490b00 f   libdb41s:db_iface.obj
 0001:0008dd60       ___db_e_remfile            0048ed60 f   libdb41s:env_region.obj
 0001:0008e380       ___db_des_get              0048f380 f   libdb41s:env_region.obj
 0001:0008e510       ___db_des_destroy          0048f510 f   libdb41s:env_region.obj
 0001:0008e570       ___db_faultmem             0048f570 f   libdb41s:env_region.obj
 0001:0008e5d0       ___db_region_destroy       0048f5d0 f   libdb41s:env_region.obj
 0001:0008ce80       ___lock_init               0048de80 f   libdb41s:lock_region.obj
 0001:0008d2c0       ___lock_region_size        0048e2c0 f   libdb41s:lock_region.obj
 0001:0008c9d0       ___txn_init                0048d9d0 f   libdb41s:txn_region.obj
 0001:0008cac0       ___txn_findlastckp         0048dac0 f   libdb41s:txn_region.obj
 0001:0008cca0       ___txn_region_size         0048dca0 f   libdb41s:txn_region.obj
 0001:0007f2a0       ___lsn_diff                004802a0 f   libdb41s:env_recover.obj
 0001:0007f420       ___log_backup              00480420 f   libdb41s:env_recover.obj
 0001:0007f530       ___log_earliest            00480530 f   libdb41s:env_recover.obj
 0001:0007e770       ___db_mutex_alloc_int      0047f770 f   libdb41s:mutex.obj
 0001:0007e030       ___build_data              0047f030 f   libdb41s:log_archive.obj
 0001:0007e4f0       ___absname                 0047f4f0 f   libdb41s:log_archive.obj
 0001:0007e5c0       ___usermem                 0047f5c0 f   libdb41s:log_archive.obj
 0001:0007e6a0       ___cmpfunc                 0047f6a0 f   libdb41s:log_archive.obj
 0001:0007cc70       ___log_c_close             0047dc70 f   libdb41s:log_get.obj
 0001:0007cd10       ___log_c_get               0047dd10 f   libdb41s:log_get.obj
 0001:0007ce80       ___log_c_get_int           0047de80 f   libdb41s:log_get.obj
 0001:0007d360       ___log_c_incursor          0047e360 f   libdb41s:log_get.obj
 0001:0007d400       ___log_c_inregion          0047e400 f   libdb41s:log_get.obj
 0001:0007d6e0       ___log_c_ondisk            0047e6e0 f   libdb41s:log_get.obj
 0001:0007d860       ___log_c_hdrchk            0047e860 f   libdb41s:log_get.obj
 0001:0007d910       ___log_c_io                0047e910 f   libdb41s:log_get.obj
 0001:0007da90       ___log_c_shortread         0047ea90 f   libdb41s:log_get.obj
 0001:0007dac0       ___log_c_set_maxrec        0047eac0 f   libdb41s:log_get.obj
 0001:0007b8c0       ___log_put_next            0047c8c0 f   libdb41s:log_put.obj
 0001:0007b9a0       ___log_flush_commit        0047c9a0 f   libdb41s:log_put.obj
 0001:0007bbc0       ___log_putr                0047cbc0 f   libdb41s:log_put.obj
 0001:0007be10       ___log_flush_int           0047ce10 f   libdb41s:log_put.obj
 0001:0007c4e0       ___log_fill                0047d4e0 f   libdb41s:log_put.obj
 0001:0007c5f0       ___log_write               0047d5f0 f   libdb41s:log_put.obj
 0001:0007c7f0       ___log_newfh               0047d7f0 f   libdb41s:log_put.obj
 0001:0007cae0       ___log_encrypt_record      0047dae0 f   libdb41s:log_put.obj
 0001:0007a550       ___log_init                0047b550 f   libdb41s:log.obj
 0001:0007a6f0       ___log_recover             0047b6f0 f   libdb41s:log.obj
 0001:0007b030       ___log_region_size         0047c030 f   libdb41s:log.obj
 0001:0007b330       ___log_zero                0047c330 f   libdb41s:log.obj
 0001:000797c0       ___dd_build                0047a7c0 f   libdb41s:lock_deadlock.obj
 0001:00079e70       ___dd_find                 0047ae70 f   libdb41s:lock_deadlock.obj
 0001:0007a020       ___dd_abort                0047b020 f   libdb41s:lock_deadlock.obj
 0001:0007a1f0       ___dd_verify               0047b1f0 f   libdb41s:lock_deadlock.obj
 0001:0007a300       ___dd_isolder              0047b300 f   libdb41s:lock_deadlock.obj
 0001:00078e90       ___lock_dump_locker        00479e90 f   libdb41s:lock_stat.obj
 0001:00078fc0       ___lock_dump_object        00479fc0 f   libdb41s:lock_stat.obj
 0001:00079040       ___lock_printheader        0047a040 f   libdb41s:lock_stat.obj
 0001:00076ac0       ___lock_get_internal       00477ac0 f   libdb41s:lock.obj
 0001:00077630       ___lock_put_nolock         00478630 f   libdb41s:lock.obj
 0001:00077810       ___lock_put_internal       00478810 f   libdb41s:lock.obj
 0001:00077ac0       ___lock_checklocker        00478ac0 f   libdb41s:lock.obj
 0001:00077e60       ___lock_freelocker         00478e60 f   libdb41s:lock.obj
 0001:00078310       ___lock_getobj             00479310 f   libdb41s:lock.obj
 0001:000784e0       ___lock_is_parent          004794e0 f   libdb41s:lock.obj
 0001:00078740       ___lock_remove_waiter      00479740 f   libdb41s:lock.obj
 0001:00078800       ___lock_expires            00479800 f   libdb41s:lock.obj
 0001:000788c0       ___lock_trade              004798c0 f   libdb41s:lock.obj
 0001:00074fb0       ___memp_set_clear_len      00475fb0 f   libdb41s:mp_fopen.obj
 0001:00074fe0       ___memp_set_fileid         00475fe0 f   libdb41s:mp_fopen.obj
 0001:00075010       ___memp_set_ftype          00476010 f   libdb41s:mp_fopen.obj
 0001:00075040       ___memp_set_lsn_offset     00476040 f   libdb41s:mp_fopen.obj
 0001:00075070       ___memp_set_pgcookie       00476070 f   libdb41s:mp_fopen.obj
 0001:000750a0       ___memp_set_priority       004760a0 f   libdb41s:mp_fopen.obj
 0001:00075140       ___memp_fopen              00476140 f   libdb41s:mp_fopen.obj
 0001:00075a60       ___memp_get_fileid         00476a60 f   libdb41s:mp_fopen.obj
 0001:00075a90       ___memp_last_pgno          00476a90 f   libdb41s:mp_fopen.obj
 0001:00075ae0       ___memp_refcnt             00476ae0 f   libdb41s:mp_fopen.obj
 0001:00075b30       ___memp_set_unlink         00476b30 f   libdb41s:mp_fopen.obj
 0001:00075b90       ___memp_fclose             00476b90 f   libdb41s:mp_fopen.obj
 0001:00074990       ___mpool_init              00475990 f   libdb41s:mp_region.obj
 0001:000740e0       ___memp_dumpcache          004750e0 f   libdb41s:mp_stat.obj
 0001:000741f0       ___memp_pbh                004751f0 f   libdb41s:mp_stat.obj
 0001:000742f0       ___memp_stat_wait          004752f0 f   libdb41s:mp_stat.obj
 0001:000735d0       ___memp_sync_files         004745d0 f   libdb41s:mp_sync.obj
 0001:00073750       ___memp_close_flush_files  00474750 f   libdb41s:mp_sync.obj
 0001:000737e0       ___bhcmp                   004747e0 f   libdb41s:mp_sync.obj
 0001:000704e0       ___db_txnlist_find_internal 004714e0 f   libdb41s:db_dispatch.obj
 0001:00070a20       ___db_limbo_move           00471a20 f   libdb41s:db_dispatch.obj
 0001:00070a70       ___db_lock_move            00471a70 f   libdb41s:db_dispatch.obj
 0001:00070b40       ___db_limbo_bucket         00471b40 f   libdb41s:db_dispatch.obj
 0001:00070eb0       ___db_limbo_fix            00471eb0 f   libdb41s:db_dispatch.obj
 0001:000710f0       ___db_txnlist_pgnoadd      004720f0 f   libdb41s:db_dispatch.obj
 0001:000712a0       ___db_default_getpgnos     004722a0 f   libdb41s:db_dispatch.obj
 0001:0006fae0       ___dbreg_check_master      00470ae0 f   libdb41s:dbreg_util.obj
 0001:0006ec30       ___rep_cmp_bypage          0046fc30 f   libdb41s:rep_util.obj
 0001:0006eca0       ___rep_cmp_bylsn           0046fca0 f   libdb41s:rep_util.obj
 0001:0006d490       ___rep_apply               0046e490 f   libdb41s:rep_record.obj
 0001:0006e220       ___rep_collect_txn         0046f220 f   libdb41s:rep_record.obj
 0001:0006e390       ___rep_lsn_cmp             0046f390 f   libdb41s:rep_record.obj
 0001:0006e3b0       ___rep_newfile             0046f3b0 f   libdb41s:rep_record.obj
 0001:0006a350       ___txn_begin_int           0046b350 f   libdb41s:txn.obj
 0001:0006ae40       ___txn_set_timeout         0046be40 f   libdb41s:txn.obj
 0001:0006ae90       ___txn_isvalid             0046be90 f   libdb41s:txn.obj
 0001:0006afc0       ___txn_end                 0046bfc0 f   libdb41s:txn.obj
 0001:0006b1f0       ___txn_undo                0046c1f0 f   libdb41s:txn.obj
 0001:00069600       ___db_join_put             0046a600 f   libdb41s:db_join.obj
 0001:00069640       ___db_join_del             0046a640 f   libdb41s:db_join.obj
 0001:00069680       ___db_join_get             0046a680 f   libdb41s:db_join.obj
 0001:00069b10       ___db_join_close           0046ab10 f   libdb41s:db_join.obj
 0001:00069c50       ___db_join_getnext         0046ac50 f   libdb41s:db_join.obj
 0001:00069d50       ___db_join_cmp             0046ad50 f   libdb41s:db_join.obj
 0001:00069db0       ___db_join_primget         0046adb0 f   libdb41s:db_join.obj
 0001:00069070       ___db_openchk              0046a070 f   libdb41s:db_open.obj
 0001:000686e0       ___db_disassociate         004696e0 f   libdb41s:db.obj
 0001:000671b0       ___db_secondary_get        004681b0 f   libdb41s:db_am.obj
 0001:000671e0       ___db_secondary_close      004681e0 f   libdb41s:db_am.obj
 0001:00067280       ___db_append_primary       00468280 f   libdb41s:db_am.obj
 0001:00065bb0       ___db_page_pass            00466bb0 f   libdb41s:db_upg.obj
 0001:00063020       ___db_vrfy_pagezero        00464020 f   libdb41s:db_vrfy.obj
 0001:00063420       ___db_vrfy_walkpages       00464420 f   libdb41s:db_vrfy.obj
 0001:00063710       ___db_vrfy_structure       00464710 f   libdb41s:db_vrfy.obj
 0001:000639e0       ___db_is_valid_magicno     004649e0 f   libdb41s:db_vrfy.obj
 0001:00063a40       ___db_vrfy_common          00464a40 f   libdb41s:db_vrfy.obj
 0001:00063b80       ___db_is_valid_pagetype    00464b80 f   libdb41s:db_vrfy.obj
 0001:00063ba0       ___db_vrfy_invalid         00464ba0 f   libdb41s:db_vrfy.obj
 0001:00064030       ___db_vrfy_freelist        00465030 f   libdb41s:db_vrfy.obj
 0001:00064170       ___db_vrfy_subdbs          00465170 f   libdb41s:db_vrfy.obj
 0001:00064440       ___db_vrfy_orderchkonly    00465440 f   libdb41s:db_vrfy.obj
 0001:000648b0       ___db_salvage              004658b0 f   libdb41s:db_vrfy.obj
 0001:00064990       ___db_salvage_unknowns     00465990 f   libdb41s:db_vrfy.obj
 0001:00064fc0       ___db_salvage_subdbs       00465fc0 f   libdb41s:db_vrfy.obj
 0001:00065230       ___db_salvage_subdbpg      00466230 f   libdb41s:db_vrfy.obj
 0001:00065690       ___db_meta2pgset           00466690 f   libdb41s:db_vrfy.obj
 0001:00065720       ___db_guesspgsize          00466720 f   libdb41s:db_vrfy.obj
 0001:00062690       ___bam_set_bt_compare      00463690 f   libdb41s:bt_method.obj
 0001:000626f0       ___bam_set_bt_maxkey       004636f0 f   libdb41s:bt_method.obj
 0001:00062750       ___bam_set_bt_minkey       00463750 f   libdb41s:bt_method.obj
 0001:000627b0       ___bam_set_bt_prefix       004637b0 f   libdb41s:bt_method.obj
 0001:00062880       ___ram_set_re_delim        00463880 f   libdb41s:bt_method.obj
 0001:000628e0       ___ram_set_re_len          004638e0 f   libdb41s:bt_method.obj
 0001:00062940       ___ram_set_re_pad          00463940 f   libdb41s:bt_method.obj
 0001:000629a0       ___ram_set_re_source       004639a0 f   libdb41s:bt_method.obj
 0001:00062380       ___ham_set_h_ffactor       00463380 f   libdb41s:hash_method.obj
 0001:000623d0       ___ham_set_h_hash          004633d0 f   libdb41s:hash_method.obj
 0001:00062420       ___ham_set_h_nelem         00463420 f   libdb41s:hash_method.obj
 0001:00061c80       ___qam_set_extentsize      00462c80 f   libdb41s:qam_method.obj
 0001:000619b0       ___xa_open                 004629b0 f   libdb41s:xa_db.obj
 0001:00061a40       ___xa_cursor               00462a40 f   libdb41s:xa_db.obj
 0001:00061a80       ___xa_del                  00462a80 f   libdb41s:xa_db.obj
 0001:00061ac0       ___xa_close                00462ac0 f   libdb41s:xa_db.obj
 0001:00061af0       ___xa_get                  00462af0 f   libdb41s:xa_db.obj
 0001:00061b30       ___xa_put                  00462b30 f   libdb41s:xa_db.obj
 0001:00061110       ___db_subdb_remove         00462110 f   libdb41s:db_remove.obj
 0001:00061240       ___db_dbtxn_remove         00462240 f   libdb41s:db_remove.obj
 0001:00060cc0       ___db_subdb_rename         00461cc0 f   libdb41s:db_rename.obj
 0001:0005f390       ___dbenv_iremove           00460390 f   libdb41s:env_open.obj
 0001:0005f3f0       ___dbenv_config            004603f0 f   libdb41s:env_open.obj
 0001:0005f700       ___dbenv_refresh           00460700 f   libdb41s:env_open.obj
 0001:0005fbe0       ___db_parse                00460be0 f   libdb41s:env_open.obj
 0001:000607a0       ___db_tmp_open             004617a0 f   libdb41s:env_open.obj
 0001:0005ed20       ___log_set_lg_bsize        0045fd20 f   libdb41s:log_method.obj
 0001:0005ed80       ___log_set_lg_max          0045fd80 f   libdb41s:log_method.obj
 0001:0005ee00       ___log_set_lg_regionmax    0045fe00 f   libdb41s:log_method.obj
 0001:0005ee50       ___log_set_lg_dir          0045fe50 f   libdb41s:log_method.obj
 0001:0005ea90       ___lock_set_lk_conflicts   0045fa90 f   libdb41s:lock_method.obj
 0001:0005eb10       ___lock_set_lk_detect      0045fb10 f   libdb41s:lock_method.obj
 0001:0005eb60       ___lock_set_lk_max         0045fb60 f   libdb41s:lock_method.obj
 0001:0005eb90       ___lock_set_lk_max_locks   0045fb90 f   libdb41s:lock_method.obj
 0001:0005ebc0       ___lock_set_lk_max_lockers 0045fbc0 f   libdb41s:lock_method.obj
 0001:0005ebf0       ___lock_set_lk_max_objects 0045fbf0 f   libdb41s:lock_method.obj
 0001:0005ec20       ___lock_set_env_timeout    0045fc20 f   libdb41s:lock_method.obj
 0001:0005e8d0       ___memp_set_cachesize      0045f8d0 f   libdb41s:mp_method.obj
 0001:0005e9a0       ___memp_set_mp_mmapsize    0045f9a0 f   libdb41s:mp_method.obj
 0001:0005d380       ___rep_start               0045e380 f   libdb41s:rep_method.obj
 0001:0005d6e0       ___rep_client_dbinit       0045e6e0 f   libdb41s:rep_method.obj
 0001:0005d850       ___rep_bt_cmp              0045e850 f   libdb41s:rep_method.obj
 0001:0005d8c0       ___rep_abort_prepared      0045e8c0 f   libdb41s:rep_method.obj
 0001:0005d9a0       ___rep_restore_prepared    0045e9a0 f   libdb41s:rep_method.obj
 0001:0005dd60       ___rep_set_limit           0045ed60 f   libdb41s:rep_method.obj
 0001:0005de10       ___rep_set_request         0045ee10 f   libdb41s:rep_method.obj
 0001:0005def0       ___rep_set_rep_transport   0045eef0 f   libdb41s:rep_method.obj
 0001:0005df90       ___rep_elect               0045ef90 f   libdb41s:rep_method.obj
 0001:0005e280       ___rep_elect_init          0045f280 f   libdb41s:rep_method.obj
 0001:0005e3d0       ___rep_wait                0045f3d0 f   libdb41s:rep_method.obj
 0001:0005e4a0       ___rep_flush               0045f4a0 f   libdb41s:rep_method.obj
 0001:0005e580       ___rep_stat                0045f580 f   libdb41s:rep_method.obj
 0001:0005d2a0       ___txn_set_tx_max          0045e2a0 f   libdb41s:txn_method.obj
 0001:0005d2d0       ___txn_set_tx_timestamp    0045e2d0 f   libdb41s:txn_method.obj
 0001:0005c5b0       ___db_init                 0045d5b0 f   libdb41s:db_method.obj
 0001:0005c830       ___dbh_err                 0045d830 f   libdb41s:db_method.obj
 0001:0005c8b0       ___dbh_errx                0045d8b0 f   libdb41s:db_method.obj
 0001:0005c930       ___db_get_byteswapped      0045d930 f   libdb41s:db_method.obj
 0001:0005c970       ___db_get_type             0045d970 f   libdb41s:db_method.obj
 0001:0005c9a0       ___db_key_range            0045d9a0 f   libdb41s:db_method.obj
 0001:0005c9e0       ___db_set_append_recno     0045d9e0 f   libdb41s:db_method.obj
 0001:0005ca20       ___db_set_cachesize        0045da20 f   libdb41s:db_method.obj
 0001:0005ca80       ___db_set_cache_priority   0045da80 f   libdb41s:db_method.obj
 0001:0005cab0       ___db_set_dup_compare      0045dab0 f   libdb41s:db_method.obj
 0001:0005cb00       ___db_set_encrypt          0045db00 f   libdb41s:db_method.obj
 0001:0005cb80       ___db_set_errcall          0045db80 f   libdb41s:db_method.obj
 0001:0005cba0       ___db_set_errfile          0045dba0 f   libdb41s:db_method.obj
 0001:0005cbc0       ___db_set_errpfx           0045dbc0 f   libdb41s:db_method.obj
 0001:0005cbe0       ___db_set_feedback         0045dbe0 f   libdb41s:db_method.obj
 0001:0005cbf0       ___db_set_flags            0045dbf0 f   libdb41s:db_method.obj
 0001:0005cd10       ___db_set_alloc            0045dd10 f   libdb41s:db_method.obj
 0001:0005cd70       ___db_set_pagesize         0045dd70 f   libdb41s:db_method.obj
 0001:0005ce00       ___db_set_paniccall        0045de00 f   libdb41s:db_method.obj
 0001:0005ce20       ___db_stat_fail            0045de20 f   libdb41s:db_method.obj
 0001:0005bd50       ___dbenv_init              0045cd50 f   libdb41s:env_method.obj
 0001:0005be70       ___dbenv_err               0045ce70 f   libdb41s:env_method.obj
 0001:0005bee0       ___dbenv_errx              0045cee0 f   libdb41s:env_method.obj
 0001:0005bf50       ___dbenv_set_alloc         0045cf50 f   libdb41s:env_method.obj
 0001:0005bf90       ___dbenv_set_app_dispatch  0045cf90 f   libdb41s:env_method.obj
 0001:0005bfc0       ___dbenv_set_encrypt       0045cfc0 f   libdb41s:env_method.obj
 0001:0005bfd0       ___dbenv_set_flags         0045cfd0 f   libdb41s:env_method.obj
 0001:0005c210       ___dbenv_set_data_dir      0045d210 f   libdb41s:env_method.obj
 0001:0005c2a0       ___dbenv_set_errcall       0045d2a0 f   libdb41s:env_method.obj
 0001:0005c2b0       ___dbenv_set_errfile       0045d2b0 f   libdb41s:env_method.obj
 0001:0005c2c0       ___dbenv_set_errpfx        0045d2c0 f   libdb41s:env_method.obj
 0001:0005c2d0       ___dbenv_set_feedback      0045d2d0 f   libdb41s:env_method.obj
 0001:0005c2e0       ___dbenv_set_paniccall     0045d2e0 f   libdb41s:env_method.obj
 0001:0005c2f0       ___dbenv_set_shm_key       0045d2f0 f   libdb41s:env_method.obj
 0001:0005c320       ___dbenv_set_tas_spins     0045d320 f   libdb41s:env_method.obj
 0001:0005c340       ___dbenv_set_tmp_dir       0045d340 f   libdb41s:env_method.obj
 0001:0005c380       ___dbenv_set_verbose       0045d380 f   libdb41s:env_method.obj
 0001:0005c4a0       ___dbenv_set_rpc_server_noclnt 0045d4a0 f   libdb41s:env_method.obj
 0001:000c8625       _$E24                      004c9625 f   libcpmt:string.obj
 0001:000c864f       _$E20                      004c964f f   libcpmt:string.obj
 0001:000c865b       _$E23                      004c965b f   libcpmt:string.obj
 0001:000c82de       ?_CleanUp@std@@YAXXZ       004c92de f   libcpmt:xlock.obj
 0001:000c8ce4       _$E4                       004c9ce4 f   comsupp:comutil.obj
 0001:000c8cee       _$E1                       004c9cee f   comsupp:comutil.obj
 0001:000c8d00       _$E3                       004c9d00 f   comsupp:comutil.obj
 0001:000c8d0c       _$E2                       004c9d0c f   comsupp:comutil.obj
 0001:000c8713       ?_com_invoke_helper@@YAJPAUIDispatch@@JGGPAXPBGPADPAPAUIErrorInfo@@@Z 004c9713 f   comsupp:comsupp.obj
